ChibiOS/os/rt/src/chschd.c:65:6:_scheduler_init	0	static
ChibiOS/os/rt/src/chschd.c:218:11:chSchReadyI	0	static
ChibiOS/os/rt/src/chschd.c:319:13:wakeup	8	static
ChibiOS/os/rt/src/chschd.c:257:11:chSchReadyAheadI	0	static
ChibiOS/os/rt/src/chschd.c:289:6:chSchGoSleepS	8	static
ChibiOS/os/rt/src/chschd.c:374:7:chSchGoSleepTimeoutS	32	static
ChibiOS/os/rt/src/chschd.c:411:6:chSchWakeupS	16	static
ChibiOS/os/rt/src/chschd.c:477:6:chSchIsPreemptionRequired	0	static
ChibiOS/os/rt/src/chschd.c:504:6:chSchDoRescheduleBehind	8	static
ChibiOS/os/rt/src/chschd.c:537:6:chSchDoRescheduleAhead	8	static
ChibiOS/os/rt/src/chschd.c:455:6:chSchRescheduleS	8	static
ChibiOS/os/rt/src/chschd.c:566:6:chSchDoReschedule	8	static
