ChibiOS/os/rt/include/chschd.h:687:20:chSchDoYieldS	8	static
ChibiOS/os/rt/src/chthreads.c:88:11:_thread_init	0	static
ChibiOS/os/rt/src/chthreads.c:136:6:_thread_memfill	0	static
ChibiOS/os/rt/src/chthreads.c:167:11:chThdCreateSuspendedI	8	static
ChibiOS/os/rt/src/chthreads.c:217:11:chThdCreateSuspended	8	static
ChibiOS/os/rt/src/chthreads.c:260:11:chThdCreateI	8	static
ChibiOS/os/rt/src/chthreads.c:281:11:chThdCreate	8	static
ChibiOS/os/rt/src/chthreads.c:323:11:chThdCreateStatic	24	static
ChibiOS/os/rt/src/chthreads.c:378:11:chThdStart	8	static
ChibiOS/os/rt/src/chthreads.c:399:11:chThdAddRef	0	static
ChibiOS/os/rt/src/chthreads.c:425:6:chThdRelease	0	static
ChibiOS/os/rt/src/chthreads.c:499:6:chThdExitS	8	static
ChibiOS/os/rt/src/chthreads.c:475:6:chThdExit	8	static
ChibiOS/os/rt/src/chthreads.c:557:7:chThdWait	16	static
ChibiOS/os/rt/src/chthreads.c:596:9:chThdSetPriority	8	static
ChibiOS/os/rt/src/chthreads.c:630:6:chThdTerminate	0	static
ChibiOS/os/rt/src/chthreads.c:649:6:chThdSleep	8	static
ChibiOS/os/rt/src/chthreads.c:669:6:chThdSleepUntil	8	static
ChibiOS/os/rt/src/chthreads.c:693:11:chThdSleepUntilWindowed	8	static
ChibiOS/os/rt/src/chthreads.c:713:6:chThdYield	8	static
ChibiOS/os/rt/src/chthreads.c:730:7:chThdSuspendS	8	static
ChibiOS/os/rt/src/chthreads.c:761:7:chThdSuspendTimeoutS	8	static
ChibiOS/os/rt/src/chthreads.c:786:6:chThdResumeI	8	static
ChibiOS/os/rt/src/chthreads.c:809:6:chThdResumeS	8	static
ChibiOS/os/rt/src/chthreads.c:831:6:chThdResume	8	static
ChibiOS/os/rt/src/chthreads.c:861:7:chThdEnqueueTimeoutS	8	static
ChibiOS/os/rt/src/chthreads.c:881:6:chThdDequeueNextI	8	static
ChibiOS/os/rt/src/chthreads.c:896:6:chThdDequeueAllI	16	static
