FatFs/ff.c:753:12:dbc_1st	0	static
FatFs/ff.c:773:12:dbc_2nd	0	static
FatFs/ff.c:1179:14:clst2sect	0	static
FatFs/ff.c:1882:14:ld_clust	0	static
FatFs/ff.c:1899:13:st_clust	0	static
FatFs/ff.c:1955:12:pick_lfn	8	static
FatFs/ff.c:1993:13:put_lfn	12	static
FatFs/ff.c:2087:13:sum_sfn	0	static
FatFs/ff.c:2109:13:xdir_sum	4	static
FatFs/ff.c:2215:13:init_alloc_info	0	static
FatFs/ff.c:2786:14:get_achar	0	static
FatFs/ff.c:2817:12:pattern_match	48	static
FatFs/ff.c:3155:12:get_ldnumber	0	static
FatFs/ff.c:3626:16:validate	16	static
FatFs/ff.c:1090:16:sync_window	16	static
FatFs/ff.c:1112:16:move_window	16	static
FatFs/ff.c:3303:13:check_fs	16	static
FatFs/ff.c:3343:13:find_volume	32	static
FatFs/ff.c:3397:16:mount_volume	32	static
FatFs/ff.c:1339:14:find_bitmap	32	static
FatFs/ff.c:1379:16:change_bitmap	32	static
FatFs/ff.c:1274:16:put_fat	32	static
FatFs/ff.c:1438:16:fill_last_frag	16	static
FatFs/ff.c:1415:16:fill_first_frag	16	static
FatFs/ff.c:1196:14:get_fat	24	static
FatFs/ff.c:1731:16:dir_sdi	24	static
FatFs/ff.c:1559:14:create_chain	32	static
FatFs/ff.c:1464:16:remove_chain	32	static
FatFs/ff.c:1692:16:dir_clear	24	static
FatFs/ff.c:1779:16:dir_next	32	static
FatFs/ff.c:1840:16:dir_alloc	24	static
FatFs/ff.c:2605:16:dir_remove	16	static
FatFs/ff.c:866:13:put_utf	16	static
FatFs/ff.c:2651:13:get_fileinfo	32	static
FatFs/ff.c:797:14:tchar2uni	24	static
FatFs/ff.c:2866:16:create_name	56	static
FatFs/ff.c:2130:13:xname_sum	16	static
FatFs/ff.c:2294:13:create_xdir	16	static
FatFs/ff.c:1919:12:cmp_lfn	32	static
FatFs/ff.c:2164:16:load_xdir	24	static
FatFs/ff.c:2340:16:dir_read	32	static
FatFs/ff.c:2418:16:dir_find	40	static
FatFs/ff.c:3068:16:follow_path	24	static
FatFs/ff.c:2233:16:load_obj_xdir	8	static
FatFs/ff.c:2030:13:gen_numname	32	static
FatFs/ff.c:2262:16:store_xdir	16	static
FatFs/ff.c:2499:16:dir_register	128	static
FatFs/ff.c:1143:16:sync_fs	16	static
FatFs/ff.c:3670:9:f_mount	24	static
FatFs/ff.c:3718:9:f_open	136	static
FatFs/ff.c:3915:9:f_read	56	static
FatFs/ff.c:4015:9:f_write	56	static
FatFs/ff.c:4136:9:f_sync	112	static
FatFs/ff.c:4217:9:f_close	16	static
FatFs/ff.c:4432:9:f_lseek	56	static
FatFs/ff.c:4596:9:f_opendir	24	static
FatFs/ff.c:4662:9:f_closedir	16	static
FatFs/ff.c:4692:9:f_readdir	24	static
FatFs/ff.c:4728:9:f_findnext	16	static
FatFs/ff.c:4753:9:f_findfirst	16	static
FatFs/ff.c:4780:9:f_stat	112	static
FatFs/ff.c:4815:9:f_getfree	96	static
FatFs/ff.c:4907:9:f_truncate	24	static
FatFs/ff.c:4957:9:f_unlink	256	static
FatFs/ff.c:5051:9:f_mkdir	168	static
FatFs/ff.c:5135:9:f_rename	288	static
