ChibiOS/os/hal/ports/STM32/STM32F3xx/hal_ext_lld_isr.c:57:1:Vector58	8	static
ChibiOS/os/hal/ports/STM32/STM32F3xx/hal_ext_lld_isr.c:78:1:Vector5C	8	static
ChibiOS/os/hal/ports/STM32/STM32F3xx/hal_ext_lld_isr.c:99:1:Vector60	8	static
ChibiOS/os/hal/ports/STM32/STM32F3xx/hal_ext_lld_isr.c:120:1:Vector64	8	static
ChibiOS/os/hal/ports/STM32/STM32F3xx/hal_ext_lld_isr.c:141:1:Vector68	8	static
ChibiOS/os/hal/ports/STM32/STM32F3xx/hal_ext_lld_isr.c:162:1:Vector9C	8	static
ChibiOS/os/hal/ports/STM32/STM32F3xx/hal_ext_lld_isr.c:192:1:VectorE0	8	static
ChibiOS/os/hal/ports/STM32/STM32F3xx/hal_ext_lld_isr.c:224:1:Vector44	8	static
ChibiOS/os/hal/ports/STM32/STM32F3xx/hal_ext_lld_isr.c:245:1:VectorE4	8	static
ChibiOS/os/hal/ports/STM32/STM32F3xx/hal_ext_lld_isr.c:266:1:VectorE8	8	static
ChibiOS/os/hal/ports/STM32/STM32F3xx/hal_ext_lld_isr.c:287:1:Vector48	8	static
ChibiOS/os/hal/ports/STM32/STM32F3xx/hal_ext_lld_isr.c:308:1:Vector4C	8	static
ChibiOS/os/hal/ports/STM32/STM32F3xx/hal_ext_lld_isr.c:329:1:Vector140	8	static
ChibiOS/os/hal/ports/STM32/STM32F3xx/hal_ext_lld_isr.c:354:1:Vector144	8	static
ChibiOS/os/hal/ports/STM32/STM32F3xx/hal_ext_lld_isr.c:382:1:Vector148	8	static
ChibiOS/os/hal/ports/STM32/STM32F3xx/hal_ext_lld_isr.c:406:6:ext_lld_exti_irq_enable	8	static
ChibiOS/os/hal/ports/STM32/STM32F3xx/hal_ext_lld_isr.c:434:6:ext_lld_exti_irq_disable	8	static
