ChibiOS/os/hal/ports/STM32/LLD/USBv1/hal_usb_lld.c:98:13:usb_pm_reset	0	static
ChibiOS/os/hal/ports/STM32/LLD/USBv1/hal_usb_lld.c:111:17:usb_pm_alloc	0	static
ChibiOS/os/hal/ports/STM32/LLD/USBv1/hal_usb_lld.c:129:15:usb_packet_read_to_buffer	4	static
ChibiOS/os/hal/ports/STM32/LLD/USBv1/hal_usb_lld.c:212:13:usb_packet_write_from_buffer	4	static
ChibiOS/os/hal/ports/STM32/LLD/USBv1/hal_usb_lld.c:289:13:usb_serve_endpoints	24	static
ChibiOS/os/hal/ports/STM32/LLD/USBv1/hal_usb_lld.c:391:1:Vector16C	8	static
ChibiOS/os/hal/ports/STM32/LLD/USBv1/hal_usb_lld.c:460:6:usb_lld_init	8	static
ChibiOS/os/hal/ports/STM32/LLD/USBv1/hal_usb_lld.c:473:6:usb_lld_start	16	static
ChibiOS/os/hal/ports/STM32/LLD/USBv1/hal_usb_lld.c:505:6:usb_lld_stop	8	static
ChibiOS/os/hal/ports/STM32/LLD/USBv1/hal_usb_lld.c:559:6:usb_lld_set_address	0	static
ChibiOS/os/hal/ports/STM32/LLD/USBv1/hal_usb_lld.c:572:6:usb_lld_init_endpoint	24	static
ChibiOS/os/hal/ports/STM32/LLD/USBv1/hal_usb_lld.c:529:6:usb_lld_reset	8	static
ChibiOS/os/hal/ports/STM32/LLD/USBv1/hal_usb_lld.c:660:6:usb_lld_disable_endpoints	8	static
ChibiOS/os/hal/ports/STM32/LLD/USBv1/hal_usb_lld.c:685:15:usb_lld_get_status_out	0	static
ChibiOS/os/hal/ports/STM32/LLD/USBv1/hal_usb_lld.c:710:15:usb_lld_get_status_in	0	static
ChibiOS/os/hal/ports/STM32/LLD/USBv1/hal_usb_lld.c:737:6:usb_lld_read_setup	0	static
ChibiOS/os/hal/ports/STM32/LLD/USBv1/hal_usb_lld.c:759:6:usb_lld_start_out	0	static
ChibiOS/os/hal/ports/STM32/LLD/USBv1/hal_usb_lld.c:780:6:usb_lld_start_in	8	static
ChibiOS/os/hal/ports/STM32/LLD/USBv1/hal_usb_lld.c:803:6:usb_lld_stall_out	0	static
ChibiOS/os/hal/ports/STM32/LLD/USBv1/hal_usb_lld.c:818:6:usb_lld_stall_in	0	static
ChibiOS/os/hal/ports/STM32/LLD/USBv1/hal_usb_lld.c:833:6:usb_lld_clear_out	0	static
ChibiOS/os/hal/ports/STM32/LLD/USBv1/hal_usb_lld.c:851:6:usb_lld_clear_in	0	static
