hal_adc_lld.c:139:13:adc_lld_vreg_off	0	static
hal_adc_lld.c:165:13:adc_lld_analog_on	0	static
hal_adc_lld.c:195:13:adc_lld_analog_off	0	static
hal_adc_lld.c:212:13:adc_lld_calibrate	0	static
hal_adc_lld.c:246:13:adc_lld_stop_adc	0	static
hal_adc_lld.c:113:13:adc_lld_vreg_on	8	static
hal_adc_lld.c:429:6:adc_lld_init	24	static
hal_adc_lld.c:552:6:adc_lld_start	8	static
hal_adc_lld.c:668:6:adc_lld_stop	8	static
hal_adc_lld.c:752:6:adc_lld_start_conversion	12	static
hal_adc_lld.c:840:6:adc_lld_stop_conversion	8	static
hal_adc_lld.c:291:13:adc_lld_serve_interrupt	16	static
hal_adc_lld.c:329:23:Vector88	8	static
hal_adc_lld.c:261:13:adc_lld_serve_dma_interrupt	16	static
hal_adc_lld.c:856:6:adcSTM32EnableVREF	0	static
hal_adc_lld.c:871:6:adcSTM32DisableVREF	0	static
hal_adc_lld.c:886:6:adcSTM32EnableTS	0	static
hal_adc_lld.c:901:6:adcSTM32DisableTS	0	static
hal_adc_lld.c:916:6:adcSTM32EnableVBAT	0	static
hal_adc_lld.c:931:6:adcSTM32DisableVBAT	0	static
