ili9341.c:265:13:dmaChannelWaitCompletionRxTx	0	static
ili9341.c:202:6:spi_TxByte	0	static
ili9341.c:207:6:spi_TxWord	0	static
ili9341.c:212:6:spi_TxBuffer	0	static
ili9341.c:220:9:spi_RxByte	0	static
ili9341.c:1239:13:SD_Unselect_SPI	8	static
ili9341.c:228:6:spi_RxBuffer	0	static
ili9341.c:236:6:spi_DropRx	0	static
ili9341.c:1341:16:SD_WaitNotBusy	16	static
ili9341.c:1426:16:SD_SendCmd	32	static
ili9341.c:1316:20:SD_WaitDataToken	24	static
ili9341.c:1358:13:SD_RxDataBlock	24	static
ili9341.c:1332:23:SD_WaitDataAccept	8	static
ili9341.c:1383:13:SD_TxDataBlock	16	static
ili9341.c:287:6:spi_init	0	static
ili9341.c:324:6:set_SPI_mode	8	static
ili9341.c:366:13:send_command	16	static
ili9341.c:529:13:ili9341_setWindow	32	static
ili9341.c:626:13:ili9341_DMA_bulk	48	static
ili9341.c:1234:13:SD_Select_SPI_LOW	8	static
ili9341.c:1475:13:SD_PowerOn	8	static
ili9341.c:1229:13:SD_Select_SPI	8	static
ili9341.c:501:6:lcd_setBrightness	0	static
ili9341.c:579:6:ili9341_fill	48	static
ili9341.c:600:6:ili9341_flip	16	static
ili9341.c:605:6:ili9341_define_scroll	16	static
ili9341.c:616:6:ili9341_scroll	16	static
ili9341.c:641:6:ili9341_bulk	16	static
ili9341.c:653:10:ili9341_get_cell_buffer	0	static
ili9341.c:660:6:ili9341_bulk_finish	0	static
ili9341.c:667:6:ili9341_bulk_continue	32	static
ili9341.c:738:6:ili9341_read_memory	24	static
ili9341.c:764:6:ili9341_clear_screen	8	static
ili9341.c:507:6:ili9341_init	24	static
ili9341.c:769:6:ili9341_set_foreground	0	static
ili9341.c:774:6:ili9341_set_background	0	static
ili9341.c:779:6:ili9341_set_rotation	16	static
ili9341.c:786:6:ili9341_blitBitmap	24	static
ili9341.c:866:14:lcd_put_7x11b	24	static
ili9341.c:857:14:lcd_put5x7	24	static
ili9341.c:800:6:ili9341_drawchar	16	static
ili9341.c:805:6:ili9341_drawstring	32	static
ili9341.c:818:6:ili9341_drawstring_7x13	32	static
ili9341.c:832:6:ili9341_drawstring_10x14	32	static
ili9341.c:877:6:lcd_set_font	0	static
ili9341.c:880:5:lcd_printf	48	static
ili9341.c:895:6:ili9341_drawstringV	16	static
ili9341.c:902:5:ili9341_drawchar_size	32	static
ili9341.c:923:5:ili9341_drawstring_size	32	static
ili9341.c:931:6:ili9341_drawfont	16	static
ili9341.c:950:6:ili9341_line	32	static
ili9341.c:1225:6:SD_Inserted	0	static
ili9341.c:1489:6:SD_PowerOff	0	static
ili9341.c:1503:7:get_fattime	8	static
ili9341.c:1509:9:disk_initialize	24	static
ili9341.c:1605:9:disk_status	0	static
ili9341.c:1611:9:disk_read	24	static
ili9341.c:1657:9:disk_write	16	static
ili9341.c:1697:9:disk_ioctl	8	static
