ChibiOS/os/common/ext/CMSIS/include/core_cm4.h:1721:22:NVIC_SystemReset	0	static
ChibiOS/os/rt/include/chsys.h:374:20:chSysLock	0	static
ChibiOS/os/rt/include/chsys.h:386:20:chSysUnlock	0	static
ChibiOS/os/rt/include/chvt.h:228:25:chVTGetSystemTimeX	0	static
ChibiOS/os/rt/include/chregistry.h:133:20:chRegSetThreadName	0	static
ChibiOS/os/hal/osal/rt/osal.h:753:20:osalThreadQueueObjectInit	0	static
main.c:358:1:pause_sweep	0	static
main.c:425:12:get_str_index	16	static
main.c:599:15:my_atoi	16	static
main.c:453:1:cmd_restart	16	static
main.c:971:1:cmd_remark	0	static
sa_cmd.c:844:1:cmd_i	0	static
sa_cmd.c:871:1:cmd_d	8	static
sa_cmd.c:944:1:cmd_t	0	static
sa_cmd.c:1179:1:cmd_w	0	static
sa_cmd.c:1195:1:cmd_f	8	static
main.c:2672:13:shell_check_connect	0	static
main.c:3084:13:dac_init	0	static
sa_cmd.c:1126:1:cmd_p	8	static
ChibiOS/os/hal/osal/rt/osal.h:671:20:osalThreadSleep	8	static
sa_cmd.c:1103:1:cmd_m	8	static
sa_cmd.c:1145:1:cmd_g	16	static
main.c:470:1:cmd_pause	8	static
sa_cmd.c:1160:1:cmd_c	8	static
main.c:934:1:cmd_menu	16	static
main.c:1008:1:cmd_release	16	static
main.c:1000:1:cmd_touch	16	static
main.c:1018:1:cmd_capture	24	static
main.c:2198:1:cmd_touchtest	8	static
ChibiOS/os/hal/osal/rt/osal.h:781:21:osalThreadEnqueueTimeoutS	8	static
main.c:553:1:cmd_repeat	8	static
main.c:124:6:clear_backup	0	static
main.c:344:6:enableTracesAtComplete	0	static
main.c:352:1:is_paused	0	static
main.c:370:1:resume_once	0	static
main.c:377:1:toggle_sweep	0	static
main.c:383:5:shell_printf	16	static
sa_cmd.c:967:1:cmd_s	8	static
sa_cmd.c:950:1:cmd_e	16	static
sa_cmd.c:1407:1:cmd_k	8	static
sa_cmd.c:978:1:cmd_v	8	static
main.c:2402:1:cmd_threads	48	static
main.c:1047:16:cmd_sd_card_mount	8	static
main.c:2356:1:cmd_info	24	static
main.c:2627:1:cmd_help	16	static
main.c:2345:1:cmd_vbat_offset	8	static
main.c:2337:1:cmd_vbat	8	static
main.c:1919:1:cmd_channel	16	static
main.c:1885:1:cmd_save	8	static
main.c:478:1:cmd_status	8	static
main.c:2180:1:cmd_touchcal	16	static
main.c:2216:1:cmd_test	16	static
sa_cmd.c:1268:1:cmd_abort	8	static
main.c:772:1:cmd_saveconfig	8	static
main.c:565:1:cmd_reset	8	static
main.c:395:5:usage_printf	16	static
sa_cmd.c:1020:1:cmd_z	8	static
sa_cmd.c:1032:1:cmd_n	8	static
sa_cmd.c:1369:1:cmd_q	24	static
main.c:1119:1:cmd_sd_delete	168	static
main.c:1082:1:cmd_sd_read	24	static
main.c:1054:1:cmd_sd_list	168	static
sa_cmd.c:334:1:cmd_agc	16	static
sa_cmd.c:317:1:cmd_lna2	16	static
main.c:530:1:cmd_waitscan	8	static
main.c:503:1:cmd_wait	16	static
sa_cmd.c:631:1:cmd_zero	8	static
main.c:890:1:cmd_data	24	static
main.c:780:1:cmd_clearconfig	8	static
main.c:409:5:shell_serial_printf	16	static
main.c:588:5:set_frequency	0	static
main.c:622:8:my_atoui	40	static
sa_cmd.c:933:1:cmd_b	8	static
sa_cmd.c:921:1:cmd_a	8	static
sa_cmd.c:779:1:cmd_selftest	16	static
sa_cmd.c:530:1:cmd_deviceid	8	static
sa_cmd.c:641:1:cmd_direct	16	static
sa_cmd.c:670:1:cmd_if1	8	static
main.c:2373:1:cmd_color	16	static
main.c:2440:1:cmd_usart	80	static
main.c:759:1:cmd_dac	8	static
main.c:728:1:cmd_time	56	static
main.c:713:1:cmd_freq	8	static
main.c:665:1:my_atof	16	static
main.c:954:1:cmd_text	8	static
sa_cmd.c:1215:1:cmd_correction	48	static
sa_cmd.c:425:1:cmd_leveloffset	16	static
sa_cmd.c:561:1:cmd_nf	16	static
sa_cmd.c:411:1:cmd_levelchange	8	static
main.c:981:6:send_region	24	static
sa_core.c:105:6:clear_frequency_cache	8	static
sa_core.c:171:6:set_output_drive	8	static
sa_core.c:189:6:set_output_step_atten	0	static
sa_core.c:506:6:update_min_max_freq	32	static
sa_cmd.c:216:1:cmd_ultra	16	static
sa_core.c:817:10:calc_min_sweep_time_us	20	static
sa_core.c:837:6:set_refer_output	8	static
sa_cmd.c:1356:1:cmd_caloutput	8	static
sa_core.c:844:6:set_decay	0	static
sa_core.c:856:6:set_attack	0	static
sa_core.c:868:6:set_noise	0	static
sa_core.c:876:6:set_gridlines	8	static
sa_core.c:888:5:set_freq_corr	8	static
sa_cmd.c:696:1:cmd_freq_correction	8	static
sa_core.c:900:5:set_actual_freq	8	static
sa_cmd.c:685:1:cmd_actual_freq	8	static
sa_core.c:927:6:set_measurement	12	static
sa_core.c:949:6:set_lo_drive	0	static
sa_core.c:955:6:set_rx_drive	0	static
sa_core.c:961:6:set_level_sweep	0	static
sa_core.c:967:6:set_sweep_time_us	0	static
sa_cmd.c:386:1:cmd_sweeptime	16	static
sa_core.c:988:6:set_tracking_output	0	static
sa_core.c:995:6:toggle_tracking_output	0	static
sa_core.c:1002:6:toggle_pulse	0	static
sa_core.c:1009:6:toggle_draw_line	0	static
sa_core.c:1016:6:toggle_debug_avoid	0	static
sa_cmd.c:1187:1:cmd_u	0	static
sa_core.c:1031:6:toggle_debug_spur	0	static
sa_core.c:1048:6:toggle_debug_level	0	static
sa_core.c:1071:6:set_extra_lna	0	static
sa_core.c:1065:6:toggle_extra_lna	0	static
sa_core.c:1091:6:toggle_mirror_masking	0	static
sa_core.c:1106:6:toggle_mute	0	static
sa_core.c:1112:6:toggle_hambands	0	static
sa_core.c:1118:6:toggle_below_IF	0	static
sa_core.c:1129:6:set_modulation	0	static
sa_core.c:1136:6:set_deviation	0	static
sa_core.c:1142:6:set_depth	0	static
sa_core.c:1149:6:set_modulation_frequency	0	static
sa_cmd.c:85:1:cmd_modulation	16	static
sa_core.c:1163:6:set_repeat	0	static
sa_core.c:1171:6:set_IF	0	static
sa_cmd.c:603:1:cmd_if	16	static
sa_core.c:1186:6:set_IF2	8	static
sa_core.c:1194:6:set_R	8	static
sa_cmd.c:1153:1:cmd_r	8	static
sa_core.c:1208:6:set_modulo	8	static
sa_cmd.c:1167:1:cmd_h	8	static
sa_core.c:1217:6:set_auto_attenuation	0	static
sa_core.c:1234:6:set_auto_reflevel	0	static
sa_core.c:1268:7:low_out_offset	0	static
sa_core.c:1240:7:level_min	8	static
sa_core.c:1250:7:level_max	8	static
sa_core.c:1258:7:level_range	8	static
sa_core.c:1290:6:correct_high_output_level	16	static
sa_core.c:1357:7:get_level	0	static
sa_core.c:1371:7:get_attenuation	8	static
sa_core.c:3564:13:calculate_static_correction	16	static
sa_core.c:394:6:set_input_path	24	static
sa_core.c:1385:6:set_attenuation	0	static
sa_cmd.c:354:1:cmd_attenuate	8	static
sa_core.c:1483:6:copy_trace	12	static
sa_core.c:1493:6:store_trace	8	static
sa_core.c:1500:6:set_clear_storage	0	static
sa_core.c:1508:6:set_subtract_storage	0	static
sa_core.c:1524:6:subtract_trace	16	static
sa_core.c:1542:6:toggle_normalize	24	static
sa_core.c:1572:7:set_actual_power	16	static
sa_core.c:1617:6:set_actual_correction_value	24	static
sa_core.c:1624:7:get_level_offset	0	static
sa_core.c:1671:5:level_is_calibrated	0	static
sa_core.c:1698:6:set_VBW	0	static
sa_core.c:1710:6:set_spur	0	static
sa_core.c:1720:6:toggle_spur	0	static
sa_core.c:1742:6:set_harmonic	0	static
sa_core.c:1763:6:set_step_delay	0	static
sa_core.c:1779:6:set_offset_delay	0	static
sa_core.c:1786:6:set_average	12	static
sa_cmd.c:124:1:cmd_calc	16	static
sa_core.c:1807:6:toggle_LNA	0	static
sa_core.c:1836:6:toggle_AGC	0	static
sa_core.c:1890:6:set_AGC_LNA	0	static
sa_core.c:2040:6:set_external_gain	16	static
sa_cmd.c:398:1:cmd_ext_gain	8	static
sa_core.c:2051:6:set_trigger_level	0	static
sa_core.c:2061:6:set_trigger	8	static
sa_cmd.c:710:1:cmd_line	16	static
sa_cmd.c:747:1:cmd_trigger	8	static
sa_core.c:2098:6:set_fast_speedup	0	static
sa_core.c:2104:6:set_faster_speedup	0	static
sa_core.c:2166:6:calculate_step_delay	20	static
sa_core.c:2262:12:get_frequency_correction	24	static
sa_core.c:208:6:set_output_path	88	static
sa_core.c:2484:6:set_freq	32	static
sa_cmd.c:862:1:cmd_o	8	static
sa_core.c:2634:6:set_switches	8	static
sa_core.c:3162:5:binary_search	24	static
sa_core.c:3213:5:binary_search_table	24	static
sa_core.c:3240:6:fill_spur_table	48	static
sa_core.c:2426:6:setup_sa	8	static
sa_core.c:2768:6:update_rbw	24	static
sa_core.c:1690:6:set_RBW	8	static
sa_cmd.c:574:1:cmd_rbw	8	static
sa_core.c:3348:6:set_avoid	0	static
sa_core.c:3353:5:avoid_spur	36	static
sa_core.c:3592:6:clock_above_48MHz	0	static
sa_core.c:3604:6:clock_below_48MHz	0	static
sa_core.c:3616:6:clock_at_48MHz	0	static
sa_core.c:5064:6:reset_band	0	static
sa_core.c:6181:1:marker_search_left_max	8	static
sa_core.c:6213:1:marker_search_right_max	12	static
sa_core.c:6243:6:markers_reset	8	static
sa_core.c:6256:5:marker_search_max	0	static
sa_core.c:6277:1:marker_search_left_min	12	static
sa_core.c:6308:1:marker_search_right_min	20	static
sa_core.c:6554:6:cell_draw_test_info	48	static
sa_core.c:6590:5:validate_signal_within	32	static
sa_core.c:6636:5:validate_peak_below	0	static
sa_core.c:6640:5:validate_below	12	static
sa_core.c:6661:5:validate_flatness	24	static
sa_core.c:6719:5:validate_display	16	static
sa_core.c:6729:5:validate_above	12	static
sa_core.c:6744:5:validate_level	0	static
sa_core.c:6758:7:measure_jump	8	static
sa_core.c:7033:5:add_spur	0	static
sa_core.c:7053:6:sort_dynamic_spur_table	24	static
sa_core.c:7066:6:sort_spur_freq	20	static
sa_core.c:7081:6:sort_spur_level	20	static
sa_core.c:7096:6:sort_spur_count	20	static
sa_core.c:7796:6:reset_calibration	0	static
sa_core.c:7830:6:set_jump_freq	12	static
sa_core.c:7836:6:set_jump_config	0	static
sa_core.c:7862:7:get_jump_config	0	static
sa_core.c:7888:6:calibration_busy	8	static
sa_core.c:8314:6:FFT	80	static
main.c:1589:6:set_marker_time	8	static
main.c:1639:5:getBand	0	static
main.c:1645:6:update_bands	56	static
main.c:1686:1:set_frequencies	24	static
main.c:1702:8:getFrequency	32	static
sa_core.c:1438:6:limits_update	80	static
sa_core.c:2851:5:binary_search_frequency	40	static
sa_core.c:2876:5:index_of_frequency	32	static
sa_core.c:2921:6:interpolate_maximum	48	static
sa_core.c:2945:1:search_maximum	88	static
sa_core.c:3427:6:add_to_peak_finding	48	static
main.c:1565:1:set_marker_index	16	static
main.c:1572:6:set_marker_frequency	48	static
main.c:2082:1:cmd_marker	56	static
main.c:2207:1:cmd_frequencies	16	static
main.c:1799:1:get_sweep_frequency	16	static
sa_core.c:1319:6:set_level	16	static
sa_cmd.c:373:1:cmd_level	8	static
main.c:1717:1:update_frequencies	64	static
main.c:1397:6:set_sweep_points	0	static
main.c:1733:1:set_sweep_frequency	36	static
sa_core.c:1818:6:toggle_tracking	8	static
main.c:1901:1:cmd_recall	8	static
main.c:488:1:cmd_resume	16	static
main.c:1837:1:cmd_sweep	48	static
main.c:1947:6:set_trace_scale	0	static
main.c:1954:6:set_trace_refpos	0	static
sa_core.c:1957:6:set_reflevel	12	static
sa_core.c:1980:6:round_reflevel_to_scale	16	static
sa_core.c:2003:6:set_scale	8	static
sa_core.c:592:6:reset_settings	40	static
main.c:1368:6:load_LCD_properties	16	static
sa_core.c:2089:6:set_mode	0	static
sa_cmd.c:23:1:cmd_mode	16	static
sa_cmd.c:297:1:cmd_load	8	static
sa_core.c:1901:6:set_unit	24	static
sa_core.c:1946:6:user_set_reflevel	16	static
sa_core.c:1993:6:user_set_scale	8	static
main.c:1961:1:cmd_trace	72	static
main.c:2301:13:get_hw_version_text	8	static
main.c:2326:1:cmd_version	8	static
sa_cmd.c:159:5:generic_option_cmd	16	static
sa_cmd.c:275:1:cmd_output	8	static
sa_cmd.c:188:1:cmd_lna	8	static
sa_cmd.c:197:1:cmd_avoid	24	static
sa_cmd.c:173:1:cmd_spur	8	static
main.c:992:1:cmd_refresh	8	static
sa_cmd.c:798:10:xtoi	8	static
sa_cmd.c:818:1:cmd_x	16	static
sa_cmd.c:988:1:cmd_y	40	static
main.c:2692:6:shell_update_speed	24	static
main.c:2429:1:cmd_usart_cfg	8	static
main.c:2716:13:shell_init_connection	16	static
main.c:2699:6:shell_reset_console	8	static
main.c:2801:5:parse_line	24	static
main.c:2820:24:VNAShell_parceLine	16	static
main.c:2978:1:myshellThread	16	static
main.c:2920:6:shell_executeCMDLine	8	static
main.c:3012:6:pwm_init	8	static
main.c:3019:6:pwm_start	8	static
main.c:3027:6:pwm_stop	8	static
main.c:3035:6:set_audio_mode	8	static
main.c:3062:6:my_microsecond_delay	8	static
main.c:3071:6:my_veryfast_delay	8	static
sa_core.c:3640:12:perform	368	static
sa_core.c:6480:6:determine_direct_test_freq	56	static
sa_core.c:6510:6:determine_lpf_test_level	40	static
sa_core.c:6843:6:test_prepare	48	static
sa_core.c:5070:13:sweep	96	static
sa_core.c:6528:13:test_acquire	24	static
sa_core.c:6692:5:validate_atten	40	static
sa_core.c:6779:5:test_validate	40	static
sa_core.c:7895:6:calibrate_harmonic	32	static
main.c:1409:1:cmd_scan	48	static
sa_core.c:7116:6:selftest	136	dynamic
sa_core.c:7948:6:calibrate	80	static
sa_core.c:7805:6:calibrate_modulation	32	static
sa_cmd.c:1077:6:sweep_remote	72	static
sa_cmd.c:1285:1:cmd_scanraw	136	static
main.c:1467:1:cmd_hop	64	static
main.c:143:8:Thread1	48	static
main.c:3097:6:set_freq_boundaries	32	static
main.c:3111:5:main	56	static
main.c:3464:6:hard_fault_handler_c	0	static
main.c:3456:6:HardFault_Handler	8	static
