plot.c:475:1:trace_into_index_y_array	20	static
plot.c:535:1:invalidate_rect_func	20	static
plot.c:576:1:markmap_upperarea	0	static
plot.c:995:1:markmap_marker	24	static
plot.c:1414:1:cell_blit_bitmap	24	static
plot.c:1468:14:cellPut	16	static
plot.c:1478:14:cellPut7x13	24	static
plot.c:586:17:get_trigger_level	16	static
plot.c:96:10:marker_color	0	static
plot.c:218:5:ham_band	32	static
plot.c:311:1:clear_marker_cache	0	static
plot.c:389:1:value	8	static
plot.c:413:1:to_dBm	8	static
plot.c:320:1:marker_to_value	40	static
plot.c:436:1:dBm_to_Watt	8	static
plot.c:1020:1:markmap_all_markers	16	static
plot.c:1032:1:distance_to_index	8	static
plot.c:1040:1:search_nearest_index	32	static
plot.c:1056:1:plot_into_index	64	static
plot.c:1506:5:cell_printf	48	static
plot.c:1299:1:draw_all_cells	208	static
plot.c:1377:1:redraw_marker	8	static
plot.c:1906:1:draw_frequencies	128	static
plot.c:1331:1:draw_all	72	static
plot.c:2058:1:request_to_redraw_grid	0	static
plot.c:2064:1:redraw_frame	8	static
plot.c:2072:5:display_test_pattern	32	static
plot.c:2092:5:display_test	40	static
plot.c:2276:1:set_level_meter_or_waterfall	8	static
plot.c:113:6:update_grid	48	static
plot.c:2243:1:disable_waterfall	0	static
plot.c:2302:1:disable_level_meter	0	static
plot.c:2310:1:plot_init	0	static
