ChibiOS/os/rt/include/chvt.h:228:25:chVTGetSystemTimeX	0	static
ChibiOS/os/hal/osal/rt/osal.h:671:20:osalThreadSleep	8	static
si4468.c:109:6:start_SI4432_SPI_mode	0	static
si4468.c:125:6:stop_SI4432_SPI_mode	0	static
si4468.c:134:6:start_PE4312_SPI_mode	0	static
si4468.c:146:6:stop_PE4312_SPI_mode	0	static
si4468.c:217:6:PE4302_init	0	static
si4468.c:222:6:PE4302_Write_Byte	16	static
si4468.c:379:6:ADF4351_WriteRegister32	0	static
si4468.c:402:6:ADF4351_Latch	0	static
si4468.c:410:6:sendConfig	40	static
si4468.c:493:6:sendPowerdown	16	static
si4468.c:523:10:ADF4351_set_frequency	32	static
si4468.c:599:6:ADF4351_force_refresh	0	static
si4468.c:608:6:ADF4351_modulo	0	static
si4468.c:613:10:ADF4351_get_modulo	0	static
si4468.c:618:6:ADF4351_spur_mode	0	static
si4468.c:624:6:ADF4351_R_counter	0	static
si4468.c:645:6:ADF4351_mux	0	static
si4468.c:651:6:ADF4351_csr	0	static
si4468.c:657:6:ADF4351_fastlock	0	static
si4468.c:663:6:ADF4351_CP	0	static
si4468.c:671:10:ADF4351_get_CP	0	static
si4468.c:676:6:ADF4351_drive	8	static
si4468.c:694:6:ADF4351_enable_aux_out	0	static
si4468.c:703:6:ADF4351_enable	8	static
si4468.c:713:6:ADF4351_enable_out	8	static
si4468.c:723:6:ADF4351_recalculate_PFDRFout	8	static
si4468.c:270:6:ADF4350_shift_ref	8	static
si4468.c:730:6:ADF4351_Setup	16	static
si4468.c:1223:5:SI4463_wait_CTS	0	static
si4468.c:1302:6:SI4463_do_first_api	24	static
si4468.c:1351:5:SI4463_do_api	24	static
si4468.c:1467:12:SI4463_set_state	16	static
si4468.c:1821:13:SI4463_set_offset	16	static
si4468.c:1861:13:Si446x_readRSSI	16	static
si4468.c:1484:5:SI4463_refresh_gpio	16	static
si4468.c:1499:6:SI4463_set_gpio	0	static
si4468.c:1523:6:SI4463_set_output_level	16	static
si4468.c:1543:6:SI4463_start_tx	24	static
si4468.c:1668:6:SI4463_short_start_rx	16	static
si4468.c:1677:6:SI4463_clear_int_status	24	static
si4468.c:1686:6:set_calibration_freq	16	static
si4468.c:1702:6:Si446x_getInfo	24	static
si4468.c:1728:7:Si446x_get_temp	16	static
si4468.c:1755:9:getFRR	8	static
si4468.c:1605:5:SI4463_start_rx	16	static
si4468.c:1799:6:set_RSSI_comp	16	static
si4468.c:1845:6:si_set_offset	0	static
si4468.c:1851:6:si_fm_offset	0	static
si4468.c:1945:6:SI446x_trigger_fill	48	static
si4468.c:2016:6:SI446x_Fill	32	static
si4468.c:2130:6:SI4432_Listen	32	static
si4468.c:2159:9:Si446x_RSSI	32	static
si4468.c:2234:6:SI446x_set_AGC_LNA	16	static
si4468.c:2387:12:getSI4463_RSSI_correction	0	static
si4468.c:2391:6:switch_SI4463_RSSI_correction	0	static
si4468.c:2395:6:SI4463_set_IF	16	static
si4468.c:2412:6:SI4463_set_modem_DSM	0	static
si4468.c:2426:10:force_rbw	24	static
si4468.c:2451:10:set_rbw	0	static
si4468.c:2462:8:SI4463_set_freq	64	static
si4468.c:2611:6:SI4463_init_rx	40	static
si4468.c:2641:6:SI4463_init_tx	8	static
si4468.c:2648:5:SI4463_is_in_tx_mode	0	static
si4468.c:2653:6:enable_extra_lna	0	static
si4468.c:2667:6:enable_ultra	0	static
si4468.c:2682:6:enable_rx_output	0	static
si4468.c:2694:6:enable_high	0	static
si4468.c:2713:6:enable_ADF_output	16	static
si4468.c:2722:6:enable_direct	0	static
