si5351.c:422:17:gcd	0	static
si5351.c:56:17:i2c_begin	8	static
si5351.c:61:17:i2c_end	16	static
si5351.c:67:14:i2c_recv	16	static
si5351.c:82:17:i2c_send	24	static
si5351.c:96:10:i2c_init	8	static
si5351.c:105:10:i2c_probe	8	static
si5351.c:115:9:i2c_write	16	static
si5351.c:173:13:si5351_write	8	static
si5351.c:284:13:si5351_reset_pll	8	static
si5351.c:275:13:si5351_enable_output	8	static
si5351.c:131:9:i2c_write_buf	16	static
si5351.c:180:13:si5351_bulk_write	8	static
si5351.c:290:13:si5351_setupPLL	24	static
si5351.c:347:13:si5351_setupMultisynth	48	static
si5351.c:437:13:si5351_set_frequency_fixedpll	40	static
si5351.c:455:13:si5351_set_frequency_fixeddiv	48	static
si5351.c:264:13:si5351_disable_output	16	static
si5351.c:145:9:i2c_read	16	static
si5351.c:163:13:si5351_read	8	static
si5351.c:209:13:si5351_wait_ready	16	static
si5351.c:225:13:si5351_wait_pll_lock	16	static
si5351.c:246:6:si5351_init	16	static
si5351.c:479:6:si5351_set_frequency	24	static
si5351.c:491:6:si5351_set_int_mul_div	32	static
si5351.c:506:5:si5351_set_frequency_with_offset	40	static
