ChibiOS/os/hal/ports/STM32/LLD/DMAv1/stm32_dma.c:204:1:Vector6C	8	static
ChibiOS/os/hal/ports/STM32/LLD/DMAv1/stm32_dma.c:220:1:Vector70	8	static
ChibiOS/os/hal/ports/STM32/LLD/DMAv1/stm32_dma.c:236:1:Vector74	8	static
ChibiOS/os/hal/ports/STM32/LLD/DMAv1/stm32_dma.c:252:1:Vector78	8	static
ChibiOS/os/hal/ports/STM32/LLD/DMAv1/stm32_dma.c:268:1:Vector7C	8	static
ChibiOS/os/hal/ports/STM32/LLD/DMAv1/stm32_dma.c:284:1:Vector80	8	static
ChibiOS/os/hal/ports/STM32/LLD/DMAv1/stm32_dma.c:300:1:Vector84	8	static
ChibiOS/os/hal/ports/STM32/LLD/DMAv1/stm32_dma.c:316:1:Vector120	8	static
ChibiOS/os/hal/ports/STM32/LLD/DMAv1/stm32_dma.c:332:1:Vector124	8	static
ChibiOS/os/hal/ports/STM32/LLD/DMAv1/stm32_dma.c:348:1:Vector128	8	static
ChibiOS/os/hal/ports/STM32/LLD/DMAv1/stm32_dma.c:364:1:Vector12C	8	static
ChibiOS/os/hal/ports/STM32/LLD/DMAv1/stm32_dma.c:380:1:Vector130	8	static
ChibiOS/os/hal/ports/STM32/LLD/DMAv1/stm32_dma.c:431:6:dmaInit	0	static
ChibiOS/os/hal/ports/STM32/LLD/DMAv1/stm32_dma.c:469:6:dmaStreamAllocate	16	static
ChibiOS/os/hal/ports/STM32/LLD/DMAv1/stm32_dma.c:524:6:dmaStreamRelease	8	static
