ChibiOS/os/rt/include/chvt.h:228:25:chVTGetSystemTimeX	0	static
ui.c:746:1:select_lever_mode	0	static
ui.c:2510:8:menu_audible_harmonic	0	static
ui.c:2749:8:menu_sleep_acb	0	static
ui.c:3624:8:menu_multi_trace_acb	0	static
vna_browser.c:25:13:browser_get_button_pos	20	static
vna_browser.c:463:12:browser_get_max	0	static
ui.c:6626:26:menu_next_item	12	static
ui.c:6647:12:current_menu_get_count	16	static
ui.c:6655:1:ensure_selection	8	static
ui.c:6870:1:menu_is_multiline	0	static
ui.c:7556:1:step_round	20	static
ui.c:187:12:btn_check	8	static
ui.c:216:12:btn_wait_release	24	static
ui.c:316:1:touch_prepare_sense	24	static
ui.c:4401:8:menu_sd_icon_save_traces_acb	0	static
ui.c:4388:8:menu_sd_icon_save_capture_acb	0	static
ui.c:4376:8:menu_mhz_csv_acb	0	static
ui.c:4364:8:menu_autoname_acb	0	static
ui.c:4034:8:menu_save_state_acb	0	static
ui.c:4075:8:menu_settings_below_if_acb	0	static
ui.c:3975:8:menu_settings_bpf_acb	0	static
ui.c:3962:8:menu_settings_lna_acb	0	static
ui.c:3952:8:menu_settings_agc_acb	0	static
ui.c:6787:1:draw_button	32	static
ui.c:6822:1:draw_keypad_button	80	static
vna_browser.c:43:13:browser_draw_button	88	static
vna_browser.c:381:13:browser_draw_buttons	8	static
ui.c:6883:1:draw_numeric_input	32	static
ui.c:4063:8:menu_settings_ham_bands	8	static
ui.c:1672:8:menu_restart_acb	40	static
ui.c:785:1:get_marker_frequency	0	static
ui.c:4312:13:swap_bytes	0	static
ui.c:3939:8:menu_harmonic_acb	8	static
ui.c:4248:8:menu_connection_acb	8	static
ui.c:4104:8:menu_lo_output_acb	0	static
ui.c:4024:8:menu_settings_pulse_acb	0	static
ui.c:4223:8:menu_points_acb	0	static
ui.c:2480:8:menu_modulation_acb	16	static
ui.c:4193:8:menu_outputmode_acb	0	static
ui.c:860:8:menu_markers_reset_acb	16	static
ui.c:7500:1:lever_move_marker	16	static
ui.c:874:8:menu_marker_search_cb	16	static
ui.c:7525:1:lever_search_marker	16	static
ui.c:4234:8:menu_serial_speed_acb	0	static
ui.c:4128:8:menu_flip_acb	8	static
ui.c:4115:8:menu_pause_acb	0	static
ui.c:5471:13:fetch_numeric_target	48	static
ui.c:7588:1:lever_move	40	static
ui.c:332:1:touch_start_watchdog	8	static
ui.c:8385:13:extcb1	0	static
ui.c:378:1:touch_check	24	static
ui.c:502:13:getTouchPoint	32	static
vna_browser.c:75:16:sd_findnext	24	static
ui.c:171:6:isFullScreenMode	0	static
ui.c:179:5:btn_side	0	static
ui.c:413:6:touch_set	0	static
ui.c:419:1:touch_wait_release	8	static
ui.c:516:1:touch_cal_exec	16	static
ui.c:603:1:touch_position	20	static
ui.c:532:1:touch_draw_test	32	static
ui.c:568:1:touch_notepad	32	static
ui.c:635:1:show_version	64	static
ui.c:5830:1:set_numeric_value	32	static
ui.c:7803:1:keypad_click	16	static
ui.c:6164:7:my_round	0	static
ui.c:6219:5:add_quick_menu	8	static
ui.c:6231:6:draw_cal_status	72	static
ui.c:6611:5:current_menu_is_form	0	static
ui.c:7034:1:draw_menu_buttons	120	static
ui.c:6806:6:drawMessageBox	80	static
ui.c:1613:5:input_is_calibrated	8	static
ui.c:1622:5:output_is_calibrated	8	static
vna_browser.c:91:13:browser_open_file	280	static
ui.c:7169:6:set_keypad_value	0	static
ui.c:7175:6:check_frequency_slider	48	static
ui.c:7379:1:draw_menu	0	static
ui.c:7385:1:draw_menu_mask	0	static
ui.c:7394:1:refresh_sweep_menu	16	static
ui.c:7450:1:ui_mode_menu	8	static
ui.c:6690:1:menu_push_submenu	8	static
ui.c:1977:8:menu_output_curve_prepare_cb	8	static
ui.c:2284:8:menu_calibrate_harmonic_acb	24	static
ui.c:2272:8:menu_calibrate_normal_acb	24	static
ui.c:1653:8:menu_sweep_acb	56	static
ui.c:2526:8:menu_smodulation_acb	32	static
ui.c:2564:8:menu_sreffer_acb	0	static
ui.c:3642:8:menu_marker_modify_acb	16	static
ui.c:3543:8:menu_limit_select_acb	56	static
ui.c:3589:8:menu_multi_band_acb	24	static
ui.c:3565:8:menu_band_select_acb	40	static
ui.c:6700:1:menu_push_lowoutput	0	static
ui.c:6706:1:menu_push_highoutput	0	static
ui.c:7487:1:ui_mode_normal	16	static
ui.c:2694:8:menu_hide_21MHz_acb	0	static
ui.c:2679:8:menu_debug_level_acb	8	static
ui.c:2666:8:menu_debug_spur_acb	8	static
ui.c:2761:8:menu_debug_avoid_acb	8	static
ui.c:2774:8:menu_debug_freq_acb	0	static
ui.c:7469:1:ui_mode_keypad	40	static
ui.c:1633:8:menu_internals_acb	16	static
ui.c:1698:8:menu_curve_acb	64	static
ui.c:1842:8:menu_input_curve_prepare_cb	16	static
ui.c:2089:8:menu_output_level3_acb	32	static
ui.c:2059:8:menu_output_level2_acb	24	static
ui.c:2022:8:menu_output_level_acb	32	static
ui.c:2864:8:menu_clearconfig_cb	8	static
ui.c:4204:8:menu_enter_marker_acb	4	static
ui.c:6200:5:invoke_quick_menu	8	static
ui.c:4046:8:menu_settings_draw_line_acb	16	static
ui.c:7995:13:sa_save_file	88	static
ui.c:4350:8:menu_sdcard_cb	0	static
ui.c:4355:8:menu_save_traces_cb	0	static
ui.c:2802:8:menu_audio_agc_acb	8	static
ui.c:2788:8:menu_linear_averaging_acb	0	static
ui.c:2848:8:menu_direct_acb	8	static
ui.c:2707:8:menu_progress_bar_acb	0	static
ui.c:2821:8:menu_ultra_acb	8	static
ui.c:3986:8:menu_brightness_acb	16	static
ui.c:2623:8:menu_spur_acb	8	static
ui.c:6670:1:menu_move_back	16	static
ui.c:2430:8:menu_lowoutput_settings_acb	40	static
ui.c:2590:8:menu_mixer_drive_acb	8	static
ui.c:2298:8:menu_calibrate_cb	8	static
ui.c:2497:8:menu_level_in_dBuV	0	static
ui.c:2549:8:menu_reffer_acb	8	static
ui.c:2132:8:menu_mode_acb	8	static
ui.c:1809:1:menu_curve_confirm_cb	8	static
ui.c:3353:8:menu_marker_trace_acb	4	static
ui.c:3691:8:menu_marker_ref_select_acb	16	static
ui.c:3726:8:menu_marker_delete_cb	8	static
ui.c:3709:8:menu_marker_select_acb	16	static
ui.c:794:8:menu_marker_op_cb	24	static
ui.c:6153:1:menu_move_top	8	static
ui.c:3282:8:menu_trigger_level_acb	32	static
ui.c:3742:8:menu_limit_disable_cb	16	static
ui.c:3815:8:menu_vbw_acb	8	static
ui.c:3798:8:menu_rbw_acb	8	static
ui.c:3239:8:menu_atten_high_acb	8	static
ui.c:3216:8:menu_atten_acb	8	static
ui.c:3764:8:menu_BAND_disable_cb	8	static
ui.c:3829:8:menu_unit_acb	8	static
ui.c:3251:8:menu_reflevel_acb	8	static
ui.c:3366:8:menu_store_trace_acb	16	static
ui.c:3381:8:menu_subtract_trace_acb	24	static
ui.c:3336:8:menu_trace_acb	8	static
ui.c:2192:8:menu_store_preset_acb	32	static
ui.c:2169:8:menu_load_preset_acb	32	static
ui.c:6725:1:menu_invoke	24	static
ui.c:2344:8:menu_config_cb	16	static
ui.c:2239:1:menu_autosettings_cb	8	static
ui.c:2418:8:menu_jog_jump_acb	0	static
vna_browser.c:388:13:browser_draw_page	184	static
vna_browser.c:510:8:menu_sdcard_browse_cb	0	static
ui.c:3859:8:menu_trigger_acb	8	static
ui.c:2402:8:menu_listen_acb	8	static
ui.c:2720:8:menu_extra_lna_acb	8	static
ui.c:2256:8:menu_scale_cb	8	static
ui.c:2326:8:menu_scanning_speed_acb	8	static
ui.c:2383:8:menu_lock_display_cb	0	static
ui.c:3525:8:menu_level_meter_acb	8	static
ui.c:3487:8:menu_waterfall_acb	8	static
ui.c:4141:8:menu_shift_acb	48	static
ui.c:3265:8:menu_average_acb	8	static
ui.c:2896:8:menu_measure_acb	40	static
vna_browser.c:430:13:browser_key_press	8	static
ui.c:7650:1:ui_process_listen_lever	8	static
ui.c:8163:6:save_csv	0	static
ui.c:3400:8:menu_traces_acb	8	static
ui.c:8340:6:set_interval_stop_time	0	static
ui.c:8352:1:ui_process	104	static
ui.c:8437:1:handle_touch_interrupt	0	static
ui.c:8443:1:ui_init	8	static
ui.c:8451:6:wait_user	8	static
ui.c:8465:5:check_touched	8	static
