ChibiOS/os/rt/include/chvt.h:228:25:chVTGetSystemTimeX	0	static
ui.c:745:1:select_lever_mode	0	static
ui.c:2509:8:menu_audible_harmonic	0	static
ui.c:2748:8:menu_sleep_acb	0	static
ui.c:3623:8:menu_multi_trace_acb	0	static
vna_browser.c:25:13:browser_get_button_pos	20	static
vna_browser.c:463:12:browser_get_max	0	static
ui.c:6631:26:menu_next_item	12	static
ui.c:6652:12:current_menu_get_count	16	static
ui.c:6660:1:ensure_selection	8	static
ui.c:6875:1:menu_is_multiline	0	static
ui.c:7561:1:step_round	20	static
ui.c:187:12:btn_check	8	static
ui.c:216:12:btn_wait_release	24	static
ui.c:316:1:touch_prepare_sense	24	static
ui.c:4400:8:menu_sd_icon_save_traces_acb	0	static
ui.c:4387:8:menu_sd_icon_save_capture_acb	0	static
ui.c:4375:8:menu_mhz_csv_acb	0	static
ui.c:4363:8:menu_autoname_acb	0	static
ui.c:4033:8:menu_save_state_acb	0	static
ui.c:4074:8:menu_settings_below_if_acb	0	static
ui.c:3974:8:menu_settings_bpf_acb	0	static
ui.c:3961:8:menu_settings_lna_acb	0	static
ui.c:3951:8:menu_settings_agc_acb	0	static
ui.c:6792:1:draw_button	32	static
ui.c:6827:1:draw_keypad_button	80	static
vna_browser.c:43:13:browser_draw_button	88	static
vna_browser.c:381:13:browser_draw_buttons	8	static
ui.c:6888:1:draw_numeric_input	32	static
ui.c:4062:8:menu_settings_ham_bands	8	static
ui.c:1671:8:menu_restart_acb	40	static
ui.c:784:1:get_marker_frequency	0	static
ui.c:4311:13:swap_bytes	0	static
ui.c:3938:8:menu_harmonic_acb	8	static
ui.c:4247:8:menu_connection_acb	8	static
ui.c:4103:8:menu_lo_output_acb	0	static
ui.c:4023:8:menu_settings_pulse_acb	0	static
ui.c:4222:8:menu_points_acb	0	static
ui.c:2479:8:menu_modulation_acb	16	static
ui.c:4192:8:menu_outputmode_acb	0	static
ui.c:859:8:menu_markers_reset_acb	16	static
ui.c:7505:1:lever_move_marker	16	static
ui.c:873:8:menu_marker_search_cb	16	static
ui.c:7530:1:lever_search_marker	16	static
ui.c:4233:8:menu_serial_speed_acb	0	static
ui.c:4127:8:menu_flip_acb	8	static
ui.c:4114:8:menu_pause_acb	0	static
ui.c:5470:13:fetch_numeric_target	48	static
ui.c:7593:1:lever_move	40	static
ui.c:332:1:touch_start_watchdog	8	static
ui.c:8390:13:extcb1	0	static
ui.c:378:1:touch_check	24	static
ui.c:502:13:getTouchPoint	32	static
vna_browser.c:75:16:sd_findnext	24	static
ui.c:171:6:isFullScreenMode	0	static
ui.c:179:5:btn_side	0	static
ui.c:413:6:touch_set	0	static
ui.c:419:1:touch_wait_release	8	static
ui.c:516:1:touch_cal_exec	16	static
ui.c:603:1:touch_position	20	static
ui.c:532:1:touch_draw_test	32	static
ui.c:568:1:touch_notepad	32	static
ui.c:635:1:show_version	64	static
ui.c:5829:1:set_numeric_value	32	static
ui.c:7808:1:keypad_click	16	static
ui.c:6163:7:my_round	0	static
ui.c:6218:5:add_quick_menu	8	static
ui.c:6230:6:draw_cal_status	72	static
ui.c:6616:5:current_menu_is_form	0	static
ui.c:7039:1:draw_menu_buttons	120	static
ui.c:6811:6:drawMessageBox	80	static
ui.c:1612:5:input_is_calibrated	8	static
ui.c:1621:5:output_is_calibrated	8	static
vna_browser.c:91:13:browser_open_file	280	static
ui.c:7174:6:set_keypad_value	0	static
ui.c:7180:6:check_frequency_slider	48	static
ui.c:7384:1:draw_menu	0	static
ui.c:7390:1:draw_menu_mask	0	static
ui.c:7399:1:refresh_sweep_menu	16	static
ui.c:7455:1:ui_mode_menu	8	static
ui.c:6695:1:menu_push_submenu	8	static
ui.c:1976:8:menu_output_curve_prepare_cb	8	static
ui.c:2283:8:menu_calibrate_harmonic_acb	24	static
ui.c:2271:8:menu_calibrate_normal_acb	24	static
ui.c:1652:8:menu_sweep_acb	56	static
ui.c:2525:8:menu_smodulation_acb	32	static
ui.c:2563:8:menu_sreffer_acb	0	static
ui.c:3641:8:menu_marker_modify_acb	16	static
ui.c:3542:8:menu_limit_select_acb	56	static
ui.c:3588:8:menu_multi_band_acb	24	static
ui.c:3564:8:menu_band_select_acb	40	static
ui.c:6705:1:menu_push_lowoutput	0	static
ui.c:6711:1:menu_push_highoutput	0	static
ui.c:7492:1:ui_mode_normal	16	static
ui.c:2693:8:menu_hide_21MHz_acb	0	static
ui.c:2678:8:menu_debug_level_acb	8	static
ui.c:2665:8:menu_debug_spur_acb	8	static
ui.c:2760:8:menu_debug_avoid_acb	8	static
ui.c:2773:8:menu_debug_freq_acb	0	static
ui.c:7474:1:ui_mode_keypad	40	static
ui.c:1632:8:menu_internals_acb	16	static
ui.c:1697:8:menu_curve_acb	64	static
ui.c:1841:8:menu_input_curve_prepare_cb	16	static
ui.c:2088:8:menu_output_level3_acb	32	static
ui.c:2058:8:menu_output_level2_acb	24	static
ui.c:2021:8:menu_output_level_acb	32	static
ui.c:2863:8:menu_clearconfig_cb	8	static
ui.c:4203:8:menu_enter_marker_acb	4	static
ui.c:6199:5:invoke_quick_menu	8	static
ui.c:4045:8:menu_settings_draw_line_acb	16	static
ui.c:8000:13:sa_save_file	88	static
ui.c:4349:8:menu_sdcard_cb	0	static
ui.c:4354:8:menu_save_traces_cb	0	static
ui.c:2801:8:menu_audio_agc_acb	8	static
ui.c:2787:8:menu_linear_averaging_acb	0	static
ui.c:2847:8:menu_direct_acb	8	static
ui.c:2706:8:menu_progress_bar_acb	0	static
ui.c:2820:8:menu_ultra_acb	8	static
ui.c:3985:8:menu_brightness_acb	16	static
ui.c:2622:8:menu_spur_acb	8	static
ui.c:6675:1:menu_move_back	16	static
ui.c:2429:8:menu_lowoutput_settings_acb	40	static
ui.c:2589:8:menu_mixer_drive_acb	8	static
ui.c:2297:8:menu_calibrate_cb	8	static
ui.c:2496:8:menu_level_in_dBuV	0	static
ui.c:2548:8:menu_reffer_acb	8	static
ui.c:2131:8:menu_mode_acb	8	static
ui.c:1808:1:menu_curve_confirm_cb	8	static
ui.c:3352:8:menu_marker_trace_acb	4	static
ui.c:3690:8:menu_marker_ref_select_acb	16	static
ui.c:3725:8:menu_marker_delete_cb	8	static
ui.c:3708:8:menu_marker_select_acb	16	static
ui.c:793:8:menu_marker_op_cb	24	static
ui.c:6152:1:menu_move_top	8	static
ui.c:3281:8:menu_trigger_level_acb	32	static
ui.c:3741:8:menu_limit_disable_cb	16	static
ui.c:3814:8:menu_vbw_acb	8	static
ui.c:3797:8:menu_rbw_acb	8	static
ui.c:3238:8:menu_atten_high_acb	8	static
ui.c:3215:8:menu_atten_acb	8	static
ui.c:3763:8:menu_BAND_disable_cb	8	static
ui.c:3828:8:menu_unit_acb	8	static
ui.c:3250:8:menu_reflevel_acb	8	static
ui.c:3365:8:menu_store_trace_acb	16	static
ui.c:3380:8:menu_subtract_trace_acb	24	static
ui.c:3335:8:menu_trace_acb	8	static
ui.c:2191:8:menu_store_preset_acb	32	static
ui.c:2168:8:menu_load_preset_acb	32	static
ui.c:6730:1:menu_invoke	24	static
ui.c:2343:8:menu_config_cb	16	static
ui.c:2238:1:menu_autosettings_cb	8	static
ui.c:2417:8:menu_jog_jump_acb	0	static
vna_browser.c:388:13:browser_draw_page	184	static
vna_browser.c:510:8:menu_sdcard_browse_cb	0	static
ui.c:3858:8:menu_trigger_acb	8	static
ui.c:2401:8:menu_listen_acb	8	static
ui.c:2719:8:menu_extra_lna_acb	8	static
ui.c:2255:8:menu_scale_cb	8	static
ui.c:2325:8:menu_scanning_speed_acb	8	static
ui.c:2382:8:menu_lock_display_cb	0	static
ui.c:3524:8:menu_level_meter_acb	8	static
ui.c:3486:8:menu_waterfall_acb	8	static
ui.c:4140:8:menu_shift_acb	48	static
ui.c:3264:8:menu_average_acb	8	static
ui.c:2895:8:menu_measure_acb	40	static
vna_browser.c:430:13:browser_key_press	8	static
ui.c:7655:1:ui_process_listen_lever	8	static
ui.c:8168:6:save_csv	0	static
ui.c:3399:8:menu_traces_acb	8	static
ui.c:8345:6:set_interval_stop_time	0	static
ui.c:8357:1:ui_process	104	static
ui.c:8442:1:handle_touch_interrupt	0	static
ui.c:8448:1:ui_init	8	static
ui.c:8456:6:wait_user	8	static
ui.c:8470:5:check_touched	8	static
