ARM GAS  /tmp/ccuosk8J.s 			page 1


   1              		.cpu cortex-m4
   2              		.arch armv7e-m
   3              		.fpu fpv4-sp-d16
   4              		.eabi_attribute 27, 1
   5              		.eabi_attribute 28, 1
   6              		.eabi_attribute 20, 1
   7              		.eabi_attribute 21, 1
   8              		.eabi_attribute 23, 3
   9              		.eabi_attribute 24, 1
  10              		.eabi_attribute 25, 1
  11              		.eabi_attribute 26, 1
  12              		.eabi_attribute 30, 1
  13              		.eabi_attribute 34, 1
  14              		.eabi_attribute 18, 4
  15              		.file	"chcore_v7m.c"
  16              		.text
  17              	.Ltext0:
  18              		.cfi_sections	.debug_frame
  19              		.file 1 "ChibiOS/os/common/ports/ARMCMx/chcore_v7m.c"
  20              		.section	.text.SVC_Handler,"ax",%progbits
  21              		.align	1
  22              		.p2align 4,,15
  23              		.global	SVC_Handler
  24              		.syntax unified
  25              		.thumb
  26              		.thumb_func
  27              		.type	SVC_Handler, %function
  28              	SVC_Handler:
  29              	.LFB202:
  30              		.loc 1 62 24 view -0
  31              		.cfi_startproc
  32              		@ args = 0, pretend = 0, frame = 0
  33              		@ frame_needed = 1, uses_anonymous_args = 0
  34              		@ link register save eliminated.
  35 0000 80B4     		push	{r7}
  36              		.cfi_def_cfa_offset 4
  37              		.cfi_offset 7, -4
  38 0002 00AF     		add	r7, sp, #0
  39              		.cfi_def_cfa_register 7
  40              		.loc 1 64 3 view .LVU1
  41              		.loc 1 68 3 view .LVU2
  42              		.loc 1 68 6 is_stmt 0 view .LVU3
  43 0004 084A     		ldr	r2, .L3
  44 0006 536B     		ldr	r3, [r2, #52]
  45              		.loc 1 68 14 view .LVU4
  46 0008 23F00103 		bic	r3, r3, #1
  47 000c 5363     		str	r3, [r2, #52]
  48              		.loc 1 72 3 is_stmt 1 view .LVU5
  49              	.LBB51:
  50              	.LBI51:
  51              		.file 2 "ChibiOS/os/common/ext/CMSIS/include/core_cmFunc.h"
  52              		.loc 2 426 61 view .LVU6
  53              	.LBB52:
  54              		.loc 2 428 3 view .LVU7
  55              		.loc 2 430 3 view .LVU8
  56              		.syntax unified
  57              	@ 430 "ChibiOS/os/common/ext/CMSIS/include/core_cmFunc.h" 1
ARM GAS  /tmp/ccuosk8J.s 			page 2


  58 000e EFF30983 		MRS r3, psp
  59              	
  60              	@ 0 "" 2
  61              	.LVL0:
  62              		.loc 2 431 3 view .LVU9
  63              		.loc 2 431 3 is_stmt 0 view .LVU10
  64              		.thumb
  65              		.syntax unified
  66              	.LBE52:
  67              	.LBE51:
  68              		.loc 1 76 3 is_stmt 1 view .LVU11
  69              		.loc 1 76 7 is_stmt 0 view .LVU12
  70 0012 6833     		adds	r3, r3, #104
  71              	.LVL1:
  72              		.loc 1 79 3 is_stmt 1 view .LVU13
  73              	.LBB53:
  74              	.LBI53:
  75              		.loc 2 441 57 view .LVU14
  76              	.LBB54:
  77              		.loc 2 443 3 view .LVU15
  78              		.syntax unified
  79              	@ 443 "ChibiOS/os/common/ext/CMSIS/include/core_cmFunc.h" 1
  80 0014 83F30988 		MSR psp, r3
  81              	
  82              	@ 0 "" 2
  83              	.LVL2:
  84              		.loc 2 443 3 is_stmt 0 view .LVU16
  85              		.thumb
  86              		.syntax unified
  87              	.LBE54:
  88              	.LBE53:
  89              		.loc 1 82 3 is_stmt 1 view .LVU17
  90              	.LBB55:
  91              	.LBI55:
  92              		.file 3 "ChibiOS/os/common/ports/ARMCMx/chcore_v7m.h"
  93              		.loc 3 654 20 view .LVU18
  94              		.loc 3 656 3 view .LVU19
  95              	.LBB56:
  96              	.LBI56:
  97              		.loc 3 628 20 view .LVU20
  98              		.loc 3 631 3 view .LVU21
  99              	.LBB57:
 100              	.LBI57:
 101              		.loc 2 546 57 view .LVU22
 102              	.LBB58:
 103              		.loc 2 548 3 view .LVU23
 104 0018 0023     		movs	r3, #0
 105              	.LVL3:
 106              		.loc 2 548 3 is_stmt 0 view .LVU24
 107              		.syntax unified
 108              	@ 548 "ChibiOS/os/common/ext/CMSIS/include/core_cmFunc.h" 1
 109 001a 83F31188 		MSR basepri, r3
 110              	@ 0 "" 2
 111              	.LVL4:
 112              		.loc 2 548 3 view .LVU25
 113              		.thumb
 114              		.syntax unified
ARM GAS  /tmp/ccuosk8J.s 			page 3


 115              	.LBE58:
 116              	.LBE57:
 117              	.LBE56:
 118              	.LBE55:
 119              		.loc 1 83 1 view .LVU26
 120 001e BD46     		mov	sp, r7
 121              		.cfi_def_cfa_register 13
 122              		@ sp needed
 123 0020 5DF8047B 		ldr	r7, [sp], #4
 124              		.cfi_restore 7
 125              		.cfi_def_cfa_offset 0
 126 0024 7047     		bx	lr
 127              	.L4:
 128 0026 00BF     		.align	2
 129              	.L3:
 130 0028 00EF00E0 		.word	-536809728
 131              		.cfi_endproc
 132              	.LFE202:
 133              		.size	SVC_Handler, .-SVC_Handler
 134              		.section	.text._port_irq_epilogue,"ax",%progbits
 135              		.align	1
 136              		.p2align 4,,15
 137              		.global	_port_irq_epilogue
 138              		.syntax unified
 139              		.thumb
 140              		.thumb_func
 141              		.type	_port_irq_epilogue, %function
 142              	_port_irq_epilogue:
 143              	.LFB203:
 144              		.loc 1 122 31 is_stmt 1 view -0
 145              		.cfi_startproc
 146              		@ args = 0, pretend = 0, frame = 0
 147              		@ frame_needed = 1, uses_anonymous_args = 0
 148 0000 98B5     		push	{r3, r4, r7, lr}
 149              		.cfi_def_cfa_offset 16
 150              		.cfi_offset 3, -16
 151              		.cfi_offset 4, -12
 152              		.cfi_offset 7, -8
 153              		.cfi_offset 14, -4
 154 0002 00AF     		add	r7, sp, #0
 155              		.cfi_def_cfa_register 7
 156              		.loc 1 124 3 view .LVU28
 157              	.LBB59:
 158              	.LBI59:
 159              		.loc 3 643 20 view .LVU29
 160              		.loc 3 645 3 view .LVU30
 161              	.LBB60:
 162              	.LBI60:
 163              		.loc 3 604 20 view .LVU31
 164              		.loc 3 612 3 view .LVU32
 165              	.LVL5:
 166              	.LBB61:
 167              	.LBI61:
 168              		.loc 2 546 57 view .LVU33
 169              	.LBB62:
 170              		.loc 2 548 3 view .LVU34
 171 0004 2023     		movs	r3, #32
ARM GAS  /tmp/ccuosk8J.s 			page 4


 172              		.syntax unified
 173              	@ 548 "ChibiOS/os/common/ext/CMSIS/include/core_cmFunc.h" 1
 174 0006 83F31188 		MSR basepri, r3
 175              	@ 0 "" 2
 176              	.LVL6:
 177              		.loc 2 548 3 is_stmt 0 view .LVU35
 178              		.thumb
 179              		.syntax unified
 180              	.LBE62:
 181              	.LBE61:
 182              	.LBE60:
 183              	.LBE59:
 184              		.loc 1 125 3 is_stmt 1 view .LVU36
 185              		.loc 1 125 11 is_stmt 0 view .LVU37
 186 000a 124B     		ldr	r3, .L12
 187 000c 5B68     		ldr	r3, [r3, #4]
 188              		.loc 1 125 6 view .LVU38
 189 000e 13F4006F 		tst	r3, #2048
 190 0012 03D1     		bne	.L11
 191              		.loc 1 165 3 is_stmt 1 view .LVU39
 192              	.LBB63:
 193              	.LBI63:
 194              		.loc 3 654 20 view .LVU40
 195              	.LBB64:
 196              		.loc 3 656 3 view .LVU41
 197              	.LBB65:
 198              	.LBI65:
 199              		.loc 3 628 20 view .LVU42
 200              		.loc 3 631 3 view .LVU43
 201              	.LVL7:
 202              	.LBB66:
 203              	.LBI66:
 204              		.loc 2 546 57 view .LVU44
 205              	.LBB67:
 206              		.loc 2 548 3 view .LVU45
 207 0014 0023     		movs	r3, #0
 208              		.syntax unified
 209              	@ 548 "ChibiOS/os/common/ext/CMSIS/include/core_cmFunc.h" 1
 210 0016 83F31188 		MSR basepri, r3
 211              	@ 0 "" 2
 212              	.LVL8:
 213              		.thumb
 214              		.syntax unified
 215              	.L5:
 216              		.loc 2 548 3 is_stmt 0 view .LVU46
 217              	.LBE67:
 218              	.LBE66:
 219              	.LBE65:
 220              	.LBE64:
 221              	.LBE63:
 222              		.loc 1 166 1 view .LVU47
 223 001a 98BD     		pop	{r3, r4, r7, pc}
 224              	.L11:
 225              	.LBB68:
 226              		.loc 1 126 5 is_stmt 1 view .LVU48
 227              		.loc 1 130 7 view .LVU49
 228              	.LBB69:
ARM GAS  /tmp/ccuosk8J.s 			page 5


 229              	.LBI69:
 230              		.loc 2 602 61 view .LVU50
 231              	.LBB70:
 232              		.loc 2 605 3 view .LVU51
 233              		.loc 2 608 3 view .LVU52
 234              		.loc 2 609 3 view .LVU53
 235              		.syntax unified
 236              	@ 609 "ChibiOS/os/common/ext/CMSIS/include/core_cmFunc.h" 1
 237 001c F1EE103A 		VMRS r3, fpscr
 238              	@ 0 "" 2
 239              	.LVL9:
 240              		.loc 2 610 3 view .LVU54
 241              		.loc 2 611 3 view .LVU55
 242              	.LVL10:
 243              		.loc 2 611 3 is_stmt 0 view .LVU56
 244              		.thumb
 245              		.syntax unified
 246              	.LBE70:
 247              	.LBE69:
 248              		.loc 1 134 5 is_stmt 1 view .LVU57
 249              	.LBB71:
 250              	.LBI71:
 251              		.loc 2 426 61 view .LVU58
 252              	.LBB72:
 253              		.loc 2 428 3 view .LVU59
 254              		.loc 2 430 3 view .LVU60
 255              		.syntax unified
 256              	@ 430 "ChibiOS/os/common/ext/CMSIS/include/core_cmFunc.h" 1
 257 0020 EFF30984 		MRS r4, psp
 258              	
 259              	@ 0 "" 2
 260              	.LVL11:
 261              		.loc 2 431 3 view .LVU61
 262              		.loc 2 431 3 is_stmt 0 view .LVU62
 263              		.thumb
 264              		.syntax unified
 265              	.LBE72:
 266              	.LBE71:
 267              		.loc 1 138 5 is_stmt 1 view .LVU63
 268              		.loc 1 138 9 is_stmt 0 view .LVU64
 269 0024 A4F16803 		sub	r3, r4, #104
 270              	.LVL12:
 271              		.loc 1 141 5 is_stmt 1 view .LVU65
 272              		.loc 1 141 16 is_stmt 0 view .LVU66
 273 0028 4FF08072 		mov	r2, #16777216
 274 002c 44F84C2C 		str	r2, [r4, #-76]
 275              		.loc 1 143 5 is_stmt 1 view .LVU67
 276              		.loc 1 143 32 is_stmt 0 view .LVU68
 277 0030 094A     		ldr	r2, .L12+4
 278 0032 D26B     		ldr	r2, [r2, #60]
 279              		.loc 1 143 17 view .LVU69
 280 0034 44F8082C 		str	r2, [r4, #-8]
 281              		.loc 1 147 5 is_stmt 1 view .LVU70
 282              	.LVL13:
 283              	.LBB73:
 284              	.LBI73:
 285              		.loc 2 441 57 view .LVU71
ARM GAS  /tmp/ccuosk8J.s 			page 6


 286              	.LBB74:
 287              		.loc 2 443 3 view .LVU72
 288              		.syntax unified
 289              	@ 443 "ChibiOS/os/common/ext/CMSIS/include/core_cmFunc.h" 1
 290 0038 83F30988 		MSR psp, r3
 291              	
 292              	@ 0 "" 2
 293              	.LVL14:
 294              		.loc 2 443 3 is_stmt 0 view .LVU73
 295              		.thumb
 296              		.syntax unified
 297              	.LBE74:
 298              	.LBE73:
 299              		.loc 1 151 5 is_stmt 1 view .LVU74
 300              		.loc 1 151 9 is_stmt 0 view .LVU75
 301 003c FFF7FEFF 		bl	chSchIsPreemptionRequired
 302              	.LVL15:
 303              		.loc 1 151 8 discriminator 1 view .LVU76
 304 0040 18B1     		cbz	r0, .L7
 305              		.loc 1 153 7 is_stmt 1 view .LVU77
 306              		.loc 1 153 16 is_stmt 0 view .LVU78
 307 0042 064B     		ldr	r3, .L12+8
 308 0044 44F8503C 		str	r3, [r4, #-80]
 309 0048 E7E7     		b	.L5
 310              	.L7:
 311              		.loc 1 158 7 is_stmt 1 view .LVU79
 312              		.loc 1 158 16 is_stmt 0 view .LVU80
 313 004a 054B     		ldr	r3, .L12+12
 314 004c 44F8503C 		str	r3, [r4, #-80]
 315              		.loc 1 163 5 is_stmt 1 view .LVU81
 316 0050 E3E7     		b	.L5
 317              	.L13:
 318 0052 00BF     		.align	2
 319              	.L12:
 320 0054 00ED00E0 		.word	-536810240
 321 0058 00EF00E0 		.word	-536809728
 322 005c 00000000 		.word	_port_switch_from_isr
 323 0060 00000000 		.word	_port_exit_from_isr
 324              	.LBE68:
 325              		.cfi_endproc
 326              	.LFE203:
 327              		.size	_port_irq_epilogue, .-_port_irq_epilogue
 328              		.text
 329              	.Letext0:
 330              		.file 4 "/usr/lib/gcc/arm-none-eabi/13.2.1/include/stdint.h"
 331              		.file 5 "ChibiOS/os/common/ext/CMSIS/include/core_cm4.h"
 332              		.file 6 "ChibiOS/os/common/ports/ARMCMx/chcore.h"
 333              		.file 7 "ChibiOS/os/rt/include/chschd.h"
 334              		.section	.debug_info,"",%progbits
 335              	.Ldebug_info0:
 336 0000 B9060000 		.4byte	0x6b9
 337 0004 0500     		.2byte	0x5
 338 0006 01       		.byte	0x1
 339 0007 04       		.byte	0x4
 340 0008 00000000 		.4byte	.Ldebug_abbrev0
 341 000c 17       		.uleb128 0x17
 342 000d 1D000000 		.4byte	.LASF56
ARM GAS  /tmp/ccuosk8J.s 			page 7


 343 0011 1D       		.byte	0x1d
 344 0012 5A030000 		.4byte	.LASF57
 345 0016 70010000 		.4byte	.LASF58
 346 001a 0C000000 		.4byte	.LLRL9
 347 001e 00000000 		.4byte	0
 348 0022 00000000 		.4byte	.Ldebug_line0
 349 0026 18       		.uleb128 0x18
 350 0027 04       		.byte	0x4
 351 0028 05       		.byte	0x5
 352 0029 696E7400 		.ascii	"int\000"
 353 002d 03       		.uleb128 0x3
 354 002e 04       		.byte	0x4
 355 002f 07       		.byte	0x7
 356 0030 A6020000 		.4byte	.LASF0
 357 0034 03       		.uleb128 0x3
 358 0035 08       		.byte	0x8
 359 0036 05       		.byte	0x5
 360 0037 B8010000 		.4byte	.LASF1
 361 003b 03       		.uleb128 0x3
 362 003c 08       		.byte	0x8
 363 003d 04       		.byte	0x4
 364 003e 3F020000 		.4byte	.LASF2
 365 0042 03       		.uleb128 0x3
 366 0043 01       		.byte	0x1
 367 0044 06       		.byte	0x6
 368 0045 6E020000 		.4byte	.LASF3
 369 0049 03       		.uleb128 0x3
 370 004a 02       		.byte	0x2
 371 004b 05       		.byte	0x5
 372 004c 4B010000 		.4byte	.LASF4
 373 0050 03       		.uleb128 0x3
 374 0051 04       		.byte	0x4
 375 0052 05       		.byte	0x5
 376 0053 F1010000 		.4byte	.LASF5
 377 0057 0C       		.uleb128 0xc
 378 0058 92010000 		.4byte	.LASF8
 379 005c 04       		.byte	0x4
 380 005d 2E       		.byte	0x2e
 381 005e 18       		.byte	0x18
 382 005f 68000000 		.4byte	0x68
 383 0063 04       		.uleb128 0x4
 384 0064 57000000 		.4byte	0x57
 385 0068 03       		.uleb128 0x3
 386 0069 01       		.byte	0x1
 387 006a 08       		.byte	0x8
 388 006b 1F020000 		.4byte	.LASF6
 389 006f 03       		.uleb128 0x3
 390 0070 02       		.byte	0x2
 391 0071 07       		.byte	0x7
 392 0072 BF020000 		.4byte	.LASF7
 393 0076 0C       		.uleb128 0xc
 394 0077 91020000 		.4byte	.LASF9
 395 007b 04       		.byte	0x4
 396 007c 34       		.byte	0x34
 397 007d 19       		.byte	0x19
 398 007e 8C000000 		.4byte	0x8c
 399 0082 04       		.uleb128 0x4
ARM GAS  /tmp/ccuosk8J.s 			page 8


 400 0083 76000000 		.4byte	0x76
 401 0087 0A       		.uleb128 0xa
 402 0088 82000000 		.4byte	0x82
 403 008c 03       		.uleb128 0x3
 404 008d 04       		.byte	0x4
 405 008e 07       		.byte	0x7
 406 008f 13030000 		.4byte	.LASF10
 407 0093 03       		.uleb128 0x3
 408 0094 08       		.byte	0x8
 409 0095 07       		.byte	0x7
 410 0096 7A020000 		.4byte	.LASF11
 411 009a 19       		.uleb128 0x19
 412 009b 04       		.byte	0x4
 413 009c 0D       		.uleb128 0xd
 414 009d 8C       		.byte	0x8c
 415 009e C001     		.2byte	0x1c0
 416 00a0 B6010000 		.4byte	0x1b6
 417 00a4 02       		.uleb128 0x2
 418 00a5 6A010000 		.4byte	.LASF12
 419 00a9 05       		.byte	0x5
 420 00aa C201     		.2byte	0x1c2
 421 00ac 87000000 		.4byte	0x87
 422 00b0 00       		.byte	0
 423 00b1 02       		.uleb128 0x2
 424 00b2 A0010000 		.4byte	.LASF13
 425 00b6 05       		.byte	0x5
 426 00b7 C301     		.2byte	0x1c3
 427 00b9 82000000 		.4byte	0x82
 428 00bd 04       		.byte	0x4
 429 00be 02       		.uleb128 0x2
 430 00bf DE020000 		.4byte	.LASF14
 431 00c3 05       		.byte	0x5
 432 00c4 C401     		.2byte	0x1c4
 433 00c6 82000000 		.4byte	0x82
 434 00ca 08       		.byte	0x8
 435 00cb 02       		.uleb128 0x2
 436 00cc 5F020000 		.4byte	.LASF15
 437 00d0 05       		.byte	0x5
 438 00d1 C501     		.2byte	0x1c5
 439 00d3 82000000 		.4byte	0x82
 440 00d7 0C       		.byte	0xc
 441 00d8 01       		.uleb128 0x1
 442 00d9 53435200 		.ascii	"SCR\000"
 443 00dd 05       		.byte	0x5
 444 00de C601     		.2byte	0x1c6
 445 00e0 82000000 		.4byte	0x82
 446 00e4 10       		.byte	0x10
 447 00e5 01       		.uleb128 0x1
 448 00e6 43435200 		.ascii	"CCR\000"
 449 00ea 05       		.byte	0x5
 450 00eb C701     		.2byte	0x1c7
 451 00ed 82000000 		.4byte	0x82
 452 00f1 14       		.byte	0x14
 453 00f2 01       		.uleb128 0x1
 454 00f3 53485000 		.ascii	"SHP\000"
 455 00f7 05       		.byte	0x5
 456 00f8 C801     		.2byte	0x1c8
ARM GAS  /tmp/ccuosk8J.s 			page 9


 457 00fa C6010000 		.4byte	0x1c6
 458 00fe 18       		.byte	0x18
 459 00ff 02       		.uleb128 0x2
 460 0100 B3020000 		.4byte	.LASF16
 461 0104 05       		.byte	0x5
 462 0105 C901     		.2byte	0x1c9
 463 0107 82000000 		.4byte	0x82
 464 010b 24       		.byte	0x24
 465 010c 02       		.uleb128 0x2
 466 010d 33020000 		.4byte	.LASF17
 467 0111 05       		.byte	0x5
 468 0112 CA01     		.2byte	0x1ca
 469 0114 82000000 		.4byte	0x82
 470 0118 28       		.byte	0x28
 471 0119 02       		.uleb128 0x2
 472 011a FF020000 		.4byte	.LASF18
 473 011e 05       		.byte	0x5
 474 011f CB01     		.2byte	0x1cb
 475 0121 82000000 		.4byte	0x82
 476 0125 2C       		.byte	0x2c
 477 0126 02       		.uleb128 0x2
 478 0127 E8020000 		.4byte	.LASF19
 479 012b 05       		.byte	0x5
 480 012c CC01     		.2byte	0x1cc
 481 012e 82000000 		.4byte	0x82
 482 0132 30       		.byte	0x30
 483 0133 02       		.uleb128 0x2
 484 0134 B9020000 		.4byte	.LASF20
 485 0138 05       		.byte	0x5
 486 0139 CD01     		.2byte	0x1cd
 487 013b 82000000 		.4byte	0x82
 488 013f 34       		.byte	0x34
 489 0140 02       		.uleb128 0x2
 490 0141 D2010000 		.4byte	.LASF21
 491 0145 05       		.byte	0x5
 492 0146 CE01     		.2byte	0x1ce
 493 0148 82000000 		.4byte	0x82
 494 014c 38       		.byte	0x38
 495 014d 02       		.uleb128 0x2
 496 014e 86030000 		.4byte	.LASF22
 497 0152 05       		.byte	0x5
 498 0153 CF01     		.2byte	0x1cf
 499 0155 82000000 		.4byte	0x82
 500 0159 3C       		.byte	0x3c
 501 015a 01       		.uleb128 0x1
 502 015b 50465200 		.ascii	"PFR\000"
 503 015f 05       		.byte	0x5
 504 0160 D001     		.2byte	0x1d0
 505 0162 E0010000 		.4byte	0x1e0
 506 0166 40       		.byte	0x40
 507 0167 01       		.uleb128 0x1
 508 0168 44465200 		.ascii	"DFR\000"
 509 016c 05       		.byte	0x5
 510 016d D101     		.2byte	0x1d1
 511 016f 87000000 		.4byte	0x87
 512 0173 48       		.byte	0x48
 513 0174 01       		.uleb128 0x1
ARM GAS  /tmp/ccuosk8J.s 			page 10


 514 0175 41445200 		.ascii	"ADR\000"
 515 0179 05       		.byte	0x5
 516 017a D201     		.2byte	0x1d2
 517 017c 87000000 		.4byte	0x87
 518 0180 4C       		.byte	0x4c
 519 0181 02       		.uleb128 0x2
 520 0182 04030000 		.4byte	.LASF23
 521 0186 05       		.byte	0x5
 522 0187 D301     		.2byte	0x1d3
 523 0189 FA010000 		.4byte	0x1fa
 524 018d 50       		.byte	0x50
 525 018e 02       		.uleb128 0x2
 526 018f E3020000 		.4byte	.LASF24
 527 0193 05       		.byte	0x5
 528 0194 D401     		.2byte	0x1d4
 529 0196 14020000 		.4byte	0x214
 530 019a 60       		.byte	0x60
 531 019b 02       		.uleb128 0x2
 532 019c 09030000 		.4byte	.LASF25
 533 01a0 05       		.byte	0x5
 534 01a1 D501     		.2byte	0x1d5
 535 01a3 19020000 		.4byte	0x219
 536 01a7 74       		.byte	0x74
 537 01a8 02       		.uleb128 0x2
 538 01a9 B3030000 		.4byte	.LASF26
 539 01ad 05       		.byte	0x5
 540 01ae D601     		.2byte	0x1d6
 541 01b0 82000000 		.4byte	0x82
 542 01b4 88       		.byte	0x88
 543 01b5 00       		.byte	0
 544 01b6 05       		.uleb128 0x5
 545 01b7 63000000 		.4byte	0x63
 546 01bb C6010000 		.4byte	0x1c6
 547 01bf 06       		.uleb128 0x6
 548 01c0 2D000000 		.4byte	0x2d
 549 01c4 0B       		.byte	0xb
 550 01c5 00       		.byte	0
 551 01c6 04       		.uleb128 0x4
 552 01c7 B6010000 		.4byte	0x1b6
 553 01cb 05       		.uleb128 0x5
 554 01cc 87000000 		.4byte	0x87
 555 01d0 DB010000 		.4byte	0x1db
 556 01d4 06       		.uleb128 0x6
 557 01d5 2D000000 		.4byte	0x2d
 558 01d9 01       		.byte	0x1
 559 01da 00       		.byte	0
 560 01db 0A       		.uleb128 0xa
 561 01dc CB010000 		.4byte	0x1cb
 562 01e0 04       		.uleb128 0x4
 563 01e1 DB010000 		.4byte	0x1db
 564 01e5 05       		.uleb128 0x5
 565 01e6 87000000 		.4byte	0x87
 566 01ea F5010000 		.4byte	0x1f5
 567 01ee 06       		.uleb128 0x6
 568 01ef 2D000000 		.4byte	0x2d
 569 01f3 03       		.byte	0x3
 570 01f4 00       		.byte	0
ARM GAS  /tmp/ccuosk8J.s 			page 11


 571 01f5 0A       		.uleb128 0xa
 572 01f6 E5010000 		.4byte	0x1e5
 573 01fa 04       		.uleb128 0x4
 574 01fb F5010000 		.4byte	0x1f5
 575 01ff 05       		.uleb128 0x5
 576 0200 87000000 		.4byte	0x87
 577 0204 0F020000 		.4byte	0x20f
 578 0208 06       		.uleb128 0x6
 579 0209 2D000000 		.4byte	0x2d
 580 020d 04       		.byte	0x4
 581 020e 00       		.byte	0
 582 020f 0A       		.uleb128 0xa
 583 0210 FF010000 		.4byte	0x1ff
 584 0214 04       		.uleb128 0x4
 585 0215 0F020000 		.4byte	0x20f
 586 0219 05       		.uleb128 0x5
 587 021a 76000000 		.4byte	0x76
 588 021e 29020000 		.4byte	0x229
 589 0222 06       		.uleb128 0x6
 590 0223 2D000000 		.4byte	0x2d
 591 0227 04       		.byte	0x4
 592 0228 00       		.byte	0
 593 0229 0E       		.uleb128 0xe
 594 022a 65020000 		.4byte	.LASF27
 595 022e D701     		.2byte	0x1d7
 596 0230 9C000000 		.4byte	0x9c
 597 0234 05       		.uleb128 0x5
 598 0235 76000000 		.4byte	0x76
 599 0239 44020000 		.4byte	0x244
 600 023d 06       		.uleb128 0x6
 601 023e 2D000000 		.4byte	0x2d
 602 0242 00       		.byte	0
 603 0243 00       		.byte	0
 604 0244 0D       		.uleb128 0xd
 605 0245 18       		.byte	0x18
 606 0246 DE04     		.2byte	0x4de
 607 0248 9B020000 		.4byte	0x29b
 608 024c 02       		.uleb128 0x2
 609 024d 09030000 		.4byte	.LASF25
 610 0251 05       		.byte	0x5
 611 0252 E004     		.2byte	0x4e0
 612 0254 34020000 		.4byte	0x234
 613 0258 00       		.byte	0
 614 0259 02       		.uleb128 0x2
 615 025a 25030000 		.4byte	.LASF28
 616 025e 05       		.byte	0x5
 617 025f E104     		.2byte	0x4e1
 618 0261 82000000 		.4byte	0x82
 619 0265 04       		.byte	0x4
 620 0266 02       		.uleb128 0x2
 621 0267 9A010000 		.4byte	.LASF29
 622 026b 05       		.byte	0x5
 623 026c E204     		.2byte	0x4e2
 624 026e 82000000 		.4byte	0x82
 625 0272 08       		.byte	0x8
 626 0273 02       		.uleb128 0x2
 627 0274 D2020000 		.4byte	.LASF30
ARM GAS  /tmp/ccuosk8J.s 			page 12


 628 0278 05       		.byte	0x5
 629 0279 E304     		.2byte	0x4e3
 630 027b 82000000 		.4byte	0x82
 631 027f 0C       		.byte	0xc
 632 0280 02       		.uleb128 0x2
 633 0281 B9030000 		.4byte	.LASF31
 634 0285 05       		.byte	0x5
 635 0286 E404     		.2byte	0x4e4
 636 0288 87000000 		.4byte	0x87
 637 028c 10       		.byte	0x10
 638 028d 02       		.uleb128 0x2
 639 028e 55010000 		.4byte	.LASF32
 640 0292 05       		.byte	0x5
 641 0293 E504     		.2byte	0x4e5
 642 0295 87000000 		.4byte	0x87
 643 0299 14       		.byte	0x14
 644 029a 00       		.byte	0
 645 029b 0E       		.uleb128 0xe
 646 029c 8B030000 		.4byte	.LASF33
 647 02a0 E604     		.2byte	0x4e6
 648 02a2 44020000 		.4byte	0x244
 649 02a6 0C       		.uleb128 0xc
 650 02a7 89010000 		.4byte	.LASF34
 651 02ab 06       		.byte	0x6
 652 02ac 65       		.byte	0x65
 653 02ad 0F       		.byte	0xf
 654 02ae 9A000000 		.4byte	0x9a
 655 02b2 1A       		.uleb128 0x1a
 656 02b3 4E030000 		.4byte	.LASF59
 657 02b7 68       		.byte	0x68
 658 02b8 03       		.byte	0x3
 659 02b9 4101     		.2byte	0x141
 660 02bb 08       		.byte	0x8
 661 02bc 04040000 		.4byte	0x404
 662 02c0 01       		.uleb128 0x1
 663 02c1 723000   		.ascii	"r0\000"
 664 02c4 03       		.byte	0x3
 665 02c5 4201     		.2byte	0x142
 666 02c7 A6020000 		.4byte	0x2a6
 667 02cb 00       		.byte	0
 668 02cc 01       		.uleb128 0x1
 669 02cd 723100   		.ascii	"r1\000"
 670 02d0 03       		.byte	0x3
 671 02d1 4301     		.2byte	0x143
 672 02d3 A6020000 		.4byte	0x2a6
 673 02d7 04       		.byte	0x4
 674 02d8 01       		.uleb128 0x1
 675 02d9 723200   		.ascii	"r2\000"
 676 02dc 03       		.byte	0x3
 677 02dd 4401     		.2byte	0x144
 678 02df A6020000 		.4byte	0x2a6
 679 02e3 08       		.byte	0x8
 680 02e4 01       		.uleb128 0x1
 681 02e5 723300   		.ascii	"r3\000"
 682 02e8 03       		.byte	0x3
 683 02e9 4501     		.2byte	0x145
 684 02eb A6020000 		.4byte	0x2a6
ARM GAS  /tmp/ccuosk8J.s 			page 13


 685 02ef 0C       		.byte	0xc
 686 02f0 01       		.uleb128 0x1
 687 02f1 72313200 		.ascii	"r12\000"
 688 02f5 03       		.byte	0x3
 689 02f6 4601     		.2byte	0x146
 690 02f8 A6020000 		.4byte	0x2a6
 691 02fc 10       		.byte	0x10
 692 02fd 02       		.uleb128 0x2
 693 02fe 38020000 		.4byte	.LASF35
 694 0302 03       		.byte	0x3
 695 0303 4701     		.2byte	0x147
 696 0305 A6020000 		.4byte	0x2a6
 697 0309 14       		.byte	0x14
 698 030a 01       		.uleb128 0x1
 699 030b 706300   		.ascii	"pc\000"
 700 030e 03       		.byte	0x3
 701 030f 4801     		.2byte	0x148
 702 0311 A6020000 		.4byte	0x2a6
 703 0315 18       		.byte	0x18
 704 0316 02       		.uleb128 0x2
 705 0317 65010000 		.4byte	.LASF36
 706 031b 03       		.byte	0x3
 707 031c 4901     		.2byte	0x149
 708 031e A6020000 		.4byte	0x2a6
 709 0322 1C       		.byte	0x1c
 710 0323 01       		.uleb128 0x1
 711 0324 733000   		.ascii	"s0\000"
 712 0327 03       		.byte	0x3
 713 0328 4B01     		.2byte	0x14b
 714 032a A6020000 		.4byte	0x2a6
 715 032e 20       		.byte	0x20
 716 032f 01       		.uleb128 0x1
 717 0330 733100   		.ascii	"s1\000"
 718 0333 03       		.byte	0x3
 719 0334 4C01     		.2byte	0x14c
 720 0336 A6020000 		.4byte	0x2a6
 721 033a 24       		.byte	0x24
 722 033b 01       		.uleb128 0x1
 723 033c 733200   		.ascii	"s2\000"
 724 033f 03       		.byte	0x3
 725 0340 4D01     		.2byte	0x14d
 726 0342 A6020000 		.4byte	0x2a6
 727 0346 28       		.byte	0x28
 728 0347 01       		.uleb128 0x1
 729 0348 733300   		.ascii	"s3\000"
 730 034b 03       		.byte	0x3
 731 034c 4E01     		.2byte	0x14e
 732 034e A6020000 		.4byte	0x2a6
 733 0352 2C       		.byte	0x2c
 734 0353 01       		.uleb128 0x1
 735 0354 733400   		.ascii	"s4\000"
 736 0357 03       		.byte	0x3
 737 0358 4F01     		.2byte	0x14f
 738 035a A6020000 		.4byte	0x2a6
 739 035e 30       		.byte	0x30
 740 035f 01       		.uleb128 0x1
 741 0360 733500   		.ascii	"s5\000"
ARM GAS  /tmp/ccuosk8J.s 			page 14


 742 0363 03       		.byte	0x3
 743 0364 5001     		.2byte	0x150
 744 0366 A6020000 		.4byte	0x2a6
 745 036a 34       		.byte	0x34
 746 036b 01       		.uleb128 0x1
 747 036c 733600   		.ascii	"s6\000"
 748 036f 03       		.byte	0x3
 749 0370 5101     		.2byte	0x151
 750 0372 A6020000 		.4byte	0x2a6
 751 0376 38       		.byte	0x38
 752 0377 01       		.uleb128 0x1
 753 0378 733700   		.ascii	"s7\000"
 754 037b 03       		.byte	0x3
 755 037c 5201     		.2byte	0x152
 756 037e A6020000 		.4byte	0x2a6
 757 0382 3C       		.byte	0x3c
 758 0383 01       		.uleb128 0x1
 759 0384 733800   		.ascii	"s8\000"
 760 0387 03       		.byte	0x3
 761 0388 5301     		.2byte	0x153
 762 038a A6020000 		.4byte	0x2a6
 763 038e 40       		.byte	0x40
 764 038f 01       		.uleb128 0x1
 765 0390 733900   		.ascii	"s9\000"
 766 0393 03       		.byte	0x3
 767 0394 5401     		.2byte	0x154
 768 0396 A6020000 		.4byte	0x2a6
 769 039a 44       		.byte	0x44
 770 039b 01       		.uleb128 0x1
 771 039c 73313000 		.ascii	"s10\000"
 772 03a0 03       		.byte	0x3
 773 03a1 5501     		.2byte	0x155
 774 03a3 A6020000 		.4byte	0x2a6
 775 03a7 48       		.byte	0x48
 776 03a8 01       		.uleb128 0x1
 777 03a9 73313100 		.ascii	"s11\000"
 778 03ad 03       		.byte	0x3
 779 03ae 5601     		.2byte	0x156
 780 03b0 A6020000 		.4byte	0x2a6
 781 03b4 4C       		.byte	0x4c
 782 03b5 01       		.uleb128 0x1
 783 03b6 73313200 		.ascii	"s12\000"
 784 03ba 03       		.byte	0x3
 785 03bb 5701     		.2byte	0x157
 786 03bd A6020000 		.4byte	0x2a6
 787 03c1 50       		.byte	0x50
 788 03c2 01       		.uleb128 0x1
 789 03c3 73313300 		.ascii	"s13\000"
 790 03c7 03       		.byte	0x3
 791 03c8 5801     		.2byte	0x158
 792 03ca A6020000 		.4byte	0x2a6
 793 03ce 54       		.byte	0x54
 794 03cf 01       		.uleb128 0x1
 795 03d0 73313400 		.ascii	"s14\000"
 796 03d4 03       		.byte	0x3
 797 03d5 5901     		.2byte	0x159
 798 03d7 A6020000 		.4byte	0x2a6
ARM GAS  /tmp/ccuosk8J.s 			page 15


 799 03db 58       		.byte	0x58
 800 03dc 01       		.uleb128 0x1
 801 03dd 73313500 		.ascii	"s15\000"
 802 03e1 03       		.byte	0x3
 803 03e2 5A01     		.2byte	0x15a
 804 03e4 A6020000 		.4byte	0x2a6
 805 03e8 5C       		.byte	0x5c
 806 03e9 02       		.uleb128 0x2
 807 03ea 2D020000 		.4byte	.LASF37
 808 03ee 03       		.byte	0x3
 809 03ef 5B01     		.2byte	0x15b
 810 03f1 A6020000 		.4byte	0x2a6
 811 03f5 60       		.byte	0x60
 812 03f6 02       		.uleb128 0x2
 813 03f7 94030000 		.4byte	.LASF38
 814 03fb 03       		.byte	0x3
 815 03fc 5C01     		.2byte	0x15c
 816 03fe A6020000 		.4byte	0x2a6
 817 0402 64       		.byte	0x64
 818 0403 00       		.byte	0
 819 0404 03       		.uleb128 0x3
 820 0405 01       		.byte	0x1
 821 0406 08       		.byte	0x8
 822 0407 D9020000 		.4byte	.LASF39
 823 040b 0F       		.uleb128 0xf
 824 040c 4B020000 		.4byte	.LASF40
 825 0410 F501     		.2byte	0x1f5
 826 0412 0F       		.uleb128 0xf
 827 0413 9D030000 		.4byte	.LASF41
 828 0417 F401     		.2byte	0x1f4
 829 0419 1B       		.uleb128 0x1b
 830 041a D7010000 		.4byte	.LASF60
 831 041e 07       		.byte	0x7
 832 041f E201     		.2byte	0x1e2
 833 0421 08       		.byte	0x8
 834 0422 26040000 		.4byte	0x426
 835 0426 03       		.uleb128 0x3
 836 0427 01       		.byte	0x1
 837 0428 02       		.byte	0x2
 838 0429 ED020000 		.4byte	.LASF42
 839 042d 10       		.uleb128 0x10
 840 042e A5010000 		.4byte	.LASF43
 841 0432 7A       		.byte	0x7a
 842 0433 00000000 		.4byte	.LFB203
 843 0437 64000000 		.4byte	.LFE203-.LFB203
 844 043b 01       		.uleb128 0x1
 845 043c 9C       		.byte	0x9c
 846 043d 71050000 		.4byte	0x571
 847 0441 1C       		.uleb128 0x1c
 848 0442 1C000000 		.4byte	.LBB68
 849 0446 48000000 		.4byte	.LBE68-.LBB68
 850 044a D5040000 		.4byte	0x4d5
 851 044e 11       		.uleb128 0x11
 852 044f 09020000 		.4byte	.LASF45
 853 0453 7E       		.byte	0x7e
 854 0454 19       		.byte	0x19
 855 0455 71050000 		.4byte	0x571
ARM GAS  /tmp/ccuosk8J.s 			page 16


 856 0459 12000000 		.4byte	.LLST6
 857 045d 0C000000 		.4byte	.LVUS6
 858 0461 07       		.uleb128 0x7
 859 0462 52060000 		.4byte	0x652
 860 0466 1C000000 		.4byte	.LBI69
 861 046a 02       		.byte	.LVU50
 862 046b 1C000000 		.4byte	.LBB69
 863 046f 04000000 		.4byte	.LBE69-.LBB69
 864 0473 82       		.byte	0x82
 865 0474 0E       		.byte	0xe
 866 0475 7F040000 		.4byte	0x47f
 867 0479 1D       		.uleb128 0x1d
 868 047a 64060000 		.4byte	0x664
 869 047e 00       		.byte	0
 870 047f 07       		.uleb128 0x7
 871 0480 A1060000 		.4byte	0x6a1
 872 0484 20000000 		.4byte	.LBI71
 873 0488 04       		.byte	.LVU58
 874 0489 20000000 		.4byte	.LBB71
 875 048d 04000000 		.4byte	.LBE71-.LBB71
 876 0491 86       		.byte	0x86
 877 0492 22       		.byte	0x22
 878 0493 A5040000 		.4byte	0x4a5
 879 0497 12       		.uleb128 0x12
 880 0498 AF060000 		.4byte	0x6af
 881 049c 2C000000 		.4byte	.LLST7
 882 04a0 2A000000 		.4byte	.LVUS7
 883 04a4 00       		.byte	0
 884 04a5 07       		.uleb128 0x7
 885 04a6 89060000 		.4byte	0x689
 886 04aa 38000000 		.4byte	.LBI73
 887 04ae 01       		.byte	.LVU71
 888 04af 38000000 		.4byte	.LBB73
 889 04b3 04000000 		.4byte	.LBE73-.LBB73
 890 04b7 93       		.byte	0x93
 891 04b8 05       		.byte	0x5
 892 04b9 CB040000 		.4byte	0x4cb
 893 04bd 09       		.uleb128 0x9
 894 04be 94060000 		.4byte	0x694
 895 04c2 37000000 		.4byte	.LLST8
 896 04c6 35000000 		.4byte	.LVUS8
 897 04ca 00       		.byte	0
 898 04cb 1E       		.uleb128 0x1e
 899 04cc 40000000 		.4byte	.LVL15
 900 04d0 19040000 		.4byte	0x419
 901 04d4 00       		.byte	0
 902 04d5 07       		.uleb128 0x7
 903 04d6 3D060000 		.4byte	0x63d
 904 04da 04000000 		.4byte	.LBI59
 905 04de 01       		.byte	.LVU29
 906 04df 04000000 		.4byte	.LBB59
 907 04e3 06000000 		.4byte	.LBE59-.LBB59
 908 04e7 7C       		.byte	0x7c
 909 04e8 03       		.byte	0x3
 910 04e9 25050000 		.4byte	0x525
 911 04ed 08       		.uleb128 0x8
 912 04ee 4B060000 		.4byte	0x64b
ARM GAS  /tmp/ccuosk8J.s 			page 17


 913 04f2 04000000 		.4byte	.LBI60
 914 04f6 03       		.byte	.LVU31
 915 04f7 04000000 		.4byte	.LBB60
 916 04fb 06000000 		.4byte	.LBE60-.LBB60
 917 04ff 8502     		.2byte	0x285
 918 0501 08       		.uleb128 0x8
 919 0502 71060000 		.4byte	0x671
 920 0506 04000000 		.4byte	.LBI61
 921 050a 05       		.byte	.LVU33
 922 050b 04000000 		.4byte	.LBB61
 923 050f 06000000 		.4byte	.LBE61-.LBB61
 924 0513 6402     		.2byte	0x264
 925 0515 09       		.uleb128 0x9
 926 0516 7C060000 		.4byte	0x67c
 927 051a 42000000 		.4byte	.LLST4
 928 051e 40000000 		.4byte	.LVUS4
 929 0522 00       		.byte	0
 930 0523 00       		.byte	0
 931 0524 00       		.byte	0
 932 0525 13       		.uleb128 0x13
 933 0526 36060000 		.4byte	0x636
 934 052a 14000000 		.4byte	.LBI63
 935 052e 01       		.byte	.LVU40
 936 052f 14000000 		.4byte	.LBB63
 937 0533 06000000 		.4byte	.LBE63-.LBB63
 938 0537 A5       		.byte	0xa5
 939 0538 08       		.uleb128 0x8
 940 0539 44060000 		.4byte	0x644
 941 053d 14000000 		.4byte	.LBI65
 942 0541 03       		.byte	.LVU42
 943 0542 14000000 		.4byte	.LBB65
 944 0546 06000000 		.4byte	.LBE65-.LBB65
 945 054a 9002     		.2byte	0x290
 946 054c 08       		.uleb128 0x8
 947 054d 71060000 		.4byte	0x671
 948 0551 14000000 		.4byte	.LBI66
 949 0555 05       		.byte	.LVU44
 950 0556 14000000 		.4byte	.LBB66
 951 055a 06000000 		.4byte	.LBE66-.LBB66
 952 055e 7702     		.2byte	0x277
 953 0560 09       		.uleb128 0x9
 954 0561 7C060000 		.4byte	0x67c
 955 0565 4F000000 		.4byte	.LLST5
 956 0569 4D000000 		.4byte	.LVUS5
 957 056d 00       		.byte	0
 958 056e 00       		.byte	0
 959 056f 00       		.byte	0
 960 0570 00       		.byte	0
 961 0571 1F       		.uleb128 0x1f
 962 0572 04       		.byte	0x4
 963 0573 B2020000 		.4byte	0x2b2
 964 0577 10       		.uleb128 0x10
 965 0578 9A020000 		.4byte	.LASF44
 966 057c 3E       		.byte	0x3e
 967 057d 00000000 		.4byte	.LFB202
 968 0581 2C000000 		.4byte	.LFE202-.LFB202
 969 0585 01       		.uleb128 0x1
ARM GAS  /tmp/ccuosk8J.s 			page 18


 970 0586 9C       		.byte	0x9c
 971 0587 36060000 		.4byte	0x636
 972 058b 11       		.uleb128 0x11
 973 058c 09020000 		.4byte	.LASF45
 974 0590 40       		.byte	0x40
 975 0591 17       		.byte	0x17
 976 0592 71050000 		.4byte	0x571
 977 0596 5B000000 		.4byte	.LLST0
 978 059a 59000000 		.4byte	.LVUS0
 979 059e 07       		.uleb128 0x7
 980 059f A1060000 		.4byte	0x6a1
 981 05a3 0E000000 		.4byte	.LBI51
 982 05a7 01       		.byte	.LVU6
 983 05a8 0E000000 		.4byte	.LBB51
 984 05ac 04000000 		.4byte	.LBE51-.LBB51
 985 05b0 48       		.byte	0x48
 986 05b1 20       		.byte	0x20
 987 05b2 C4050000 		.4byte	0x5c4
 988 05b6 12       		.uleb128 0x12
 989 05b7 AF060000 		.4byte	0x6af
 990 05bb 66000000 		.4byte	.LLST1
 991 05bf 64000000 		.4byte	.LVUS1
 992 05c3 00       		.byte	0
 993 05c4 07       		.uleb128 0x7
 994 05c5 89060000 		.4byte	0x689
 995 05c9 14000000 		.4byte	.LBI53
 996 05cd 01       		.byte	.LVU14
 997 05ce 14000000 		.4byte	.LBB53
 998 05d2 04000000 		.4byte	.LBE53-.LBB53
 999 05d6 4F       		.byte	0x4f
 1000 05d7 03       		.byte	0x3
 1001 05d8 EA050000 		.4byte	0x5ea
 1002 05dc 09       		.uleb128 0x9
 1003 05dd 94060000 		.4byte	0x694
 1004 05e1 71000000 		.4byte	.LLST2
 1005 05e5 6F000000 		.4byte	.LVUS2
 1006 05e9 00       		.byte	0
 1007 05ea 13       		.uleb128 0x13
 1008 05eb 36060000 		.4byte	0x636
 1009 05ef 18000000 		.4byte	.LBI55
 1010 05f3 02       		.byte	.LVU18
 1011 05f4 18000000 		.4byte	.LBB55
 1012 05f8 06000000 		.4byte	.LBE55-.LBB55
 1013 05fc 52       		.byte	0x52
 1014 05fd 08       		.uleb128 0x8
 1015 05fe 44060000 		.4byte	0x644
 1016 0602 18000000 		.4byte	.LBI56
 1017 0606 04       		.byte	.LVU20
 1018 0607 18000000 		.4byte	.LBB56
 1019 060b 06000000 		.4byte	.LBE56-.LBB56
 1020 060f 9002     		.2byte	0x290
 1021 0611 08       		.uleb128 0x8
 1022 0612 71060000 		.4byte	0x671
 1023 0616 18000000 		.4byte	.LBI57
 1024 061a 06       		.byte	.LVU22
 1025 061b 18000000 		.4byte	.LBB57
 1026 061f 06000000 		.4byte	.LBE57-.LBB57
ARM GAS  /tmp/ccuosk8J.s 			page 19


 1027 0623 7702     		.2byte	0x277
 1028 0625 09       		.uleb128 0x9
 1029 0626 7C060000 		.4byte	0x67c
 1030 062a 7C000000 		.4byte	.LLST3
 1031 062e 7A000000 		.4byte	.LVUS3
 1032 0632 00       		.byte	0
 1033 0633 00       		.byte	0
 1034 0634 00       		.byte	0
 1035 0635 00       		.byte	0
 1036 0636 0B       		.uleb128 0xb
 1037 0637 39030000 		.4byte	.LASF46
 1038 063b 8E02     		.2byte	0x28e
 1039 063d 0B       		.uleb128 0xb
 1040 063e 00000000 		.4byte	.LASF47
 1041 0642 8302     		.2byte	0x283
 1042 0644 0B       		.uleb128 0xb
 1043 0645 F3020000 		.4byte	.LASF48
 1044 0649 7402     		.2byte	0x274
 1045 064b 0B       		.uleb128 0xb
 1046 064c 5B010000 		.4byte	.LASF49
 1047 0650 5C02     		.2byte	0x25c
 1048 0652 20       		.uleb128 0x20
 1049 0653 C6010000 		.4byte	.LASF61
 1050 0657 02       		.byte	0x2
 1051 0658 5A02     		.2byte	0x25a
 1052 065a 3D       		.byte	0x3d
 1053 065b 76000000 		.4byte	0x76
 1054 065f 03       		.byte	0x3
 1055 0660 71060000 		.4byte	0x671
 1056 0664 14       		.uleb128 0x14
 1057 0665 0E020000 		.4byte	.LASF55
 1058 0669 5D02     		.2byte	0x25d
 1059 066b 0C       		.byte	0xc
 1060 066c 76000000 		.4byte	0x76
 1061 0670 00       		.byte	0
 1062 0671 15       		.uleb128 0x15
 1063 0672 2B030000 		.4byte	.LASF50
 1064 0676 2202     		.2byte	0x222
 1065 0678 89060000 		.4byte	0x689
 1066 067c 16       		.uleb128 0x16
 1067 067d 83010000 		.4byte	.LASF52
 1068 0681 2202     		.2byte	0x222
 1069 0683 50       		.byte	0x50
 1070 0684 76000000 		.4byte	0x76
 1071 0688 00       		.byte	0
 1072 0689 15       		.uleb128 0x15
 1073 068a 15020000 		.4byte	.LASF51
 1074 068e B901     		.2byte	0x1b9
 1075 0690 A1060000 		.4byte	0x6a1
 1076 0694 16       		.uleb128 0x16
 1077 0695 FA010000 		.4byte	.LASF53
 1078 0699 B901     		.2byte	0x1b9
 1079 069b 4C       		.byte	0x4c
 1080 069c 76000000 		.4byte	0x76
 1081 06a0 00       		.byte	0
 1082 06a1 21       		.uleb128 0x21
 1083 06a2 13000000 		.4byte	.LASF54
ARM GAS  /tmp/ccuosk8J.s 			page 20


 1084 06a6 02       		.byte	0x2
 1085 06a7 AA01     		.2byte	0x1aa
 1086 06a9 3D       		.byte	0x3d
 1087 06aa 76000000 		.4byte	0x76
 1088 06ae 03       		.byte	0x3
 1089 06af 14       		.uleb128 0x14
 1090 06b0 0E020000 		.4byte	.LASF55
 1091 06b4 AC01     		.2byte	0x1ac
 1092 06b6 15       		.byte	0x15
 1093 06b7 76000000 		.4byte	0x76
 1094 06bb 00       		.byte	0
 1095 06bc 00       		.byte	0
 1096              		.section	.debug_abbrev,"",%progbits
 1097              	.Ldebug_abbrev0:
 1098 0000 01       		.uleb128 0x1
 1099 0001 0D       		.uleb128 0xd
 1100 0002 00       		.byte	0
 1101 0003 03       		.uleb128 0x3
 1102 0004 08       		.uleb128 0x8
 1103 0005 3A       		.uleb128 0x3a
 1104 0006 0B       		.uleb128 0xb
 1105 0007 3B       		.uleb128 0x3b
 1106 0008 05       		.uleb128 0x5
 1107 0009 39       		.uleb128 0x39
 1108 000a 21       		.uleb128 0x21
 1109 000b 11       		.sleb128 17
 1110 000c 49       		.uleb128 0x49
 1111 000d 13       		.uleb128 0x13
 1112 000e 38       		.uleb128 0x38
 1113 000f 0B       		.uleb128 0xb
 1114 0010 00       		.byte	0
 1115 0011 00       		.byte	0
 1116 0012 02       		.uleb128 0x2
 1117 0013 0D       		.uleb128 0xd
 1118 0014 00       		.byte	0
 1119 0015 03       		.uleb128 0x3
 1120 0016 0E       		.uleb128 0xe
 1121 0017 3A       		.uleb128 0x3a
 1122 0018 0B       		.uleb128 0xb
 1123 0019 3B       		.uleb128 0x3b
 1124 001a 05       		.uleb128 0x5
 1125 001b 39       		.uleb128 0x39
 1126 001c 21       		.uleb128 0x21
 1127 001d 11       		.sleb128 17
 1128 001e 49       		.uleb128 0x49
 1129 001f 13       		.uleb128 0x13
 1130 0020 38       		.uleb128 0x38
 1131 0021 0B       		.uleb128 0xb
 1132 0022 00       		.byte	0
 1133 0023 00       		.byte	0
 1134 0024 03       		.uleb128 0x3
 1135 0025 24       		.uleb128 0x24
 1136 0026 00       		.byte	0
 1137 0027 0B       		.uleb128 0xb
 1138 0028 0B       		.uleb128 0xb
 1139 0029 3E       		.uleb128 0x3e
 1140 002a 0B       		.uleb128 0xb
ARM GAS  /tmp/ccuosk8J.s 			page 21


 1141 002b 03       		.uleb128 0x3
 1142 002c 0E       		.uleb128 0xe
 1143 002d 00       		.byte	0
 1144 002e 00       		.byte	0
 1145 002f 04       		.uleb128 0x4
 1146 0030 35       		.uleb128 0x35
 1147 0031 00       		.byte	0
 1148 0032 49       		.uleb128 0x49
 1149 0033 13       		.uleb128 0x13
 1150 0034 00       		.byte	0
 1151 0035 00       		.byte	0
 1152 0036 05       		.uleb128 0x5
 1153 0037 01       		.uleb128 0x1
 1154 0038 01       		.byte	0x1
 1155 0039 49       		.uleb128 0x49
 1156 003a 13       		.uleb128 0x13
 1157 003b 01       		.uleb128 0x1
 1158 003c 13       		.uleb128 0x13
 1159 003d 00       		.byte	0
 1160 003e 00       		.byte	0
 1161 003f 06       		.uleb128 0x6
 1162 0040 21       		.uleb128 0x21
 1163 0041 00       		.byte	0
 1164 0042 49       		.uleb128 0x49
 1165 0043 13       		.uleb128 0x13
 1166 0044 2F       		.uleb128 0x2f
 1167 0045 0B       		.uleb128 0xb
 1168 0046 00       		.byte	0
 1169 0047 00       		.byte	0
 1170 0048 07       		.uleb128 0x7
 1171 0049 1D       		.uleb128 0x1d
 1172 004a 01       		.byte	0x1
 1173 004b 31       		.uleb128 0x31
 1174 004c 13       		.uleb128 0x13
 1175 004d 52       		.uleb128 0x52
 1176 004e 01       		.uleb128 0x1
 1177 004f B842     		.uleb128 0x2138
 1178 0051 0B       		.uleb128 0xb
 1179 0052 11       		.uleb128 0x11
 1180 0053 01       		.uleb128 0x1
 1181 0054 12       		.uleb128 0x12
 1182 0055 06       		.uleb128 0x6
 1183 0056 58       		.uleb128 0x58
 1184 0057 21       		.uleb128 0x21
 1185 0058 01       		.sleb128 1
 1186 0059 59       		.uleb128 0x59
 1187 005a 0B       		.uleb128 0xb
 1188 005b 57       		.uleb128 0x57
 1189 005c 0B       		.uleb128 0xb
 1190 005d 01       		.uleb128 0x1
 1191 005e 13       		.uleb128 0x13
 1192 005f 00       		.byte	0
 1193 0060 00       		.byte	0
 1194 0061 08       		.uleb128 0x8
 1195 0062 1D       		.uleb128 0x1d
 1196 0063 01       		.byte	0x1
 1197 0064 31       		.uleb128 0x31
ARM GAS  /tmp/ccuosk8J.s 			page 22


 1198 0065 13       		.uleb128 0x13
 1199 0066 52       		.uleb128 0x52
 1200 0067 01       		.uleb128 0x1
 1201 0068 B842     		.uleb128 0x2138
 1202 006a 0B       		.uleb128 0xb
 1203 006b 11       		.uleb128 0x11
 1204 006c 01       		.uleb128 0x1
 1205 006d 12       		.uleb128 0x12
 1206 006e 06       		.uleb128 0x6
 1207 006f 58       		.uleb128 0x58
 1208 0070 21       		.uleb128 0x21
 1209 0071 03       		.sleb128 3
 1210 0072 59       		.uleb128 0x59
 1211 0073 05       		.uleb128 0x5
 1212 0074 57       		.uleb128 0x57
 1213 0075 21       		.uleb128 0x21
 1214 0076 03       		.sleb128 3
 1215 0077 00       		.byte	0
 1216 0078 00       		.byte	0
 1217 0079 09       		.uleb128 0x9
 1218 007a 05       		.uleb128 0x5
 1219 007b 00       		.byte	0
 1220 007c 31       		.uleb128 0x31
 1221 007d 13       		.uleb128 0x13
 1222 007e 02       		.uleb128 0x2
 1223 007f 17       		.uleb128 0x17
 1224 0080 B742     		.uleb128 0x2137
 1225 0082 17       		.uleb128 0x17
 1226 0083 00       		.byte	0
 1227 0084 00       		.byte	0
 1228 0085 0A       		.uleb128 0xa
 1229 0086 26       		.uleb128 0x26
 1230 0087 00       		.byte	0
 1231 0088 49       		.uleb128 0x49
 1232 0089 13       		.uleb128 0x13
 1233 008a 00       		.byte	0
 1234 008b 00       		.byte	0
 1235 008c 0B       		.uleb128 0xb
 1236 008d 2E       		.uleb128 0x2e
 1237 008e 00       		.byte	0
 1238 008f 03       		.uleb128 0x3
 1239 0090 0E       		.uleb128 0xe
 1240 0091 3A       		.uleb128 0x3a
 1241 0092 21       		.uleb128 0x21
 1242 0093 03       		.sleb128 3
 1243 0094 3B       		.uleb128 0x3b
 1244 0095 05       		.uleb128 0x5
 1245 0096 39       		.uleb128 0x39
 1246 0097 21       		.uleb128 0x21
 1247 0098 14       		.sleb128 20
 1248 0099 27       		.uleb128 0x27
 1249 009a 19       		.uleb128 0x19
 1250 009b 20       		.uleb128 0x20
 1251 009c 21       		.uleb128 0x21
 1252 009d 03       		.sleb128 3
 1253 009e 00       		.byte	0
 1254 009f 00       		.byte	0
ARM GAS  /tmp/ccuosk8J.s 			page 23


 1255 00a0 0C       		.uleb128 0xc
 1256 00a1 16       		.uleb128 0x16
 1257 00a2 00       		.byte	0
 1258 00a3 03       		.uleb128 0x3
 1259 00a4 0E       		.uleb128 0xe
 1260 00a5 3A       		.uleb128 0x3a
 1261 00a6 0B       		.uleb128 0xb
 1262 00a7 3B       		.uleb128 0x3b
 1263 00a8 0B       		.uleb128 0xb
 1264 00a9 39       		.uleb128 0x39
 1265 00aa 0B       		.uleb128 0xb
 1266 00ab 49       		.uleb128 0x49
 1267 00ac 13       		.uleb128 0x13
 1268 00ad 00       		.byte	0
 1269 00ae 00       		.byte	0
 1270 00af 0D       		.uleb128 0xd
 1271 00b0 13       		.uleb128 0x13
 1272 00b1 01       		.byte	0x1
 1273 00b2 0B       		.uleb128 0xb
 1274 00b3 0B       		.uleb128 0xb
 1275 00b4 3A       		.uleb128 0x3a
 1276 00b5 21       		.uleb128 0x21
 1277 00b6 05       		.sleb128 5
 1278 00b7 3B       		.uleb128 0x3b
 1279 00b8 05       		.uleb128 0x5
 1280 00b9 39       		.uleb128 0x39
 1281 00ba 21       		.uleb128 0x21
 1282 00bb 09       		.sleb128 9
 1283 00bc 01       		.uleb128 0x1
 1284 00bd 13       		.uleb128 0x13
 1285 00be 00       		.byte	0
 1286 00bf 00       		.byte	0
 1287 00c0 0E       		.uleb128 0xe
 1288 00c1 16       		.uleb128 0x16
 1289 00c2 00       		.byte	0
 1290 00c3 03       		.uleb128 0x3
 1291 00c4 0E       		.uleb128 0xe
 1292 00c5 3A       		.uleb128 0x3a
 1293 00c6 21       		.uleb128 0x21
 1294 00c7 05       		.sleb128 5
 1295 00c8 3B       		.uleb128 0x3b
 1296 00c9 05       		.uleb128 0x5
 1297 00ca 39       		.uleb128 0x39
 1298 00cb 21       		.uleb128 0x21
 1299 00cc 03       		.sleb128 3
 1300 00cd 49       		.uleb128 0x49
 1301 00ce 13       		.uleb128 0x13
 1302 00cf 00       		.byte	0
 1303 00d0 00       		.byte	0
 1304 00d1 0F       		.uleb128 0xf
 1305 00d2 2E       		.uleb128 0x2e
 1306 00d3 00       		.byte	0
 1307 00d4 3F       		.uleb128 0x3f
 1308 00d5 19       		.uleb128 0x19
 1309 00d6 03       		.uleb128 0x3
 1310 00d7 0E       		.uleb128 0xe
 1311 00d8 3A       		.uleb128 0x3a
ARM GAS  /tmp/ccuosk8J.s 			page 24


 1312 00d9 21       		.uleb128 0x21
 1313 00da 03       		.sleb128 3
 1314 00db 3B       		.uleb128 0x3b
 1315 00dc 05       		.uleb128 0x5
 1316 00dd 39       		.uleb128 0x39
 1317 00de 21       		.uleb128 0x21
 1318 00df 08       		.sleb128 8
 1319 00e0 27       		.uleb128 0x27
 1320 00e1 19       		.uleb128 0x19
 1321 00e2 3C       		.uleb128 0x3c
 1322 00e3 19       		.uleb128 0x19
 1323 00e4 00       		.byte	0
 1324 00e5 00       		.byte	0
 1325 00e6 10       		.uleb128 0x10
 1326 00e7 2E       		.uleb128 0x2e
 1327 00e8 01       		.byte	0x1
 1328 00e9 3F       		.uleb128 0x3f
 1329 00ea 19       		.uleb128 0x19
 1330 00eb 03       		.uleb128 0x3
 1331 00ec 0E       		.uleb128 0xe
 1332 00ed 3A       		.uleb128 0x3a
 1333 00ee 21       		.uleb128 0x21
 1334 00ef 01       		.sleb128 1
 1335 00f0 3B       		.uleb128 0x3b
 1336 00f1 0B       		.uleb128 0xb
 1337 00f2 39       		.uleb128 0x39
 1338 00f3 21       		.uleb128 0x21
 1339 00f4 06       		.sleb128 6
 1340 00f5 27       		.uleb128 0x27
 1341 00f6 19       		.uleb128 0x19
 1342 00f7 11       		.uleb128 0x11
 1343 00f8 01       		.uleb128 0x1
 1344 00f9 12       		.uleb128 0x12
 1345 00fa 06       		.uleb128 0x6
 1346 00fb 40       		.uleb128 0x40
 1347 00fc 18       		.uleb128 0x18
 1348 00fd 7A       		.uleb128 0x7a
 1349 00fe 19       		.uleb128 0x19
 1350 00ff 01       		.uleb128 0x1
 1351 0100 13       		.uleb128 0x13
 1352 0101 00       		.byte	0
 1353 0102 00       		.byte	0
 1354 0103 11       		.uleb128 0x11
 1355 0104 34       		.uleb128 0x34
 1356 0105 00       		.byte	0
 1357 0106 03       		.uleb128 0x3
 1358 0107 0E       		.uleb128 0xe
 1359 0108 3A       		.uleb128 0x3a
 1360 0109 21       		.uleb128 0x21
 1361 010a 01       		.sleb128 1
 1362 010b 3B       		.uleb128 0x3b
 1363 010c 0B       		.uleb128 0xb
 1364 010d 39       		.uleb128 0x39
 1365 010e 0B       		.uleb128 0xb
 1366 010f 49       		.uleb128 0x49
 1367 0110 13       		.uleb128 0x13
 1368 0111 02       		.uleb128 0x2
ARM GAS  /tmp/ccuosk8J.s 			page 25


 1369 0112 17       		.uleb128 0x17
 1370 0113 B742     		.uleb128 0x2137
 1371 0115 17       		.uleb128 0x17
 1372 0116 00       		.byte	0
 1373 0117 00       		.byte	0
 1374 0118 12       		.uleb128 0x12
 1375 0119 34       		.uleb128 0x34
 1376 011a 00       		.byte	0
 1377 011b 31       		.uleb128 0x31
 1378 011c 13       		.uleb128 0x13
 1379 011d 02       		.uleb128 0x2
 1380 011e 17       		.uleb128 0x17
 1381 011f B742     		.uleb128 0x2137
 1382 0121 17       		.uleb128 0x17
 1383 0122 00       		.byte	0
 1384 0123 00       		.byte	0
 1385 0124 13       		.uleb128 0x13
 1386 0125 1D       		.uleb128 0x1d
 1387 0126 01       		.byte	0x1
 1388 0127 31       		.uleb128 0x31
 1389 0128 13       		.uleb128 0x13
 1390 0129 52       		.uleb128 0x52
 1391 012a 01       		.uleb128 0x1
 1392 012b B842     		.uleb128 0x2138
 1393 012d 0B       		.uleb128 0xb
 1394 012e 11       		.uleb128 0x11
 1395 012f 01       		.uleb128 0x1
 1396 0130 12       		.uleb128 0x12
 1397 0131 06       		.uleb128 0x6
 1398 0132 58       		.uleb128 0x58
 1399 0133 21       		.uleb128 0x21
 1400 0134 01       		.sleb128 1
 1401 0135 59       		.uleb128 0x59
 1402 0136 0B       		.uleb128 0xb
 1403 0137 57       		.uleb128 0x57
 1404 0138 21       		.uleb128 0x21
 1405 0139 03       		.sleb128 3
 1406 013a 00       		.byte	0
 1407 013b 00       		.byte	0
 1408 013c 14       		.uleb128 0x14
 1409 013d 34       		.uleb128 0x34
 1410 013e 00       		.byte	0
 1411 013f 03       		.uleb128 0x3
 1412 0140 0E       		.uleb128 0xe
 1413 0141 3A       		.uleb128 0x3a
 1414 0142 21       		.uleb128 0x21
 1415 0143 02       		.sleb128 2
 1416 0144 3B       		.uleb128 0x3b
 1417 0145 05       		.uleb128 0x5
 1418 0146 39       		.uleb128 0x39
 1419 0147 0B       		.uleb128 0xb
 1420 0148 49       		.uleb128 0x49
 1421 0149 13       		.uleb128 0x13
 1422 014a 00       		.byte	0
 1423 014b 00       		.byte	0
 1424 014c 15       		.uleb128 0x15
 1425 014d 2E       		.uleb128 0x2e
ARM GAS  /tmp/ccuosk8J.s 			page 26


 1426 014e 01       		.byte	0x1
 1427 014f 03       		.uleb128 0x3
 1428 0150 0E       		.uleb128 0xe
 1429 0151 3A       		.uleb128 0x3a
 1430 0152 21       		.uleb128 0x21
 1431 0153 02       		.sleb128 2
 1432 0154 3B       		.uleb128 0x3b
 1433 0155 05       		.uleb128 0x5
 1434 0156 39       		.uleb128 0x39
 1435 0157 21       		.uleb128 0x21
 1436 0158 39       		.sleb128 57
 1437 0159 27       		.uleb128 0x27
 1438 015a 19       		.uleb128 0x19
 1439 015b 20       		.uleb128 0x20
 1440 015c 21       		.uleb128 0x21
 1441 015d 03       		.sleb128 3
 1442 015e 01       		.uleb128 0x1
 1443 015f 13       		.uleb128 0x13
 1444 0160 00       		.byte	0
 1445 0161 00       		.byte	0
 1446 0162 16       		.uleb128 0x16
 1447 0163 05       		.uleb128 0x5
 1448 0164 00       		.byte	0
 1449 0165 03       		.uleb128 0x3
 1450 0166 0E       		.uleb128 0xe
 1451 0167 3A       		.uleb128 0x3a
 1452 0168 21       		.uleb128 0x21
 1453 0169 02       		.sleb128 2
 1454 016a 3B       		.uleb128 0x3b
 1455 016b 05       		.uleb128 0x5
 1456 016c 39       		.uleb128 0x39
 1457 016d 0B       		.uleb128 0xb
 1458 016e 49       		.uleb128 0x49
 1459 016f 13       		.uleb128 0x13
 1460 0170 00       		.byte	0
 1461 0171 00       		.byte	0
 1462 0172 17       		.uleb128 0x17
 1463 0173 11       		.uleb128 0x11
 1464 0174 01       		.byte	0x1
 1465 0175 25       		.uleb128 0x25
 1466 0176 0E       		.uleb128 0xe
 1467 0177 13       		.uleb128 0x13
 1468 0178 0B       		.uleb128 0xb
 1469 0179 03       		.uleb128 0x3
 1470 017a 0E       		.uleb128 0xe
 1471 017b 1B       		.uleb128 0x1b
 1472 017c 0E       		.uleb128 0xe
 1473 017d 55       		.uleb128 0x55
 1474 017e 17       		.uleb128 0x17
 1475 017f 11       		.uleb128 0x11
 1476 0180 01       		.uleb128 0x1
 1477 0181 10       		.uleb128 0x10
 1478 0182 17       		.uleb128 0x17
 1479 0183 00       		.byte	0
 1480 0184 00       		.byte	0
 1481 0185 18       		.uleb128 0x18
 1482 0186 24       		.uleb128 0x24
ARM GAS  /tmp/ccuosk8J.s 			page 27


 1483 0187 00       		.byte	0
 1484 0188 0B       		.uleb128 0xb
 1485 0189 0B       		.uleb128 0xb
 1486 018a 3E       		.uleb128 0x3e
 1487 018b 0B       		.uleb128 0xb
 1488 018c 03       		.uleb128 0x3
 1489 018d 08       		.uleb128 0x8
 1490 018e 00       		.byte	0
 1491 018f 00       		.byte	0
 1492 0190 19       		.uleb128 0x19
 1493 0191 0F       		.uleb128 0xf
 1494 0192 00       		.byte	0
 1495 0193 0B       		.uleb128 0xb
 1496 0194 0B       		.uleb128 0xb
 1497 0195 00       		.byte	0
 1498 0196 00       		.byte	0
 1499 0197 1A       		.uleb128 0x1a
 1500 0198 13       		.uleb128 0x13
 1501 0199 01       		.byte	0x1
 1502 019a 03       		.uleb128 0x3
 1503 019b 0E       		.uleb128 0xe
 1504 019c 0B       		.uleb128 0xb
 1505 019d 0B       		.uleb128 0xb
 1506 019e 3A       		.uleb128 0x3a
 1507 019f 0B       		.uleb128 0xb
 1508 01a0 3B       		.uleb128 0x3b
 1509 01a1 05       		.uleb128 0x5
 1510 01a2 39       		.uleb128 0x39
 1511 01a3 0B       		.uleb128 0xb
 1512 01a4 01       		.uleb128 0x1
 1513 01a5 13       		.uleb128 0x13
 1514 01a6 00       		.byte	0
 1515 01a7 00       		.byte	0
 1516 01a8 1B       		.uleb128 0x1b
 1517 01a9 2E       		.uleb128 0x2e
 1518 01aa 00       		.byte	0
 1519 01ab 3F       		.uleb128 0x3f
 1520 01ac 19       		.uleb128 0x19
 1521 01ad 03       		.uleb128 0x3
 1522 01ae 0E       		.uleb128 0xe
 1523 01af 3A       		.uleb128 0x3a
 1524 01b0 0B       		.uleb128 0xb
 1525 01b1 3B       		.uleb128 0x3b
 1526 01b2 05       		.uleb128 0x5
 1527 01b3 39       		.uleb128 0x39
 1528 01b4 0B       		.uleb128 0xb
 1529 01b5 27       		.uleb128 0x27
 1530 01b6 19       		.uleb128 0x19
 1531 01b7 49       		.uleb128 0x49
 1532 01b8 13       		.uleb128 0x13
 1533 01b9 3C       		.uleb128 0x3c
 1534 01ba 19       		.uleb128 0x19
 1535 01bb 00       		.byte	0
 1536 01bc 00       		.byte	0
 1537 01bd 1C       		.uleb128 0x1c
 1538 01be 0B       		.uleb128 0xb
 1539 01bf 01       		.byte	0x1
ARM GAS  /tmp/ccuosk8J.s 			page 28


 1540 01c0 11       		.uleb128 0x11
 1541 01c1 01       		.uleb128 0x1
 1542 01c2 12       		.uleb128 0x12
 1543 01c3 06       		.uleb128 0x6
 1544 01c4 01       		.uleb128 0x1
 1545 01c5 13       		.uleb128 0x13
 1546 01c6 00       		.byte	0
 1547 01c7 00       		.byte	0
 1548 01c8 1D       		.uleb128 0x1d
 1549 01c9 34       		.uleb128 0x34
 1550 01ca 00       		.byte	0
 1551 01cb 31       		.uleb128 0x31
 1552 01cc 13       		.uleb128 0x13
 1553 01cd 00       		.byte	0
 1554 01ce 00       		.byte	0
 1555 01cf 1E       		.uleb128 0x1e
 1556 01d0 48       		.uleb128 0x48
 1557 01d1 00       		.byte	0
 1558 01d2 7D       		.uleb128 0x7d
 1559 01d3 01       		.uleb128 0x1
 1560 01d4 7F       		.uleb128 0x7f
 1561 01d5 13       		.uleb128 0x13
 1562 01d6 00       		.byte	0
 1563 01d7 00       		.byte	0
 1564 01d8 1F       		.uleb128 0x1f
 1565 01d9 0F       		.uleb128 0xf
 1566 01da 00       		.byte	0
 1567 01db 0B       		.uleb128 0xb
 1568 01dc 0B       		.uleb128 0xb
 1569 01dd 49       		.uleb128 0x49
 1570 01de 13       		.uleb128 0x13
 1571 01df 00       		.byte	0
 1572 01e0 00       		.byte	0
 1573 01e1 20       		.uleb128 0x20
 1574 01e2 2E       		.uleb128 0x2e
 1575 01e3 01       		.byte	0x1
 1576 01e4 03       		.uleb128 0x3
 1577 01e5 0E       		.uleb128 0xe
 1578 01e6 3A       		.uleb128 0x3a
 1579 01e7 0B       		.uleb128 0xb
 1580 01e8 3B       		.uleb128 0x3b
 1581 01e9 05       		.uleb128 0x5
 1582 01ea 39       		.uleb128 0x39
 1583 01eb 0B       		.uleb128 0xb
 1584 01ec 27       		.uleb128 0x27
 1585 01ed 19       		.uleb128 0x19
 1586 01ee 49       		.uleb128 0x49
 1587 01ef 13       		.uleb128 0x13
 1588 01f0 20       		.uleb128 0x20
 1589 01f1 0B       		.uleb128 0xb
 1590 01f2 01       		.uleb128 0x1
 1591 01f3 13       		.uleb128 0x13
 1592 01f4 00       		.byte	0
 1593 01f5 00       		.byte	0
 1594 01f6 21       		.uleb128 0x21
 1595 01f7 2E       		.uleb128 0x2e
 1596 01f8 01       		.byte	0x1
ARM GAS  /tmp/ccuosk8J.s 			page 29


 1597 01f9 03       		.uleb128 0x3
 1598 01fa 0E       		.uleb128 0xe
 1599 01fb 3A       		.uleb128 0x3a
 1600 01fc 0B       		.uleb128 0xb
 1601 01fd 3B       		.uleb128 0x3b
 1602 01fe 05       		.uleb128 0x5
 1603 01ff 39       		.uleb128 0x39
 1604 0200 0B       		.uleb128 0xb
 1605 0201 27       		.uleb128 0x27
 1606 0202 19       		.uleb128 0x19
 1607 0203 49       		.uleb128 0x49
 1608 0204 13       		.uleb128 0x13
 1609 0205 20       		.uleb128 0x20
 1610 0206 0B       		.uleb128 0xb
 1611 0207 00       		.byte	0
 1612 0208 00       		.byte	0
 1613 0209 00       		.byte	0
 1614              		.section	.debug_loclists,"",%progbits
 1615 0000 82000000 		.4byte	.Ldebug_loc3-.Ldebug_loc2
 1616              	.Ldebug_loc2:
 1617 0004 0500     		.2byte	0x5
 1618 0006 04       		.byte	0x4
 1619 0007 00       		.byte	0
 1620 0008 00000000 		.4byte	0
 1621              	.Ldebug_loc0:
 1622              	.LVUS6:
 1623 000c 01       		.uleb128 .LVU62
 1624 000d 00       		.uleb128 .LVU65
 1625 000e 00       		.uleb128 .LVU65
 1626 000f 00       		.uleb128 .LVU76
 1627 0010 00       		.uleb128 .LVU76
 1628 0011 00       		.uleb128 0
 1629              	.LLST6:
 1630 0012 06       		.byte	0x6
 1631 0013 24000000 		.4byte	.LVL11
 1632 0017 04       		.byte	0x4
 1633 0018 00       		.uleb128 .LVL11-.LVL11
 1634 0019 04       		.uleb128 .LVL12-.LVL11
 1635 001a 01       		.uleb128 0x1
 1636 001b 54       		.byte	0x54
 1637 001c 04       		.byte	0x4
 1638 001d 04       		.uleb128 .LVL12-.LVL11
 1639 001e 1B       		.uleb128 .LVL15-1-.LVL11
 1640 001f 01       		.uleb128 0x1
 1641 0020 53       		.byte	0x53
 1642 0021 04       		.byte	0x4
 1643 0022 1B       		.uleb128 .LVL15-1-.LVL11
 1644 0023 40       		.uleb128 .LFE203-.LVL11
 1645 0024 04       		.uleb128 0x4
 1646 0025 74       		.byte	0x74
 1647 0026 987F     		.sleb128 -104
 1648 0028 9F       		.byte	0x9f
 1649 0029 00       		.byte	0
 1650              	.LVUS7:
 1651 002a 00       		.uleb128 .LVU61
 1652 002b 01       		.uleb128 .LVU62
 1653              	.LLST7:
ARM GAS  /tmp/ccuosk8J.s 			page 30


 1654 002c 08       		.byte	0x8
 1655 002d 24000000 		.4byte	.LVL11
 1656 0031 00       		.uleb128 .LVL11-.LVL11
 1657 0032 01       		.uleb128 0x1
 1658 0033 54       		.byte	0x54
 1659 0034 00       		.byte	0
 1660              	.LVUS8:
 1661 0035 01       		.uleb128 .LVU71
 1662 0036 00       		.uleb128 .LVU73
 1663              	.LLST8:
 1664 0037 08       		.byte	0x8
 1665 0038 38000000 		.4byte	.LVL13
 1666 003c 04       		.uleb128 .LVL14-.LVL13
 1667 003d 01       		.uleb128 0x1
 1668 003e 53       		.byte	0x53
 1669 003f 00       		.byte	0
 1670              	.LVUS4:
 1671 0040 05       		.uleb128 .LVU33
 1672 0041 00       		.uleb128 .LVU35
 1673              	.LLST4:
 1674 0042 08       		.byte	0x8
 1675 0043 04000000 		.4byte	.LVL5
 1676 0047 06       		.uleb128 .LVL6-.LVL5
 1677 0048 03       		.uleb128 0x3
 1678 0049 08       		.byte	0x8
 1679 004a 20       		.byte	0x20
 1680 004b 9F       		.byte	0x9f
 1681 004c 00       		.byte	0
 1682              	.LVUS5:
 1683 004d 05       		.uleb128 .LVU44
 1684 004e 00       		.uleb128 .LVU46
 1685              	.LLST5:
 1686 004f 08       		.byte	0x8
 1687 0050 14000000 		.4byte	.LVL7
 1688 0054 06       		.uleb128 .LVL8-.LVL7
 1689 0055 02       		.uleb128 0x2
 1690 0056 30       		.byte	0x30
 1691 0057 9F       		.byte	0x9f
 1692 0058 00       		.byte	0
 1693              	.LVUS0:
 1694 0059 01       		.uleb128 .LVU10
 1695 005a 00       		.uleb128 .LVU24
 1696              	.LLST0:
 1697 005b 08       		.byte	0x8
 1698 005c 12000000 		.4byte	.LVL0
 1699 0060 08       		.uleb128 .LVL3-.LVL0
 1700 0061 01       		.uleb128 0x1
 1701 0062 53       		.byte	0x53
 1702 0063 00       		.byte	0
 1703              	.LVUS1:
 1704 0064 00       		.uleb128 .LVU9
 1705 0065 01       		.uleb128 .LVU10
 1706              	.LLST1:
 1707 0066 08       		.byte	0x8
 1708 0067 12000000 		.4byte	.LVL0
 1709 006b 00       		.uleb128 .LVL0-.LVL0
 1710 006c 01       		.uleb128 0x1
ARM GAS  /tmp/ccuosk8J.s 			page 31


 1711 006d 53       		.byte	0x53
 1712 006e 00       		.byte	0
 1713              	.LVUS2:
 1714 006f 01       		.uleb128 .LVU14
 1715 0070 00       		.uleb128 .LVU16
 1716              	.LLST2:
 1717 0071 08       		.byte	0x8
 1718 0072 14000000 		.4byte	.LVL1
 1719 0076 04       		.uleb128 .LVL2-.LVL1
 1720 0077 01       		.uleb128 0x1
 1721 0078 53       		.byte	0x53
 1722 0079 00       		.byte	0
 1723              	.LVUS3:
 1724 007a 06       		.uleb128 .LVU22
 1725 007b 00       		.uleb128 .LVU25
 1726              	.LLST3:
 1727 007c 08       		.byte	0x8
 1728 007d 18000000 		.4byte	.LVL2
 1729 0081 06       		.uleb128 .LVL4-.LVL2
 1730 0082 02       		.uleb128 0x2
 1731 0083 30       		.byte	0x30
 1732 0084 9F       		.byte	0x9f
 1733 0085 00       		.byte	0
 1734              	.Ldebug_loc3:
 1735              		.section	.debug_aranges,"",%progbits
 1736 0000 24000000 		.4byte	0x24
 1737 0004 0200     		.2byte	0x2
 1738 0006 00000000 		.4byte	.Ldebug_info0
 1739 000a 04       		.byte	0x4
 1740 000b 00       		.byte	0
 1741 000c 0000     		.2byte	0
 1742 000e 0000     		.2byte	0
 1743 0010 00000000 		.4byte	.LFB202
 1744 0014 2C000000 		.4byte	.LFE202-.LFB202
 1745 0018 00000000 		.4byte	.LFB203
 1746 001c 64000000 		.4byte	.LFE203-.LFB203
 1747 0020 00000000 		.4byte	0
 1748 0024 00000000 		.4byte	0
 1749              		.section	.debug_rnglists,"",%progbits
 1750              	.Ldebug_ranges0:
 1751 0000 15000000 		.4byte	.Ldebug_ranges3-.Ldebug_ranges2
 1752              	.Ldebug_ranges2:
 1753 0004 0500     		.2byte	0x5
 1754 0006 04       		.byte	0x4
 1755 0007 00       		.byte	0
 1756 0008 00000000 		.4byte	0
 1757              	.LLRL9:
 1758 000c 07       		.byte	0x7
 1759 000d 00000000 		.4byte	.LFB202
 1760 0011 2C       		.uleb128 .LFE202-.LFB202
 1761 0012 07       		.byte	0x7
 1762 0013 00000000 		.4byte	.LFB203
 1763 0017 64       		.uleb128 .LFE203-.LFB203
 1764 0018 00       		.byte	0
 1765              	.Ldebug_ranges3:
 1766              		.section	.debug_line,"",%progbits
 1767              	.Ldebug_line0:
ARM GAS  /tmp/ccuosk8J.s 			page 32


 1768 0000 76020000 		.section	.debug_str,"MS",%progbits,1
 1768      0300F900 
 1768      00000201 
 1768      FB0E0D00 
 1768      01010101 
 1769              	.LASF47:
 1770 0000 706F7274 		.ascii	"port_lock_from_isr\000"
 1770      5F6C6F63 
 1770      6B5F6672 
 1770      6F6D5F69 
 1770      737200
 1771              	.LASF54:
 1772 0013 5F5F6765 		.ascii	"__get_PSP\000"
 1772      745F5053 
 1772      5000
 1773              	.LASF56:
 1774 001d 474E5520 		.ascii	"GNU C11 13.2.1 20231009 -mcpu=cortex-m4 -mfloat-abi"
 1774      43313120 
 1774      31332E32 
 1774      2E312032 
 1774      30323331 
 1775 0050 3D686172 		.ascii	"=hard -mfpu=fpv4-sp-d16 -mno-thumb-interwork -mthum"
 1775      64202D6D 
 1775      6670753D 
 1775      66707634 
 1775      2D73702D 
 1776 0083 62202D6D 		.ascii	"b -march=armv7e-m+fp -ggdb -Og -std=c11 -fno-inline"
 1776      61726368 
 1776      3D61726D 
 1776      7637652D 
 1776      6D2B6670 
 1777 00b6 2D736D61 		.ascii	"-small-functions -fomit-frame-pointer -falign-funct"
 1777      6C6C2D66 
 1777      756E6374 
 1777      696F6E73 
 1777      202D666F 
 1778 00e9 696F6E73 		.ascii	"ions=16 -fstack-usage -ffunction-sections -fdata-se"
 1778      3D313620 
 1778      2D667374 
 1778      61636B2D 
 1778      75736167 
 1779 011c 6374696F 		.ascii	"ctions -fno-common -fsingle-precision-constant\000"
 1779      6E73202D 
 1779      666E6F2D 
 1779      636F6D6D 
 1779      6F6E202D 
 1780              	.LASF4:
 1781 014b 73686F72 		.ascii	"short int\000"
 1781      7420696E 
 1781      7400
 1782              	.LASF32:
 1783 0155 4D564652 		.ascii	"MVFR1\000"
 1783      3100
 1784              	.LASF49:
 1785 015b 706F7274 		.ascii	"port_lock\000"
 1785      5F6C6F63 
 1785      6B00
ARM GAS  /tmp/ccuosk8J.s 			page 33


 1786              	.LASF36:
 1787 0165 78707372 		.ascii	"xpsr\000"
 1787      00
 1788              	.LASF12:
 1789 016a 43505549 		.ascii	"CPUID\000"
 1789      4400
 1790              	.LASF58:
 1791 0170 2F776F72 		.ascii	"/workspaces/tinySA\000"
 1791      6B737061 
 1791      6365732F 
 1791      74696E79 
 1791      534100
 1792              	.LASF52:
 1793 0183 76616C75 		.ascii	"value\000"
 1793      6500
 1794              	.LASF34:
 1795 0189 72656761 		.ascii	"regarm_t\000"
 1795      726D5F74 
 1795      00
 1796              	.LASF8:
 1797 0192 75696E74 		.ascii	"uint8_t\000"
 1797      385F7400 
 1798              	.LASF29:
 1799 019a 46504341 		.ascii	"FPCAR\000"
 1799      5200
 1800              	.LASF13:
 1801 01a0 49435352 		.ascii	"ICSR\000"
 1801      00
 1802              	.LASF43:
 1803 01a5 5F706F72 		.ascii	"_port_irq_epilogue\000"
 1803      745F6972 
 1803      715F6570 
 1803      696C6F67 
 1803      756500
 1804              	.LASF1:
 1805 01b8 6C6F6E67 		.ascii	"long long int\000"
 1805      206C6F6E 
 1805      6720696E 
 1805      7400
 1806              	.LASF61:
 1807 01c6 5F5F6765 		.ascii	"__get_FPSCR\000"
 1807      745F4650 
 1807      53435200 
 1808              	.LASF21:
 1809 01d2 42464152 		.ascii	"BFAR\000"
 1809      00
 1810              	.LASF60:
 1811 01d7 63685363 		.ascii	"chSchIsPreemptionRequired\000"
 1811      68497350 
 1811      7265656D 
 1811      7074696F 
 1811      6E526571 
 1812              	.LASF5:
 1813 01f1 6C6F6E67 		.ascii	"long int\000"
 1813      20696E74 
 1813      00
 1814              	.LASF53:
ARM GAS  /tmp/ccuosk8J.s 			page 34


 1815 01fa 746F704F 		.ascii	"topOfProcStack\000"
 1815      6650726F 
 1815      63537461 
 1815      636B00
 1816              	.LASF45:
 1817 0209 63747870 		.ascii	"ctxp\000"
 1817      00
 1818              	.LASF55:
 1819 020e 72657375 		.ascii	"result\000"
 1819      6C7400
 1820              	.LASF51:
 1821 0215 5F5F7365 		.ascii	"__set_PSP\000"
 1821      745F5053 
 1821      5000
 1822              	.LASF6:
 1823 021f 756E7369 		.ascii	"unsigned char\000"
 1823      676E6564 
 1823      20636861 
 1823      7200
 1824              	.LASF37:
 1825 022d 66707363 		.ascii	"fpscr\000"
 1825      7200
 1826              	.LASF17:
 1827 0233 43465352 		.ascii	"CFSR\000"
 1827      00
 1828              	.LASF35:
 1829 0238 6C725F74 		.ascii	"lr_thd\000"
 1829      686400
 1830              	.LASF2:
 1831 023f 6C6F6E67 		.ascii	"long double\000"
 1831      20646F75 
 1831      626C6500 
 1832              	.LASF40:
 1833 024b 5F706F72 		.ascii	"_port_exit_from_isr\000"
 1833      745F6578 
 1833      69745F66 
 1833      726F6D5F 
 1833      69737200 
 1834              	.LASF15:
 1835 025f 41495243 		.ascii	"AIRCR\000"
 1835      5200
 1836              	.LASF27:
 1837 0265 5343425F 		.ascii	"SCB_Type\000"
 1837      54797065 
 1837      00
 1838              	.LASF3:
 1839 026e 7369676E 		.ascii	"signed char\000"
 1839      65642063 
 1839      68617200 
 1840              	.LASF11:
 1841 027a 6C6F6E67 		.ascii	"long long unsigned int\000"
 1841      206C6F6E 
 1841      6720756E 
 1841      7369676E 
 1841      65642069 
 1842              	.LASF9:
 1843 0291 75696E74 		.ascii	"uint32_t\000"
ARM GAS  /tmp/ccuosk8J.s 			page 35


 1843      33325F74 
 1843      00
 1844              	.LASF44:
 1845 029a 5356435F 		.ascii	"SVC_Handler\000"
 1845      48616E64 
 1845      6C657200 
 1846              	.LASF0:
 1847 02a6 756E7369 		.ascii	"unsigned int\000"
 1847      676E6564 
 1847      20696E74 
 1847      00
 1848              	.LASF16:
 1849 02b3 53484353 		.ascii	"SHCSR\000"
 1849      5200
 1850              	.LASF20:
 1851 02b9 4D4D4641 		.ascii	"MMFAR\000"
 1851      5200
 1852              	.LASF7:
 1853 02bf 73686F72 		.ascii	"short unsigned int\000"
 1853      7420756E 
 1853      7369676E 
 1853      65642069 
 1853      6E7400
 1854              	.LASF30:
 1855 02d2 46504453 		.ascii	"FPDSCR\000"
 1855      435200
 1856              	.LASF39:
 1857 02d9 63686172 		.ascii	"char\000"
 1857      00
 1858              	.LASF14:
 1859 02de 56544F52 		.ascii	"VTOR\000"
 1859      00
 1860              	.LASF24:
 1861 02e3 49534152 		.ascii	"ISAR\000"
 1861      00
 1862              	.LASF19:
 1863 02e8 44465352 		.ascii	"DFSR\000"
 1863      00
 1864              	.LASF42:
 1865 02ed 5F426F6F 		.ascii	"_Bool\000"
 1865      6C00
 1866              	.LASF48:
 1867 02f3 706F7274 		.ascii	"port_unlock\000"
 1867      5F756E6C 
 1867      6F636B00 
 1868              	.LASF18:
 1869 02ff 48465352 		.ascii	"HFSR\000"
 1869      00
 1870              	.LASF23:
 1871 0304 4D4D4652 		.ascii	"MMFR\000"
 1871      00
 1872              	.LASF25:
 1873 0309 52455345 		.ascii	"RESERVED0\000"
 1873      52564544 
 1873      3000
 1874              	.LASF10:
 1875 0313 6C6F6E67 		.ascii	"long unsigned int\000"
ARM GAS  /tmp/ccuosk8J.s 			page 36


 1875      20756E73 
 1875      69676E65 
 1875      6420696E 
 1875      7400
 1876              	.LASF28:
 1877 0325 46504343 		.ascii	"FPCCR\000"
 1877      5200
 1878              	.LASF50:
 1879 032b 5F5F7365 		.ascii	"__set_BASEPRI\000"
 1879      745F4241 
 1879      53455052 
 1879      4900
 1880              	.LASF46:
 1881 0339 706F7274 		.ascii	"port_unlock_from_isr\000"
 1881      5F756E6C 
 1881      6F636B5F 
 1881      66726F6D 
 1881      5F697372 
 1882              	.LASF59:
 1883 034e 706F7274 		.ascii	"port_extctx\000"
 1883      5F657874 
 1883      63747800 
 1884              	.LASF57:
 1885 035a 43686962 		.ascii	"ChibiOS/os/common/ports/ARMCMx/chcore_v7m.c\000"
 1885      694F532F 
 1885      6F732F63 
 1885      6F6D6D6F 
 1885      6E2F706F 
 1886              	.LASF22:
 1887 0386 41465352 		.ascii	"AFSR\000"
 1887      00
 1888              	.LASF33:
 1889 038b 4650555F 		.ascii	"FPU_Type\000"
 1889      54797065 
 1889      00
 1890              	.LASF38:
 1891 0394 72657365 		.ascii	"reserved\000"
 1891      72766564 
 1891      00
 1892              	.LASF41:
 1893 039d 5F706F72 		.ascii	"_port_switch_from_isr\000"
 1893      745F7377 
 1893      69746368 
 1893      5F66726F 
 1893      6D5F6973 
 1894              	.LASF26:
 1895 03b3 43504143 		.ascii	"CPACR\000"
 1895      5200
 1896              	.LASF31:
 1897 03b9 4D564652 		.ascii	"MVFR0\000"
 1897      3000
 1898              		.ident	"GCC: (15:13.2.rel1-2) 13.2.1 20231009"
ARM GAS  /tmp/ccuosk8J.s 			page 37


DEFINED SYMBOLS
                            *ABS*:00000000 chcore_v7m.c
     /tmp/ccuosk8J.s:21     .text.SVC_Handler:00000000 $t
     /tmp/ccuosk8J.s:28     .text.SVC_Handler:00000000 SVC_Handler
     /tmp/ccuosk8J.s:130    .text.SVC_Handler:00000028 $d
     /tmp/ccuosk8J.s:135    .text._port_irq_epilogue:00000000 $t
     /tmp/ccuosk8J.s:142    .text._port_irq_epilogue:00000000 _port_irq_epilogue
     /tmp/ccuosk8J.s:320    .text._port_irq_epilogue:00000054 $d

UNDEFINED SYMBOLS
chSchIsPreemptionRequired
_port_switch_from_isr
_port_exit_from_isr
