ARM GAS  /tmp/ccorpFoO.s 			page 1


   1              		.cpu cortex-m4
   2              		.arch armv7e-m
   3              		.fpu fpv4-sp-d16
   4              		.eabi_attribute 27, 1
   5              		.eabi_attribute 28, 1
   6              		.eabi_attribute 20, 1
   7              		.eabi_attribute 21, 1
   8              		.eabi_attribute 23, 3
   9              		.eabi_attribute 24, 1
  10              		.eabi_attribute 25, 1
  11              		.eabi_attribute 26, 1
  12              		.eabi_attribute 30, 1
  13              		.eabi_attribute 34, 1
  14              		.eabi_attribute 18, 4
  15              		.file	"chtrace.c"
  16              		.text
  17              	.Ltext0:
  18              		.cfi_sections	.debug_frame
  19              		.file 1 "ChibiOS/os/rt/src/chtrace.c"
  20              	.Letext0:
  21              		.section	.debug_info,"",%progbits
  22              	.Ldebug_info0:
  23 0000 6F000000 		.4byte	0x6f
  24 0004 0500     		.2byte	0x5
  25 0006 01       		.byte	0x1
  26 0007 04       		.byte	0x4
  27 0008 00000000 		.4byte	.Ldebug_abbrev0
  28 000c 02       		.uleb128 0x2
  29 000d 7E000000 		.4byte	.LASF11
  30 0011 1D       		.byte	0x1d
  31 0012 0D000000 		.4byte	.LASF12
  32 0016 D1010000 		.4byte	.LASF13
  33 001a 00000000 		.4byte	.Ldebug_line0
  34 001e 03       		.uleb128 0x3
  35 001f 04       		.byte	0x4
  36 0020 05       		.byte	0x5
  37 0021 696E7400 		.ascii	"int\000"
  38 0025 01       		.uleb128 0x1
  39 0026 04       		.byte	0x4
  40 0027 07       		.byte	0x7
  41 0028 00000000 		.4byte	.LASF0
  42 002c 01       		.uleb128 0x1
  43 002d 08       		.byte	0x8
  44 002e 05       		.byte	0x5
  45 002f E4010000 		.4byte	.LASF1
  46 0033 01       		.uleb128 0x1
  47 0034 08       		.byte	0x8
  48 0035 04       		.byte	0x4
  49 0036 68000000 		.4byte	.LASF2
  50 003a 01       		.uleb128 0x1
  51 003b 01       		.byte	0x1
  52 003c 06       		.byte	0x6
  53 003d 49000000 		.4byte	.LASF3
  54 0041 01       		.uleb128 0x1
  55 0042 02       		.byte	0x2
  56 0043 05       		.byte	0x5
  57 0044 74000000 		.4byte	.LASF4
ARM GAS  /tmp/ccorpFoO.s 			page 2


  58 0048 01       		.uleb128 0x1
  59 0049 04       		.byte	0x4
  60 004a 05       		.byte	0x5
  61 004b C3010000 		.4byte	.LASF5
  62 004f 01       		.uleb128 0x1
  63 0050 01       		.byte	0x1
  64 0051 08       		.byte	0x8
  65 0052 3B000000 		.4byte	.LASF6
  66 0056 01       		.uleb128 0x1
  67 0057 02       		.byte	0x2
  68 0058 07       		.byte	0x7
  69 0059 55000000 		.4byte	.LASF7
  70 005d 01       		.uleb128 0x1
  71 005e 04       		.byte	0x4
  72 005f 07       		.byte	0x7
  73 0060 29000000 		.4byte	.LASF8
  74 0064 01       		.uleb128 0x1
  75 0065 08       		.byte	0x8
  76 0066 07       		.byte	0x7
  77 0067 AC010000 		.4byte	.LASF9
  78 006b 01       		.uleb128 0x1
  79 006c 01       		.byte	0x1
  80 006d 08       		.byte	0x8
  81 006e CC010000 		.4byte	.LASF10
  82 0072 00       		.byte	0
  83              		.section	.debug_abbrev,"",%progbits
  84              	.Ldebug_abbrev0:
  85 0000 01       		.uleb128 0x1
  86 0001 24       		.uleb128 0x24
  87 0002 00       		.byte	0
  88 0003 0B       		.uleb128 0xb
  89 0004 0B       		.uleb128 0xb
  90 0005 3E       		.uleb128 0x3e
  91 0006 0B       		.uleb128 0xb
  92 0007 03       		.uleb128 0x3
  93 0008 0E       		.uleb128 0xe
  94 0009 00       		.byte	0
  95 000a 00       		.byte	0
  96 000b 02       		.uleb128 0x2
  97 000c 11       		.uleb128 0x11
  98 000d 01       		.byte	0x1
  99 000e 25       		.uleb128 0x25
 100 000f 0E       		.uleb128 0xe
 101 0010 13       		.uleb128 0x13
 102 0011 0B       		.uleb128 0xb
 103 0012 03       		.uleb128 0x3
 104 0013 0E       		.uleb128 0xe
 105 0014 1B       		.uleb128 0x1b
 106 0015 0E       		.uleb128 0xe
 107 0016 10       		.uleb128 0x10
 108 0017 17       		.uleb128 0x17
 109 0018 00       		.byte	0
 110 0019 00       		.byte	0
 111 001a 03       		.uleb128 0x3
 112 001b 24       		.uleb128 0x24
 113 001c 00       		.byte	0
 114 001d 0B       		.uleb128 0xb
ARM GAS  /tmp/ccorpFoO.s 			page 3


 115 001e 0B       		.uleb128 0xb
 116 001f 3E       		.uleb128 0x3e
 117 0020 0B       		.uleb128 0xb
 118 0021 03       		.uleb128 0x3
 119 0022 08       		.uleb128 0x8
 120 0023 00       		.byte	0
 121 0024 00       		.byte	0
 122 0025 00       		.byte	0
 123              		.section	.debug_aranges,"",%progbits
 124 0000 14000000 		.4byte	0x14
 125 0004 0200     		.2byte	0x2
 126 0006 00000000 		.4byte	.Ldebug_info0
 127 000a 04       		.byte	0x4
 128 000b 00       		.byte	0
 129 000c 0000     		.2byte	0
 130 000e 0000     		.2byte	0
 131 0010 00000000 		.4byte	0
 132 0014 00000000 		.4byte	0
 133              		.section	.debug_line,"",%progbits
 134              	.Ldebug_line0:
 135 0000 38000000 		.section	.debug_str,"MS",%progbits,1
 135      03003200 
 135      00000201 
 135      FB0E0D00 
 135      01010101 
 136              	.LASF0:
 137 0000 756E7369 		.ascii	"unsigned int\000"
 137      676E6564 
 137      20696E74 
 137      00
 138              	.LASF12:
 139 000d 43686962 		.ascii	"ChibiOS/os/rt/src/chtrace.c\000"
 139      694F532F 
 139      6F732F72 
 139      742F7372 
 139      632F6368 
 140              	.LASF8:
 141 0029 6C6F6E67 		.ascii	"long unsigned int\000"
 141      20756E73 
 141      69676E65 
 141      6420696E 
 141      7400
 142              	.LASF6:
 143 003b 756E7369 		.ascii	"unsigned char\000"
 143      676E6564 
 143      20636861 
 143      7200
 144              	.LASF3:
 145 0049 7369676E 		.ascii	"signed char\000"
 145      65642063 
 145      68617200 
 146              	.LASF7:
 147 0055 73686F72 		.ascii	"short unsigned int\000"
 147      7420756E 
 147      7369676E 
 147      65642069 
 147      6E7400
ARM GAS  /tmp/ccorpFoO.s 			page 4


 148              	.LASF2:
 149 0068 6C6F6E67 		.ascii	"long double\000"
 149      20646F75 
 149      626C6500 
 150              	.LASF4:
 151 0074 73686F72 		.ascii	"short int\000"
 151      7420696E 
 151      7400
 152              	.LASF11:
 153 007e 474E5520 		.ascii	"GNU C11 13.2.1 20231009 -mcpu=cortex-m4 -mfloat-abi"
 153      43313120 
 153      31332E32 
 153      2E312032 
 153      30323331 
 154 00b1 3D686172 		.ascii	"=hard -mfpu=fpv4-sp-d16 -mno-thumb-interwork -mthum"
 154      64202D6D 
 154      6670753D 
 154      66707634 
 154      2D73702D 
 155 00e4 62202D6D 		.ascii	"b -march=armv7e-m+fp -ggdb -Og -std=c11 -fno-inline"
 155      61726368 
 155      3D61726D 
 155      7637652D 
 155      6D2B6670 
 156 0117 2D736D61 		.ascii	"-small-functions -fomit-frame-pointer -falign-funct"
 156      6C6C2D66 
 156      756E6374 
 156      696F6E73 
 156      202D666F 
 157 014a 696F6E73 		.ascii	"ions=16 -fstack-usage -ffunction-sections -fdata-se"
 157      3D313620 
 157      2D667374 
 157      61636B2D 
 157      75736167 
 158 017d 6374696F 		.ascii	"ctions -fno-common -fsingle-precision-constant\000"
 158      6E73202D 
 158      666E6F2D 
 158      636F6D6D 
 158      6F6E202D 
 159              	.LASF9:
 160 01ac 6C6F6E67 		.ascii	"long long unsigned int\000"
 160      206C6F6E 
 160      6720756E 
 160      7369676E 
 160      65642069 
 161              	.LASF5:
 162 01c3 6C6F6E67 		.ascii	"long int\000"
 162      20696E74 
 162      00
 163              	.LASF10:
 164 01cc 63686172 		.ascii	"char\000"
 164      00
 165              	.LASF13:
 166 01d1 2F776F72 		.ascii	"/workspaces/tinySA\000"
 166      6B737061 
 166      6365732F 
 166      74696E79 
ARM GAS  /tmp/ccorpFoO.s 			page 5


 166      534100
 167              	.LASF1:
 168 01e4 6C6F6E67 		.ascii	"long long int\000"
 168      206C6F6E 
 168      6720696E 
 168      7400
 169              		.ident	"GCC: (15:13.2.rel1-2) 13.2.1 20231009"
ARM GAS  /tmp/ccorpFoO.s 			page 6


DEFINED SYMBOLS
                            *ABS*:00000000 chtrace.c

NO UNDEFINED SYMBOLS
