ARM GAS  /tmp/cckGYiq1.s 			page 1


   1              		.cpu cortex-m4
   2              		.arch armv7e-m
   3              		.fpu fpv4-sp-d16
   4              		.eabi_attribute 27, 1
   5              		.eabi_attribute 28, 1
   6              		.eabi_attribute 20, 1
   7              		.eabi_attribute 21, 1
   8              		.eabi_attribute 23, 3
   9              		.eabi_attribute 24, 1
  10              		.eabi_attribute 25, 1
  11              		.eabi_attribute 26, 1
  12              		.eabi_attribute 30, 1
  13              		.eabi_attribute 34, 1
  14              		.eabi_attribute 18, 4
  15              		.file	"ffunicode.c"
  16              		.text
  17              	.Ltext0:
  18              		.cfi_sections	.debug_frame
  19              		.file 1 "FatFs/ffunicode.c"
  20              		.section	.text.ff_uni2oem,"ax",%progbits
  21              		.align	1
  22              		.p2align 4,,15
  23              		.global	ff_uni2oem
  24              		.syntax unified
  25              		.thumb
  26              		.thumb_func
  27              		.type	ff_uni2oem, %function
  28              	ff_uni2oem:
  29              	.LVL0:
  30              	.LFB0:
  31              		.loc 1 15226 1 view -0
  32              		.cfi_startproc
  33              		@ args = 0, pretend = 0, frame = 0
  34              		@ frame_needed = 0, uses_anonymous_args = 0
  35              		@ link register save eliminated.
  36              		.loc 1 15227 2 view .LVU1
  37              		.loc 1 15228 2 view .LVU2
  38              		.loc 1 15231 2 view .LVU3
  39              		.loc 1 15231 5 is_stmt 0 view .LVU4
  40 0000 7F28     		cmp	r0, #127
  41 0002 01D8     		bhi	.L2
  42              		.loc 1 15232 3 is_stmt 1 view .LVU5
  43              		.loc 1 15232 5 is_stmt 0 view .LVU6
  44 0004 80B2     		uxth	r0, r0
  45              	.LVL1:
  46              		.loc 1 15232 5 view .LVU7
  47 0006 7047     		bx	lr
  48              	.LVL2:
  49              	.L2:
  50              		.loc 1 15235 3 is_stmt 1 view .LVU8
  51              		.loc 1 15235 6 is_stmt 0 view .LVU9
  52 0008 B0F5803F 		cmp	r0, #65536
  53 000c 13D2     		bcs	.L7
  54              		.loc 1 15235 21 discriminator 1 view .LVU10
  55 000e 40F26233 		movw	r3, #866
  56 0012 9942     		cmp	r1, r3
  57 0014 0DD0     		beq	.L8
ARM GAS  /tmp/cckGYiq1.s 			page 2


  58              		.loc 1 15227 8 view .LVU11
  59 0016 0020     		movs	r0, #0
  60              	.LVL3:
  61              		.loc 1 15227 8 view .LVU12
  62 0018 7047     		bx	lr
  63              	.LVL4:
  64              	.L6:
  65              		.loc 1 15236 42 is_stmt 1 discriminator 4 view .LVU13
  66 001a 0133     		adds	r3, r3, #1
  67              	.LVL5:
  68              		.loc 1 15236 42 is_stmt 0 discriminator 4 view .LVU14
  69 001c 9BB2     		uxth	r3, r3
  70              	.LVL6:
  71              	.L4:
  72              		.loc 1 15236 25 is_stmt 1 discriminator 1 view .LVU15
  73 001e 7F2B     		cmp	r3, #127
  74 0020 04D8     		bhi	.L5
  75              		.loc 1 15236 36 is_stmt 0 discriminator 3 view .LVU16
  76 0022 064A     		ldr	r2, .L9
  77 0024 32F81320 		ldrh	r2, [r2, r3, lsl #1]
  78              		.loc 1 15236 25 discriminator 3 view .LVU17
  79 0028 8242     		cmp	r2, r0
  80 002a F6D1     		bne	.L6
  81              	.L5:
  82              		.loc 1 15237 4 is_stmt 1 view .LVU18
  83              		.loc 1 15237 11 is_stmt 0 view .LVU19
  84 002c 8033     		adds	r3, r3, #128
  85              	.LVL7:
  86              		.loc 1 15237 6 view .LVU20
  87 002e D8B2     		uxtb	r0, r3
  88              	.LVL8:
  89              		.loc 1 15237 6 view .LVU21
  90 0030 7047     		bx	lr
  91              	.LVL9:
  92              	.L8:
  93              		.loc 1 15236 11 view .LVU22
  94 0032 0023     		movs	r3, #0
  95 0034 F3E7     		b	.L4
  96              	.L7:
  97              		.loc 1 15227 8 view .LVU23
  98 0036 0020     		movs	r0, #0
  99              	.LVL10:
 100              		.loc 1 15241 2 is_stmt 1 view .LVU24
 101              		.loc 1 15242 1 is_stmt 0 view .LVU25
 102 0038 7047     		bx	lr
 103              	.L10:
 104 003a 00BF     		.align	2
 105              	.L9:
 106 003c 00000000 		.word	uc866
 107              		.cfi_endproc
 108              	.LFE0:
 109              		.size	ff_uni2oem, .-ff_uni2oem
 110              		.section	.text.ff_oem2uni,"ax",%progbits
 111              		.align	1
 112              		.p2align 4,,15
 113              		.global	ff_oem2uni
 114              		.syntax unified
ARM GAS  /tmp/cckGYiq1.s 			page 3


 115              		.thumb
 116              		.thumb_func
 117              		.type	ff_oem2uni, %function
 118              	ff_oem2uni:
 119              	.LVL11:
 120              	.LFB1:
 121              		.loc 1 15248 1 is_stmt 1 view -0
 122              		.cfi_startproc
 123              		@ args = 0, pretend = 0, frame = 0
 124              		@ frame_needed = 0, uses_anonymous_args = 0
 125              		@ link register save eliminated.
 126              		.loc 1 15249 2 view .LVU27
 127              		.loc 1 15250 2 view .LVU28
 128              		.loc 1 15253 2 view .LVU29
 129              		.loc 1 15253 5 is_stmt 0 view .LVU30
 130 0000 7F28     		cmp	r0, #127
 131 0002 0FD9     		bls	.L12
 132              		.loc 1 15257 3 is_stmt 1 view .LVU31
 133              		.loc 1 15257 6 is_stmt 0 view .LVU32
 134 0004 40F26233 		movw	r3, #866
 135 0008 9942     		cmp	r1, r3
 136 000a 01D0     		beq	.L15
 137              		.loc 1 15249 8 view .LVU33
 138 000c 0020     		movs	r0, #0
 139              	.LVL12:
 140              		.loc 1 15249 8 view .LVU34
 141 000e 7047     		bx	lr
 142              	.LVL13:
 143              	.L15:
 144              		.loc 1 15258 4 is_stmt 1 view .LVU35
 145              		.loc 1 15258 7 is_stmt 0 view .LVU36
 146 0010 FF28     		cmp	r0, #255
 147 0012 06D8     		bhi	.L14
 148              		.loc 1 15258 21 is_stmt 1 discriminator 1 view .LVU37
 149              		.loc 1 15258 26 is_stmt 0 discriminator 1 view .LVU38
 150 0014 00F10040 		add	r0, r0, #-2147483648
 151              	.LVL14:
 152              		.loc 1 15258 26 discriminator 1 view .LVU39
 153 0018 8038     		subs	r0, r0, #128
 154 001a 034B     		ldr	r3, .L16
 155              		.loc 1 15258 23 discriminator 1 view .LVU40
 156 001c 33F81000 		ldrh	r0, [r3, r0, lsl #1]
 157              	.LVL15:
 158              		.loc 1 15258 23 discriminator 1 view .LVU41
 159 0020 7047     		bx	lr
 160              	.LVL16:
 161              	.L14:
 162              		.loc 1 15249 8 view .LVU42
 163 0022 0020     		movs	r0, #0
 164              	.LVL17:
 165              	.L12:
 166              		.loc 1 15262 2 is_stmt 1 view .LVU43
 167              		.loc 1 15263 1 is_stmt 0 view .LVU44
 168 0024 7047     		bx	lr
 169              	.L17:
 170 0026 00BF     		.align	2
 171              	.L16:
ARM GAS  /tmp/cckGYiq1.s 			page 4


 172 0028 00000000 		.word	uc866
 173              		.cfi_endproc
 174              	.LFE1:
 175              		.size	ff_oem2uni, .-ff_oem2uni
 176              		.section	.text.ff_wtoupper,"ax",%progbits
 177              		.align	1
 178              		.p2align 4,,15
 179              		.global	ff_wtoupper
 180              		.syntax unified
 181              		.thumb
 182              		.thumb_func
 183              		.type	ff_wtoupper, %function
 184              	ff_wtoupper:
 185              	.LVL18:
 186              	.LFB2:
 187              		.loc 1 15467 1 is_stmt 1 view -0
 188              		.cfi_startproc
 189              		@ args = 0, pretend = 0, frame = 0
 190              		@ frame_needed = 0, uses_anonymous_args = 0
 191              		.loc 1 15468 2 view .LVU46
 192              		.loc 1 15469 2 view .LVU47
 193              		.loc 1 15470 2 view .LVU48
 194              		.loc 1 15517 2 view .LVU49
 195              		.loc 1 15563 2 view .LVU50
 196              		.loc 1 15563 5 is_stmt 0 view .LVU51
 197 0000 B0F5803F 		cmp	r0, #65536
 198 0004 47D2     		bcs	.L39
 199              		.loc 1 15467 1 view .LVU52
 200 0006 30B5     		push	{r4, r5, lr}
 201              		.cfi_def_cfa_offset 12
 202              		.cfi_offset 4, -12
 203              		.cfi_offset 5, -8
 204              		.cfi_offset 14, -4
 205              		.loc 1 15564 3 is_stmt 1 view .LVU53
 206              		.loc 1 15564 6 is_stmt 0 view .LVU54
 207 0008 85B2     		uxth	r5, r0
 208              	.LVL19:
 209              		.loc 1 15565 3 is_stmt 1 view .LVU55
 210              		.loc 1 15565 26 is_stmt 0 view .LVU56
 211 000a B5F5805F 		cmp	r5, #4096
 212 000e 01D2     		bcs	.L35
 213              		.loc 1 15565 26 discriminator 1 view .LVU57
 214 0010 214B     		ldr	r3, .L43
 215 0012 02E0     		b	.L33
 216              	.L35:
 217              		.loc 1 15565 26 discriminator 2 view .LVU58
 218 0014 214B     		ldr	r3, .L43+4
 219 0016 00E0     		b	.L33
 220              	.LVL20:
 221              	.L36:
 222              		.loc 1 15569 11 view .LVU59
 223 0018 2346     		mov	r3, r4
 224              	.LVL21:
 225              	.L33:
 226              		.loc 1 15566 3 is_stmt 1 view .LVU60
 227              		.loc 1 15567 4 view .LVU61
 228              		.loc 1 15567 7 is_stmt 0 view .LVU62
ARM GAS  /tmp/cckGYiq1.s 			page 5


 229 001a 1A88     		ldrh	r2, [r3]
 230              	.LVL22:
 231              		.loc 1 15568 4 is_stmt 1 view .LVU63
 232              		.loc 1 15568 7 is_stmt 0 view .LVU64
 233 001c EAB1     		cbz	r2, .L21
 234              		.loc 1 15568 16 discriminator 1 view .LVU65
 235 001e 9542     		cmp	r5, r2
 236 0020 1BD3     		bcc	.L21
 237              		.loc 1 15569 4 is_stmt 1 view .LVU66
 238              		.loc 1 15569 11 is_stmt 0 view .LVU67
 239 0022 1C1D     		adds	r4, r3, #4
 240              	.LVL23:
 241              		.loc 1 15569 7 view .LVU68
 242 0024 5B88     		ldrh	r3, [r3, #2]
 243              	.LVL24:
 244              		.loc 1 15569 15 is_stmt 1 view .LVU69
 245              		.loc 1 15569 19 is_stmt 0 view .LVU70
 246 0026 190A     		lsrs	r1, r3, #8
 247              	.LVL25:
 248              		.loc 1 15569 30 is_stmt 1 view .LVU71
 249              		.loc 1 15569 33 is_stmt 0 view .LVU72
 250 0028 DBB2     		uxtb	r3, r3
 251              	.LVL26:
 252              		.loc 1 15570 4 is_stmt 1 view .LVU73
 253              		.loc 1 15570 11 is_stmt 0 view .LVU74
 254 002a 1FFA80FC 		uxth	ip, r0
 255              		.loc 1 15570 16 view .LVU75
 256 002e 03EB020E 		add	lr, r3, r2
 257              		.loc 1 15570 7 view .LVU76
 258 0032 F445     		cmp	ip, lr
 259 0034 04DB     		blt	.L42
 260              		.loc 1 15584 4 is_stmt 1 view .LVU77
 261              		.loc 1 15584 7 is_stmt 0 view .LVU78
 262 0036 0029     		cmp	r1, #0
 263 0038 EED1     		bne	.L36
 264              		.loc 1 15584 18 is_stmt 1 discriminator 1 view .LVU79
 265              		.loc 1 15584 20 is_stmt 0 discriminator 1 view .LVU80
 266 003a 04EB4303 		add	r3, r4, r3, lsl #1
 267              	.LVL27:
 268              		.loc 1 15584 20 discriminator 1 view .LVU81
 269 003e ECE7     		b	.L33
 270              	.LVL28:
 271              	.L42:
 272              		.loc 1 15571 5 is_stmt 1 view .LVU82
 273 0040 0829     		cmp	r1, #8
 274 0042 0AD8     		bhi	.L21
 275 0044 DFE801F0 		tbb	[pc, r1]
 276              	.LVL29:
 277              	.L24:
 278 0048 05       		.byte	(.L32-.L24)/2
 279 0049 0B       		.byte	(.L31-.L24)/2
 280 004a 11       		.byte	(.L30-.L24)/2
 281 004b 14       		.byte	(.L29-.L24)/2
 282 004c 17       		.byte	(.L28-.L24)/2
 283 004d 1A       		.byte	(.L27-.L24)/2
 284 004e 1D       		.byte	(.L26-.L24)/2
 285 004f 20       		.byte	(.L25-.L24)/2
ARM GAS  /tmp/cckGYiq1.s 			page 6


 286 0050 23       		.byte	(.L23-.L24)/2
 287 0051 00       		.p2align 1
 288              	.L32:
 289              		.loc 1 15572 13 view .LVU83
 290              		.loc 1 15572 23 is_stmt 0 view .LVU84
 291 0052 ACEB020C 		sub	ip, ip, r2
 292              		.loc 1 15572 16 view .LVU85
 293 0056 34F81C50 		ldrh	r5, [r4, ip, lsl #1]
 294              	.LVL30:
 295              		.loc 1 15572 30 is_stmt 1 view .LVU86
 296              	.L21:
 297              		.loc 1 15586 3 view .LVU87
 298              		.loc 1 15586 7 is_stmt 0 view .LVU88
 299 005a 2846     		mov	r0, r5
 300              	.LVL31:
 301              		.loc 1 15589 2 is_stmt 1 view .LVU89
 302              		.loc 1 15590 1 is_stmt 0 view .LVU90
 303 005c 30BD     		pop	{r4, r5, pc}
 304              	.LVL32:
 305              	.L31:
 306              		.loc 1 15573 13 is_stmt 1 view .LVU91
 307              		.loc 1 15573 29 is_stmt 0 view .LVU92
 308 005e AB1A     		subs	r3, r5, r2
 309 0060 03F00103 		and	r3, r3, #1
 310              		.loc 1 15573 16 view .LVU93
 311 0064 ED1A     		subs	r5, r5, r3
 312              	.LVL33:
 313              		.loc 1 15573 16 view .LVU94
 314 0066 ADB2     		uxth	r5, r5
 315              	.LVL34:
 316              		.loc 1 15573 34 is_stmt 1 view .LVU95
 317 0068 F7E7     		b	.L21
 318              	.L30:
 319              		.loc 1 15574 13 view .LVU96
 320              		.loc 1 15574 16 is_stmt 0 view .LVU97
 321 006a 103D     		subs	r5, r5, #16
 322              	.LVL35:
 323              		.loc 1 15574 16 view .LVU98
 324 006c ADB2     		uxth	r5, r5
 325              	.LVL36:
 326              		.loc 1 15574 23 is_stmt 1 view .LVU99
 327 006e F4E7     		b	.L21
 328              	.L29:
 329              		.loc 1 15575 13 view .LVU100
 330              		.loc 1 15575 16 is_stmt 0 view .LVU101
 331 0070 203D     		subs	r5, r5, #32
 332              	.LVL37:
 333              		.loc 1 15575 16 view .LVU102
 334 0072 ADB2     		uxth	r5, r5
 335              	.LVL38:
 336              		.loc 1 15575 23 is_stmt 1 view .LVU103
 337 0074 F1E7     		b	.L21
 338              	.L28:
 339              		.loc 1 15576 13 view .LVU104
 340              		.loc 1 15576 16 is_stmt 0 view .LVU105
 341 0076 303D     		subs	r5, r5, #48
 342              	.LVL39:
ARM GAS  /tmp/cckGYiq1.s 			page 7


 343              		.loc 1 15576 16 view .LVU106
 344 0078 ADB2     		uxth	r5, r5
 345              	.LVL40:
 346              		.loc 1 15576 23 is_stmt 1 view .LVU107
 347 007a EEE7     		b	.L21
 348              	.L27:
 349              		.loc 1 15577 13 view .LVU108
 350              		.loc 1 15577 16 is_stmt 0 view .LVU109
 351 007c 1A3D     		subs	r5, r5, #26
 352              	.LVL41:
 353              		.loc 1 15577 16 view .LVU110
 354 007e ADB2     		uxth	r5, r5
 355              	.LVL42:
 356              		.loc 1 15577 23 is_stmt 1 view .LVU111
 357 0080 EBE7     		b	.L21
 358              	.L26:
 359              		.loc 1 15578 13 view .LVU112
 360              		.loc 1 15578 16 is_stmt 0 view .LVU113
 361 0082 0835     		adds	r5, r5, #8
 362              	.LVL43:
 363              		.loc 1 15578 16 view .LVU114
 364 0084 ADB2     		uxth	r5, r5
 365              	.LVL44:
 366              		.loc 1 15578 22 is_stmt 1 view .LVU115
 367 0086 E8E7     		b	.L21
 368              	.L25:
 369              		.loc 1 15579 13 view .LVU116
 370              		.loc 1 15579 16 is_stmt 0 view .LVU117
 371 0088 503D     		subs	r5, r5, #80
 372              	.LVL45:
 373              		.loc 1 15579 16 view .LVU118
 374 008a ADB2     		uxth	r5, r5
 375              	.LVL46:
 376              		.loc 1 15579 23 is_stmt 1 view .LVU119
 377 008c E5E7     		b	.L21
 378              	.L23:
 379              		.loc 1 15580 13 view .LVU120
 380              		.loc 1 15580 16 is_stmt 0 view .LVU121
 381 008e A5F5E355 		sub	r5, r5, #7264
 382              	.LVL47:
 383              		.loc 1 15580 16 view .LVU122
 384 0092 ADB2     		uxth	r5, r5
 385              	.LVL48:
 386              		.loc 1 15580 27 is_stmt 1 view .LVU123
 387 0094 E1E7     		b	.L21
 388              	.LVL49:
 389              	.L39:
 390              		.cfi_def_cfa_offset 0
 391              		.cfi_restore 4
 392              		.cfi_restore 5
 393              		.cfi_restore 14
 394              		.loc 1 15589 2 view .LVU124
 395              		.loc 1 15590 1 is_stmt 0 view .LVU125
 396 0096 7047     		bx	lr
 397              	.L44:
 398              		.align	2
 399              	.L43:
ARM GAS  /tmp/cckGYiq1.s 			page 8


 400 0098 00000000 		.word	cvt1.1
 401 009c 00000000 		.word	cvt2.0
 402              		.cfi_endproc
 403              	.LFE2:
 404              		.size	ff_wtoupper, .-ff_wtoupper
 405              		.section	.rodata.cvt2.0,"a"
 406              		.align	2
 407              		.type	cvt2.0, %object
 408              		.size	cvt2.0, 188
 409              	cvt2.0:
 410 0000 7D1D     		.short	7549
 411 0002 0100     		.short	1
 412 0004 632C     		.short	11363
 413 0006 001E     		.short	7680
 414 0008 9601     		.short	406
 415 000a A01E     		.short	7840
 416 000c 5A01     		.short	346
 417 000e 001F     		.short	7936
 418 0010 0806     		.short	1544
 419 0012 101F     		.short	7952
 420 0014 0606     		.short	1542
 421 0016 201F     		.short	7968
 422 0018 0806     		.short	1544
 423 001a 301F     		.short	7984
 424 001c 0806     		.short	1544
 425 001e 401F     		.short	8000
 426 0020 0606     		.short	1542
 427 0022 511F     		.short	8017
 428 0024 0700     		.short	7
 429 0026 591F     		.short	8025
 430 0028 521F     		.short	8018
 431 002a 5B1F     		.short	8027
 432 002c 541F     		.short	8020
 433 002e 5D1F     		.short	8029
 434 0030 561F     		.short	8022
 435 0032 5F1F     		.short	8031
 436 0034 601F     		.short	8032
 437 0036 0806     		.short	1544
 438 0038 701F     		.short	8048
 439 003a 0E00     		.short	14
 440 003c BA1F     		.short	8122
 441 003e BB1F     		.short	8123
 442 0040 C81F     		.short	8136
 443 0042 C91F     		.short	8137
 444 0044 CA1F     		.short	8138
 445 0046 CB1F     		.short	8139
 446 0048 DA1F     		.short	8154
 447 004a DB1F     		.short	8155
 448 004c F81F     		.short	8184
 449 004e F91F     		.short	8185
 450 0050 EA1F     		.short	8170
 451 0052 EB1F     		.short	8171
 452 0054 FA1F     		.short	8186
 453 0056 FB1F     		.short	8187
 454 0058 801F     		.short	8064
 455 005a 0806     		.short	1544
 456 005c 901F     		.short	8080
ARM GAS  /tmp/cckGYiq1.s 			page 9


 457 005e 0806     		.short	1544
 458 0060 A01F     		.short	8096
 459 0062 0806     		.short	1544
 460 0064 B01F     		.short	8112
 461 0066 0400     		.short	4
 462 0068 B81F     		.short	8120
 463 006a B91F     		.short	8121
 464 006c B21F     		.short	8114
 465 006e BC1F     		.short	8124
 466 0070 CC1F     		.short	8140
 467 0072 0100     		.short	1
 468 0074 C31F     		.short	8131
 469 0076 D01F     		.short	8144
 470 0078 0206     		.short	1538
 471 007a E01F     		.short	8160
 472 007c 0206     		.short	1538
 473 007e E51F     		.short	8165
 474 0080 0100     		.short	1
 475 0082 EC1F     		.short	8172
 476 0084 F31F     		.short	8179
 477 0086 0100     		.short	1
 478 0088 FC1F     		.short	8188
 479 008a 4E21     		.short	8526
 480 008c 0100     		.short	1
 481 008e 3221     		.short	8498
 482 0090 7021     		.short	8560
 483 0092 1002     		.short	528
 484 0094 8421     		.short	8580
 485 0096 0100     		.short	1
 486 0098 8321     		.short	8579
 487 009a D024     		.short	9424
 488 009c 1A05     		.short	1306
 489 009e 302C     		.short	11312
 490 00a0 2F04     		.short	1071
 491 00a2 602C     		.short	11360
 492 00a4 0201     		.short	258
 493 00a6 672C     		.short	11367
 494 00a8 0601     		.short	262
 495 00aa 752C     		.short	11381
 496 00ac 0201     		.short	258
 497 00ae 802C     		.short	11392
 498 00b0 6401     		.short	356
 499 00b2 002D     		.short	11520
 500 00b4 2608     		.short	2086
 501 00b6 41FF     		.short	-191
 502 00b8 1A03     		.short	794
 503 00ba 0000     		.short	0
 504              		.section	.rodata.cvt1.1,"a"
 505              		.align	2
 506              		.type	cvt1.1, %object
 507              		.size	cvt1.1, 498
 508              	cvt1.1:
 509 0000 6100     		.short	97
 510 0002 1A03     		.short	794
 511 0004 E000     		.short	224
 512 0006 1703     		.short	791
 513 0008 F800     		.short	248
ARM GAS  /tmp/cckGYiq1.s 			page 10


 514 000a 0703     		.short	775
 515 000c FF00     		.short	255
 516 000e 0100     		.short	1
 517 0010 7801     		.short	376
 518 0012 0001     		.short	256
 519 0014 3001     		.short	304
 520 0016 3201     		.short	306
 521 0018 0601     		.short	262
 522 001a 3901     		.short	313
 523 001c 1001     		.short	272
 524 001e 4A01     		.short	330
 525 0020 2E01     		.short	302
 526 0022 7901     		.short	377
 527 0024 0601     		.short	262
 528 0026 8001     		.short	384
 529 0028 4D00     		.short	77
 530 002a 4302     		.short	579
 531 002c 8101     		.short	385
 532 002e 8201     		.short	386
 533 0030 8201     		.short	386
 534 0032 8401     		.short	388
 535 0034 8401     		.short	388
 536 0036 8601     		.short	390
 537 0038 8701     		.short	391
 538 003a 8701     		.short	391
 539 003c 8901     		.short	393
 540 003e 8A01     		.short	394
 541 0040 8B01     		.short	395
 542 0042 8B01     		.short	395
 543 0044 8D01     		.short	397
 544 0046 8E01     		.short	398
 545 0048 8F01     		.short	399
 546 004a 9001     		.short	400
 547 004c 9101     		.short	401
 548 004e 9101     		.short	401
 549 0050 9301     		.short	403
 550 0052 9401     		.short	404
 551 0054 F601     		.short	502
 552 0056 9601     		.short	406
 553 0058 9701     		.short	407
 554 005a 9801     		.short	408
 555 005c 9801     		.short	408
 556 005e 3D02     		.short	573
 557 0060 9B01     		.short	411
 558 0062 9C01     		.short	412
 559 0064 9D01     		.short	413
 560 0066 2002     		.short	544
 561 0068 9F01     		.short	415
 562 006a A001     		.short	416
 563 006c A001     		.short	416
 564 006e A201     		.short	418
 565 0070 A201     		.short	418
 566 0072 A401     		.short	420
 567 0074 A401     		.short	420
 568 0076 A601     		.short	422
 569 0078 A701     		.short	423
 570 007a A701     		.short	423
ARM GAS  /tmp/cckGYiq1.s 			page 11


 571 007c A901     		.short	425
 572 007e AA01     		.short	426
 573 0080 AB01     		.short	427
 574 0082 AC01     		.short	428
 575 0084 AC01     		.short	428
 576 0086 AE01     		.short	430
 577 0088 AF01     		.short	431
 578 008a AF01     		.short	431
 579 008c B101     		.short	433
 580 008e B201     		.short	434
 581 0090 B301     		.short	435
 582 0092 B301     		.short	435
 583 0094 B501     		.short	437
 584 0096 B501     		.short	437
 585 0098 B701     		.short	439
 586 009a B801     		.short	440
 587 009c B801     		.short	440
 588 009e BA01     		.short	442
 589 00a0 BB01     		.short	443
 590 00a2 BC01     		.short	444
 591 00a4 BC01     		.short	444
 592 00a6 BE01     		.short	446
 593 00a8 F701     		.short	503
 594 00aa C001     		.short	448
 595 00ac C101     		.short	449
 596 00ae C201     		.short	450
 597 00b0 C301     		.short	451
 598 00b2 C401     		.short	452
 599 00b4 C501     		.short	453
 600 00b6 C401     		.short	452
 601 00b8 C701     		.short	455
 602 00ba C801     		.short	456
 603 00bc C701     		.short	455
 604 00be CA01     		.short	458
 605 00c0 CB01     		.short	459
 606 00c2 CA01     		.short	458
 607 00c4 CD01     		.short	461
 608 00c6 1001     		.short	272
 609 00c8 DD01     		.short	477
 610 00ca 0100     		.short	1
 611 00cc 8E01     		.short	398
 612 00ce DE01     		.short	478
 613 00d0 1201     		.short	274
 614 00d2 F301     		.short	499
 615 00d4 0300     		.short	3
 616 00d6 F101     		.short	497
 617 00d8 F401     		.short	500
 618 00da F401     		.short	500
 619 00dc F801     		.short	504
 620 00de 2801     		.short	296
 621 00e0 2202     		.short	546
 622 00e2 1201     		.short	274
 623 00e4 3A02     		.short	570
 624 00e6 0900     		.short	9
 625 00e8 652C     		.short	11365
 626 00ea 3B02     		.short	571
 627 00ec 3B02     		.short	571
ARM GAS  /tmp/cckGYiq1.s 			page 12


 628 00ee 3D02     		.short	573
 629 00f0 662C     		.short	11366
 630 00f2 3F02     		.short	575
 631 00f4 4002     		.short	576
 632 00f6 4102     		.short	577
 633 00f8 4102     		.short	577
 634 00fa 4602     		.short	582
 635 00fc 0A01     		.short	266
 636 00fe 5302     		.short	595
 637 0100 4000     		.short	64
 638 0102 8101     		.short	385
 639 0104 8601     		.short	390
 640 0106 5502     		.short	597
 641 0108 8901     		.short	393
 642 010a 8A01     		.short	394
 643 010c 5802     		.short	600
 644 010e 8F01     		.short	399
 645 0110 5A02     		.short	602
 646 0112 9001     		.short	400
 647 0114 5C02     		.short	604
 648 0116 5D02     		.short	605
 649 0118 5E02     		.short	606
 650 011a 5F02     		.short	607
 651 011c 9301     		.short	403
 652 011e 6102     		.short	609
 653 0120 6202     		.short	610
 654 0122 9401     		.short	404
 655 0124 6402     		.short	612
 656 0126 6502     		.short	613
 657 0128 6602     		.short	614
 658 012a 6702     		.short	615
 659 012c 9701     		.short	407
 660 012e 9601     		.short	406
 661 0130 6A02     		.short	618
 662 0132 622C     		.short	11362
 663 0134 6C02     		.short	620
 664 0136 6D02     		.short	621
 665 0138 6E02     		.short	622
 666 013a 9C01     		.short	412
 667 013c 7002     		.short	624
 668 013e 7102     		.short	625
 669 0140 9D01     		.short	413
 670 0142 7302     		.short	627
 671 0144 7402     		.short	628
 672 0146 9F01     		.short	415
 673 0148 7602     		.short	630
 674 014a 7702     		.short	631
 675 014c 7802     		.short	632
 676 014e 7902     		.short	633
 677 0150 7A02     		.short	634
 678 0152 7B02     		.short	635
 679 0154 7C02     		.short	636
 680 0156 642C     		.short	11364
 681 0158 7E02     		.short	638
 682 015a 7F02     		.short	639
 683 015c A601     		.short	422
 684 015e 8102     		.short	641
ARM GAS  /tmp/cckGYiq1.s 			page 13


 685 0160 8202     		.short	642
 686 0162 A901     		.short	425
 687 0164 8402     		.short	644
 688 0166 8502     		.short	645
 689 0168 8602     		.short	646
 690 016a 8702     		.short	647
 691 016c AE01     		.short	430
 692 016e 4402     		.short	580
 693 0170 B101     		.short	433
 694 0172 B201     		.short	434
 695 0174 4502     		.short	581
 696 0176 8D02     		.short	653
 697 0178 8E02     		.short	654
 698 017a 8F02     		.short	655
 699 017c 9002     		.short	656
 700 017e 9102     		.short	657
 701 0180 B701     		.short	439
 702 0182 7B03     		.short	891
 703 0184 0300     		.short	3
 704 0186 FD03     		.short	1021
 705 0188 FE03     		.short	1022
 706 018a FF03     		.short	1023
 707 018c AC03     		.short	940
 708 018e 0400     		.short	4
 709 0190 8603     		.short	902
 710 0192 8803     		.short	904
 711 0194 8903     		.short	905
 712 0196 8A03     		.short	906
 713 0198 B103     		.short	945
 714 019a 1103     		.short	785
 715 019c C203     		.short	962
 716 019e 0200     		.short	2
 717 01a0 A303     		.short	931
 718 01a2 A303     		.short	931
 719 01a4 C403     		.short	964
 720 01a6 0803     		.short	776
 721 01a8 CC03     		.short	972
 722 01aa 0300     		.short	3
 723 01ac 8C03     		.short	908
 724 01ae 8E03     		.short	910
 725 01b0 8F03     		.short	911
 726 01b2 D803     		.short	984
 727 01b4 1801     		.short	280
 728 01b6 F203     		.short	1010
 729 01b8 0A00     		.short	10
 730 01ba F903     		.short	1017
 731 01bc F303     		.short	1011
 732 01be F403     		.short	1012
 733 01c0 F503     		.short	1013
 734 01c2 F603     		.short	1014
 735 01c4 F703     		.short	1015
 736 01c6 F703     		.short	1015
 737 01c8 F903     		.short	1017
 738 01ca FA03     		.short	1018
 739 01cc FA03     		.short	1018
 740 01ce 3004     		.short	1072
 741 01d0 2003     		.short	800
ARM GAS  /tmp/cckGYiq1.s 			page 14


 742 01d2 5004     		.short	1104
 743 01d4 1007     		.short	1808
 744 01d6 6004     		.short	1120
 745 01d8 2201     		.short	290
 746 01da 8A04     		.short	1162
 747 01dc 3601     		.short	310
 748 01de C104     		.short	1217
 749 01e0 0E01     		.short	270
 750 01e2 CF04     		.short	1231
 751 01e4 0100     		.short	1
 752 01e6 C004     		.short	1216
 753 01e8 D004     		.short	1232
 754 01ea 4401     		.short	324
 755 01ec 6105     		.short	1377
 756 01ee 2604     		.short	1062
 757 01f0 0000     		.short	0
 758              		.section	.rodata.uc866,"a"
 759              		.align	2
 760              		.type	uc866, %object
 761              		.size	uc866, 256
 762              	uc866:
 763 0000 1004     		.short	1040
 764 0002 1104     		.short	1041
 765 0004 1204     		.short	1042
 766 0006 1304     		.short	1043
 767 0008 1404     		.short	1044
 768 000a 1504     		.short	1045
 769 000c 1604     		.short	1046
 770 000e 1704     		.short	1047
 771 0010 1804     		.short	1048
 772 0012 1904     		.short	1049
 773 0014 1A04     		.short	1050
 774 0016 1B04     		.short	1051
 775 0018 1C04     		.short	1052
 776 001a 1D04     		.short	1053
 777 001c 1E04     		.short	1054
 778 001e 1F04     		.short	1055
 779 0020 2004     		.short	1056
 780 0022 2104     		.short	1057
 781 0024 2204     		.short	1058
 782 0026 2304     		.short	1059
 783 0028 2404     		.short	1060
 784 002a 2504     		.short	1061
 785 002c 2604     		.short	1062
 786 002e 2704     		.short	1063
 787 0030 2804     		.short	1064
 788 0032 2904     		.short	1065
 789 0034 2A04     		.short	1066
 790 0036 2B04     		.short	1067
 791 0038 2C04     		.short	1068
 792 003a 2D04     		.short	1069
 793 003c 2E04     		.short	1070
 794 003e 2F04     		.short	1071
 795 0040 3004     		.short	1072
 796 0042 3104     		.short	1073
 797 0044 3204     		.short	1074
 798 0046 3304     		.short	1075
ARM GAS  /tmp/cckGYiq1.s 			page 15


 799 0048 3404     		.short	1076
 800 004a 3504     		.short	1077
 801 004c 3604     		.short	1078
 802 004e 3704     		.short	1079
 803 0050 3804     		.short	1080
 804 0052 3904     		.short	1081
 805 0054 3A04     		.short	1082
 806 0056 3B04     		.short	1083
 807 0058 3C04     		.short	1084
 808 005a 3D04     		.short	1085
 809 005c 3E04     		.short	1086
 810 005e 3F04     		.short	1087
 811 0060 9125     		.short	9617
 812 0062 9225     		.short	9618
 813 0064 9325     		.short	9619
 814 0066 0225     		.short	9474
 815 0068 2425     		.short	9508
 816 006a 6125     		.short	9569
 817 006c 6225     		.short	9570
 818 006e 5625     		.short	9558
 819 0070 5525     		.short	9557
 820 0072 6325     		.short	9571
 821 0074 5125     		.short	9553
 822 0076 5725     		.short	9559
 823 0078 5D25     		.short	9565
 824 007a 5C25     		.short	9564
 825 007c 5B25     		.short	9563
 826 007e 1025     		.short	9488
 827 0080 1425     		.short	9492
 828 0082 3425     		.short	9524
 829 0084 2C25     		.short	9516
 830 0086 1C25     		.short	9500
 831 0088 0025     		.short	9472
 832 008a 3C25     		.short	9532
 833 008c 5E25     		.short	9566
 834 008e 5F25     		.short	9567
 835 0090 5A25     		.short	9562
 836 0092 5425     		.short	9556
 837 0094 6925     		.short	9577
 838 0096 6625     		.short	9574
 839 0098 6025     		.short	9568
 840 009a 5025     		.short	9552
 841 009c 6C25     		.short	9580
 842 009e 6725     		.short	9575
 843 00a0 6825     		.short	9576
 844 00a2 6425     		.short	9572
 845 00a4 6525     		.short	9573
 846 00a6 5925     		.short	9561
 847 00a8 5825     		.short	9560
 848 00aa 5225     		.short	9554
 849 00ac 5325     		.short	9555
 850 00ae 6B25     		.short	9579
 851 00b0 6A25     		.short	9578
 852 00b2 1825     		.short	9496
 853 00b4 0C25     		.short	9484
 854 00b6 8825     		.short	9608
 855 00b8 8425     		.short	9604
ARM GAS  /tmp/cckGYiq1.s 			page 16


 856 00ba 8C25     		.short	9612
 857 00bc 9025     		.short	9616
 858 00be 8025     		.short	9600
 859 00c0 4004     		.short	1088
 860 00c2 4104     		.short	1089
 861 00c4 4204     		.short	1090
 862 00c6 4304     		.short	1091
 863 00c8 4404     		.short	1092
 864 00ca 4504     		.short	1093
 865 00cc 4604     		.short	1094
 866 00ce 4704     		.short	1095
 867 00d0 4804     		.short	1096
 868 00d2 4904     		.short	1097
 869 00d4 4A04     		.short	1098
 870 00d6 4B04     		.short	1099
 871 00d8 4C04     		.short	1100
 872 00da 4D04     		.short	1101
 873 00dc 4E04     		.short	1102
 874 00de 4F04     		.short	1103
 875 00e0 0104     		.short	1025
 876 00e2 5104     		.short	1105
 877 00e4 0404     		.short	1028
 878 00e6 5404     		.short	1108
 879 00e8 0704     		.short	1031
 880 00ea 5704     		.short	1111
 881 00ec 0E04     		.short	1038
 882 00ee 5E04     		.short	1118
 883 00f0 B000     		.short	176
 884 00f2 1922     		.short	8729
 885 00f4 B700     		.short	183
 886 00f6 1A22     		.short	8730
 887 00f8 1621     		.short	8470
 888 00fa A400     		.short	164
 889 00fc A025     		.short	9632
 890 00fe A000     		.short	160
 891              		.text
 892              	.Letext0:
 893              		.file 2 "/usr/lib/gcc/arm-none-eabi/13.2.1/include/stdint.h"
 894              		.file 3 "FatFs/ff.h"
 895              		.section	.debug_info,"",%progbits
 896              	.Ldebug_info0:
 897 0000 72020000 		.4byte	0x272
 898 0004 0500     		.2byte	0x5
 899 0006 01       		.byte	0x1
 900 0007 04       		.byte	0x4
 901 0008 00000000 		.4byte	.Ldebug_abbrev0
 902 000c 0D       		.uleb128 0xd
 903 000d 00000000 		.4byte	.LASF20
 904 0011 1D       		.byte	0x1d
 905 0012 79010000 		.4byte	.LASF21
 906 0016 38010000 		.4byte	.LASF22
 907 001a 0C000000 		.4byte	.LLRL10
 908 001e 00000000 		.4byte	0
 909 0022 00000000 		.4byte	.Ldebug_line0
 910 0026 01       		.uleb128 0x1
 911 0027 08       		.byte	0x8
 912 0028 07       		.byte	0x7
ARM GAS  /tmp/cckGYiq1.s 			page 17


 913 0029 B1010000 		.4byte	.LASF0
 914 002d 01       		.uleb128 0x1
 915 002e 04       		.byte	0x4
 916 002f 07       		.byte	0x7
 917 0030 D1010000 		.4byte	.LASF1
 918 0034 01       		.uleb128 0x1
 919 0035 02       		.byte	0x2
 920 0036 07       		.byte	0x7
 921 0037 F2010000 		.4byte	.LASF2
 922 003b 01       		.uleb128 0x1
 923 003c 01       		.byte	0x1
 924 003d 06       		.byte	0x6
 925 003e A5010000 		.4byte	.LASF3
 926 0042 01       		.uleb128 0x1
 927 0043 02       		.byte	0x2
 928 0044 05       		.byte	0x5
 929 0045 2E010000 		.4byte	.LASF4
 930 0049 01       		.uleb128 0x1
 931 004a 04       		.byte	0x4
 932 004b 05       		.byte	0x5
 933 004c 70010000 		.4byte	.LASF5
 934 0050 01       		.uleb128 0x1
 935 0051 08       		.byte	0x8
 936 0052 05       		.byte	0x5
 937 0053 62010000 		.4byte	.LASF6
 938 0057 01       		.uleb128 0x1
 939 0058 01       		.byte	0x1
 940 0059 08       		.byte	0x8
 941 005a 97010000 		.4byte	.LASF7
 942 005e 03       		.uleb128 0x3
 943 005f DE010000 		.4byte	.LASF8
 944 0063 02       		.byte	0x2
 945 0064 31       		.byte	0x31
 946 0065 19       		.byte	0x19
 947 0066 34000000 		.4byte	0x34
 948 006a 03       		.uleb128 0x3
 949 006b C8010000 		.4byte	.LASF9
 950 006f 02       		.byte	0x2
 951 0070 34       		.byte	0x34
 952 0071 19       		.byte	0x19
 953 0072 76000000 		.4byte	0x76
 954 0076 01       		.uleb128 0x1
 955 0077 04       		.byte	0x4
 956 0078 07       		.byte	0x7
 957 0079 0A020000 		.4byte	.LASF10
 958 007d 0E       		.uleb128 0xe
 959 007e 04       		.byte	0x4
 960 007f 05       		.byte	0x5
 961 0080 696E7400 		.ascii	"int\000"
 962 0084 03       		.uleb128 0x3
 963 0085 4B010000 		.4byte	.LASF11
 964 0089 03       		.byte	0x3
 965 008a 33       		.byte	0x33
 966 008b 13       		.byte	0x13
 967 008c 5E000000 		.4byte	0x5e
 968 0090 04       		.uleb128 0x4
 969 0091 84000000 		.4byte	0x84
ARM GAS  /tmp/cckGYiq1.s 			page 18


 970 0095 03       		.uleb128 0x3
 971 0096 91010000 		.4byte	.LASF12
 972 009a 03       		.byte	0x3
 973 009b 34       		.byte	0x34
 974 009c 13       		.byte	0x13
 975 009d 6A000000 		.4byte	0x6a
 976 00a1 03       		.uleb128 0x3
 977 00a2 5C010000 		.4byte	.LASF13
 978 00a6 03       		.byte	0x3
 979 00a7 36       		.byte	0x36
 980 00a8 10       		.byte	0x10
 981 00a9 84000000 		.4byte	0x84
 982 00ad 04       		.uleb128 0x4
 983 00ae A1000000 		.4byte	0xa1
 984 00b2 01       		.uleb128 0x1
 985 00b3 01       		.byte	0x1
 986 00b4 08       		.byte	0x8
 987 00b5 05020000 		.4byte	.LASF14
 988 00b9 05       		.uleb128 0x5
 989 00ba AD000000 		.4byte	0xad
 990 00be C9000000 		.4byte	0xc9
 991 00c2 06       		.uleb128 0x6
 992 00c3 2D000000 		.4byte	0x2d
 993 00c7 7F       		.byte	0x7f
 994 00c8 00       		.byte	0
 995 00c9 04       		.uleb128 0x4
 996 00ca B9000000 		.4byte	0xb9
 997 00ce 07       		.uleb128 0x7
 998 00cf 8B010000 		.4byte	.LASF15
 999 00d3 553B     		.2byte	0x3b55
 1000 00d5 C9000000 		.4byte	0xc9
 1001 00d9 05       		.uleb128 0x5
 1002 00da 03       		.byte	0x3
 1003 00db 00000000 		.4byte	uc866
 1004 00df 09       		.uleb128 0x9
 1005 00e0 50010000 		.4byte	.LASF18
 1006 00e4 683C     		.2byte	0x3c68
 1007 00e6 95000000 		.4byte	0x95
 1008 00ea 00000000 		.4byte	.LFB2
 1009 00ee A0000000 		.4byte	.LFE2-.LFB2
 1010 00f2 01       		.uleb128 0x1
 1011 00f3 9C       		.byte	0x9c
 1012 00f4 8D010000 		.4byte	0x18d
 1013 00f8 08       		.uleb128 0x8
 1014 00f9 756E6900 		.ascii	"uni\000"
 1015 00fd 693C     		.2byte	0x3c69
 1016 00ff 95000000 		.4byte	0x95
 1017 0103 10000000 		.4byte	.LLST4
 1018 0107 0C000000 		.4byte	.LVUS4
 1019 010b 02       		.uleb128 0x2
 1020 010c 7000     		.ascii	"p\000"
 1021 010e 6C3C     		.2byte	0x3c6c
 1022 0110 0E       		.byte	0xe
 1023 0111 8D010000 		.4byte	0x18d
 1024 0115 2F000000 		.4byte	.LLST5
 1025 0119 21000000 		.4byte	.LVUS5
 1026 011d 02       		.uleb128 0x2
ARM GAS  /tmp/cckGYiq1.s 			page 19


 1027 011e 756300   		.ascii	"uc\000"
 1028 0121 6D3C     		.2byte	0x3c6d
 1029 0123 07       		.byte	0x7
 1030 0124 84000000 		.4byte	0x84
 1031 0128 7C000000 		.4byte	.LLST6
 1032 012c 5A000000 		.4byte	.LVUS6
 1033 0130 02       		.uleb128 0x2
 1034 0131 626300   		.ascii	"bc\000"
 1035 0134 6D3C     		.2byte	0x3c6d
 1036 0136 0B       		.byte	0xb
 1037 0137 84000000 		.4byte	0x84
 1038 013b F4000000 		.4byte	.LLST7
 1039 013f F0000000 		.4byte	.LVUS7
 1040 0143 02       		.uleb128 0x2
 1041 0144 6E6300   		.ascii	"nc\000"
 1042 0147 6D3C     		.2byte	0x3c6d
 1043 0149 0F       		.byte	0xf
 1044 014a 84000000 		.4byte	0x84
 1045 014e 10010000 		.4byte	.LLST8
 1046 0152 04010000 		.4byte	.LVUS8
 1047 0156 02       		.uleb128 0x2
 1048 0157 636D6400 		.ascii	"cmd\000"
 1049 015b 6D3C     		.2byte	0x3c6d
 1050 015d 13       		.byte	0x13
 1051 015e 84000000 		.4byte	0x84
 1052 0162 4F010000 		.4byte	.LLST9
 1053 0166 49010000 		.4byte	.LVUS9
 1054 016a 07       		.uleb128 0x7
 1055 016b 1C020000 		.4byte	.LASF16
 1056 016f 6E3C     		.2byte	0x3c6e
 1057 0171 A2010000 		.4byte	0x1a2
 1058 0175 05       		.uleb128 0x5
 1059 0176 03       		.byte	0x3
 1060 0177 00000000 		.4byte	cvt1.1
 1061 017b 07       		.uleb128 0x7
 1062 017c 21020000 		.4byte	.LASF17
 1063 0180 9D3C     		.2byte	0x3c9d
 1064 0182 B7010000 		.4byte	0x1b7
 1065 0186 05       		.uleb128 0x5
 1066 0187 03       		.byte	0x3
 1067 0188 00000000 		.4byte	cvt2.0
 1068 018c 00       		.byte	0
 1069 018d 0A       		.uleb128 0xa
 1070 018e 90000000 		.4byte	0x90
 1071 0192 05       		.uleb128 0x5
 1072 0193 90000000 		.4byte	0x90
 1073 0197 A2010000 		.4byte	0x1a2
 1074 019b 06       		.uleb128 0x6
 1075 019c 2D000000 		.4byte	0x2d
 1076 01a0 F8       		.byte	0xf8
 1077 01a1 00       		.byte	0
 1078 01a2 04       		.uleb128 0x4
 1079 01a3 92010000 		.4byte	0x192
 1080 01a7 05       		.uleb128 0x5
 1081 01a8 90000000 		.4byte	0x90
 1082 01ac B7010000 		.4byte	0x1b7
 1083 01b0 06       		.uleb128 0x6
ARM GAS  /tmp/cckGYiq1.s 			page 20


 1084 01b1 2D000000 		.4byte	0x2d
 1085 01b5 5D       		.byte	0x5d
 1086 01b6 00       		.byte	0
 1087 01b7 04       		.uleb128 0x4
 1088 01b8 A7010000 		.4byte	0x1a7
 1089 01bc 09       		.uleb128 0x9
 1090 01bd 26020000 		.4byte	.LASF19
 1091 01c1 8C3B     		.2byte	0x3b8c
 1092 01c3 A1000000 		.4byte	0xa1
 1093 01c7 00000000 		.4byte	.LFB1
 1094 01cb 2C000000 		.4byte	.LFE1-.LFB1
 1095 01cf 01       		.uleb128 0x1
 1096 01d0 9C       		.byte	0x9c
 1097 01d1 17020000 		.4byte	0x217
 1098 01d5 08       		.uleb128 0x8
 1099 01d6 6F656D00 		.ascii	"oem\000"
 1100 01da 8D3B     		.2byte	0x3b8d
 1101 01dc A1000000 		.4byte	0xa1
 1102 01e0 70010000 		.4byte	.LLST2
 1103 01e4 64010000 		.4byte	.LVUS2
 1104 01e8 0B       		.uleb128 0xb
 1105 01e9 637000   		.ascii	"cp\000"
 1106 01ec 8E3B     		.2byte	0x3b8e
 1107 01ee 84000000 		.4byte	0x84
 1108 01f2 01       		.uleb128 0x1
 1109 01f3 51       		.byte	0x51
 1110 01f4 02       		.uleb128 0x2
 1111 01f5 6300     		.ascii	"c\000"
 1112 01f7 913B     		.2byte	0x3b91
 1113 01f9 08       		.byte	0x8
 1114 01fa A1000000 		.4byte	0xa1
 1115 01fe B7010000 		.4byte	.LLST3
 1116 0202 AF010000 		.4byte	.LVUS3
 1117 0206 0C       		.uleb128 0xc
 1118 0207 7000     		.ascii	"p\000"
 1119 0209 923B     		.2byte	0x3b92
 1120 020b 17020000 		.4byte	0x217
 1121 020f 06       		.uleb128 0x6
 1122 0210 03       		.byte	0x3
 1123 0211 00000000 		.4byte	uc866
 1124 0215 9F       		.byte	0x9f
 1125 0216 00       		.byte	0
 1126 0217 0A       		.uleb128 0xa
 1127 0218 AD000000 		.4byte	0xad
 1128 021c 0F       		.uleb128 0xf
 1129 021d E7010000 		.4byte	.LASF23
 1130 0221 01       		.byte	0x1
 1131 0222 763B     		.2byte	0x3b76
 1132 0224 07       		.byte	0x7
 1133 0225 A1000000 		.4byte	0xa1
 1134 0229 00000000 		.4byte	.LFB0
 1135 022d 40000000 		.4byte	.LFE0-.LFB0
 1136 0231 01       		.uleb128 0x1
 1137 0232 9C       		.byte	0x9c
 1138 0233 08       		.uleb128 0x8
 1139 0234 756E6900 		.ascii	"uni\000"
 1140 0238 773B     		.2byte	0x3b77
ARM GAS  /tmp/cckGYiq1.s 			page 21


 1141 023a 95000000 		.4byte	0x95
 1142 023e E3010000 		.4byte	.LLST0
 1143 0242 D3010000 		.4byte	.LVUS0
 1144 0246 0B       		.uleb128 0xb
 1145 0247 637000   		.ascii	"cp\000"
 1146 024a 783B     		.2byte	0x3b78
 1147 024c 84000000 		.4byte	0x84
 1148 0250 01       		.uleb128 0x1
 1149 0251 51       		.byte	0x51
 1150 0252 02       		.uleb128 0x2
 1151 0253 6300     		.ascii	"c\000"
 1152 0255 7B3B     		.2byte	0x3b7b
 1153 0257 08       		.byte	0x8
 1154 0258 A1000000 		.4byte	0xa1
 1155 025c 49020000 		.4byte	.LLST1
 1156 0260 35020000 		.4byte	.LVUS1
 1157 0264 0C       		.uleb128 0xc
 1158 0265 7000     		.ascii	"p\000"
 1159 0267 7C3B     		.2byte	0x3b7c
 1160 0269 17020000 		.4byte	0x217
 1161 026d 06       		.uleb128 0x6
 1162 026e 03       		.byte	0x3
 1163 026f 00000000 		.4byte	uc866
 1164 0273 9F       		.byte	0x9f
 1165 0274 00       		.byte	0
 1166 0275 00       		.byte	0
 1167              		.section	.debug_abbrev,"",%progbits
 1168              	.Ldebug_abbrev0:
 1169 0000 01       		.uleb128 0x1
 1170 0001 24       		.uleb128 0x24
 1171 0002 00       		.byte	0
 1172 0003 0B       		.uleb128 0xb
 1173 0004 0B       		.uleb128 0xb
 1174 0005 3E       		.uleb128 0x3e
 1175 0006 0B       		.uleb128 0xb
 1176 0007 03       		.uleb128 0x3
 1177 0008 0E       		.uleb128 0xe
 1178 0009 00       		.byte	0
 1179 000a 00       		.byte	0
 1180 000b 02       		.uleb128 0x2
 1181 000c 34       		.uleb128 0x34
 1182 000d 00       		.byte	0
 1183 000e 03       		.uleb128 0x3
 1184 000f 08       		.uleb128 0x8
 1185 0010 3A       		.uleb128 0x3a
 1186 0011 21       		.uleb128 0x21
 1187 0012 01       		.sleb128 1
 1188 0013 3B       		.uleb128 0x3b
 1189 0014 05       		.uleb128 0x5
 1190 0015 39       		.uleb128 0x39
 1191 0016 0B       		.uleb128 0xb
 1192 0017 49       		.uleb128 0x49
 1193 0018 13       		.uleb128 0x13
 1194 0019 02       		.uleb128 0x2
 1195 001a 17       		.uleb128 0x17
 1196 001b B742     		.uleb128 0x2137
 1197 001d 17       		.uleb128 0x17
ARM GAS  /tmp/cckGYiq1.s 			page 22


 1198 001e 00       		.byte	0
 1199 001f 00       		.byte	0
 1200 0020 03       		.uleb128 0x3
 1201 0021 16       		.uleb128 0x16
 1202 0022 00       		.byte	0
 1203 0023 03       		.uleb128 0x3
 1204 0024 0E       		.uleb128 0xe
 1205 0025 3A       		.uleb128 0x3a
 1206 0026 0B       		.uleb128 0xb
 1207 0027 3B       		.uleb128 0x3b
 1208 0028 0B       		.uleb128 0xb
 1209 0029 39       		.uleb128 0x39
 1210 002a 0B       		.uleb128 0xb
 1211 002b 49       		.uleb128 0x49
 1212 002c 13       		.uleb128 0x13
 1213 002d 00       		.byte	0
 1214 002e 00       		.byte	0
 1215 002f 04       		.uleb128 0x4
 1216 0030 26       		.uleb128 0x26
 1217 0031 00       		.byte	0
 1218 0032 49       		.uleb128 0x49
 1219 0033 13       		.uleb128 0x13
 1220 0034 00       		.byte	0
 1221 0035 00       		.byte	0
 1222 0036 05       		.uleb128 0x5
 1223 0037 01       		.uleb128 0x1
 1224 0038 01       		.byte	0x1
 1225 0039 49       		.uleb128 0x49
 1226 003a 13       		.uleb128 0x13
 1227 003b 01       		.uleb128 0x1
 1228 003c 13       		.uleb128 0x13
 1229 003d 00       		.byte	0
 1230 003e 00       		.byte	0
 1231 003f 06       		.uleb128 0x6
 1232 0040 21       		.uleb128 0x21
 1233 0041 00       		.byte	0
 1234 0042 49       		.uleb128 0x49
 1235 0043 13       		.uleb128 0x13
 1236 0044 2F       		.uleb128 0x2f
 1237 0045 0B       		.uleb128 0xb
 1238 0046 00       		.byte	0
 1239 0047 00       		.byte	0
 1240 0048 07       		.uleb128 0x7
 1241 0049 34       		.uleb128 0x34
 1242 004a 00       		.byte	0
 1243 004b 03       		.uleb128 0x3
 1244 004c 0E       		.uleb128 0xe
 1245 004d 3A       		.uleb128 0x3a
 1246 004e 21       		.uleb128 0x21
 1247 004f 01       		.sleb128 1
 1248 0050 3B       		.uleb128 0x3b
 1249 0051 05       		.uleb128 0x5
 1250 0052 39       		.uleb128 0x39
 1251 0053 21       		.uleb128 0x21
 1252 0054 14       		.sleb128 20
 1253 0055 49       		.uleb128 0x49
 1254 0056 13       		.uleb128 0x13
ARM GAS  /tmp/cckGYiq1.s 			page 23


 1255 0057 02       		.uleb128 0x2
 1256 0058 18       		.uleb128 0x18
 1257 0059 00       		.byte	0
 1258 005a 00       		.byte	0
 1259 005b 08       		.uleb128 0x8
 1260 005c 05       		.uleb128 0x5
 1261 005d 00       		.byte	0
 1262 005e 03       		.uleb128 0x3
 1263 005f 08       		.uleb128 0x8
 1264 0060 3A       		.uleb128 0x3a
 1265 0061 21       		.uleb128 0x21
 1266 0062 01       		.sleb128 1
 1267 0063 3B       		.uleb128 0x3b
 1268 0064 05       		.uleb128 0x5
 1269 0065 39       		.uleb128 0x39
 1270 0066 21       		.uleb128 0x21
 1271 0067 08       		.sleb128 8
 1272 0068 49       		.uleb128 0x49
 1273 0069 13       		.uleb128 0x13
 1274 006a 02       		.uleb128 0x2
 1275 006b 17       		.uleb128 0x17
 1276 006c B742     		.uleb128 0x2137
 1277 006e 17       		.uleb128 0x17
 1278 006f 00       		.byte	0
 1279 0070 00       		.byte	0
 1280 0071 09       		.uleb128 0x9
 1281 0072 2E       		.uleb128 0x2e
 1282 0073 01       		.byte	0x1
 1283 0074 3F       		.uleb128 0x3f
 1284 0075 19       		.uleb128 0x19
 1285 0076 03       		.uleb128 0x3
 1286 0077 0E       		.uleb128 0xe
 1287 0078 3A       		.uleb128 0x3a
 1288 0079 21       		.uleb128 0x21
 1289 007a 01       		.sleb128 1
 1290 007b 3B       		.uleb128 0x3b
 1291 007c 05       		.uleb128 0x5
 1292 007d 39       		.uleb128 0x39
 1293 007e 21       		.uleb128 0x21
 1294 007f 07       		.sleb128 7
 1295 0080 27       		.uleb128 0x27
 1296 0081 19       		.uleb128 0x19
 1297 0082 49       		.uleb128 0x49
 1298 0083 13       		.uleb128 0x13
 1299 0084 11       		.uleb128 0x11
 1300 0085 01       		.uleb128 0x1
 1301 0086 12       		.uleb128 0x12
 1302 0087 06       		.uleb128 0x6
 1303 0088 40       		.uleb128 0x40
 1304 0089 18       		.uleb128 0x18
 1305 008a 7A       		.uleb128 0x7a
 1306 008b 19       		.uleb128 0x19
 1307 008c 01       		.uleb128 0x1
 1308 008d 13       		.uleb128 0x13
 1309 008e 00       		.byte	0
 1310 008f 00       		.byte	0
 1311 0090 0A       		.uleb128 0xa
ARM GAS  /tmp/cckGYiq1.s 			page 24


 1312 0091 0F       		.uleb128 0xf
 1313 0092 00       		.byte	0
 1314 0093 0B       		.uleb128 0xb
 1315 0094 21       		.uleb128 0x21
 1316 0095 04       		.sleb128 4
 1317 0096 49       		.uleb128 0x49
 1318 0097 13       		.uleb128 0x13
 1319 0098 00       		.byte	0
 1320 0099 00       		.byte	0
 1321 009a 0B       		.uleb128 0xb
 1322 009b 05       		.uleb128 0x5
 1323 009c 00       		.byte	0
 1324 009d 03       		.uleb128 0x3
 1325 009e 08       		.uleb128 0x8
 1326 009f 3A       		.uleb128 0x3a
 1327 00a0 21       		.uleb128 0x21
 1328 00a1 01       		.sleb128 1
 1329 00a2 3B       		.uleb128 0x3b
 1330 00a3 05       		.uleb128 0x5
 1331 00a4 39       		.uleb128 0x39
 1332 00a5 21       		.uleb128 0x21
 1333 00a6 07       		.sleb128 7
 1334 00a7 49       		.uleb128 0x49
 1335 00a8 13       		.uleb128 0x13
 1336 00a9 02       		.uleb128 0x2
 1337 00aa 18       		.uleb128 0x18
 1338 00ab 00       		.byte	0
 1339 00ac 00       		.byte	0
 1340 00ad 0C       		.uleb128 0xc
 1341 00ae 34       		.uleb128 0x34
 1342 00af 00       		.byte	0
 1343 00b0 03       		.uleb128 0x3
 1344 00b1 08       		.uleb128 0x8
 1345 00b2 3A       		.uleb128 0x3a
 1346 00b3 21       		.uleb128 0x21
 1347 00b4 01       		.sleb128 1
 1348 00b5 3B       		.uleb128 0x3b
 1349 00b6 05       		.uleb128 0x5
 1350 00b7 39       		.uleb128 0x39
 1351 00b8 21       		.uleb128 0x21
 1352 00b9 0F       		.sleb128 15
 1353 00ba 49       		.uleb128 0x49
 1354 00bb 13       		.uleb128 0x13
 1355 00bc 02       		.uleb128 0x2
 1356 00bd 18       		.uleb128 0x18
 1357 00be 00       		.byte	0
 1358 00bf 00       		.byte	0
 1359 00c0 0D       		.uleb128 0xd
 1360 00c1 11       		.uleb128 0x11
 1361 00c2 01       		.byte	0x1
 1362 00c3 25       		.uleb128 0x25
 1363 00c4 0E       		.uleb128 0xe
 1364 00c5 13       		.uleb128 0x13
 1365 00c6 0B       		.uleb128 0xb
 1366 00c7 03       		.uleb128 0x3
 1367 00c8 0E       		.uleb128 0xe
 1368 00c9 1B       		.uleb128 0x1b
ARM GAS  /tmp/cckGYiq1.s 			page 25


 1369 00ca 0E       		.uleb128 0xe
 1370 00cb 55       		.uleb128 0x55
 1371 00cc 17       		.uleb128 0x17
 1372 00cd 11       		.uleb128 0x11
 1373 00ce 01       		.uleb128 0x1
 1374 00cf 10       		.uleb128 0x10
 1375 00d0 17       		.uleb128 0x17
 1376 00d1 00       		.byte	0
 1377 00d2 00       		.byte	0
 1378 00d3 0E       		.uleb128 0xe
 1379 00d4 24       		.uleb128 0x24
 1380 00d5 00       		.byte	0
 1381 00d6 0B       		.uleb128 0xb
 1382 00d7 0B       		.uleb128 0xb
 1383 00d8 3E       		.uleb128 0x3e
 1384 00d9 0B       		.uleb128 0xb
 1385 00da 03       		.uleb128 0x3
 1386 00db 08       		.uleb128 0x8
 1387 00dc 00       		.byte	0
 1388 00dd 00       		.byte	0
 1389 00de 0F       		.uleb128 0xf
 1390 00df 2E       		.uleb128 0x2e
 1391 00e0 01       		.byte	0x1
 1392 00e1 3F       		.uleb128 0x3f
 1393 00e2 19       		.uleb128 0x19
 1394 00e3 03       		.uleb128 0x3
 1395 00e4 0E       		.uleb128 0xe
 1396 00e5 3A       		.uleb128 0x3a
 1397 00e6 0B       		.uleb128 0xb
 1398 00e7 3B       		.uleb128 0x3b
 1399 00e8 05       		.uleb128 0x5
 1400 00e9 39       		.uleb128 0x39
 1401 00ea 0B       		.uleb128 0xb
 1402 00eb 27       		.uleb128 0x27
 1403 00ec 19       		.uleb128 0x19
 1404 00ed 49       		.uleb128 0x49
 1405 00ee 13       		.uleb128 0x13
 1406 00ef 11       		.uleb128 0x11
 1407 00f0 01       		.uleb128 0x1
 1408 00f1 12       		.uleb128 0x12
 1409 00f2 06       		.uleb128 0x6
 1410 00f3 40       		.uleb128 0x40
 1411 00f4 18       		.uleb128 0x18
 1412 00f5 7A       		.uleb128 0x7a
 1413 00f6 19       		.uleb128 0x19
 1414 00f7 00       		.byte	0
 1415 00f8 00       		.byte	0
 1416 00f9 00       		.byte	0
 1417              		.section	.debug_loclists,"",%progbits
 1418 0000 85020000 		.4byte	.Ldebug_loc3-.Ldebug_loc2
 1419              	.Ldebug_loc2:
 1420 0004 0500     		.2byte	0x5
 1421 0006 04       		.byte	0x4
 1422 0007 00       		.byte	0
 1423 0008 00000000 		.4byte	0
 1424              	.Ldebug_loc0:
 1425              	.LVUS4:
ARM GAS  /tmp/cckGYiq1.s 			page 26


 1426 000c 00       		.uleb128 0
 1427 000d 00       		.uleb128 .LVU89
 1428 000e 00       		.uleb128 .LVU89
 1429 000f 00       		.uleb128 0
 1430              	.LLST4:
 1431 0010 06       		.byte	0x6
 1432 0011 00000000 		.4byte	.LVL18
 1433 0015 04       		.byte	0x4
 1434 0016 00       		.uleb128 .LVL18-.LVL18
 1435 0017 5C       		.uleb128 .LVL31-.LVL18
 1436 0018 01       		.uleb128 0x1
 1437 0019 50       		.byte	0x50
 1438 001a 04       		.byte	0x4
 1439 001b 5C       		.uleb128 .LVL31-.LVL18
 1440 001c A001     		.uleb128 .LFE2-.LVL18
 1441 001e 01       		.uleb128 0x1
 1442 001f 50       		.byte	0x50
 1443 0020 00       		.byte	0
 1444              	.LVUS5:
 1445 0021 00       		.uleb128 .LVU59
 1446 0022 00       		.uleb128 .LVU60
 1447 0023 00       		.uleb128 .LVU60
 1448 0024 02       		.uleb128 .LVU62
 1449 0025 02       		.uleb128 .LVU62
 1450 0026 00       		.uleb128 .LVU68
 1451 0027 00       		.uleb128 .LVU68
 1452 0028 00       		.uleb128 .LVU81
 1453 0029 00       		.uleb128 .LVU81
 1454 002a 00       		.uleb128 .LVU82
 1455 002b 00       		.uleb128 .LVU82
 1456 002c 01       		.uleb128 .LVU87
 1457 002d 00       		.uleb128 .LVU91
 1458 002e 00       		.uleb128 .LVU124
 1459              	.LLST5:
 1460 002f 06       		.byte	0x6
 1461 0030 18000000 		.4byte	.LVL20
 1462 0034 04       		.byte	0x4
 1463 0035 00       		.uleb128 .LVL20-.LVL20
 1464 0036 02       		.uleb128 .LVL21-.LVL20
 1465 0037 01       		.uleb128 0x1
 1466 0038 54       		.byte	0x54
 1467 0039 04       		.byte	0x4
 1468 003a 02       		.uleb128 .LVL21-.LVL20
 1469 003b 02       		.uleb128 .LVL21-.LVL20
 1470 003c 01       		.uleb128 0x1
 1471 003d 53       		.byte	0x53
 1472 003e 04       		.byte	0x4
 1473 003f 02       		.uleb128 .LVL21-.LVL20
 1474 0040 0C       		.uleb128 .LVL23-.LVL20
 1475 0041 03       		.uleb128 0x3
 1476 0042 73       		.byte	0x73
 1477 0043 02       		.sleb128 2
 1478 0044 9F       		.byte	0x9f
 1479 0045 04       		.byte	0x4
 1480 0046 0C       		.uleb128 .LVL23-.LVL20
 1481 0047 26       		.uleb128 .LVL27-.LVL20
 1482 0048 01       		.uleb128 0x1
ARM GAS  /tmp/cckGYiq1.s 			page 27


 1483 0049 54       		.byte	0x54
 1484 004a 04       		.byte	0x4
 1485 004b 26       		.uleb128 .LVL27-.LVL20
 1486 004c 28       		.uleb128 .LVL28-.LVL20
 1487 004d 01       		.uleb128 0x1
 1488 004e 53       		.byte	0x53
 1489 004f 04       		.byte	0x4
 1490 0050 28       		.uleb128 .LVL28-.LVL20
 1491 0051 42       		.uleb128 .LVL30-.LVL20
 1492 0052 01       		.uleb128 0x1
 1493 0053 54       		.byte	0x54
 1494 0054 04       		.byte	0x4
 1495 0055 46       		.uleb128 .LVL32-.LVL20
 1496 0056 7E       		.uleb128 .LVL49-.LVL20
 1497 0057 01       		.uleb128 0x1
 1498 0058 54       		.byte	0x54
 1499 0059 00       		.byte	0
 1500              	.LVUS6:
 1501 005a 00       		.uleb128 .LVU55
 1502 005b 00       		.uleb128 .LVU94
 1503 005c 00       		.uleb128 .LVU94
 1504 005d 00       		.uleb128 .LVU95
 1505 005e 00       		.uleb128 .LVU95
 1506 005f 00       		.uleb128 .LVU98
 1507 0060 00       		.uleb128 .LVU98
 1508 0061 00       		.uleb128 .LVU99
 1509 0062 00       		.uleb128 .LVU99
 1510 0063 00       		.uleb128 .LVU102
 1511 0064 00       		.uleb128 .LVU102
 1512 0065 00       		.uleb128 .LVU103
 1513 0066 00       		.uleb128 .LVU103
 1514 0067 00       		.uleb128 .LVU106
 1515 0068 00       		.uleb128 .LVU106
 1516 0069 00       		.uleb128 .LVU107
 1517 006a 00       		.uleb128 .LVU107
 1518 006b 00       		.uleb128 .LVU110
 1519 006c 00       		.uleb128 .LVU110
 1520 006d 00       		.uleb128 .LVU111
 1521 006e 00       		.uleb128 .LVU111
 1522 006f 00       		.uleb128 .LVU114
 1523 0070 00       		.uleb128 .LVU114
 1524 0071 00       		.uleb128 .LVU115
 1525 0072 00       		.uleb128 .LVU115
 1526 0073 00       		.uleb128 .LVU118
 1527 0074 00       		.uleb128 .LVU118
 1528 0075 00       		.uleb128 .LVU119
 1529 0076 00       		.uleb128 .LVU119
 1530 0077 00       		.uleb128 .LVU122
 1531 0078 00       		.uleb128 .LVU122
 1532 0079 00       		.uleb128 .LVU123
 1533 007a 00       		.uleb128 .LVU123
 1534 007b 00       		.uleb128 .LVU124
 1535              	.LLST6:
 1536 007c 06       		.byte	0x6
 1537 007d 0A000000 		.4byte	.LVL19
 1538 0081 04       		.byte	0x4
 1539 0082 00       		.uleb128 .LVL19-.LVL19
ARM GAS  /tmp/cckGYiq1.s 			page 28


 1540 0083 5C       		.uleb128 .LVL33-.LVL19
 1541 0084 01       		.uleb128 0x1
 1542 0085 55       		.byte	0x55
 1543 0086 04       		.byte	0x4
 1544 0087 5C       		.uleb128 .LVL33-.LVL19
 1545 0088 5E       		.uleb128 .LVL34-.LVL19
 1546 0089 01       		.uleb128 0x1
 1547 008a 50       		.byte	0x50
 1548 008b 04       		.byte	0x4
 1549 008c 5E       		.uleb128 .LVL34-.LVL19
 1550 008d 62       		.uleb128 .LVL35-.LVL19
 1551 008e 01       		.uleb128 0x1
 1552 008f 55       		.byte	0x55
 1553 0090 04       		.byte	0x4
 1554 0091 62       		.uleb128 .LVL35-.LVL19
 1555 0092 64       		.uleb128 .LVL36-.LVL19
 1556 0093 03       		.uleb128 0x3
 1557 0094 75       		.byte	0x75
 1558 0095 10       		.sleb128 16
 1559 0096 9F       		.byte	0x9f
 1560 0097 04       		.byte	0x4
 1561 0098 64       		.uleb128 .LVL36-.LVL19
 1562 0099 68       		.uleb128 .LVL37-.LVL19
 1563 009a 01       		.uleb128 0x1
 1564 009b 55       		.byte	0x55
 1565 009c 04       		.byte	0x4
 1566 009d 68       		.uleb128 .LVL37-.LVL19
 1567 009e 6A       		.uleb128 .LVL38-.LVL19
 1568 009f 03       		.uleb128 0x3
 1569 00a0 75       		.byte	0x75
 1570 00a1 20       		.sleb128 32
 1571 00a2 9F       		.byte	0x9f
 1572 00a3 04       		.byte	0x4
 1573 00a4 6A       		.uleb128 .LVL38-.LVL19
 1574 00a5 6E       		.uleb128 .LVL39-.LVL19
 1575 00a6 01       		.uleb128 0x1
 1576 00a7 55       		.byte	0x55
 1577 00a8 04       		.byte	0x4
 1578 00a9 6E       		.uleb128 .LVL39-.LVL19
 1579 00aa 70       		.uleb128 .LVL40-.LVL19
 1580 00ab 03       		.uleb128 0x3
 1581 00ac 75       		.byte	0x75
 1582 00ad 30       		.sleb128 48
 1583 00ae 9F       		.byte	0x9f
 1584 00af 04       		.byte	0x4
 1585 00b0 70       		.uleb128 .LVL40-.LVL19
 1586 00b1 74       		.uleb128 .LVL41-.LVL19
 1587 00b2 01       		.uleb128 0x1
 1588 00b3 55       		.byte	0x55
 1589 00b4 04       		.byte	0x4
 1590 00b5 74       		.uleb128 .LVL41-.LVL19
 1591 00b6 76       		.uleb128 .LVL42-.LVL19
 1592 00b7 03       		.uleb128 0x3
 1593 00b8 75       		.byte	0x75
 1594 00b9 1A       		.sleb128 26
 1595 00ba 9F       		.byte	0x9f
 1596 00bb 04       		.byte	0x4
ARM GAS  /tmp/cckGYiq1.s 			page 29


 1597 00bc 76       		.uleb128 .LVL42-.LVL19
 1598 00bd 7A       		.uleb128 .LVL43-.LVL19
 1599 00be 01       		.uleb128 0x1
 1600 00bf 55       		.byte	0x55
 1601 00c0 04       		.byte	0x4
 1602 00c1 7A       		.uleb128 .LVL43-.LVL19
 1603 00c2 7C       		.uleb128 .LVL44-.LVL19
 1604 00c3 03       		.uleb128 0x3
 1605 00c4 75       		.byte	0x75
 1606 00c5 78       		.sleb128 -8
 1607 00c6 9F       		.byte	0x9f
 1608 00c7 04       		.byte	0x4
 1609 00c8 7C       		.uleb128 .LVL44-.LVL19
 1610 00c9 8001     		.uleb128 .LVL45-.LVL19
 1611 00cb 01       		.uleb128 0x1
 1612 00cc 55       		.byte	0x55
 1613 00cd 04       		.byte	0x4
 1614 00ce 8001     		.uleb128 .LVL45-.LVL19
 1615 00d0 8201     		.uleb128 .LVL46-.LVL19
 1616 00d2 04       		.uleb128 0x4
 1617 00d3 75       		.byte	0x75
 1618 00d4 D000     		.sleb128 80
 1619 00d6 9F       		.byte	0x9f
 1620 00d7 04       		.byte	0x4
 1621 00d8 8201     		.uleb128 .LVL46-.LVL19
 1622 00da 8801     		.uleb128 .LVL47-.LVL19
 1623 00dc 01       		.uleb128 0x1
 1624 00dd 55       		.byte	0x55
 1625 00de 04       		.byte	0x4
 1626 00df 8801     		.uleb128 .LVL47-.LVL19
 1627 00e1 8A01     		.uleb128 .LVL48-.LVL19
 1628 00e3 04       		.uleb128 0x4
 1629 00e4 75       		.byte	0x75
 1630 00e5 E038     		.sleb128 7264
 1631 00e7 9F       		.byte	0x9f
 1632 00e8 04       		.byte	0x4
 1633 00e9 8A01     		.uleb128 .LVL48-.LVL19
 1634 00eb 8C01     		.uleb128 .LVL49-.LVL19
 1635 00ed 01       		.uleb128 0x1
 1636 00ee 55       		.byte	0x55
 1637 00ef 00       		.byte	0
 1638              	.LVUS7:
 1639 00f0 00       		.uleb128 .LVU59
 1640 00f1 00       		.uleb128 .LVU60
 1641 00f2 00       		.uleb128 .LVU63
 1642 00f3 00       		.uleb128 .LVU124
 1643              	.LLST7:
 1644 00f4 06       		.byte	0x6
 1645 00f5 18000000 		.4byte	.LVL20
 1646 00f9 04       		.byte	0x4
 1647 00fa 00       		.uleb128 .LVL20-.LVL20
 1648 00fb 02       		.uleb128 .LVL21-.LVL20
 1649 00fc 01       		.uleb128 0x1
 1650 00fd 52       		.byte	0x52
 1651 00fe 04       		.byte	0x4
 1652 00ff 04       		.uleb128 .LVL22-.LVL20
 1653 0100 7E       		.uleb128 .LVL49-.LVL20
ARM GAS  /tmp/cckGYiq1.s 			page 30


 1654 0101 01       		.uleb128 0x1
 1655 0102 52       		.byte	0x52
 1656 0103 00       		.byte	0
 1657              	.LVUS8:
 1658 0104 00       		.uleb128 .LVU59
 1659 0105 00       		.uleb128 .LVU60
 1660 0106 00       		.uleb128 .LVU69
 1661 0107 00       		.uleb128 .LVU81
 1662 0108 00       		.uleb128 .LVU81
 1663 0109 00       		.uleb128 .LVU82
 1664 010a 00       		.uleb128 .LVU82
 1665 010b 00       		.uleb128 .LVU83
 1666 010c 00       		.uleb128 .LVU83
 1667 010d 01       		.uleb128 .LVU87
 1668 010e 00       		.uleb128 .LVU91
 1669 010f 00       		.uleb128 .LVU124
 1670              	.LLST8:
 1671 0110 06       		.byte	0x6
 1672 0111 18000000 		.4byte	.LVL20
 1673 0115 04       		.byte	0x4
 1674 0116 00       		.uleb128 .LVL20-.LVL20
 1675 0117 02       		.uleb128 .LVL21-.LVL20
 1676 0118 01       		.uleb128 0x1
 1677 0119 53       		.byte	0x53
 1678 011a 04       		.byte	0x4
 1679 011b 0E       		.uleb128 .LVL24-.LVL20
 1680 011c 26       		.uleb128 .LVL27-.LVL20
 1681 011d 01       		.uleb128 0x1
 1682 011e 53       		.byte	0x53
 1683 011f 04       		.byte	0x4
 1684 0120 26       		.uleb128 .LVL27-.LVL20
 1685 0121 28       		.uleb128 .LVL28-.LVL20
 1686 0122 08       		.uleb128 0x8
 1687 0123 74       		.byte	0x74
 1688 0124 7E       		.sleb128 -2
 1689 0125 94       		.byte	0x94
 1690 0126 01       		.byte	0x1
 1691 0127 08       		.byte	0x8
 1692 0128 FF       		.byte	0xff
 1693 0129 1A       		.byte	0x1a
 1694 012a 9F       		.byte	0x9f
 1695 012b 04       		.byte	0x4
 1696 012c 28       		.uleb128 .LVL28-.LVL20
 1697 012d 30       		.uleb128 .LVL29-.LVL20
 1698 012e 01       		.uleb128 0x1
 1699 012f 53       		.byte	0x53
 1700 0130 04       		.byte	0x4
 1701 0131 30       		.uleb128 .LVL29-.LVL20
 1702 0132 42       		.uleb128 .LVL30-.LVL20
 1703 0133 08       		.uleb128 0x8
 1704 0134 74       		.byte	0x74
 1705 0135 7E       		.sleb128 -2
 1706 0136 94       		.byte	0x94
 1707 0137 01       		.byte	0x1
 1708 0138 08       		.byte	0x8
 1709 0139 FF       		.byte	0xff
 1710 013a 1A       		.byte	0x1a
ARM GAS  /tmp/cckGYiq1.s 			page 31


 1711 013b 9F       		.byte	0x9f
 1712 013c 04       		.byte	0x4
 1713 013d 46       		.uleb128 .LVL32-.LVL20
 1714 013e 7E       		.uleb128 .LVL49-.LVL20
 1715 013f 08       		.uleb128 0x8
 1716 0140 74       		.byte	0x74
 1717 0141 7E       		.sleb128 -2
 1718 0142 94       		.byte	0x94
 1719 0143 01       		.byte	0x1
 1720 0144 08       		.byte	0x8
 1721 0145 FF       		.byte	0xff
 1722 0146 1A       		.byte	0x1a
 1723 0147 9F       		.byte	0x9f
 1724 0148 00       		.byte	0
 1725              	.LVUS9:
 1726 0149 00       		.uleb128 .LVU59
 1727 014a 00       		.uleb128 .LVU60
 1728 014b 00       		.uleb128 .LVU71
 1729 014c 01       		.uleb128 .LVU87
 1730 014d 00       		.uleb128 .LVU91
 1731 014e 00       		.uleb128 .LVU124
 1732              	.LLST9:
 1733 014f 06       		.byte	0x6
 1734 0150 18000000 		.4byte	.LVL20
 1735 0154 04       		.byte	0x4
 1736 0155 00       		.uleb128 .LVL20-.LVL20
 1737 0156 02       		.uleb128 .LVL21-.LVL20
 1738 0157 01       		.uleb128 0x1
 1739 0158 51       		.byte	0x51
 1740 0159 04       		.byte	0x4
 1741 015a 10       		.uleb128 .LVL25-.LVL20
 1742 015b 42       		.uleb128 .LVL30-.LVL20
 1743 015c 01       		.uleb128 0x1
 1744 015d 51       		.byte	0x51
 1745 015e 04       		.byte	0x4
 1746 015f 46       		.uleb128 .LVL32-.LVL20
 1747 0160 7E       		.uleb128 .LVL49-.LVL20
 1748 0161 01       		.uleb128 0x1
 1749 0162 51       		.byte	0x51
 1750 0163 00       		.byte	0
 1751              	.LVUS2:
 1752 0164 00       		.uleb128 0
 1753 0165 00       		.uleb128 .LVU34
 1754 0166 00       		.uleb128 .LVU34
 1755 0167 00       		.uleb128 .LVU35
 1756 0168 00       		.uleb128 .LVU35
 1757 0169 00       		.uleb128 .LVU39
 1758 016a 00       		.uleb128 .LVU39
 1759 016b 00       		.uleb128 .LVU42
 1760 016c 00       		.uleb128 .LVU42
 1761 016d 00       		.uleb128 .LVU43
 1762 016e 00       		.uleb128 .LVU43
 1763 016f 00       		.uleb128 0
 1764              	.LLST2:
 1765 0170 06       		.byte	0x6
 1766 0171 00000000 		.4byte	.LVL11
 1767 0175 04       		.byte	0x4
ARM GAS  /tmp/cckGYiq1.s 			page 32


 1768 0176 00       		.uleb128 .LVL11-.LVL11
 1769 0177 0E       		.uleb128 .LVL12-.LVL11
 1770 0178 01       		.uleb128 0x1
 1771 0179 50       		.byte	0x50
 1772 017a 04       		.byte	0x4
 1773 017b 0E       		.uleb128 .LVL12-.LVL11
 1774 017c 10       		.uleb128 .LVL13-.LVL11
 1775 017d 0A       		.uleb128 0xa
 1776 017e A3       		.byte	0xa3
 1777 017f 03       		.uleb128 0x3
 1778 0180 A5       		.byte	0xa5
 1779 0181 00       		.uleb128 0
 1780 0182 26       		.uleb128 0x26
 1781 0183 A8       		.byte	0xa8
 1782 0184 34       		.uleb128 0x34
 1783 0185 A8       		.byte	0xa8
 1784 0186 00       		.uleb128 0
 1785 0187 9F       		.byte	0x9f
 1786 0188 04       		.byte	0x4
 1787 0189 10       		.uleb128 .LVL13-.LVL11
 1788 018a 18       		.uleb128 .LVL14-.LVL11
 1789 018b 01       		.uleb128 0x1
 1790 018c 50       		.byte	0x50
 1791 018d 04       		.byte	0x4
 1792 018e 18       		.uleb128 .LVL14-.LVL11
 1793 018f 22       		.uleb128 .LVL16-.LVL11
 1794 0190 0A       		.uleb128 0xa
 1795 0191 A3       		.byte	0xa3
 1796 0192 03       		.uleb128 0x3
 1797 0193 A5       		.byte	0xa5
 1798 0194 00       		.uleb128 0
 1799 0195 26       		.uleb128 0x26
 1800 0196 A8       		.byte	0xa8
 1801 0197 34       		.uleb128 0x34
 1802 0198 A8       		.byte	0xa8
 1803 0199 00       		.uleb128 0
 1804 019a 9F       		.byte	0x9f
 1805 019b 04       		.byte	0x4
 1806 019c 22       		.uleb128 .LVL16-.LVL11
 1807 019d 24       		.uleb128 .LVL17-.LVL11
 1808 019e 01       		.uleb128 0x1
 1809 019f 50       		.byte	0x50
 1810 01a0 04       		.byte	0x4
 1811 01a1 24       		.uleb128 .LVL17-.LVL11
 1812 01a2 2C       		.uleb128 .LFE1-.LVL11
 1813 01a3 0A       		.uleb128 0xa
 1814 01a4 A3       		.byte	0xa3
 1815 01a5 03       		.uleb128 0x3
 1816 01a6 A5       		.byte	0xa5
 1817 01a7 00       		.uleb128 0
 1818 01a8 26       		.uleb128 0x26
 1819 01a9 A8       		.byte	0xa8
 1820 01aa 34       		.uleb128 0x34
 1821 01ab A8       		.byte	0xa8
 1822 01ac 00       		.uleb128 0
 1823 01ad 9F       		.byte	0x9f
 1824 01ae 00       		.byte	0
ARM GAS  /tmp/cckGYiq1.s 			page 33


 1825              	.LVUS3:
 1826 01af 02       		.uleb128 .LVU28
 1827 01b0 00       		.uleb128 .LVU41
 1828 01b1 00       		.uleb128 .LVU41
 1829 01b2 00       		.uleb128 .LVU42
 1830 01b3 00       		.uleb128 .LVU42
 1831 01b4 00       		.uleb128 .LVU43
 1832 01b5 00       		.uleb128 .LVU43
 1833 01b6 00       		.uleb128 0
 1834              	.LLST3:
 1835 01b7 06       		.byte	0x6
 1836 01b8 00000000 		.4byte	.LVL11
 1837 01bc 04       		.byte	0x4
 1838 01bd 00       		.uleb128 .LVL11-.LVL11
 1839 01be 20       		.uleb128 .LVL15-.LVL11
 1840 01bf 02       		.uleb128 0x2
 1841 01c0 30       		.byte	0x30
 1842 01c1 9F       		.byte	0x9f
 1843 01c2 04       		.byte	0x4
 1844 01c3 20       		.uleb128 .LVL15-.LVL11
 1845 01c4 22       		.uleb128 .LVL16-.LVL11
 1846 01c5 01       		.uleb128 0x1
 1847 01c6 50       		.byte	0x50
 1848 01c7 04       		.byte	0x4
 1849 01c8 22       		.uleb128 .LVL16-.LVL11
 1850 01c9 24       		.uleb128 .LVL17-.LVL11
 1851 01ca 02       		.uleb128 0x2
 1852 01cb 30       		.byte	0x30
 1853 01cc 9F       		.byte	0x9f
 1854 01cd 04       		.byte	0x4
 1855 01ce 24       		.uleb128 .LVL17-.LVL11
 1856 01cf 2C       		.uleb128 .LFE1-.LVL11
 1857 01d0 01       		.uleb128 0x1
 1858 01d1 50       		.byte	0x50
 1859 01d2 00       		.byte	0
 1860              	.LVUS0:
 1861 01d3 00       		.uleb128 0
 1862 01d4 00       		.uleb128 .LVU7
 1863 01d5 00       		.uleb128 .LVU7
 1864 01d6 00       		.uleb128 .LVU8
 1865 01d7 00       		.uleb128 .LVU8
 1866 01d8 00       		.uleb128 .LVU12
 1867 01d9 00       		.uleb128 .LVU12
 1868 01da 00       		.uleb128 .LVU13
 1869 01db 00       		.uleb128 .LVU13
 1870 01dc 00       		.uleb128 .LVU21
 1871 01dd 00       		.uleb128 .LVU21
 1872 01de 00       		.uleb128 .LVU22
 1873 01df 00       		.uleb128 .LVU22
 1874 01e0 00       		.uleb128 .LVU24
 1875 01e1 00       		.uleb128 .LVU24
 1876 01e2 00       		.uleb128 0
 1877              	.LLST0:
 1878 01e3 06       		.byte	0x6
 1879 01e4 00000000 		.4byte	.LVL0
 1880 01e8 04       		.byte	0x4
 1881 01e9 00       		.uleb128 .LVL0-.LVL0
ARM GAS  /tmp/cckGYiq1.s 			page 34


 1882 01ea 06       		.uleb128 .LVL1-.LVL0
 1883 01eb 01       		.uleb128 0x1
 1884 01ec 50       		.byte	0x50
 1885 01ed 04       		.byte	0x4
 1886 01ee 06       		.uleb128 .LVL1-.LVL0
 1887 01ef 08       		.uleb128 .LVL2-.LVL0
 1888 01f0 0A       		.uleb128 0xa
 1889 01f1 A3       		.byte	0xa3
 1890 01f2 03       		.uleb128 0x3
 1891 01f3 A5       		.byte	0xa5
 1892 01f4 00       		.uleb128 0
 1893 01f5 26       		.uleb128 0x26
 1894 01f6 A8       		.byte	0xa8
 1895 01f7 2D       		.uleb128 0x2d
 1896 01f8 A8       		.byte	0xa8
 1897 01f9 00       		.uleb128 0
 1898 01fa 9F       		.byte	0x9f
 1899 01fb 04       		.byte	0x4
 1900 01fc 08       		.uleb128 .LVL2-.LVL0
 1901 01fd 18       		.uleb128 .LVL3-.LVL0
 1902 01fe 01       		.uleb128 0x1
 1903 01ff 50       		.byte	0x50
 1904 0200 04       		.byte	0x4
 1905 0201 18       		.uleb128 .LVL3-.LVL0
 1906 0202 1A       		.uleb128 .LVL4-.LVL0
 1907 0203 0A       		.uleb128 0xa
 1908 0204 A3       		.byte	0xa3
 1909 0205 03       		.uleb128 0x3
 1910 0206 A5       		.byte	0xa5
 1911 0207 00       		.uleb128 0
 1912 0208 26       		.uleb128 0x26
 1913 0209 A8       		.byte	0xa8
 1914 020a 2D       		.uleb128 0x2d
 1915 020b A8       		.byte	0xa8
 1916 020c 00       		.uleb128 0
 1917 020d 9F       		.byte	0x9f
 1918 020e 04       		.byte	0x4
 1919 020f 1A       		.uleb128 .LVL4-.LVL0
 1920 0210 30       		.uleb128 .LVL8-.LVL0
 1921 0211 01       		.uleb128 0x1
 1922 0212 50       		.byte	0x50
 1923 0213 04       		.byte	0x4
 1924 0214 30       		.uleb128 .LVL8-.LVL0
 1925 0215 32       		.uleb128 .LVL9-.LVL0
 1926 0216 0A       		.uleb128 0xa
 1927 0217 A3       		.byte	0xa3
 1928 0218 03       		.uleb128 0x3
 1929 0219 A5       		.byte	0xa5
 1930 021a 00       		.uleb128 0
 1931 021b 26       		.uleb128 0x26
 1932 021c A8       		.byte	0xa8
 1933 021d 2D       		.uleb128 0x2d
 1934 021e A8       		.byte	0xa8
 1935 021f 00       		.uleb128 0
 1936 0220 9F       		.byte	0x9f
 1937 0221 04       		.byte	0x4
 1938 0222 32       		.uleb128 .LVL9-.LVL0
ARM GAS  /tmp/cckGYiq1.s 			page 35


 1939 0223 38       		.uleb128 .LVL10-.LVL0
 1940 0224 01       		.uleb128 0x1
 1941 0225 50       		.byte	0x50
 1942 0226 04       		.byte	0x4
 1943 0227 38       		.uleb128 .LVL10-.LVL0
 1944 0228 40       		.uleb128 .LFE0-.LVL0
 1945 0229 0A       		.uleb128 0xa
 1946 022a A3       		.byte	0xa3
 1947 022b 03       		.uleb128 0x3
 1948 022c A5       		.byte	0xa5
 1949 022d 00       		.uleb128 0
 1950 022e 26       		.uleb128 0x26
 1951 022f A8       		.byte	0xa8
 1952 0230 2D       		.uleb128 0x2d
 1953 0231 A8       		.byte	0xa8
 1954 0232 00       		.uleb128 0
 1955 0233 9F       		.byte	0x9f
 1956 0234 00       		.byte	0
 1957              	.LVUS1:
 1958 0235 02       		.uleb128 .LVU2
 1959 0236 00       		.uleb128 .LVU7
 1960 0237 00       		.uleb128 .LVU7
 1961 0238 00       		.uleb128 .LVU8
 1962 0239 00       		.uleb128 .LVU8
 1963 023a 00       		.uleb128 .LVU13
 1964 023b 00       		.uleb128 .LVU13
 1965 023c 00       		.uleb128 .LVU14
 1966 023d 00       		.uleb128 .LVU14
 1967 023e 00       		.uleb128 .LVU15
 1968 023f 00       		.uleb128 .LVU15
 1969 0240 00       		.uleb128 .LVU20
 1970 0241 00       		.uleb128 .LVU20
 1971 0242 00       		.uleb128 .LVU21
 1972 0243 00       		.uleb128 .LVU21
 1973 0244 00       		.uleb128 .LVU22
 1974 0245 00       		.uleb128 .LVU22
 1975 0246 00       		.uleb128 .LVU24
 1976 0247 00       		.uleb128 .LVU24
 1977 0248 00       		.uleb128 0
 1978              	.LLST1:
 1979 0249 06       		.byte	0x6
 1980 024a 00000000 		.4byte	.LVL0
 1981 024e 04       		.byte	0x4
 1982 024f 00       		.uleb128 .LVL0-.LVL0
 1983 0250 06       		.uleb128 .LVL1-.LVL0
 1984 0251 02       		.uleb128 0x2
 1985 0252 30       		.byte	0x30
 1986 0253 9F       		.byte	0x9f
 1987 0254 04       		.byte	0x4
 1988 0255 06       		.uleb128 .LVL1-.LVL0
 1989 0256 08       		.uleb128 .LVL2-.LVL0
 1990 0257 01       		.uleb128 0x1
 1991 0258 50       		.byte	0x50
 1992 0259 04       		.byte	0x4
 1993 025a 08       		.uleb128 .LVL2-.LVL0
 1994 025b 1A       		.uleb128 .LVL4-.LVL0
 1995 025c 02       		.uleb128 0x2
ARM GAS  /tmp/cckGYiq1.s 			page 36


 1996 025d 30       		.byte	0x30
 1997 025e 9F       		.byte	0x9f
 1998 025f 04       		.byte	0x4
 1999 0260 1A       		.uleb128 .LVL4-.LVL0
 2000 0261 1C       		.uleb128 .LVL5-.LVL0
 2001 0262 01       		.uleb128 0x1
 2002 0263 53       		.byte	0x53
 2003 0264 04       		.byte	0x4
 2004 0265 1C       		.uleb128 .LVL5-.LVL0
 2005 0266 1E       		.uleb128 .LVL6-.LVL0
 2006 0267 03       		.uleb128 0x3
 2007 0268 73       		.byte	0x73
 2008 0269 7F       		.sleb128 -1
 2009 026a 9F       		.byte	0x9f
 2010 026b 04       		.byte	0x4
 2011 026c 1E       		.uleb128 .LVL6-.LVL0
 2012 026d 2E       		.uleb128 .LVL7-.LVL0
 2013 026e 01       		.uleb128 0x1
 2014 026f 53       		.byte	0x53
 2015 0270 04       		.byte	0x4
 2016 0271 2E       		.uleb128 .LVL7-.LVL0
 2017 0272 30       		.uleb128 .LVL8-.LVL0
 2018 0273 04       		.uleb128 0x4
 2019 0274 73       		.byte	0x73
 2020 0275 807F     		.sleb128 -128
 2021 0277 9F       		.byte	0x9f
 2022 0278 04       		.byte	0x4
 2023 0279 30       		.uleb128 .LVL8-.LVL0
 2024 027a 32       		.uleb128 .LVL9-.LVL0
 2025 027b 01       		.uleb128 0x1
 2026 027c 50       		.byte	0x50
 2027 027d 04       		.byte	0x4
 2028 027e 32       		.uleb128 .LVL9-.LVL0
 2029 027f 38       		.uleb128 .LVL10-.LVL0
 2030 0280 02       		.uleb128 0x2
 2031 0281 30       		.byte	0x30
 2032 0282 9F       		.byte	0x9f
 2033 0283 04       		.byte	0x4
 2034 0284 38       		.uleb128 .LVL10-.LVL0
 2035 0285 40       		.uleb128 .LFE0-.LVL0
 2036 0286 01       		.uleb128 0x1
 2037 0287 50       		.byte	0x50
 2038 0288 00       		.byte	0
 2039              	.Ldebug_loc3:
 2040              		.section	.debug_aranges,"",%progbits
 2041 0000 2C000000 		.4byte	0x2c
 2042 0004 0200     		.2byte	0x2
 2043 0006 00000000 		.4byte	.Ldebug_info0
 2044 000a 04       		.byte	0x4
 2045 000b 00       		.byte	0
 2046 000c 0000     		.2byte	0
 2047 000e 0000     		.2byte	0
 2048 0010 00000000 		.4byte	.LFB0
 2049 0014 40000000 		.4byte	.LFE0-.LFB0
 2050 0018 00000000 		.4byte	.LFB1
 2051 001c 2C000000 		.4byte	.LFE1-.LFB1
 2052 0020 00000000 		.4byte	.LFB2
ARM GAS  /tmp/cckGYiq1.s 			page 37


 2053 0024 A0000000 		.4byte	.LFE2-.LFB2
 2054 0028 00000000 		.4byte	0
 2055 002c 00000000 		.4byte	0
 2056              		.section	.debug_rnglists,"",%progbits
 2057              	.Ldebug_ranges0:
 2058 0000 1C000000 		.4byte	.Ldebug_ranges3-.Ldebug_ranges2
 2059              	.Ldebug_ranges2:
 2060 0004 0500     		.2byte	0x5
 2061 0006 04       		.byte	0x4
 2062 0007 00       		.byte	0
 2063 0008 00000000 		.4byte	0
 2064              	.LLRL10:
 2065 000c 07       		.byte	0x7
 2066 000d 00000000 		.4byte	.LFB0
 2067 0011 40       		.uleb128 .LFE0-.LFB0
 2068 0012 07       		.byte	0x7
 2069 0013 00000000 		.4byte	.LFB1
 2070 0017 2C       		.uleb128 .LFE1-.LFB1
 2071 0018 07       		.byte	0x7
 2072 0019 00000000 		.4byte	.LFB2
 2073 001d A001     		.uleb128 .LFE2-.LFB2
 2074 001f 00       		.byte	0
 2075              	.Ldebug_ranges3:
 2076              		.section	.debug_line,"",%progbits
 2077              	.Ldebug_line0:
 2078 0000 8D020000 		.section	.debug_str,"MS",%progbits,1
 2078      03006600 
 2078      00000201 
 2078      FB0E0D00 
 2078      01010101 
 2079              	.LASF20:
 2080 0000 474E5520 		.ascii	"GNU C11 13.2.1 20231009 -mcpu=cortex-m4 -mfloat-abi"
 2080      43313120 
 2080      31332E32 
 2080      2E312032 
 2080      30323331 
 2081 0033 3D686172 		.ascii	"=hard -mfpu=fpv4-sp-d16 -mno-thumb-interwork -mthum"
 2081      64202D6D 
 2081      6670753D 
 2081      66707634 
 2081      2D73702D 
 2082 0066 62202D6D 		.ascii	"b -march=armv7e-m+fp -ggdb -Og -std=c11 -fno-inline"
 2082      61726368 
 2082      3D61726D 
 2082      7637652D 
 2082      6D2B6670 
 2083 0099 2D736D61 		.ascii	"-small-functions -fomit-frame-pointer -falign-funct"
 2083      6C6C2D66 
 2083      756E6374 
 2083      696F6E73 
 2083      202D666F 
 2084 00cc 696F6E73 		.ascii	"ions=16 -fstack-usage -ffunction-sections -fdata-se"
 2084      3D313620 
 2084      2D667374 
 2084      61636B2D 
 2084      75736167 
 2085 00ff 6374696F 		.ascii	"ctions -fno-common -fsingle-precision-constant\000"
ARM GAS  /tmp/cckGYiq1.s 			page 38


 2085      6E73202D 
 2085      666E6F2D 
 2085      636F6D6D 
 2085      6F6E202D 
 2086              	.LASF4:
 2087 012e 73686F72 		.ascii	"short int\000"
 2087      7420696E 
 2087      7400
 2088              	.LASF22:
 2089 0138 2F776F72 		.ascii	"/workspaces/tinySA\000"
 2089      6B737061 
 2089      6365732F 
 2089      74696E79 
 2089      534100
 2090              	.LASF11:
 2091 014b 574F5244 		.ascii	"WORD\000"
 2091      00
 2092              	.LASF18:
 2093 0150 66665F77 		.ascii	"ff_wtoupper\000"
 2093      746F7570 
 2093      70657200 
 2094              	.LASF13:
 2095 015c 57434841 		.ascii	"WCHAR\000"
 2095      5200
 2096              	.LASF6:
 2097 0162 6C6F6E67 		.ascii	"long long int\000"
 2097      206C6F6E 
 2097      6720696E 
 2097      7400
 2098              	.LASF5:
 2099 0170 6C6F6E67 		.ascii	"long int\000"
 2099      20696E74 
 2099      00
 2100              	.LASF21:
 2101 0179 46617446 		.ascii	"FatFs/ffunicode.c\000"
 2101      732F6666 
 2101      756E6963 
 2101      6F64652E 
 2101      6300
 2102              	.LASF15:
 2103 018b 75633836 		.ascii	"uc866\000"
 2103      3600
 2104              	.LASF12:
 2105 0191 44574F52 		.ascii	"DWORD\000"
 2105      4400
 2106              	.LASF7:
 2107 0197 756E7369 		.ascii	"unsigned char\000"
 2107      676E6564 
 2107      20636861 
 2107      7200
 2108              	.LASF3:
 2109 01a5 7369676E 		.ascii	"signed char\000"
 2109      65642063 
 2109      68617200 
 2110              	.LASF0:
 2111 01b1 6C6F6E67 		.ascii	"long long unsigned int\000"
 2111      206C6F6E 
ARM GAS  /tmp/cckGYiq1.s 			page 39


 2111      6720756E 
 2111      7369676E 
 2111      65642069 
 2112              	.LASF9:
 2113 01c8 75696E74 		.ascii	"uint32_t\000"
 2113      33325F74 
 2113      00
 2114              	.LASF1:
 2115 01d1 756E7369 		.ascii	"unsigned int\000"
 2115      676E6564 
 2115      20696E74 
 2115      00
 2116              	.LASF8:
 2117 01de 75696E74 		.ascii	"uint16_t\000"
 2117      31365F74 
 2117      00
 2118              	.LASF23:
 2119 01e7 66665F75 		.ascii	"ff_uni2oem\000"
 2119      6E69326F 
 2119      656D00
 2120              	.LASF2:
 2121 01f2 73686F72 		.ascii	"short unsigned int\000"
 2121      7420756E 
 2121      7369676E 
 2121      65642069 
 2121      6E7400
 2122              	.LASF14:
 2123 0205 63686172 		.ascii	"char\000"
 2123      00
 2124              	.LASF10:
 2125 020a 6C6F6E67 		.ascii	"long unsigned int\000"
 2125      20756E73 
 2125      69676E65 
 2125      6420696E 
 2125      7400
 2126              	.LASF16:
 2127 021c 63767431 		.ascii	"cvt1\000"
 2127      00
 2128              	.LASF17:
 2129 0221 63767432 		.ascii	"cvt2\000"
 2129      00
 2130              	.LASF19:
 2131 0226 66665F6F 		.ascii	"ff_oem2uni\000"
 2131      656D3275 
 2131      6E6900
 2132              		.ident	"GCC: (15:13.2.rel1-2) 13.2.1 20231009"
ARM GAS  /tmp/cckGYiq1.s 			page 40


DEFINED SYMBOLS
                            *ABS*:00000000 ffunicode.c
     /tmp/cckGYiq1.s:21     .text.ff_uni2oem:00000000 $t
     /tmp/cckGYiq1.s:28     .text.ff_uni2oem:00000000 ff_uni2oem
     /tmp/cckGYiq1.s:106    .text.ff_uni2oem:0000003c $d
     /tmp/cckGYiq1.s:762    .rodata.uc866:00000000 uc866
     /tmp/cckGYiq1.s:111    .text.ff_oem2uni:00000000 $t
     /tmp/cckGYiq1.s:118    .text.ff_oem2uni:00000000 ff_oem2uni
     /tmp/cckGYiq1.s:172    .text.ff_oem2uni:00000028 $d
     /tmp/cckGYiq1.s:177    .text.ff_wtoupper:00000000 $t
     /tmp/cckGYiq1.s:184    .text.ff_wtoupper:00000000 ff_wtoupper
     /tmp/cckGYiq1.s:278    .text.ff_wtoupper:00000048 $d
     /tmp/cckGYiq1.s:400    .text.ff_wtoupper:00000098 $d
     /tmp/cckGYiq1.s:508    .rodata.cvt1.1:00000000 cvt1.1
     /tmp/cckGYiq1.s:409    .rodata.cvt2.0:00000000 cvt2.0
     /tmp/cckGYiq1.s:406    .rodata.cvt2.0:00000000 $d
     /tmp/cckGYiq1.s:505    .rodata.cvt1.1:00000000 $d
     /tmp/cckGYiq1.s:759    .rodata.uc866:00000000 $d
     /tmp/cckGYiq1.s:287    .text.ff_wtoupper:00000051 $d
     /tmp/cckGYiq1.s:287    .text.ff_wtoupper:00000052 $t

NO UNDEFINED SYMBOLS
