ARM GAS  /tmp/ccRszJGd.s 			page 1


   1              		.cpu cortex-m4
   2              		.arch armv7e-m
   3              		.fpu fpv4-sp-d16
   4              		.eabi_attribute 27, 1
   5              		.eabi_attribute 28, 1
   6              		.eabi_attribute 20, 1
   7              		.eabi_attribute 21, 1
   8              		.eabi_attribute 23, 3
   9              		.eabi_attribute 24, 1
  10              		.eabi_attribute 25, 1
  11              		.eabi_attribute 26, 1
  12              		.eabi_attribute 30, 1
  13              		.eabi_attribute 34, 1
  14              		.eabi_attribute 18, 4
  15              		.file	"Font10x14.c"
  16              		.text
  17              	.Ltext0:
  18              		.cfi_sections	.debug_frame
  19              		.file 1 "Font10x14.c"
  20              		.global	x10x14_bits
  21              		.section	.rodata.x10x14_bits,"a"
  22              		.align	2
  23              		.type	x10x14_bits, %object
  24              		.size	x10x14_bits, 2940
  25              	x10x14_bits:
  26 0000 00000070 		.ascii	"\000\000\000p\000p\000p\000p\000p\000p\020p0p\177\360"
  26      00700070 
  26      00700070 
  26      00701070 
  26      30707FF0 
  27 0014 FFF07FF0 		.ascii	"\377\360\177\3600\000\020\000\000\000\006\000\006\000"
  27      30001000 
  27      00000600 
  27      0600
  28 0022 0F000F00 		.ascii	"\017\000\017\000\017\000\033\200\033\2001\3001\300`"
  28      0F001B80 
  28      1B8031C0 
  28      31C060
  29 0031 E060E060 		.ascii	"\340`\340`\340\377\360\000\005\200\000\300\000\340\000"
  29      E0FFF000 
  29      058000C0 
  29      00E000
  30 0040 F000F800 		.ascii	"\360\000\370\000\374\000\376\000\374\000\370\000\360"
  30      FC00FE00 
  30      FC00F800 
  30      F0
  31 004d 00E000C0 		.ascii	"\000\340\000\300\000\200\000\000\000\000\0009\300\177"
  31      00800000 
  31      00000039 
  31      C07F
  32 005b E0EE70CE 		.ascii	"\340\356p\3160\3060\3070\347p\177\3409\300\000\000\000"
  32      30C630C7 
  32      30E7707F 
  32      E039C000 
  32      0000
  33 006d 00000000 		.ascii	"\000\000\000\000\004\000\000\000\000\000\000\020\000"
  33      04000000 
ARM GAS  /tmp/ccRszJGd.s 			page 2


  33      00000010 
  33      00
  34 007a 30007000 		.ascii	"0\000p\000\377\000\377\000p\0000\000\020\000\000\000"
  34      FF00FF00 
  34      70003000 
  34      10000000 
  35 008a 00000004 		.ascii	"\000\000\000\004\000\000\000\000\000\000\010\000\014"
  35      00000000 
  35      00000800 
  35      0C
  36 0097 000E00FF 		.ascii	"\000\016\000\377\000\377\000\016\000\014\000\010\000"
  36      00FF000E 
  36      000C0008 
  36      00
  37 00a4 00000000 		.ascii	"\000\000\000\000\000\001\000\000\000\000\000\000\177"
  37      00010000 
  37      00000000 
  37      7F
  38 00b1 E0FFE0B1 		.ascii	"\340\377\340\261\2001\2001\2001\2001\2001\200\341\360"
  38      80318031 
  38      80318031 
  38      803180E1 
  38      F0
  39 00c2 E1E00000 		.ascii	"\341\340\000\000\000\000\000\000\000\000q\300q\300q"
  39      00000000 
  39      000071C0 
  39      71C071
  40 00d1 C071C071 		.ascii	"\300q\300q\300s\320~\340`\000\340\000\340\000\017\000"
  40      C073D07E 
  40      E06000E0 
  40      00E0000F 
  40      00
  41 00e2 3FC070E0 		.ascii	"?\300p\340\340p\340p\340p\340p\340p\340pp\3409\300\231"
  41      E070E070 
  41      E070E070 
  41      E070E070 
  41      70E039C0 
  42 00f7 90F9F0F9 		.ascii	"\220\371\360\371\360\034\004>\000c\000c\000c\000>\000"
  42      F01C043E 
  42      00630063 
  42      0063003E 
  42      00
  43 0108 1C000000 		.ascii	"\034\000\000\000\000\000\000\000\000\000\000\000\000"
  43      00000000 
  43      00000000 
  43      00
  44 0115 00000000 		.ascii	"\000\000\000\000\007\000\000\000\000\000\000\000\000"
  44      07000000 
  44      00000000 
  44      00
  45 0122 00000000 		.ascii	"\000\000\000\000\000\000\000\000\000\000\000\000\000"
  45      00000000 
  45      00000000 
  45      00
  46 012f 00000000 		.ascii	"\000\000\000\000\0000\0070\000x\000x\000x\000x\0000"
  46      00300730 
  46      00780078 
ARM GAS  /tmp/ccRszJGd.s 			page 3


  46      00780078 
  46      0030
  47 0141 00300030 		.ascii	"\0000\0000\0000\000\000\0000\000x\0000\000f\005f\000"
  47      00300000 
  47      00300078 
  47      00300066 
  47      056600
  48 0154 66006600 		.ascii	"f\000f\000D\000\000\000\000\000\000\000\000\000\000"
  48      44000000 
  48      00000000 
  48      000000
  49 0163 00000000 		.ascii	"\000\000\000\000\000\000\000\000\000\000\0023\0003\000"
  49      00000000 
  49      00000233 
  49      003300
  50 0172 3300FFC0 		.ascii	"3\000\377\300\377\3003\0003\000\377\300\377\3003\000"
  50      FFC03300 
  50      3300FFC0 
  50      FFC03300 
  51 0182 33003300 		.ascii	"3\0003\000\000\000>\003k\000\311\000\311\000\350\000"
  51      00003E03 
  51      6B00C900 
  51      C900E800 
  52 0192 78003C00 		.ascii	"x\000<\000\016\000\013\000\011\200\211\200\211\200\313"
  52      0E000B00 
  52      09808980 
  52      8980CB
  53 01a1 007E0070 		.ascii	"\000~\000p\020\2100\210`\210\300\211\200s\000\006\000"
  53      10883088 
  53      6088C089 
  53      80730006 
  53      00
  54 01b2 0CE01910 		.ascii	"\014\340\031\0201\020a\020\301\020\200\340\000\000\036"
  54      31106110 
  54      C11080E0 
  54      00001E
  55 01c1 00310031 		.ascii	"\0001\0001\0001\0002\000\034\360\030`,@N\200\307\000"
  55      00310032 
  55      001CF018 
  55      602C404E 
  55      80C700
  56 01d4 C300C390 		.ascii	"\303\000\303\220\345\360x`8\0078\0008\0008\000\000\000"
  56      E5F07860 
  56      38073800 
  56      38003800 
  56      0000
  57 01e6 00000000 		.ascii	"\000\000\000\000\000\000\000\000\000\000\000\000\000"
  57      00000000 
  57      00000000 
  57      00
  58 01f3 00000000 		.ascii	"\000\000\000\000\000\000\007\000\000\030\0000\000`\000"
  58      00000700 
  58      00180030 
  58      006000
  59 0202 C000C000 		.ascii	"\300\000\300\000\300\000\300\000\300\000`\0000\000\030"
  59      C000C000 
  59      C0006000 
ARM GAS  /tmp/ccRszJGd.s 			page 4


  59      300018
  60 0211 00000000 		.ascii	"\000\000\000\000\007\000\000\300\000`\0000\000\030\000"
  60      070000C0 
  60      00600030 
  60      001800
  61 0220 18001800 		.ascii	"\030\000\030\000\030\000\030\0000\000`\000\300\000\000"
  61      18001800 
  61      30006000 
  61      C00000
  62 022f 00000400 		.ascii	"\000\000\004\000\000\000\000\020\000\326\000\326\000"
  62      00000010 
  62      00D600D6 
  62      00
  63 023c 3800D600 		.ascii	"8\000\326\000\326\000\020\000\000\000\000\000\000\000"
  63      D6001000 
  63      00000000 
  63      0000
  64 024a 00000004 		.ascii	"\000\000\000\004\000\000\000\000\030\000\030\000\030"
  64      00000000 
  64      18001800 
  64      18
  65 0257 00FF00FF 		.ascii	"\000\377\000\377\000\030\000\030\000\030\000\000\000"
  65      00180018 
  65      00180000 
  65      00
  66 0264 00000000 		.ascii	"\000\000\000\000\000\007\000\000\000\000\000\000\000"
  66      00070000 
  66      00000000 
  66      00
  67 0271 00000000 		.ascii	"\000\000\000\000\000\000\000\000\000\000\000`\000\360"
  67      00000000 
  67      00000060 
  67      00F0
  68 027f 007000E0 		.ascii	"\000p\000\340\000\000\004\000\000\000\000\000\000\000"
  68      00000400 
  68      00000000 
  68      0000
  69 028d 000000FF 		.ascii	"\000\000\000\377\000\377\000\000\000\000\000\000\000"
  69      00FF0000 
  69      00000000 
  69      00
  70 029a 00000000 		.ascii	"\000\000\000\000\000\000\000\007\000\000\000\000\000"
  70      00000007 
  70      00000000 
  70      00
  71 02a7 00000000 		.ascii	"\000\000\000\000\000\000\000\000\000\000\000\000\000"
  71      00000000 
  71      00000000 
  71      00
  72 02b4 00006000 		.ascii	"\000\000`\000\360\000`\000\000\004\000\000\000\000\001"
  72      F0006000 
  72      00040000 
  72      000001
  73 02c3 00030006 		.ascii	"\000\003\000\006\000\030\000\030\0000\000`\000\300\000"
  73      00180018 
  73      00300060 
  73      00C000
ARM GAS  /tmp/ccRszJGd.s 			page 5


  74 02d2 80000000 		.ascii	"\200\000\000\000\000\000?\002\177\200\363\300\341\300"
  74      00003F02 
  74      7F80F3C0 
  74      E1C0
  75 02e0 E1C0E1C0 		.ascii	"\341\300\341\300\341\300\341\300\341\300\341\300\341"
  75      E1C0E1C0 
  75      E1C0E1C0 
  75      E1
  76 02ed C0F3C07F 		.ascii	"\300\363\300\177\200?\0008\005x\000\370\000\370\000"
  76      803F0038 
  76      057800F8 
  76      00F800
  77 02fc 38003800 		.ascii	"8\0008\0008\0008\0008\0008\0008\0008\000\376\000\376"
  77      38003800 
  77      38003800 
  77      38003800 
  77      FE00FE
  78 030f 003F027F 		.ascii	"\000?\002\177\200\363\300\341\300\001\300\003\300\007"
  78      80F3C0E1 
  78      C001C003 
  78      C007
  79 031d 800F003C 		.ascii	"\200\017\000<\000x\000\360\000\360\000\377\300\377\300"
  79      007800F0 
  79      00F000FF 
  79      C0FFC0
  80 032c 3F027F80 		.ascii	"?\002\177\200\363\300\341\300\001\300\003\300\037\200"
  80      F3C0E1C0 
  80      01C003C0 
  80      1F80
  81 033a 1F8003C0 		.ascii	"\037\200\003\300\001\300\341\300\363\300\177\200?\000"
  81      01C0E1C0 
  81      F3C07F80 
  81      3F00
  82 0348 E382E380 		.ascii	"\343\202\343\200\343\200\343\200\343\200\343\200\343"
  82      E380E380 
  82      E380E380 
  82      E3
  83 0355 80E380E3 		.ascii	"\200\343\200\343\200\377\300\377\300\003\200\003\200"
  83      80FFC0FF 
  83      C0038003 
  83      80
  84 0362 0380FFC2 		.ascii	"\003\200\377\302\377\300\340\000\340\000\340\000\377"
  84      FFC0E000 
  84      E000E000 
  84      FF
  85 036f 00FF80E3 		.ascii	"\000\377\200\343\300\001\300\001\300\341\300\363\300"
  85      C001C001 
  85      C0E1C0F3 
  85      C0
  86 037c 7F803F00 		.ascii	"\177\200?\000?\002\177\200\363\300\341\300\340\000\357"
  86      3F027F80 
  86      F3C0E1C0 
  86      E000EF
  87 038b 00FF80F3 		.ascii	"\000\377\200\363\300\341\300\341\300\341\300\363\300"
  87      C0E1C0E1 
  87      C0E1C0F3 
  87      C0
ARM GAS  /tmp/ccRszJGd.s 			page 6


  88 0398 7F803F00 		.ascii	"\177\200?\000\377\302\377\300\341\300\001\300\001\300"
  88      FFC2FFC0 
  88      E1C001C0 
  88      01C0
  89 03a6 03C00780 		.ascii	"\003\300\007\200\017\000\036\000\034\000\034\000\034"
  89      0F001E00 
  89      1C001C00 
  89      1C
  90 03b3 001C001C 		.ascii	"\000\034\000\034\000?\002\177\200\363\300\341\300\341"
  90      003F027F 
  90      80F3C0E1 
  90      C0E1
  91 03c1 C0F3C07F 		.ascii	"\300\363\300\177\200\177\200\363\300\341\300\341\300"
  91      807F80F3 
  91      C0E1C0E1 
  91      C0
  92 03ce F3C07F80 		.ascii	"\363\300\177\200?\000?\002\177\200\363\300\341\300\341"
  92      3F003F02 
  92      7F80F3C0 
  92      E1C0E1
  93 03dd C0E1C0F3 		.ascii	"\300\341\300\363\300\177\300=\300\001\300\341\300\363"
  93      C07FC03D 
  93      C001C0E1 
  93      C0F3
  94 03eb C07F803F 		.ascii	"\300\177\200?\000\000\007\000\000`\000\360\000`\000"
  94      00000700 
  94      006000F0 
  94      006000
  95 03fa 00000000 		.ascii	"\000\000\000\000\000\000\000\000`\000\360\000`\000\000"
  95      00000000 
  95      6000F000 
  95      600000
  96 0409 00000000 		.ascii	"\000\000\000\000\007\000\000`\000\360\000`\000\000\000"
  96      07000060 
  96      00F00060 
  96      000000
  97 0418 00000000 		.ascii	"\000\000\000\000\000\000`\000\360\0000\000`\000\000"
  97      00006000 
  97      F0003000 
  97      600000
  98 0427 00000200 		.ascii	"\000\000\002\000\000\000\300\003\200\016\0008\000\340"
  98      0000C003 
  98      800E0038 
  98      00E0
  99 0435 00E00038 		.ascii	"\000\340\0008\000\016\000\003\200\000\300\000\000\000"
  99      000E0003 
  99      8000C000 
  99      0000
 100 0443 00000200 		.ascii	"\000\000\002\000\000\000\000\000\000\377\300\377\300"
 100      00000000 
 100      00FFC0FF 
 100      C0
 101 0450 00000000 		.ascii	"\000\000\000\000\377\300\377\300\000\000\000\000\000"
 101      FFC0FFC0 
 101      00000000 
 101      00
 102 045d 00000000 		.ascii	"\000\000\000\000\002\000\000\300\000p\000\034\000\007"
ARM GAS  /tmp/ccRszJGd.s 			page 7


 102      020000C0 
 102      0070001C 
 102      0007
 103 046b 0001C001 		.ascii	"\000\001\300\001\300\007\000\034\000p\000\300\000\000"
 103      C007001C 
 103      007000C0 
 103      0000
 104 0479 0000003F 		.ascii	"\000\000\000?\002\177\200\363\300\341\300\001\300\001"
 104      027F80F3 
 104      C0E1C001 
 104      C001
 105 0487 C0038007 		.ascii	"\300\003\200\007\000\016\000\034\000\034\000\000\000"
 105      000E001C 
 105      001C0000 
 105      00
 106 0494 1C001C00 		.ascii	"\034\000\034\000\017\0000\300@ \206\220\211\220\220"
 106      0F0030C0 
 106      40208690 
 106      899090
 107 04a3 90909090 		.ascii	"\220\220\220\220\220\220\220\211\220\206\340@\0000\000"
 107      90909089 
 107      9086E040 
 107      003000
 108 04b2 0F000C02 		.ascii	"\017\000\014\002\036\000?\000\177\200\363\300\341\300"
 108      1E003F00 
 108      7F80F3C0 
 108      E1C0
 109 04c0 E1C0E1C0 		.ascii	"\341\300\341\300\377\300\377\300\341\300\341\300\341"
 109      FFC0FFC0 
 109      E1C0E1C0 
 109      E1
 110 04cd C0E1C0FF 		.ascii	"\300\341\300\377\002\377\200\343\300\341\300\341\300"
 110      02FF80E3 
 110      C0E1C0E1 
 110      C0
 111 04da E3C0FF80 		.ascii	"\343\300\377\200\377\200\343\300\341\300\341\300\343"
 111      FF80E3C0 
 111      E1C0E1C0 
 111      E3
 112 04e7 C0FF80FF 		.ascii	"\300\377\200\377\000?\002\177\200\363\300\341\300\340"
 112      003F027F 
 112      80F3C0E1 
 112      C0E0
 113 04f5 00E000E0 		.ascii	"\000\340\000\340\000\340\000\340\000\340\000\341\300"
 113      00E000E0 
 113      00E000E1 
 113      C0
 114 0502 F3C07F80 		.ascii	"\363\300\177\200?\000\377\002\377\200\343\300\341\300"
 114      3F00FF02 
 114      FF80E3C0 
 114      E1C0
 115 0510 E1C0E1C0 		.ascii	"\341\300\341\300\341\300\341\300\341\300\341\300\341"
 115      E1C0E1C0 
 115      E1C0E1C0 
 115      E1
 116 051d C0E3C0FF 		.ascii	"\300\343\300\377\200\377\000\377\302\377\300\340\000"
 116      80FF00FF 
ARM GAS  /tmp/ccRszJGd.s 			page 8


 116      C2FFC0E0 
 116      00
 117 052a E000E000 		.ascii	"\340\000\340\000\340\000\377\000\377\000\340\000\340"
 117      E000FF00 
 117      FF00E000 
 117      E0
 118 0537 00E000E0 		.ascii	"\000\340\000\340\000\377\300\377\300\377\302\377\300"
 118      00FFC0FF 
 118      C0FFC2FF 
 118      C0
 119 0544 E000E000 		.ascii	"\340\000\340\000\340\000\340\000\377\000\377\000\340"
 119      E000E000 
 119      FF00FF00 
 119      E0
 120 0551 00E000E0 		.ascii	"\000\340\000\340\000\340\000\340\000\340\000?\002\177"
 120      00E000E0 
 120      00E0003F 
 120      027F
 121 055f 80F3C0E1 		.ascii	"\200\363\300\341\300\340\000\340\000\347\300\347\300"
 121      C0E000E0 
 121      00E7C0E7 
 121      C0
 122 056c E1C0E1C0 		.ascii	"\341\300\341\300\343\300\367\300~\300<\300\341\302\341"
 122      E3C0F7C0 
 122      7EC03CC0 
 122      E1C2E1
 123 057b C0E1C0E1 		.ascii	"\300\341\300\341\300\341\300\341\300\377\300\377\300"
 123      C0E1C0E1 
 123      C0FFC0FF 
 123      C0
 124 0588 E1C0E1C0 		.ascii	"\341\300\341\300\341\300\341\300\341\300\341\300\376"
 124      E1C0E1C0 
 124      E1C0E1C0 
 124      FE
 125 0595 05380038 		.ascii	"\0058\0008\0008\0008\0008\0008\0008\0008\0008\0008\000"
 125      00380038 
 125      00380038 
 125      00380038 
 125      00380038 
 126 05aa 38003800 		.ascii	"8\0008\000\376\000\037\302\037\300\003\200\003\200\003"
 126      FE001FC2 
 126      1FC00380 
 126      038003
 127 05b9 80038003 		.ascii	"\200\003\200\003\200\003\200\003\200\343\200\343\200"
 127      80038003 
 127      80E380E3 
 127      80
 128 05c6 F7807F00 		.ascii	"\367\200\177\000>\000\340\341\341\340\343\300\347\200"
 128      3E00E0E1 
 128      E1E0E3C0 
 128      E780
 129 05d4 EF00FE00 		.ascii	"\357\000\376\000\374\000\374\000\376\000\357\000\347"
 129      FC00FC00 
 129      FE00EF00 
 129      E7
 130 05e1 80E3C0E1 		.ascii	"\200\343\300\341\340\340\340\340\002\340\000\340\000"
 130      E0E0E0E0 
ARM GAS  /tmp/ccRszJGd.s 			page 9


 130      02E000E0 
 130      00
 131 05ee E000E000 		.ascii	"\340\000\340\000\340\000\340\000\340\000\340\000\340"
 131      E000E000 
 131      E000E000 
 131      E0
 132 05fb 00E000E0 		.ascii	"\000\340\000\340\000\377\300\377\300\340\341\340\340"
 132      00FFC0FF 
 132      C0E0E1E0 
 132      E0
 133 0608 F1E0FBE0 		.ascii	"\361\340\373\340\377\340\377\340\377\340\356\340\356"
 133      FFE0FFE0 
 133      FFE0EEE0 
 133      EE
 134 0615 E0E4E0E0 		.ascii	"\340\344\340\340\340\340\340\340\340\340\340\341\302"
 134      E0E0E0E0 
 134      E0E0E0E1 
 134      C2
 135 0622 E1C0E1C0 		.ascii	"\341\300\341\300\361\300\371\300\375\300\377\300\357"
 135      F1C0F9C0 
 135      FDC0FFC0 
 135      EF
 136 062f C0E7C0E3 		.ascii	"\300\347\300\343\300\341\300\341\300\341\300\341\300"
 136      C0E1C0E1 
 136      C0E1C0E1 
 136      C0
 137 063c 3F027F80 		.ascii	"?\002\177\200\363\300\341\300\341\300\341\300\341\300"
 137      F3C0E1C0 
 137      E1C0E1C0 
 137      E1C0
 138 064a E1C0E1C0 		.ascii	"\341\300\341\300\341\300\341\300\363\300\177\200?\000"
 138      E1C0E1C0 
 138      F3C07F80 
 138      3F00
 139 0658 FF02FF80 		.ascii	"\377\002\377\200\343\300\341\300\341\300\343\300\377"
 139      E3C0E1C0 
 139      E1C0E3C0 
 139      FF
 140 0665 80FF00E0 		.ascii	"\200\377\000\340\000\340\000\340\000\340\000\340\000"
 140      00E000E0 
 140      00E000E0 
 140      00
 141 0672 E0003F81 		.ascii	"\340\000?\201\177\300\361\340\340\340\340\340\340\340"
 141      7FC0F1E0 
 141      E0E0E0E0 
 141      E0E0
 142 0680 E0E0E0E0 		.ascii	"\340\340\340\340\356\340\357\340\347\200\363\300\177"
 142      EEE0EFE0 
 142      E780F3C0 
 142      7F
 143 068d E03EE0FF 		.ascii	"\340>\340\377\002\377\200\343\300\341\300\341\300\343"
 143      02FF80E3 
 143      C0E1C0E1 
 143      C0E3
 144 069b C0FF80FF 		.ascii	"\300\377\200\377\000\377\200\343\300\341\300\341\300"
 144      00FF80E3 
 144      C0E1C0E1 
ARM GAS  /tmp/ccRszJGd.s 			page 10


 144      C0
 145 06a8 E1C0E1C0 		.ascii	"\341\300\341\300?\002\177\200\363\300\341\300\340\000"
 145      3F027F80 
 145      F3C0E1C0 
 145      E000
 146 06b6 F0007F00 		.ascii	"\360\000\177\000?\200\003\300\001\300\341\300\363\300"
 146      3F8003C0 
 146      01C0E1C0 
 146      F3C0
 147 06c4 7F803F00 		.ascii	"\177\200?\000\377\341\377\340\216 \016\000\016\000\016"
 147      FFE1FFE0 
 147      8E200E00 
 147      0E000E
 148 06d3 000E000E 		.ascii	"\000\016\000\016\000\016\000\016\000\016\000\016\000"
 148      000E000E 
 148      000E000E 
 148      00
 149 06e0 0E000E00 		.ascii	"\016\000\016\000\341\302\341\300\341\300\341\300\341"
 149      E1C2E1C0 
 149      E1C0E1C0 
 149      E1
 150 06ed C0E1C0E1 		.ascii	"\300\341\300\341\300\341\300\341\300\341\300\341\300"
 150      C0E1C0E1 
 150      C0E1C0E1 
 150      C0
 151 06fa F3C07F80 		.ascii	"\363\300\177\200?\000\341\302\341\300\341\300\341\300"
 151      3F00E1C2 
 151      E1C0E1C0 
 151      E1C0
 152 0708 E1C0E1C0 		.ascii	"\341\300\341\300\341\300\341\300\341\300\363\300\177"
 152      E1C0E1C0 
 152      E1C0F3C0 
 152      7F
 153 0715 803F001E 		.ascii	"\200?\000\036\000\014\000\340\341\340\340\340\340\340"
 153      000C00E0 
 153      E1E0E0E0 
 153      E0E0
 154 0723 E0E0E0EE 		.ascii	"\340\340\340\356\340\356\340\356\340\356\340\356\340"
 154      E0EEE0EE 
 154      E0EEE0EE 
 154      E0
 155 0730 FFE0FFE0 		.ascii	"\377\340\377\340{\3001\200\340\341\340\340\340\340\361"
 155      7BC03180 
 155      E0E1E0E0 
 155      E0E0F1
 156 073f E07BC03F 		.ascii	"\340{\300?\200\037\000\037\000?\200{\300\361\340\340"
 156      801F001F 
 156      003F807B 
 156      C0F1E0E0 
 157 074f E0E0E0E0 		.ascii	"\340\340\340\340\340\340\341\340\340\340\340\361\340"
 157      E0E0E1E0 
 157      E0E0E0F1 
 157      E0
 158 075c 7BC03F80 		.ascii	"{\300?\200\037\000\016\000\016\000\016\000\016\000\016"
 158      1F000E00 
 158      0E000E00 
 158      0E000E
ARM GAS  /tmp/ccRszJGd.s 			page 11


 159 076b 000E000E 		.ascii	"\000\016\000\016\000\377\341\377\340\000\340\001\340"
 159      00FFE1FF 
 159      E000E001 
 159      E0
 160 0778 03C00780 		.ascii	"\003\300\007\200\017\000\036\000<\000x\000\360\000\340"
 160      0F001E00 
 160      3C007800 
 160      F000E0
 161 0787 00FFE0FF 		.ascii	"\000\377\340\377\340\370\007\370\000\340\000\340\000"
 161      E0F807F8 
 161      00E000E0 
 161      00
 162 0794 E000E000 		.ascii	"\340\000\340\000\340\000\340\000\340\000\340\000\340"
 162      E000E000 
 162      E000E000 
 162      E0
 163 07a1 00E000F8 		.ascii	"\000\340\000\370\000\370\000\000\004\000\000\000\000"
 163      00F80000 
 163      04000000 
 163      00
 164 07ae 8000C000 		.ascii	"\200\000\300\000`\000`\000\030\000\014\000\006\000\003"
 164      60006000 
 164      18000C00 
 164      060003
 165 07bd 00010000 		.ascii	"\000\001\000\000\000\000\000\370\007\370\0008\0008\000"
 165      000000F8 
 165      07F80038 
 165      003800
 166 07cc 38003800 		.ascii	"8\0008\000"
 167 07d0 38003800 		.ascii	"8\0008\0008\0008\0008\0008\000\370\000\370\000\010\003"
 167      38003800 
 167      38003800 
 167      F800F800 
 167      0803
 168 07e2 1C003600 		.ascii	"\034\0006\000c\000\301\200\000\000\000\000\000\000\000"
 168      6300C180 
 168      00000000 
 168      000000
 169 07f1 00000000 		.ascii	"\000\000\000\000\000\000\000\000\000\000\000\000\001"
 169      00000000 
 169      00000000 
 169      01
 170 07fe 00000000 		.ascii	"\000\000\000\000\000\000\000\000\000\000\000\000\000"
 170      00000000 
 170      00000000 
 170      00
 171 080b 00000000 		.ascii	"\000\000\000\000\000\000\000\000\000\377\340\377\340"
 171      00000000 
 171      00FFE0FF 
 171      E0
 172 0818 60073000 		.ascii	"`\0070\000\030\000\000\000\000\000\000\000\000\000\000"
 172      18000000 
 172      00000000 
 172      000000
 173 0827 00000000 		.ascii	"\000\000\000\000\000\000\000\000\000\000\000\000\000"
 173      00000000 
 173      00000000 
ARM GAS  /tmp/ccRszJGd.s 			page 12


 173      00
 174 0834 00010000 		.ascii	"\000\001\000\000\000\000\000\000\177\200\377\300\341"
 174      00000000 
 174      7F80FFC0 
 174      E1
 175 0841 C001C07F 		.ascii	"\300\001\300\177\300\377\300\341\300\341\300\377\340"
 175      C0FFC0E1 
 175      C0E1C0FF 
 175      E0
 176 084e 7F60E002 		.ascii	"\177`\340\002\340\000\340\000\340\000\357\000\377\200"
 176      E000E000 
 176      E000EF00 
 176      FF80
 177 085c F3C0E1C0 		.ascii	"\363\300\341\300\341\300\341\300\341\300\363\300\377"
 177      E1C0E1C0 
 177      E1C0F3C0 
 177      FF
 178 0869 80DF0000 		.ascii	"\200\337\000\000\002\000\000\000\000\000\000?\000\177"
 178      02000000 
 178      0000003F 
 178      007F
 179 0877 80F3C0E1 		.ascii	"\200\363\300\341\300\340\000\340\000\341\300\363\300"
 179      C0E000E0 
 179      00E1C0F3 
 179      C0
 180 0884 7F803F00 		.ascii	"\177\200?\000\001\302\001\300\001\300\001\300=\300\177"
 180      01C201C0 
 180      01C001C0 
 180      3DC07F
 181 0893 C0F3C0E1 		.ascii	"\300\363\300\341\300\341\300\341\300\341\300\361\300"
 181      C0E1C0E1 
 181      C0E1C0F1 
 181      C0
 182 08a0 7FC03EC0 		.ascii	"\177\300>\300\000\002\000\000\000\000\000\000?\000\177"
 182      00020000 
 182      00000000 
 182      3F007F
 183 08af 80F3C0E1 		.ascii	"\200\363\300\341\300\377\300\377\300\340\000\360\300"
 183      C0FFC0FF 
 183      C0E000F0 
 183      C0
 184 08bc 7FC03F80 		.ascii	"\177\300?\200\017\302\037\300\034\000\034\000\377\200"
 184      0FC21FC0 
 184      1C001C00 
 184      FF80
 185 08ca FF801C00 		.ascii	"\377\200\034\000\034\000\034\000\034\000\034\000\034"
 185      1C001C00 
 185      1C001C00 
 185      1C
 186 08d7 001C001C 		.ascii	"\000\034\000\034\000\000\002\000\000\000\000\000\000"
 186      00000200 
 186      00000000 
 186      00
 187 08e4 3EC07FC0 		.ascii	">\300\177\300\361\300\341\300\341\300\363\300\177\300"
 187      F1C0E1C0 
 187      E1C0F3C0 
 187      7FC0
ARM GAS  /tmp/ccRszJGd.s 			page 13


 188 08f2 3FC001C0 		.ascii	"?\300\001\300\177\200\340\002\340\000\340\000\340\000"
 188      7F80E002 
 188      E000E000 
 188      E000
 189 0900 EF00FF80 		.ascii	"\357\000\377\200\363\300\341\300\341\300\341\300\341"
 189      F3C0E1C0 
 189      E1C0E1C0 
 189      E1
 190 090d C0E1C0E1 		.ascii	"\300\341\300\341\300\341\3008\0058\000\000\000\000\000"
 190      C0E1C038 
 190      05380000 
 190      000000
 191 091c F8003800 		.ascii	"\370\0008\0008\0008\0008\0008\0008\0008\0008\000\376"
 191      38003800 
 191      38003800 
 191      38003800 
 191      3800FE
 192 092f 00070407 		.ascii	"\000\007\004\007\000\000\000\000\000\037\000\007\000"
 192      00000000 
 192      001F0007 
 192      00
 193 093c 07000700 		.ascii	"\007\000\007\000\007\000\007\000\007\000\007\000\347"
 193      07000700 
 193      07000700 
 193      E7
 194 0949 007E00E0 		.ascii	"\000~\000\340\001\340\000\340\000\340\000\340\340\341"
 194      01E000E0 
 194      00E000E0 
 194      E0E1
 195 0957 E0E3C0E7 		.ascii	"\340\343\300\347\200\377\000\377\000\347\200\343\300"
 195      80FF00FF 
 195      00E780E3 
 195      C0
 196 0964 E1E0E0E0 		.ascii	"\341\340\340\340\370\0058\0008\0008\0008\0008\0008\000"
 196      F8053800 
 196      38003800 
 196      38003800 
 196      3800
 197 0976 38003800 		.ascii	"8\0008\0008\0008\0008\0008\000\376\000\000\001\000\000"
 197      38003800 
 197      38003800 
 197      FE000001 
 197      0000
 198 0988 00000000 		.ascii	"\000\000\000\000\333\200\377\300\377\340\356\340\356"
 198      DB80FFC0 
 198      FFE0EEE0 
 198      EE
 199 0995 E0EEE0EE 		.ascii	"\340\356\340\356\340\356\340\356\340\356\340\000\002"
 199      E0EEE0EE 
 199      E0EEE000 
 199      02
 200 09a2 00000000 		.ascii	"\000\000\000\000\000\000\337\000\377\200\363\300\341"
 200      0000DF00 
 200      FF80F3C0 
 200      E1
 201 09af C0E1C0E1 		.ascii	"\300\341\300\341\300\341\300\341\300\341\300\341\300"
 201      C0E1C0E1 
ARM GAS  /tmp/ccRszJGd.s 			page 14


 201      C0E1C0E1 
 201      C0
 202 09bc 00020000 		.ascii	"\000\002\000\000\000\000\000\000?\000\177\200\363\300"
 202      00000000 
 202      3F007F80 
 202      F3C0
 203 09ca E1C0E1C0 		.ascii	"\341\300\341\300\341\300\341\300\363\300\177\200?\000"
 203      E1C0E1C0 
 203      F3C07F80 
 203      3F00
 204 09d8 00020000 		.ascii	"\000\002\000\000\000\000\000\000\337\200\377\300\341"
 204      00000000 
 204      DF80FFC0 
 204      E1
 205 09e5 C0E1C0E1 		.ascii	"\300\341\300\341\300\341\300\341\300\377\300\377\200"
 205      C0E1C0E1 
 205      C0FFC0FF 
 205      80
 206 09f2 E0000001 		.ascii	"\340\000\000\001\000\000\000\000\000\000>\340\177\300"
 206      00000000 
 206      00003EE0 
 206      7FC0
 207 0a00 E1C0E1C0 		.ascii	"\341\300\341\300\341\300\341\300\341\300\177\300?\300"
 207      E1C0E1C0 
 207      E1C07FC0 
 207      3FC0
 208 0a0e 01C00002 		.ascii	"\001\300\000\002\000\000\000\000\000\000\337\200\377"
 208      00000000 
 208      0000DF80 
 208      FF
 209 0a1b C0F1C0E1 		.ascii	"\300\361\300\341\300\340\000\340\000\340\000\340\000"
 209      C0E000E0 
 209      00E000E0 
 209      00
 210 0a28 E000E000 		.ascii	"\340\000\340\000\000\002\000\000\000\000\000\000\177"
 210      00020000 
 210      00000000 
 210      7F
 211 0a35 80FFC0E1 		.ascii	"\200\377\300\341\300\340\000\377\200\177\300\001\300"
 211      C0E000FF 
 211      807FC001 
 211      C0
 212 0a42 E1C0FFC0 		.ascii	"\341\300\377\300\177\200\034\002\034\000\034\000\034"
 212      7F801C02 
 212      1C001C00 
 212      1C
 213 0a4f 00FF80FF 		.ascii	"\000\377\200\377\200\034\000\034\000\034\000\034\000"
 213      801C001C 
 213      001C001C 
 213      00
 214 0a5c 1C001DC0 		.ascii	"\034\000\035\300\037\300\017\200\000\002\000\000\000"
 214      1FC00F80 
 214      00020000 
 214      00
 215 0a69 000000E1 		.ascii	"\000\000\000\341\300\341\300\341\300\341\300\341\300"
 215      C0E1C0E1 
 215      C0E1C0E1 
ARM GAS  /tmp/ccRszJGd.s 			page 15


 215      C0
 216 0a76 E1C0E1C0 		.ascii	"\341\300\341\300\363\300\177\300>\300\000\002\000\000"
 216      F3C07FC0 
 216      3EC00002 
 216      0000
 217 0a84 00000000 		.ascii	"\000\000\000\000\341\300\341\300\341\300\341\300\341"
 217      E1C0E1C0 
 217      E1C0E1C0 
 217      E1
 218 0a91 C0F3C07F 		.ascii	"\300\363\300\177\200?\000\036\000\014\000\000\001\000"
 218      803F001E 
 218      000C0000 
 218      0100
 219 0a9f 00000000 		.ascii	"\000\000\000\000\000\340\340\340\340\356\340\356\340"
 219      00E0E0E0 
 219      E0EEE0EE 
 219      E0
 220 0aac EEE0EEE0 		.ascii	"\356\340\356\340\356\340\377\340\177\300;\200\000\001"
 220      EEE0FFE0 
 220      7FC03B80 
 220      0001
 221 0aba 00000000 		.ascii	"\000\000\000\000\000\000\340\340\361\340{\300?\200\037"
 221      0000E0E0 
 221      F1E07BC0 
 221      3F801F
 222 0ac9 001F003F 		.ascii	"\000\037\000?\200{\300\361\340\340\340\000\002\000\000"
 222      807BC0F1 
 222      E0E0E000 
 222      020000
 223 0ad8 00000000 		.ascii	"\000\000\000\000\341\300\341\300\341\300\341\300\361"
 223      E1C0E1C0 
 223      E1C0E1C0 
 223      F1
 224 0ae5 C07FC01D 		.ascii	"\300\177\300\035\300\001\300\341\300\177\200\000\002"
 224      C001C0E1 
 224      C07F8000 
 224      02
 225 0af2 00000000 		.ascii	"\000\000\000\000\000\000\377\300\377\300\003\200\007"
 225      0000FFC0 
 225      FFC00380 
 225      07
 226 0aff 000E001C 		.ascii	"\000\016\000\034\0008\000p\000\377\300\377\300\000\007"
 226      00380070 
 226      00FFC0FF 
 226      C00007
 227 0b0e 00003800 		.ascii	"\000\0008\000`\000`\000`\000`\000\300\000`\000`\000"
 227      60006000 
 227      60006000 
 227      C0006000 
 227      6000
 228 0b20 60006000 		.ascii	"`\000`\0008\000\000\0000\0070\0000\0000\0000\0000\000"
 228      38000000 
 228      30073000 
 228      30003000 
 228      30003000 
 229 0b34 30003000 		.ascii	"0\0000\0000\0000\0000\0000\0000\0000\000\000\007\000"
 229      30003000 
ARM GAS  /tmp/ccRszJGd.s 			page 16


 229      30003000 
 229      30003000 
 229      000700
 230 0b47 00E00030 		.ascii	"\000\340\0000\0000\0000\0000\000\030\0000\0000\0000"
 230      00300030 
 230      00300018 
 230      00300030 
 230      0030
 231 0b59 003000E0 		.ascii	"\0000\000\340\000\000\000\000\003\000\000\000\000\000"
 231      00000000 
 231      03000000 
 231      0000
 232 0b67 0038C06D 		.ascii	"\0008\300m\200\307\000\000\000\000\000\000\000\000\000"
 232      80C70000 
 232      00000000 
 232      000000
 233 0b76 00000000 		.ascii	"\000\000\000\000\000\000"
 233      0000
 234              		.text
 235              	.Letext0:
 236              		.file 2 "/usr/lib/gcc/arm-none-eabi/13.2.1/include/stdint.h"
 237              		.file 3 "nanovna.h"
 238              		.section	.debug_info,"",%progbits
 239              	.Ldebug_info0:
 240 0000 D3000000 		.4byte	0xd3
 241 0004 0500     		.2byte	0x5
 242 0006 01       		.byte	0x1
 243 0007 04       		.byte	0x4
 244 0008 00000000 		.4byte	.Ldebug_abbrev0
 245 000c 04       		.uleb128 0x4
 246 000d 27000000 		.4byte	.LASF13
 247 0011 1D       		.byte	0x1d
 248 0012 7E010000 		.4byte	.LASF14
 249 0016 DF010000 		.4byte	.LASF15
 250 001a 00000000 		.4byte	.Ldebug_line0
 251 001e 01       		.uleb128 0x1
 252 001f 01       		.byte	0x1
 253 0020 06       		.byte	0x6
 254 0021 C7010000 		.4byte	.LASF0
 255 0025 01       		.uleb128 0x1
 256 0026 02       		.byte	0x2
 257 0027 05       		.byte	0x5
 258 0028 F8010000 		.4byte	.LASF1
 259 002c 01       		.uleb128 0x1
 260 002d 04       		.byte	0x4
 261 002e 05       		.byte	0x5
 262 002f A5010000 		.4byte	.LASF2
 263 0033 01       		.uleb128 0x1
 264 0034 08       		.byte	0x8
 265 0035 05       		.byte	0x5
 266 0036 00000000 		.4byte	.LASF3
 267 003a 05       		.uleb128 0x5
 268 003b 8A010000 		.4byte	.LASF16
 269 003f 02       		.byte	0x2
 270 0040 2E       		.byte	0x2e
 271 0041 18       		.byte	0x18
 272 0042 4B000000 		.4byte	0x4b
ARM GAS  /tmp/ccRszJGd.s 			page 17


 273 0046 02       		.uleb128 0x2
 274 0047 3A000000 		.4byte	0x3a
 275 004b 01       		.uleb128 0x1
 276 004c 01       		.byte	0x1
 277 004d 08       		.byte	0x8
 278 004e 92010000 		.4byte	.LASF4
 279 0052 01       		.uleb128 0x1
 280 0053 02       		.byte	0x2
 281 0054 07       		.byte	0x7
 282 0055 B4010000 		.4byte	.LASF5
 283 0059 01       		.uleb128 0x1
 284 005a 04       		.byte	0x4
 285 005b 07       		.byte	0x7
 286 005c 55010000 		.4byte	.LASF6
 287 0060 01       		.uleb128 0x1
 288 0061 08       		.byte	0x8
 289 0062 07       		.byte	0x7
 290 0063 67010000 		.4byte	.LASF7
 291 0067 06       		.uleb128 0x6
 292 0068 04       		.byte	0x4
 293 0069 05       		.byte	0x5
 294 006a 696E7400 		.ascii	"int\000"
 295 006e 01       		.uleb128 0x1
 296 006f 04       		.byte	0x4
 297 0070 07       		.byte	0x7
 298 0071 0E000000 		.4byte	.LASF8
 299 0075 01       		.uleb128 0x1
 300 0076 08       		.byte	0x8
 301 0077 04       		.byte	0x4
 302 0078 D3010000 		.4byte	.LASF9
 303 007c 01       		.uleb128 0x1
 304 007d 01       		.byte	0x1
 305 007e 08       		.byte	0x8
 306 007f A0010000 		.4byte	.LASF10
 307 0083 01       		.uleb128 0x1
 308 0084 04       		.byte	0x4
 309 0085 04       		.byte	0x4
 310 0086 F2010000 		.4byte	.LASF11
 311 008a 01       		.uleb128 0x1
 312 008b 01       		.byte	0x1
 313 008c 02       		.byte	0x2
 314 008d AE010000 		.4byte	.LASF12
 315 0091 03       		.uleb128 0x3
 316 0092 46000000 		.4byte	0x46
 317 0096 9C000000 		.4byte	0x9c
 318 009a 07       		.uleb128 0x7
 319 009b 00       		.byte	0
 320 009c 02       		.uleb128 0x2
 321 009d 91000000 		.4byte	0x91
 322 00a1 08       		.uleb128 0x8
 323 00a2 1B000000 		.4byte	.LASF17
 324 00a6 03       		.byte	0x3
 325 00a7 AE02     		.2byte	0x2ae
 326 00a9 16       		.byte	0x16
 327 00aa 9C000000 		.4byte	0x9c
 328 00ae 03       		.uleb128 0x3
 329 00af 46000000 		.4byte	0x46
ARM GAS  /tmp/ccRszJGd.s 			page 18


 330 00b3 BF000000 		.4byte	0xbf
 331 00b7 09       		.uleb128 0x9
 332 00b8 6E000000 		.4byte	0x6e
 333 00bc 7B0B     		.2byte	0xb7b
 334 00be 00       		.byte	0
 335 00bf 02       		.uleb128 0x2
 336 00c0 AE000000 		.4byte	0xae
 337 00c4 0A       		.uleb128 0xa
 338 00c5 A1000000 		.4byte	0xa1
 339 00c9 01       		.byte	0x1
 340 00ca 33       		.byte	0x33
 341 00cb 0F       		.byte	0xf
 342 00cc BF000000 		.4byte	0xbf
 343 00d0 05       		.uleb128 0x5
 344 00d1 03       		.byte	0x3
 345 00d2 00000000 		.4byte	x10x14_bits
 346 00d6 00       		.byte	0
 347              		.section	.debug_abbrev,"",%progbits
 348              	.Ldebug_abbrev0:
 349 0000 01       		.uleb128 0x1
 350 0001 24       		.uleb128 0x24
 351 0002 00       		.byte	0
 352 0003 0B       		.uleb128 0xb
 353 0004 0B       		.uleb128 0xb
 354 0005 3E       		.uleb128 0x3e
 355 0006 0B       		.uleb128 0xb
 356 0007 03       		.uleb128 0x3
 357 0008 0E       		.uleb128 0xe
 358 0009 00       		.byte	0
 359 000a 00       		.byte	0
 360 000b 02       		.uleb128 0x2
 361 000c 26       		.uleb128 0x26
 362 000d 00       		.byte	0
 363 000e 49       		.uleb128 0x49
 364 000f 13       		.uleb128 0x13
 365 0010 00       		.byte	0
 366 0011 00       		.byte	0
 367 0012 03       		.uleb128 0x3
 368 0013 01       		.uleb128 0x1
 369 0014 01       		.byte	0x1
 370 0015 49       		.uleb128 0x49
 371 0016 13       		.uleb128 0x13
 372 0017 01       		.uleb128 0x1
 373 0018 13       		.uleb128 0x13
 374 0019 00       		.byte	0
 375 001a 00       		.byte	0
 376 001b 04       		.uleb128 0x4
 377 001c 11       		.uleb128 0x11
 378 001d 01       		.byte	0x1
 379 001e 25       		.uleb128 0x25
 380 001f 0E       		.uleb128 0xe
 381 0020 13       		.uleb128 0x13
 382 0021 0B       		.uleb128 0xb
 383 0022 03       		.uleb128 0x3
 384 0023 0E       		.uleb128 0xe
 385 0024 1B       		.uleb128 0x1b
 386 0025 0E       		.uleb128 0xe
ARM GAS  /tmp/ccRszJGd.s 			page 19


 387 0026 10       		.uleb128 0x10
 388 0027 17       		.uleb128 0x17
 389 0028 00       		.byte	0
 390 0029 00       		.byte	0
 391 002a 05       		.uleb128 0x5
 392 002b 16       		.uleb128 0x16
 393 002c 00       		.byte	0
 394 002d 03       		.uleb128 0x3
 395 002e 0E       		.uleb128 0xe
 396 002f 3A       		.uleb128 0x3a
 397 0030 0B       		.uleb128 0xb
 398 0031 3B       		.uleb128 0x3b
 399 0032 0B       		.uleb128 0xb
 400 0033 39       		.uleb128 0x39
 401 0034 0B       		.uleb128 0xb
 402 0035 49       		.uleb128 0x49
 403 0036 13       		.uleb128 0x13
 404 0037 00       		.byte	0
 405 0038 00       		.byte	0
 406 0039 06       		.uleb128 0x6
 407 003a 24       		.uleb128 0x24
 408 003b 00       		.byte	0
 409 003c 0B       		.uleb128 0xb
 410 003d 0B       		.uleb128 0xb
 411 003e 3E       		.uleb128 0x3e
 412 003f 0B       		.uleb128 0xb
 413 0040 03       		.uleb128 0x3
 414 0041 08       		.uleb128 0x8
 415 0042 00       		.byte	0
 416 0043 00       		.byte	0
 417 0044 07       		.uleb128 0x7
 418 0045 21       		.uleb128 0x21
 419 0046 00       		.byte	0
 420 0047 00       		.byte	0
 421 0048 00       		.byte	0
 422 0049 08       		.uleb128 0x8
 423 004a 34       		.uleb128 0x34
 424 004b 00       		.byte	0
 425 004c 03       		.uleb128 0x3
 426 004d 0E       		.uleb128 0xe
 427 004e 3A       		.uleb128 0x3a
 428 004f 0B       		.uleb128 0xb
 429 0050 3B       		.uleb128 0x3b
 430 0051 05       		.uleb128 0x5
 431 0052 39       		.uleb128 0x39
 432 0053 0B       		.uleb128 0xb
 433 0054 49       		.uleb128 0x49
 434 0055 13       		.uleb128 0x13
 435 0056 3F       		.uleb128 0x3f
 436 0057 19       		.uleb128 0x19
 437 0058 3C       		.uleb128 0x3c
 438 0059 19       		.uleb128 0x19
 439 005a 00       		.byte	0
 440 005b 00       		.byte	0
 441 005c 09       		.uleb128 0x9
 442 005d 21       		.uleb128 0x21
 443 005e 00       		.byte	0
ARM GAS  /tmp/ccRszJGd.s 			page 20


 444 005f 49       		.uleb128 0x49
 445 0060 13       		.uleb128 0x13
 446 0061 2F       		.uleb128 0x2f
 447 0062 05       		.uleb128 0x5
 448 0063 00       		.byte	0
 449 0064 00       		.byte	0
 450 0065 0A       		.uleb128 0xa
 451 0066 34       		.uleb128 0x34
 452 0067 00       		.byte	0
 453 0068 47       		.uleb128 0x47
 454 0069 13       		.uleb128 0x13
 455 006a 3A       		.uleb128 0x3a
 456 006b 0B       		.uleb128 0xb
 457 006c 3B       		.uleb128 0x3b
 458 006d 0B       		.uleb128 0xb
 459 006e 39       		.uleb128 0x39
 460 006f 0B       		.uleb128 0xb
 461 0070 49       		.uleb128 0x49
 462 0071 13       		.uleb128 0x13
 463 0072 02       		.uleb128 0x2
 464 0073 18       		.uleb128 0x18
 465 0074 00       		.byte	0
 466 0075 00       		.byte	0
 467 0076 00       		.byte	0
 468              		.section	.debug_aranges,"",%progbits
 469 0000 14000000 		.4byte	0x14
 470 0004 0200     		.2byte	0x2
 471 0006 00000000 		.4byte	.Ldebug_info0
 472 000a 04       		.byte	0x4
 473 000b 00       		.byte	0
 474 000c 0000     		.2byte	0
 475 000e 0000     		.2byte	0
 476 0010 00000000 		.4byte	0
 477 0014 00000000 		.4byte	0
 478              		.section	.debug_line,"",%progbits
 479              	.Ldebug_line0:
 480 0000 6B000000 		.section	.debug_str,"MS",%progbits,1
 480      03006500 
 480      00000201 
 480      FB0E0D00 
 480      01010101 
 481              	.LASF3:
 482 0000 6C6F6E67 		.ascii	"long long int\000"
 482      206C6F6E 
 482      6720696E 
 482      7400
 483              	.LASF8:
 484 000e 756E7369 		.ascii	"unsigned int\000"
 484      676E6564 
 484      20696E74 
 484      00
 485              	.LASF17:
 486 001b 78313078 		.ascii	"x10x14_bits\000"
 486      31345F62 
 486      69747300 
 487              	.LASF13:
 488 0027 474E5520 		.ascii	"GNU C11 13.2.1 20231009 -mcpu=cortex-m4 -mfloat-abi"
ARM GAS  /tmp/ccRszJGd.s 			page 21


 488      43313120 
 488      31332E32 
 488      2E312032 
 488      30323331 
 489 005a 3D686172 		.ascii	"=hard -mfpu=fpv4-sp-d16 -mno-thumb-interwork -mthum"
 489      64202D6D 
 489      6670753D 
 489      66707634 
 489      2D73702D 
 490 008d 62202D6D 		.ascii	"b -march=armv7e-m+fp -ggdb -Og -std=c11 -fno-inline"
 490      61726368 
 490      3D61726D 
 490      7637652D 
 490      6D2B6670 
 491 00c0 2D736D61 		.ascii	"-small-functions -fomit-frame-pointer -falign-funct"
 491      6C6C2D66 
 491      756E6374 
 491      696F6E73 
 491      202D666F 
 492 00f3 696F6E73 		.ascii	"ions=16 -fstack-usage -ffunction-sections -fdata-se"
 492      3D313620 
 492      2D667374 
 492      61636B2D 
 492      75736167 
 493 0126 6374696F 		.ascii	"ctions -fno-common -fsingle-precision-constant\000"
 493      6E73202D 
 493      666E6F2D 
 493      636F6D6D 
 493      6F6E202D 
 494              	.LASF6:
 495 0155 6C6F6E67 		.ascii	"long unsigned int\000"
 495      20756E73 
 495      69676E65 
 495      6420696E 
 495      7400
 496              	.LASF7:
 497 0167 6C6F6E67 		.ascii	"long long unsigned int\000"
 497      206C6F6E 
 497      6720756E 
 497      7369676E 
 497      65642069 
 498              	.LASF14:
 499 017e 466F6E74 		.ascii	"Font10x14.c\000"
 499      31307831 
 499      342E6300 
 500              	.LASF16:
 501 018a 75696E74 		.ascii	"uint8_t\000"
 501      385F7400 
 502              	.LASF4:
 503 0192 756E7369 		.ascii	"unsigned char\000"
 503      676E6564 
 503      20636861 
 503      7200
 504              	.LASF10:
 505 01a0 63686172 		.ascii	"char\000"
 505      00
 506              	.LASF2:
ARM GAS  /tmp/ccRszJGd.s 			page 22


 507 01a5 6C6F6E67 		.ascii	"long int\000"
 507      20696E74 
 507      00
 508              	.LASF12:
 509 01ae 5F426F6F 		.ascii	"_Bool\000"
 509      6C00
 510              	.LASF5:
 511 01b4 73686F72 		.ascii	"short unsigned int\000"
 511      7420756E 
 511      7369676E 
 511      65642069 
 511      6E7400
 512              	.LASF0:
 513 01c7 7369676E 		.ascii	"signed char\000"
 513      65642063 
 513      68617200 
 514              	.LASF9:
 515 01d3 6C6F6E67 		.ascii	"long double\000"
 515      20646F75 
 515      626C6500 
 516              	.LASF15:
 517 01df 2F776F72 		.ascii	"/workspaces/tinySA\000"
 517      6B737061 
 517      6365732F 
 517      74696E79 
 517      534100
 518              	.LASF11:
 519 01f2 666C6F61 		.ascii	"float\000"
 519      7400
 520              	.LASF1:
 521 01f8 73686F72 		.ascii	"short int\000"
 521      7420696E 
 521      7400
 522              		.ident	"GCC: (15:13.2.rel1-2) 13.2.1 20231009"
ARM GAS  /tmp/ccRszJGd.s 			page 23


DEFINED SYMBOLS
                            *ABS*:00000000 Font10x14.c
     /tmp/ccRszJGd.s:25     .rodata.x10x14_bits:00000000 x10x14_bits
     /tmp/ccRszJGd.s:22     .rodata.x10x14_bits:00000000 $d

NO UNDEFINED SYMBOLS
