ARM GAS  /tmp/ccAkH5Yt.s 			page 1


   1              		.cpu cortex-m4
   2              		.arch armv7e-m
   3              		.fpu fpv4-sp-d16
   4              		.eabi_attribute 27, 1
   5              		.eabi_attribute 28, 1
   6              		.eabi_attribute 20, 1
   7              		.eabi_attribute 21, 1
   8              		.eabi_attribute 23, 3
   9              		.eabi_attribute 24, 1
  10              		.eabi_attribute 25, 1
  11              		.eabi_attribute 26, 1
  12              		.eabi_attribute 30, 1
  13              		.eabi_attribute 34, 1
  14              		.eabi_attribute 18, 4
  15              		.file	"Font5x7.c"
  16              		.text
  17              	.Ltext0:
  18              		.cfi_sections	.debug_frame
  19              		.file 1 "Font5x7.c"
  20              		.global	x5x7_bits
  21              		.section	.rodata.x5x7_bits,"a"
  22              		.align	2
  23              		.type	x5x7_bits, %object
  24              		.size	x5x7_bits, 735
  25              	x5x7_bits:
  26 0000 00060646 		.ascii	"\000\006\006F\376\376@\002  PP\210\370\204\300\340\360"
  26      FEFE4002 
  26      20205050 
  26      88F884C0 
  26      E0F0
  27 0012 E0C08000 		.ascii	"\340\300\200\000l\262\222\232l\000\002 @\370@ \000\002"
  27      6CB2929A 
  27      6C000220 
  27      40F84020 
  27      0002
  28 0024 2010F810 		.ascii	" \020\370\020 \000\002\370PPPP\230\002\000\210\210\330"
  28      200002F8 
  28      50505050 
  28      98020088 
  28      88D8
  29 0036 A8807288 		.ascii	"\250\200r\210\210\210PP\330c\220\220`\000\000\000\004"
  29      88885050 
  29      D8639090 
  29      60000000 
  29      04
  30 0047 00000000 		.ascii	"\000\000\000\000\000\000E@@@@\000@PPP\000\000\000\000"
  30      00004540 
  30      40404000 
  30      40505050 
  30      00000000 
  31 005b 5250F850 		.ascii	"RP\370P\370PP\"x\240p(\360 \302\310\020 @\230\030\002"
  31      F8505022 
  31      78A07028 
  31      F020C2C8 
  31      10204098 
  32 0071 205060A8 		.ascii	" P`\250\220hd@\200\000\000\000\000$@\200\200\200@ \204"
  32      90686440 
ARM GAS  /tmp/ccAkH5Yt.s 			page 2


  32      80000000 
  32      00244080 
  32      80804020 
  33 0086 40202020 		.ascii	"@   @\200\002 \250p\250 \000\002  \370  \000\005\000"
  33      40800220 
  33      A870A820 
  33      00022020 
  33      F8202000 
  34 009c 0000C040 		.ascii	"\000\000\300@\200\003\000\000\360\000\000\000\005\000"
  34      80030000 
  34      F0000000 
  34      0500
  35 00aa 000000C0 		.ascii	"\000\000\000\300\300$ @@@\200\200c\220\220\220\220\220"
  35      C0242040 
  35      40408080 
  35      63909090 
  35      9090
  36 00bc 60236020 		.ascii	"`#`    pc\220\020 @\200\360c\220\020`\020\220`\223\220"
  36      20202070 
  36      63901020 
  36      4080F063 
  36      90106010 
  37 00d4 9090F010 		.ascii	"\220\220\360\020\020\363\200\340\020\020\220`c\220\200"
  37      10F380E0 
  37      10109060 
  37      639080
  38 00e3 E0909060 		.ascii	"\340\220\220`\363\020  @@@c\220\220`\220\220`c\220\220"
  38      F3102020 
  38      40404063 
  38      90906090 
  38      90606390 
  39 00f8 70109060 		.ascii	"p\020\220`\004\300\300\000\300\300\000\004``\000`@\200"
  39      04C0C000 
  39      C0C00004 
  39      60600060 
  39      4080
  40 010a 03204080 		.ascii	"\003 @\200@ \000\003\000\360\000\360\000\000\003\200"
  40      40200003 
  40      00F000F0 
  40      00000380 
  41 011a 40204080 		.ascii	"@ @\200\000c\220\020 @\000@c\220\260\260\200\200pc\220"
  41      00639010 
  41      20400040 
  41      6390B0B0 
  41      80807063 
  42 012f 9090F090 		.ascii	"\220\220\360\220\220\343\220\220\340\220\220\340c\220"
  42      90E39090 
  42      E09090E0 
  42      6390
  43 013d 80808090 		.ascii	"\200\200\200\220`\343\220\220\220\220\220\340\363\200"
  43      60E39090 
  43      909090E0 
  43      F380
  44 014b 80E08080 		.ascii	"\200\340\200\200\360\363\200\200\340\200\200\200c\220"
  44      F0F38080 
  44      E0808080 
  44      6390
ARM GAS  /tmp/ccAkH5Yt.s 			page 3


  45 0159 80B09090 		.ascii	"\200\260\220\220p\223\220\220\360\220\220\220\344@@"
  45      70939090 
  45      F0909090 
  45      E44040
  46 0168 404040E0 		.ascii	"@@@\340s\020\020\020\020\220`\223\220\220\340\220\220"
  46      73101010 
  46      10906093 
  46      9090E090 
  46      90
  47 0179 90838080 		.ascii	"\220\203\200\200\200\200\200\360\212\330\250\250\250"
  47      808080F0 
  47      8AD8A8A8 
  47      A8
  48 0186 88889390 		.ascii	"\210\210\223\220\320\260\220\220\220c\220\220\220\220"
  48      D0B09090 
  48      90639090 
  48      9090
  49 0194 9060E390 		.ascii	"\220`\343\220\220\340\200\200\200c\220\220\220\220\240"
  49      90E08080 
  49      80639090 
  49      9090A0
  50 01a3 50E39090 		.ascii	"P\343\220\220\340\220\220\220c\220\200`\020\220`\372"
  50      E0909090 
  50      63908060 
  50      109060FA 
  51 01b3 20202020 		.ascii	"      \223\220\220\220\220\220p\223\220\220\220\220"
  51      20209390 
  51      90909090 
  51      70939090 
  51      9090
  52 01c5 60608A88 		.ascii	"``\212\210\210\250\250\250P\212\210P P\210\210\212\210"
  52      88A8A8A8 
  52      508A8850 
  52      20508888 
  52      8A88
  53 01d7 88502020 		.ascii	"\210P   \363\020 @\200\200\360\344\200\200\200\200\200"
  53      20F31020 
  53      408080F0 
  53      E4808080 
  53      8080
  54 01e9 E0848040 		.ascii	"\340\204\200@@@  \344     \340D\240\000\000\000\000"
  54      40402020 
  54      E4202020 
  54      2020E044 
  54      A0000000 
  55 01fe 00030000 		.ascii	"\000\003\000\000\000\000\000\370\304@ \000\000\000\000"
  55      000000F8 
  55      C4402000 
  55      000000
  56 020d 03007090 		.ascii	"\003\000p\220\220\260P\203\200\240\320\220\220\340\003"
  56      90B05083 
  56      80A0D090 
  56      90E003
  57 021c 00708080 		.ascii	"\000p\200\200\200p\023\020P\260\220\220p\003\000`\220"
  57      80701310 
  57      50B09090 
  57      70030060 
ARM GAS  /tmp/ccAkH5Yt.s 			page 4


  57      90
  58 022d F0807023 		.ascii	"\360\200p#P@\340@@@\003\000p\220p\020`\203\200\240\320"
  58      5040E040 
  58      40400300 
  58      70907010 
  58      608380A0 
  59 0242 90909044 		.ascii	"\220\220\220D\000\300@@@\340$\000   \240@\203\200\220"
  59      00C04040 
  59      40E02400 
  59      202020A0 
  59      40838090 
  60 0256 A0C0A090 		.ascii	"\240\300\240\220\304@@@@@\340\002\000\360\250\250\250"
  60      C4404040 
  60      4040E002 
  60      00F0A8A8 
  60      A8
  61 0267 A80300A0 		.ascii	"\250\003\000\240\320\220\220\220\003\000`\220\220\220"
  61      D0909090 
  61      03006090 
  61      9090
  62 0275 600300E0 		.ascii	"`\003\000\340\220\220\340\200\003\000p\220\220p\020"
  62      9090E080 
  62      03007090 
  62      907010
  63 0284 0300A0D0 		.ascii	"\003\000\240\320\200\200\200\003\000p\200`\020\340C"
  63      80808003 
  63      00708060 
  63      10E043
  64 0293 40E04040 		.ascii	"@\340@@@0\003\000\220\220\220\260P\003\000\220\220\220"
  64      40300300 
  64      909090B0 
  64      50030090 
  64      9090
  65 02a5 60600200 		.ascii	"``\002\000\210\210\250\250P\003\000\220\220`\220\220"
  65      8888A8A8 
  65      50030090 
  65      90609090 
  66 02b5 03009090 		.ascii	"\003\000\220\220p\020\340\003\000\360 @\200\360$@@\200"
  66      7010E003 
  66      00F02040 
  66      80F02440 
  66      4080
  67 02c7 40402024 		.ascii	"@@ $      \204@@ @@\200\003\000P\240\000\000\000"
  67      20202020 
  67      20208440 
  67      40204040 
  67      80030050 
  68              		.text
  69              	.Letext0:
  70              		.file 2 "/usr/lib/gcc/arm-none-eabi/13.2.1/include/stdint.h"
  71              		.section	.debug_info,"",%progbits
  72              	.Ldebug_info0:
  73 0000 9A000000 		.4byte	0x9a
  74 0004 0500     		.2byte	0x5
  75 0006 01       		.byte	0x1
  76 0007 04       		.byte	0x4
  77 0008 00000000 		.4byte	.Ldebug_abbrev0
ARM GAS  /tmp/ccAkH5Yt.s 			page 5


  78 000c 03       		.uleb128 0x3
  79 000d 1B000000 		.4byte	.LASF9
  80 0011 1D       		.byte	0x1d
  81 0012 D7010000 		.4byte	.LASF10
  82 0016 BA010000 		.4byte	.LASF11
  83 001a 00000000 		.4byte	.Ldebug_line0
  84 001e 01       		.uleb128 0x1
  85 001f 01       		.byte	0x1
  86 0020 06       		.byte	0x6
  87 0021 AE010000 		.4byte	.LASF0
  88 0025 01       		.uleb128 0x1
  89 0026 02       		.byte	0x2
  90 0027 05       		.byte	0x5
  91 0028 CD010000 		.4byte	.LASF1
  92 002c 01       		.uleb128 0x1
  93 002d 04       		.byte	0x4
  94 002e 05       		.byte	0x5
  95 002f 88010000 		.4byte	.LASF2
  96 0033 01       		.uleb128 0x1
  97 0034 08       		.byte	0x8
  98 0035 05       		.byte	0x5
  99 0036 00000000 		.4byte	.LASF3
 100 003a 04       		.uleb128 0x4
 101 003b 72010000 		.4byte	.LASF12
 102 003f 02       		.byte	0x2
 103 0040 2E       		.byte	0x2e
 104 0041 18       		.byte	0x18
 105 0042 4B000000 		.4byte	0x4b
 106 0046 02       		.uleb128 0x2
 107 0047 3A000000 		.4byte	0x3a
 108 004b 01       		.uleb128 0x1
 109 004c 01       		.byte	0x1
 110 004d 08       		.byte	0x8
 111 004e 7A010000 		.4byte	.LASF4
 112 0052 01       		.uleb128 0x1
 113 0053 02       		.byte	0x2
 114 0054 07       		.byte	0x7
 115 0055 9B010000 		.4byte	.LASF5
 116 0059 01       		.uleb128 0x1
 117 005a 04       		.byte	0x4
 118 005b 07       		.byte	0x7
 119 005c 49010000 		.4byte	.LASF6
 120 0060 01       		.uleb128 0x1
 121 0061 08       		.byte	0x8
 122 0062 07       		.byte	0x7
 123 0063 5B010000 		.4byte	.LASF7
 124 0067 05       		.uleb128 0x5
 125 0068 04       		.byte	0x4
 126 0069 05       		.byte	0x5
 127 006a 696E7400 		.ascii	"int\000"
 128 006e 01       		.uleb128 0x1
 129 006f 04       		.byte	0x4
 130 0070 07       		.byte	0x7
 131 0071 0E000000 		.4byte	.LASF8
 132 0075 06       		.uleb128 0x6
 133 0076 46000000 		.4byte	0x46
 134 007a 86000000 		.4byte	0x86
ARM GAS  /tmp/ccAkH5Yt.s 			page 6


 135 007e 07       		.uleb128 0x7
 136 007f 6E000000 		.4byte	0x6e
 137 0083 DE02     		.2byte	0x2de
 138 0085 00       		.byte	0
 139 0086 02       		.uleb128 0x2
 140 0087 75000000 		.4byte	0x75
 141 008b 08       		.uleb128 0x8
 142 008c 91010000 		.4byte	.LASF13
 143 0090 01       		.byte	0x1
 144 0091 31       		.byte	0x31
 145 0092 0F       		.byte	0xf
 146 0093 86000000 		.4byte	0x86
 147 0097 05       		.uleb128 0x5
 148 0098 03       		.byte	0x3
 149 0099 00000000 		.4byte	x5x7_bits
 150 009d 00       		.byte	0
 151              		.section	.debug_abbrev,"",%progbits
 152              	.Ldebug_abbrev0:
 153 0000 01       		.uleb128 0x1
 154 0001 24       		.uleb128 0x24
 155 0002 00       		.byte	0
 156 0003 0B       		.uleb128 0xb
 157 0004 0B       		.uleb128 0xb
 158 0005 3E       		.uleb128 0x3e
 159 0006 0B       		.uleb128 0xb
 160 0007 03       		.uleb128 0x3
 161 0008 0E       		.uleb128 0xe
 162 0009 00       		.byte	0
 163 000a 00       		.byte	0
 164 000b 02       		.uleb128 0x2
 165 000c 26       		.uleb128 0x26
 166 000d 00       		.byte	0
 167 000e 49       		.uleb128 0x49
 168 000f 13       		.uleb128 0x13
 169 0010 00       		.byte	0
 170 0011 00       		.byte	0
 171 0012 03       		.uleb128 0x3
 172 0013 11       		.uleb128 0x11
 173 0014 01       		.byte	0x1
 174 0015 25       		.uleb128 0x25
 175 0016 0E       		.uleb128 0xe
 176 0017 13       		.uleb128 0x13
 177 0018 0B       		.uleb128 0xb
 178 0019 03       		.uleb128 0x3
 179 001a 0E       		.uleb128 0xe
 180 001b 1B       		.uleb128 0x1b
 181 001c 0E       		.uleb128 0xe
 182 001d 10       		.uleb128 0x10
 183 001e 17       		.uleb128 0x17
 184 001f 00       		.byte	0
 185 0020 00       		.byte	0
 186 0021 04       		.uleb128 0x4
 187 0022 16       		.uleb128 0x16
 188 0023 00       		.byte	0
 189 0024 03       		.uleb128 0x3
 190 0025 0E       		.uleb128 0xe
 191 0026 3A       		.uleb128 0x3a
ARM GAS  /tmp/ccAkH5Yt.s 			page 7


 192 0027 0B       		.uleb128 0xb
 193 0028 3B       		.uleb128 0x3b
 194 0029 0B       		.uleb128 0xb
 195 002a 39       		.uleb128 0x39
 196 002b 0B       		.uleb128 0xb
 197 002c 49       		.uleb128 0x49
 198 002d 13       		.uleb128 0x13
 199 002e 00       		.byte	0
 200 002f 00       		.byte	0
 201 0030 05       		.uleb128 0x5
 202 0031 24       		.uleb128 0x24
 203 0032 00       		.byte	0
 204 0033 0B       		.uleb128 0xb
 205 0034 0B       		.uleb128 0xb
 206 0035 3E       		.uleb128 0x3e
 207 0036 0B       		.uleb128 0xb
 208 0037 03       		.uleb128 0x3
 209 0038 08       		.uleb128 0x8
 210 0039 00       		.byte	0
 211 003a 00       		.byte	0
 212 003b 06       		.uleb128 0x6
 213 003c 01       		.uleb128 0x1
 214 003d 01       		.byte	0x1
 215 003e 49       		.uleb128 0x49
 216 003f 13       		.uleb128 0x13
 217 0040 01       		.uleb128 0x1
 218 0041 13       		.uleb128 0x13
 219 0042 00       		.byte	0
 220 0043 00       		.byte	0
 221 0044 07       		.uleb128 0x7
 222 0045 21       		.uleb128 0x21
 223 0046 00       		.byte	0
 224 0047 49       		.uleb128 0x49
 225 0048 13       		.uleb128 0x13
 226 0049 2F       		.uleb128 0x2f
 227 004a 05       		.uleb128 0x5
 228 004b 00       		.byte	0
 229 004c 00       		.byte	0
 230 004d 08       		.uleb128 0x8
 231 004e 34       		.uleb128 0x34
 232 004f 00       		.byte	0
 233 0050 03       		.uleb128 0x3
 234 0051 0E       		.uleb128 0xe
 235 0052 3A       		.uleb128 0x3a
 236 0053 0B       		.uleb128 0xb
 237 0054 3B       		.uleb128 0x3b
 238 0055 0B       		.uleb128 0xb
 239 0056 39       		.uleb128 0x39
 240 0057 0B       		.uleb128 0xb
 241 0058 49       		.uleb128 0x49
 242 0059 13       		.uleb128 0x13
 243 005a 3F       		.uleb128 0x3f
 244 005b 19       		.uleb128 0x19
 245 005c 02       		.uleb128 0x2
 246 005d 18       		.uleb128 0x18
 247 005e 00       		.byte	0
 248 005f 00       		.byte	0
ARM GAS  /tmp/ccAkH5Yt.s 			page 8


 249 0060 00       		.byte	0
 250              		.section	.debug_aranges,"",%progbits
 251 0000 14000000 		.4byte	0x14
 252 0004 0200     		.2byte	0x2
 253 0006 00000000 		.4byte	.Ldebug_info0
 254 000a 04       		.byte	0x4
 255 000b 00       		.byte	0
 256 000c 0000     		.2byte	0
 257 000e 0000     		.2byte	0
 258 0010 00000000 		.4byte	0
 259 0014 00000000 		.4byte	0
 260              		.section	.debug_line,"",%progbits
 261              	.Ldebug_line0:
 262 0000 5C000000 		.section	.debug_str,"MS",%progbits,1
 262      03005600 
 262      00000201 
 262      FB0E0D00 
 262      01010101 
 263              	.LASF3:
 264 0000 6C6F6E67 		.ascii	"long long int\000"
 264      206C6F6E 
 264      6720696E 
 264      7400
 265              	.LASF8:
 266 000e 756E7369 		.ascii	"unsigned int\000"
 266      676E6564 
 266      20696E74 
 266      00
 267              	.LASF9:
 268 001b 474E5520 		.ascii	"GNU C11 13.2.1 20231009 -mcpu=cortex-m4 -mfloat-abi"
 268      43313120 
 268      31332E32 
 268      2E312032 
 268      30323331 
 269 004e 3D686172 		.ascii	"=hard -mfpu=fpv4-sp-d16 -mno-thumb-interwork -mthum"
 269      64202D6D 
 269      6670753D 
 269      66707634 
 269      2D73702D 
 270 0081 62202D6D 		.ascii	"b -march=armv7e-m+fp -ggdb -Og -std=c11 -fno-inline"
 270      61726368 
 270      3D61726D 
 270      7637652D 
 270      6D2B6670 
 271 00b4 2D736D61 		.ascii	"-small-functions -fomit-frame-pointer -falign-funct"
 271      6C6C2D66 
 271      756E6374 
 271      696F6E73 
 271      202D666F 
 272 00e7 696F6E73 		.ascii	"ions=16 -fstack-usage -ffunction-sections -fdata-se"
 272      3D313620 
 272      2D667374 
 272      61636B2D 
 272      75736167 
 273 011a 6374696F 		.ascii	"ctions -fno-common -fsingle-precision-constant\000"
 273      6E73202D 
 273      666E6F2D 
ARM GAS  /tmp/ccAkH5Yt.s 			page 9


 273      636F6D6D 
 273      6F6E202D 
 274              	.LASF6:
 275 0149 6C6F6E67 		.ascii	"long unsigned int\000"
 275      20756E73 
 275      69676E65 
 275      6420696E 
 275      7400
 276              	.LASF7:
 277 015b 6C6F6E67 		.ascii	"long long unsigned int\000"
 277      206C6F6E 
 277      6720756E 
 277      7369676E 
 277      65642069 
 278              	.LASF12:
 279 0172 75696E74 		.ascii	"uint8_t\000"
 279      385F7400 
 280              	.LASF4:
 281 017a 756E7369 		.ascii	"unsigned char\000"
 281      676E6564 
 281      20636861 
 281      7200
 282              	.LASF2:
 283 0188 6C6F6E67 		.ascii	"long int\000"
 283      20696E74 
 283      00
 284              	.LASF13:
 285 0191 78357837 		.ascii	"x5x7_bits\000"
 285      5F626974 
 285      7300
 286              	.LASF5:
 287 019b 73686F72 		.ascii	"short unsigned int\000"
 287      7420756E 
 287      7369676E 
 287      65642069 
 287      6E7400
 288              	.LASF0:
 289 01ae 7369676E 		.ascii	"signed char\000"
 289      65642063 
 289      68617200 
 290              	.LASF11:
 291 01ba 2F776F72 		.ascii	"/workspaces/tinySA\000"
 291      6B737061 
 291      6365732F 
 291      74696E79 
 291      534100
 292              	.LASF1:
 293 01cd 73686F72 		.ascii	"short int\000"
 293      7420696E 
 293      7400
 294              	.LASF10:
 295 01d7 466F6E74 		.ascii	"Font5x7.c\000"
 295      3578372E 
 295      6300
 296              		.ident	"GCC: (15:13.2.rel1-2) 13.2.1 20231009"
ARM GAS  /tmp/ccAkH5Yt.s 			page 10


DEFINED SYMBOLS
                            *ABS*:00000000 Font5x7.c
     /tmp/ccAkH5Yt.s:25     .rodata.x5x7_bits:00000000 x5x7_bits
     /tmp/ccAkH5Yt.s:22     .rodata.x5x7_bits:00000000 $d

NO UNDEFINED SYMBOLS
