ARM GAS  /tmp/ccsJTZ2e.s 			page 1


   1              		.cpu cortex-m4
   2              		.arch armv7e-m
   3              		.fpu fpv4-sp-d16
   4              		.eabi_attribute 27, 1
   5              		.eabi_attribute 28, 1
   6              		.eabi_attribute 20, 1
   7              		.eabi_attribute 21, 1
   8              		.eabi_attribute 23, 3
   9              		.eabi_attribute 24, 1
  10              		.eabi_attribute 25, 1
  11              		.eabi_attribute 26, 1
  12              		.eabi_attribute 30, 1
  13              		.eabi_attribute 34, 1
  14              		.eabi_attribute 18, 4
  15              		.file	"Font7x13b.c"
  16              		.text
  17              	.Ltext0:
  18              		.cfi_sections	.debug_frame
  19              		.file 1 "Font7x13b.c"
  20              		.global	x7x11b_bits
  21              		.section	.rodata.x7x11b_bits,"a"
  22              		.align	2
  23              		.type	x7x11b_bits, %object
  24              		.size	x7x11b_bits, 1155
  25              	x7x11b_bits:
  26 0000 00060606 		.ascii	"\000\006\006\006&f\376\376` \000\000\020\02088ll\306"
  26      2666FEFE 
  26      60200000 
  26      10103838 
  26      6C6CC6
  27 0013 C6FE0002 		.ascii	"\306\376\000\002\200\300\340\360\370\360\340\300\200"
  27      80C0E0F0 
  27      F8F0E0C0 
  27      80
  28 0020 0000006E 		.ascii	"\000\000\000n\333\221\231\211\333v\000\000\000\000\020"
  28      DB919989 
  28      DB760000 
  28      000010
  29 002f 3060FEFE 		.ascii	"0`\376\376`0\020\000\000\000\020\030\014\376\376\014"
  29      60301000 
  29      00001018 
  29      0CFEFE0C 
  30 003f 18100001 		.ascii	"\030\020\000\001\000\000\000\374lll\354\314\000\000"
  30      000000FC 
  30      6C6C6CEC 
  30      CC0000
  31 004e 000000C6 		.ascii	"\000\000\000\306\306\306\306\356\326\300\000|\306\306"
  31      C6C6C6EE 
  31      D6C0007C 
  31      C6C6
  32 005c C6C6C66C 		.ascii	"\306\306\306ll\356\000\002p\330\330p\000\000\000\000"
  32      6CEE0002 
  32      70D8D870 
  32      00000000 
  33 006c 00000400 		.ascii	"\000\000\004\000\000\000\000\000\000\000\000\000\000"
  33      00000000 
  33      00000000 
ARM GAS  /tmp/ccsJTZ2e.s 			page 2


  33      00
  34 0079 04606060 		.ascii	"\004``````\000``\000\002\330\330\330\000\000\000\000"
  34      60606000 
  34      60600002 
  34      D8D8D800 
  34      000000
  35 008c 00000002 		.ascii	"\000\000\000\002PP\370\370P\370\370PP\000\0000|\260"
  35      5050F8F8 
  35      50F8F850 
  35      50000030 
  35      7CB0
  36 009e B0783434 		.ascii	"\260x44\3700\000`\222\226l\0300l\322\222\014\000\000"
  36      F8300060 
  36      92966C18 
  36      306CD292 
  36      0C0000
  37 00b1 70D8D870 		.ascii	"p\330\330pr\334\314\334r\000\003\340\340`\300\000\000"
  37      72DCCCDC 
  37      720003E0 
  37      E060C000 
  37      00
  38 00c2 00000000 		.ascii	"\000\000\000\000\0030``\300\300\300``0\000\003\300`"
  38      03306060 
  38      C0C0C060 
  38      60300003 
  38      C060
  39 00d4 60303030 		.ascii	"`000``\300\000\001\000\000 \250p\250 \000\000\000\001"
  39      6060C000 
  39      01000020 
  39      A870A820 
  39      00000001 
  40 00e8 00003030 		.ascii	"\000\00000\374\37400\000\000\004\000\000\000\000\000"
  40      FCFC3030 
  40      00000400 
  40      00000000 
  41 00f8 0040E060 		.ascii	"\000@\340`\300\001\000\000\000\000\374\374\000\000\000"
  41      C0010000 
  41      0000FCFC 
  41      000000
  42 0107 00040000 		.ascii	"\000\004\000\000\000\000\000\000@\340@\000\001\014\014"
  42      00000000 
  42      40E04000 
  42      010C0C
  43 0116 18183060 		.ascii	"\030\0300``\300\300\000\001x\314\314\314\314\314\314"
  43      60C0C000 
  43      0178CCCC 
  43      CCCCCCCC 
  44 0126 CC780001 		.ascii	"\314x\000\0010p\26000000\374\000\001x\314\314\0148`"
  44      3070B030 
  44      30303030 
  44      FC000178 
  44      CCCC0C38 
  45 013b C0C0FC00 		.ascii	"\300\300\374\000\001x\314\314\0148\014\314\314x\000"
  45      0178CCCC 
  45      0C380CCC 
  45      CC7800
  46 014a 010C1C3C 		.ascii	"\001\014\034<l\314\314\374\014\014\000\001\374\300\300"
ARM GAS  /tmp/ccsJTZ2e.s 			page 3


  46      6CCCCCFC 
  46      0C0C0001 
  46      FCC0C0
  47 0159 F8CC0C0C 		.ascii	"\370\314\014\014\314x\000\001x\314\300\300\370\314\314"
  47      CC780001 
  47      78CCC0C0 
  47      F8CCCC
  48 0168 CC780001 		.ascii	"\314x\000\001\374\014\014\030\03000``\000\001x\314\314"
  48      FC0C0C18 
  48      18303060 
  48      60000178 
  48      CCCC
  49 017a CC78CCCC 		.ascii	"\314x\314\314\314x\000\001x\314\314\314|\014\014\314"
  49      CC780001 
  49      78CCCCCC 
  49      7C0C0CCC 
  50 018a 78000400 		.ascii	"x\000\004\000@\340@\000@\340@\000\000\004\000@\340@"
  50      40E04000 
  50      40E04000 
  50      00040040 
  50      E040
  51 019c 0040E040 		.ascii	"\000@\340@\200\000\001\014\0300`\300`0\030\014\000\001"
  51      8000010C 
  51      183060C0 
  51      6030180C 
  51      0001
  52 01ae 000000FC 		.ascii	"\000\000\000\374\000\000\374\000\000\000\001\300`0\030"
  52      0000FC00 
  52      000001C0 
  52      603018
  53 01bd 0C183060 		.ascii	"\014\0300`\300\000\001x\314\314\014\0300\00000\000\001"
  53      C0000178 
  53      CCCC0C18 
  53      30003030 
  53      0001
  54 01cf 788C8CBC 		.ascii	"x\214\214\274\254\270\200\214x\000\001x\314\314\314"
  54      ACB8808C 
  54      78000178 
  54      CCCCCC
  55 01de FCCCCCCC 		.ascii	"\374\314\314\314\314\000\001\370\314\314\314\370\314"
  55      CC0001F8 
  55      CCCCCCF8 
  55      CC
  56 01eb CCCCF800 		.ascii	"\314\314\370\000\001x\314\314\300\300\300\314\314x\000"
  56      0178CCCC 
  56      C0C0C0CC 
  56      CC7800
  57 01fa 01F8CCCC 		.ascii	"\001\370\314\314\314\314\314\314\314\370\000\001\374"
  57      CCCCCCCC 
  57      CCF80001 
  57      FC
  58 0207 C0C0C0F8 		.ascii	"\300\300\300\370\300\300\300\374\000\001\374\300\300"
  58      C0C0C0FC 
  58      0001FCC0 
  58      C0
  59 0214 C0F8C0C0 		.ascii	"\300\370\300\300\300\300\000\001x\314\314\300\300\334"
  59      C0C00001 
ARM GAS  /tmp/ccsJTZ2e.s 			page 4


  59      78CCCCC0 
  59      C0DC
  60 0222 CCDC6C00 		.ascii	"\314\334l\000\001\314\314\314\314\374\314\314\314\314"
  60      01CCCCCC 
  60      CCFCCCCC 
  60      CCCC
  61 0230 0003F060 		.ascii	"\000\003\360```````\360\000\001\014\014\014\014\014"
  61      60606060 
  61      6060F000 
  61      010C0C0C 
  61      0C0C
  62 0242 0C0CCC78 		.ascii	"\014\014\314x\000\001\314\314\314\330\360\330\314\314"
  62      0001CCCC 
  62      CCD8F0D8 
  62      CCCC
  63 0250 CC0001C0 		.ascii	"\314\000\001\300\300\300\300\300\300\300\300\374\000"
  63      C0C0C0C0 
  63      C0C0C0FC 
  63      00
  64 025d 00C6C6EE 		.ascii	"\000\306\306\356\356\326\326\326\306\306\000\001\314"
  64      EED6D6D6 
  64      C6C60001 
  64      CC
  65 026a CCECECFC 		.ascii	"\314\354\354\374\334\334\314\314\000\001x\314\314\314"
  65      DCDCCCCC 
  65      000178CC 
  65      CCCC
  66 0278 CCCCCCCC 		.ascii	"\314\314\314\314x\000\001\370\314\314\314\370\300\300"
  66      780001F8 
  66      CCCCCCF8 
  66      C0C0
  67 0286 C0C00001 		.ascii	"\300\300\000\001x\314\314\314\314\314\354\334x\014\001"
  67      78CCCCCC 
  67      CCCCECDC 
  67      780C01
  68 0295 F8CCCCCC 		.ascii	"\370\314\314\314\370\330\314\314\314\000\001x\314\314"
  68      F8D8CCCC 
  68      CC000178 
  68      CCCC
  69 02a3 603018CC 		.ascii	"`0\030\314\314x\000\001\374\2640000000\000\001\314\314"
  69      CC780001 
  69      FCB43030 
  69      30303030 
  69      300001CC 
  70 02b8 CCCCCCCC 		.ascii	"\314\314\314\314\314\314x\000\000\306\306\306lll88\020"
  70      CCCC7800 
  70      00C6C6C6 
  70      6C6C6C38 
  70      3810
  71 02ca 0000C6C6 		.ascii	"\000\000\306\306\306\326\326\326\326\376l\000\001\314"
  71      C6D6D6D6 
  71      D6FE6C00 
  71      01CC
  72 02d8 CCCC4830 		.ascii	"\314\314H0H\314\314\314\000\001\314\314\314\314x000"
  72      48CCCCCC 
  72      0001CCCC 
  72      CCCC7830 
ARM GAS  /tmp/ccsJTZ2e.s 			page 5


  72      3030
  73 02ea 300001FC 		.ascii	"0\000\001\374\014\014\0300`\300\300\374\000\003\360"
  73      0C0C1830 
  73      60C0C0FC 
  73      0003F0
  74 02f9 C0C0C0C0 		.ascii	"\300\300\300\300\300\300\300\360\000\001\300\300``0"
  74      C0C0C0F0 
  74      0001C0C0 
  74      606030
  75 0308 18180C0C 		.ascii	"\030\030\014\014\000\003\3600000000\360\000\0010x\314"
  75      0003F030 
  75      30303030 
  75      3030F000 
  75      013078CC 
  76 031c 84000000 		.ascii	"\204\000\000\000\000\000\000\001\000\000\000\000\000"
  76      00000001 
  76      00000000 
  76      00
  77 0329 000000FC 		.ascii	"\000\000\000\374\374\003\300`0\000\000\000\000\000\000"
  77      FC03C060 
  77      30000000 
  77      000000
  78 0338 00010000 		.ascii	"\000\001\000\000\000x\014|\314\314|\000\001\300\300"
  78      00780C7C 
  78      CCCC7C00 
  78      01C0C0
  79 0347 C0D8ECCC 		.ascii	"\300\330\354\314\314\354\330\000\001\000\000\000x\314"
  79      CCECD800 
  79      01000000 
  79      78CC
  80 0355 C0C0CC78 		.ascii	"\300\300\314x\000\001\014\014\014l\334\314\314\334l"
  80      00010C0C 
  80      0C6CDCCC 
  80      CCDC6C
  81 0364 00010000 		.ascii	"\000\001\000\000\000x\314\374\300\314x\000\0018l``\360"
  81      0078CCFC 
  81      C0CC7800 
  81      01386C60 
  81      60F0
  82 0376 60606060 		.ascii	"````\000\001\000\000\000t\314\314\314|\014x\001\300"
  82      00010000 
  82      0074CCCC 
  82      CC7C0C78 
  82      01C0
  83 0388 C0C0D8EC 		.ascii	"\300\300\330\354\314\314\314\314\000\003``\000\340`"
  83      CCCCCCCC 
  83      00036060 
  83      00E060
  84 0397 606060F0 		.ascii	"```\360\000\001\014\014\000\014\014\014\014\014\314"
  84      00010C0C 
  84      000C0C0C 
  84      0C0CCC
  85 03a6 7801C0C0 		.ascii	"x\001\300\300\300\314\330\360\360\330\314\000\001p0"
  85      C0CCD8F0 
  85      F0D8CC00 
  85      017030
  86 03b5 30303030 		.ascii	"000000\374\000\000\000\000\000\354\376\326\326\326\326"
ARM GAS  /tmp/ccsJTZ2e.s 			page 6


  86      3030FC00 
  86      00000000 
  86      ECFED6D6 
  86      D6D6
  87 03c7 00010000 		.ascii	"\000\001\000\000\000\330\354\314\314\314\314\000\001"
  87      00D8ECCC 
  87      CCCCCC00 
  87      01
  88 03d4 00000078 		.ascii	"\000\000\000x\314\314\314\314x\000\001\000\000\000\330"
  88      CCCCCCCC 
  88      78000100 
  88      0000D8
  89 03e3 ECCCCCF8 		.ascii	"\354\314\314\370\300\300\001\000\000\000l\334\314\314"
  89      C0C00100 
  89      00006CDC 
  89      CCCC
  90 03f1 7C0C0C01 		.ascii	"|\014\014\001\000\000\000\330\354\300\300\300\300\000"
  90      000000D8 
  90      ECC0C0C0 
  90      C000
  91 03ff 01000000 		.ascii	"\001\000\000\000x\314`\030\314x\000\001\000``\370``"
  91      78CC6018 
  91      CC780001 
  91      006060F8 
  91      6060
  92 0411 606C3800 		.ascii	"`l8\000\001\000\000\000\314\314\314\314\334l\000\001"
  92      01000000 
  92      CCCCCCCC 
  92      DC6C0001 
  93 0421 000000CC 		.ascii	"\000\000\000\314\314HH00\000\000\000\000\000\306\306"
  93      CC484830 
  93      30000000 
  93      0000C6C6 
  94 0431 D6D6FE6C 		.ascii	"\326\326\376l\000\001\000\000\000\314H00H\314\000\001"
  94      00010000 
  94      00CC4830 
  94      3048CC00 
  94      01
  95 0442 000000CC 		.ascii	"\000\000\000\314\314\314|\014\314x\001\000\000\000\374"
  95      CCCC7C0C 
  95      CC780100 
  95      0000FC
  96 0451 0C1860C0 		.ascii	"\014\030`\300\374\000\0028```\300```8\000\003``````"
  96      FC000238 
  96      606060C0 
  96      60606038 
  96      00036060 
  97 0469 60606000 		.ascii	"```\000\002\340000\030000\340\000\001d\374\230\000\000"
  97      02E03030 
  97      30183030 
  97      30E00001 
  97      64FC9800 
  98 047e 00000000 		.ascii	"\000\000\000\000\000"
  98      00
  99              		.text
 100              	.Letext0:
 101              		.file 2 "/usr/lib/gcc/arm-none-eabi/13.2.1/include/stdint.h"
ARM GAS  /tmp/ccsJTZ2e.s 			page 7


 102              		.section	.debug_info,"",%progbits
 103              	.Ldebug_info0:
 104 0000 9A000000 		.4byte	0x9a
 105 0004 0500     		.2byte	0x5
 106 0006 01       		.byte	0x1
 107 0007 04       		.byte	0x4
 108 0008 00000000 		.4byte	.Ldebug_abbrev0
 109 000c 03       		.uleb128 0x3
 110 000d 1B000000 		.4byte	.LASF9
 111 0011 1D       		.byte	0x1d
 112 0012 49010000 		.4byte	.LASF10
 113 0016 BC010000 		.4byte	.LASF11
 114 001a 00000000 		.4byte	.Ldebug_line0
 115 001e 01       		.uleb128 0x1
 116 001f 01       		.byte	0x1
 117 0020 06       		.byte	0x6
 118 0021 B0010000 		.4byte	.LASF0
 119 0025 01       		.uleb128 0x1
 120 0026 02       		.byte	0x2
 121 0027 05       		.byte	0x5
 122 0028 DB010000 		.4byte	.LASF1
 123 002c 01       		.uleb128 0x1
 124 002d 04       		.byte	0x4
 125 002e 05       		.byte	0x5
 126 002f 94010000 		.4byte	.LASF2
 127 0033 01       		.uleb128 0x1
 128 0034 08       		.byte	0x8
 129 0035 05       		.byte	0x5
 130 0036 00000000 		.4byte	.LASF3
 131 003a 04       		.uleb128 0x4
 132 003b 7E010000 		.4byte	.LASF12
 133 003f 02       		.byte	0x2
 134 0040 2E       		.byte	0x2e
 135 0041 18       		.byte	0x18
 136 0042 4B000000 		.4byte	0x4b
 137 0046 02       		.uleb128 0x2
 138 0047 3A000000 		.4byte	0x3a
 139 004b 01       		.uleb128 0x1
 140 004c 01       		.byte	0x1
 141 004d 08       		.byte	0x8
 142 004e 86010000 		.4byte	.LASF4
 143 0052 01       		.uleb128 0x1
 144 0053 02       		.byte	0x2
 145 0054 07       		.byte	0x7
 146 0055 9D010000 		.4byte	.LASF5
 147 0059 01       		.uleb128 0x1
 148 005a 04       		.byte	0x4
 149 005b 07       		.byte	0x7
 150 005c 55010000 		.4byte	.LASF6
 151 0060 01       		.uleb128 0x1
 152 0061 08       		.byte	0x8
 153 0062 07       		.byte	0x7
 154 0063 67010000 		.4byte	.LASF7
 155 0067 05       		.uleb128 0x5
 156 0068 04       		.byte	0x4
 157 0069 05       		.byte	0x5
 158 006a 696E7400 		.ascii	"int\000"
ARM GAS  /tmp/ccsJTZ2e.s 			page 8


 159 006e 01       		.uleb128 0x1
 160 006f 04       		.byte	0x4
 161 0070 07       		.byte	0x7
 162 0071 0E000000 		.4byte	.LASF8
 163 0075 06       		.uleb128 0x6
 164 0076 46000000 		.4byte	0x46
 165 007a 86000000 		.4byte	0x86
 166 007e 07       		.uleb128 0x7
 167 007f 6E000000 		.4byte	0x6e
 168 0083 8204     		.2byte	0x482
 169 0085 00       		.byte	0
 170 0086 02       		.uleb128 0x2
 171 0087 75000000 		.4byte	0x75
 172 008b 08       		.uleb128 0x8
 173 008c CF010000 		.4byte	.LASF13
 174 0090 01       		.byte	0x1
 175 0091 31       		.byte	0x31
 176 0092 0F       		.byte	0xf
 177 0093 86000000 		.4byte	0x86
 178 0097 05       		.uleb128 0x5
 179 0098 03       		.byte	0x3
 180 0099 00000000 		.4byte	x7x11b_bits
 181 009d 00       		.byte	0
 182              		.section	.debug_abbrev,"",%progbits
 183              	.Ldebug_abbrev0:
 184 0000 01       		.uleb128 0x1
 185 0001 24       		.uleb128 0x24
 186 0002 00       		.byte	0
 187 0003 0B       		.uleb128 0xb
 188 0004 0B       		.uleb128 0xb
 189 0005 3E       		.uleb128 0x3e
 190 0006 0B       		.uleb128 0xb
 191 0007 03       		.uleb128 0x3
 192 0008 0E       		.uleb128 0xe
 193 0009 00       		.byte	0
 194 000a 00       		.byte	0
 195 000b 02       		.uleb128 0x2
 196 000c 26       		.uleb128 0x26
 197 000d 00       		.byte	0
 198 000e 49       		.uleb128 0x49
 199 000f 13       		.uleb128 0x13
 200 0010 00       		.byte	0
 201 0011 00       		.byte	0
 202 0012 03       		.uleb128 0x3
 203 0013 11       		.uleb128 0x11
 204 0014 01       		.byte	0x1
 205 0015 25       		.uleb128 0x25
 206 0016 0E       		.uleb128 0xe
 207 0017 13       		.uleb128 0x13
 208 0018 0B       		.uleb128 0xb
 209 0019 03       		.uleb128 0x3
 210 001a 0E       		.uleb128 0xe
 211 001b 1B       		.uleb128 0x1b
 212 001c 0E       		.uleb128 0xe
 213 001d 10       		.uleb128 0x10
 214 001e 17       		.uleb128 0x17
 215 001f 00       		.byte	0
ARM GAS  /tmp/ccsJTZ2e.s 			page 9


 216 0020 00       		.byte	0
 217 0021 04       		.uleb128 0x4
 218 0022 16       		.uleb128 0x16
 219 0023 00       		.byte	0
 220 0024 03       		.uleb128 0x3
 221 0025 0E       		.uleb128 0xe
 222 0026 3A       		.uleb128 0x3a
 223 0027 0B       		.uleb128 0xb
 224 0028 3B       		.uleb128 0x3b
 225 0029 0B       		.uleb128 0xb
 226 002a 39       		.uleb128 0x39
 227 002b 0B       		.uleb128 0xb
 228 002c 49       		.uleb128 0x49
 229 002d 13       		.uleb128 0x13
 230 002e 00       		.byte	0
 231 002f 00       		.byte	0
 232 0030 05       		.uleb128 0x5
 233 0031 24       		.uleb128 0x24
 234 0032 00       		.byte	0
 235 0033 0B       		.uleb128 0xb
 236 0034 0B       		.uleb128 0xb
 237 0035 3E       		.uleb128 0x3e
 238 0036 0B       		.uleb128 0xb
 239 0037 03       		.uleb128 0x3
 240 0038 08       		.uleb128 0x8
 241 0039 00       		.byte	0
 242 003a 00       		.byte	0
 243 003b 06       		.uleb128 0x6
 244 003c 01       		.uleb128 0x1
 245 003d 01       		.byte	0x1
 246 003e 49       		.uleb128 0x49
 247 003f 13       		.uleb128 0x13
 248 0040 01       		.uleb128 0x1
 249 0041 13       		.uleb128 0x13
 250 0042 00       		.byte	0
 251 0043 00       		.byte	0
 252 0044 07       		.uleb128 0x7
 253 0045 21       		.uleb128 0x21
 254 0046 00       		.byte	0
 255 0047 49       		.uleb128 0x49
 256 0048 13       		.uleb128 0x13
 257 0049 2F       		.uleb128 0x2f
 258 004a 05       		.uleb128 0x5
 259 004b 00       		.byte	0
 260 004c 00       		.byte	0
 261 004d 08       		.uleb128 0x8
 262 004e 34       		.uleb128 0x34
 263 004f 00       		.byte	0
 264 0050 03       		.uleb128 0x3
 265 0051 0E       		.uleb128 0xe
 266 0052 3A       		.uleb128 0x3a
 267 0053 0B       		.uleb128 0xb
 268 0054 3B       		.uleb128 0x3b
 269 0055 0B       		.uleb128 0xb
 270 0056 39       		.uleb128 0x39
 271 0057 0B       		.uleb128 0xb
 272 0058 49       		.uleb128 0x49
ARM GAS  /tmp/ccsJTZ2e.s 			page 10


 273 0059 13       		.uleb128 0x13
 274 005a 3F       		.uleb128 0x3f
 275 005b 19       		.uleb128 0x19
 276 005c 02       		.uleb128 0x2
 277 005d 18       		.uleb128 0x18
 278 005e 00       		.byte	0
 279 005f 00       		.byte	0
 280 0060 00       		.byte	0
 281              		.section	.debug_aranges,"",%progbits
 282 0000 14000000 		.4byte	0x14
 283 0004 0200     		.2byte	0x2
 284 0006 00000000 		.4byte	.Ldebug_info0
 285 000a 04       		.byte	0x4
 286 000b 00       		.byte	0
 287 000c 0000     		.2byte	0
 288 000e 0000     		.2byte	0
 289 0010 00000000 		.4byte	0
 290 0014 00000000 		.4byte	0
 291              		.section	.debug_line,"",%progbits
 292              	.Ldebug_line0:
 293 0000 5E000000 		.section	.debug_str,"MS",%progbits,1
 293      03005800 
 293      00000201 
 293      FB0E0D00 
 293      01010101 
 294              	.LASF3:
 295 0000 6C6F6E67 		.ascii	"long long int\000"
 295      206C6F6E 
 295      6720696E 
 295      7400
 296              	.LASF8:
 297 000e 756E7369 		.ascii	"unsigned int\000"
 297      676E6564 
 297      20696E74 
 297      00
 298              	.LASF9:
 299 001b 474E5520 		.ascii	"GNU C11 13.2.1 20231009 -mcpu=cortex-m4 -mfloat-abi"
 299      43313120 
 299      31332E32 
 299      2E312032 
 299      30323331 
 300 004e 3D686172 		.ascii	"=hard -mfpu=fpv4-sp-d16 -mno-thumb-interwork -mthum"
 300      64202D6D 
 300      6670753D 
 300      66707634 
 300      2D73702D 
 301 0081 62202D6D 		.ascii	"b -march=armv7e-m+fp -ggdb -Og -std=c11 -fno-inline"
 301      61726368 
 301      3D61726D 
 301      7637652D 
 301      6D2B6670 
 302 00b4 2D736D61 		.ascii	"-small-functions -fomit-frame-pointer -falign-funct"
 302      6C6C2D66 
 302      756E6374 
 302      696F6E73 
 302      202D666F 
 303 00e7 696F6E73 		.ascii	"ions=16 -fstack-usage -ffunction-sections -fdata-se"
ARM GAS  /tmp/ccsJTZ2e.s 			page 11


 303      3D313620 
 303      2D667374 
 303      61636B2D 
 303      75736167 
 304 011a 6374696F 		.ascii	"ctions -fno-common -fsingle-precision-constant\000"
 304      6E73202D 
 304      666E6F2D 
 304      636F6D6D 
 304      6F6E202D 
 305              	.LASF10:
 306 0149 466F6E74 		.ascii	"Font7x13b.c\000"
 306      37783133 
 306      622E6300 
 307              	.LASF6:
 308 0155 6C6F6E67 		.ascii	"long unsigned int\000"
 308      20756E73 
 308      69676E65 
 308      6420696E 
 308      7400
 309              	.LASF7:
 310 0167 6C6F6E67 		.ascii	"long long unsigned int\000"
 310      206C6F6E 
 310      6720756E 
 310      7369676E 
 310      65642069 
 311              	.LASF12:
 312 017e 75696E74 		.ascii	"uint8_t\000"
 312      385F7400 
 313              	.LASF4:
 314 0186 756E7369 		.ascii	"unsigned char\000"
 314      676E6564 
 314      20636861 
 314      7200
 315              	.LASF2:
 316 0194 6C6F6E67 		.ascii	"long int\000"
 316      20696E74 
 316      00
 317              	.LASF5:
 318 019d 73686F72 		.ascii	"short unsigned int\000"
 318      7420756E 
 318      7369676E 
 318      65642069 
 318      6E7400
 319              	.LASF0:
 320 01b0 7369676E 		.ascii	"signed char\000"
 320      65642063 
 320      68617200 
 321              	.LASF11:
 322 01bc 2F776F72 		.ascii	"/workspaces/tinySA\000"
 322      6B737061 
 322      6365732F 
 322      74696E79 
 322      534100
 323              	.LASF13:
 324 01cf 78377831 		.ascii	"x7x11b_bits\000"
 324      31625F62 
 324      69747300 
ARM GAS  /tmp/ccsJTZ2e.s 			page 12


 325              	.LASF1:
 326 01db 73686F72 		.ascii	"short int\000"
 326      7420696E 
 326      7400
 327              		.ident	"GCC: (15:13.2.rel1-2) 13.2.1 20231009"
ARM GAS  /tmp/ccsJTZ2e.s 			page 13


DEFINED SYMBOLS
                            *ABS*:00000000 Font7x13b.c
     /tmp/ccsJTZ2e.s:25     .rodata.x7x11b_bits:00000000 x7x11b_bits
     /tmp/ccsJTZ2e.s:22     .rodata.x7x11b_bits:00000000 $d

NO UNDEFINED SYMBOLS
