ARM GAS  /tmp/ccjtoypi.s 			page 1


   1              		.cpu cortex-m4
   2              		.arch armv7e-m
   3              		.fpu fpv4-sp-d16
   4              		.eabi_attribute 27, 1
   5              		.eabi_attribute 28, 1
   6              		.eabi_attribute 20, 1
   7              		.eabi_attribute 21, 1
   8              		.eabi_attribute 23, 3
   9              		.eabi_attribute 24, 1
  10              		.eabi_attribute 25, 1
  11              		.eabi_attribute 26, 1
  12              		.eabi_attribute 30, 1
  13              		.eabi_attribute 34, 1
  14              		.eabi_attribute 18, 4
  15              		.file	"hal.c"
  16              		.text
  17              	.Ltext0:
  18              		.cfi_sections	.debug_frame
  19              		.file 1 "ChibiOS/os/hal/src/hal.c"
  20              		.section	.text.halInit,"ax",%progbits
  21              		.align	1
  22              		.p2align 4,,15
  23              		.global	halInit
  24              		.syntax unified
  25              		.thumb
  26              		.thumb_func
  27              		.type	halInit, %function
  28              	halInit:
  29              	.LFB233:
  30              		.loc 1 56 20 view -0
  31              		.cfi_startproc
  32              		@ args = 0, pretend = 0, frame = 0
  33              		@ frame_needed = 0, uses_anonymous_args = 0
  34 0000 08B5     		push	{r3, lr}
  35              		.cfi_def_cfa_offset 8
  36              		.cfi_offset 3, -8
  37              		.cfi_offset 14, -4
  38              		.loc 1 59 3 view .LVU1
  39              		.loc 1 62 3 view .LVU2
  40 0002 FFF7FEFF 		bl	hal_lld_init
  41              	.LVL0:
  42              		.loc 1 65 3 view .LVU3
  43 0006 0C48     		ldr	r0, .L3
  44 0008 FFF7FEFF 		bl	_pal_lld_init
  45              	.LVL1:
  46              		.loc 1 68 3 view .LVU4
  47 000c FFF7FEFF 		bl	adcInit
  48              	.LVL2:
  49              		.loc 1 77 3 view .LVU5
  50 0010 FFF7FEFF 		bl	extInit
  51              	.LVL3:
  52              		.loc 1 80 3 view .LVU6
  53 0014 FFF7FEFF 		bl	gptInit
  54              	.LVL4:
  55              		.loc 1 95 3 view .LVU7
  56 0018 FFF7FEFF 		bl	pwmInit
  57              	.LVL5:
ARM GAS  /tmp/ccjtoypi.s 			page 2


  58              		.loc 1 98 3 view .LVU8
  59 001c FFF7FEFF 		bl	sdInit
  60              	.LVL6:
  61              		.loc 1 110 3 view .LVU9
  62 0020 FFF7FEFF 		bl	usbInit
  63              	.LVL7:
  64              		.loc 1 116 3 view .LVU10
  65 0024 FFF7FEFF 		bl	sduInit
  66              	.LVL8:
  67              		.loc 1 122 3 view .LVU11
  68 0028 FFF7FEFF 		bl	wdgInit
  69              	.LVL9:
  70              		.loc 1 133 3 view .LVU12
  71 002c FFF7FEFF 		bl	boardInit
  72              	.LVL10:
  73              		.loc 1 140 3 view .LVU13
  74 0030 FFF7FEFF 		bl	stInit
  75              	.LVL11:
  76              		.loc 1 142 1 is_stmt 0 view .LVU14
  77 0034 08BD     		pop	{r3, pc}
  78              	.L4:
  79 0036 00BF     		.align	2
  80              	.L3:
  81 0038 00000000 		.word	pal_default_config
  82              		.cfi_endproc
  83              	.LFE233:
  84              		.size	halInit, .-halInit
  85              		.text
  86              	.Letext0:
  87              		.file 2 "ChibiOS/os/hal/ports/STM32/LLD/GPIOv2/hal_pal_lld.h"
  88              		.file 3 "/usr/lib/gcc/arm-none-eabi/13.2.1/include/stdint.h"
  89              		.file 4 "ChibiOS/os/hal/include/hal_st.h"
  90              		.file 5 "./NANOVNA_STM32_F303/board.h"
  91              		.file 6 "ChibiOS/os/hal/include/hal_wdg.h"
  92              		.file 7 "ChibiOS/os/hal/include/hal_serial_usb.h"
  93              		.file 8 "ChibiOS/os/hal/include/hal_usb.h"
  94              		.file 9 "ChibiOS/os/hal/include/hal_serial.h"
  95              		.file 10 "ChibiOS/os/hal/include/hal_pwm.h"
  96              		.file 11 "ChibiOS/os/hal/include/hal_gpt.h"
  97              		.file 12 "ChibiOS/os/hal/include/hal_ext.h"
  98              		.file 13 "ChibiOS/os/hal/include/hal_adc.h"
  99              		.file 14 "ChibiOS/os/hal/ports/STM32/STM32F3xx/hal_lld.h"
 100              		.file 15 "ChibiOS/os/hal/osal/rt/osal.h"
 101              		.section	.debug_info,"",%progbits
 102              	.Ldebug_info0:
 103 0000 58020000 		.4byte	0x258
 104 0004 0500     		.2byte	0x5
 105 0006 01       		.byte	0x1
 106 0007 04       		.byte	0x4
 107 0008 00000000 		.4byte	.Ldebug_abbrev0
 108 000c 08       		.uleb128 0x8
 109 000d 83010000 		.4byte	.LASF38
 110 0011 1D       		.byte	0x1d
 111 0012 C3020000 		.4byte	.LASF39
 112 0016 FE000000 		.4byte	.LASF40
 113 001a 0C000000 		.4byte	.LLRL0
 114 001e 00000000 		.4byte	0
ARM GAS  /tmp/ccjtoypi.s 			page 3


 115 0022 00000000 		.4byte	.Ldebug_line0
 116 0026 09       		.uleb128 0x9
 117 0027 04       		.byte	0x4
 118 0028 05       		.byte	0x5
 119 0029 696E7400 		.ascii	"int\000"
 120 002d 01       		.uleb128 0x1
 121 002e 04       		.byte	0x4
 122 002f 07       		.byte	0x7
 123 0030 36000000 		.4byte	.LASF0
 124 0034 01       		.uleb128 0x1
 125 0035 08       		.byte	0x8
 126 0036 05       		.byte	0x5
 127 0037 00000000 		.4byte	.LASF1
 128 003b 01       		.uleb128 0x1
 129 003c 08       		.byte	0x8
 130 003d 04       		.byte	0x4
 131 003e 30010000 		.4byte	.LASF2
 132 0042 01       		.uleb128 0x1
 133 0043 01       		.byte	0x1
 134 0044 06       		.byte	0x6
 135 0045 B7020000 		.4byte	.LASF3
 136 0049 01       		.uleb128 0x1
 137 004a 02       		.byte	0x2
 138 004b 05       		.byte	0x5
 139 004c 5A010000 		.4byte	.LASF4
 140 0050 01       		.uleb128 0x1
 141 0051 04       		.byte	0x4
 142 0052 05       		.byte	0x5
 143 0053 7A010000 		.4byte	.LASF5
 144 0057 01       		.uleb128 0x1
 145 0058 01       		.byte	0x1
 146 0059 08       		.byte	0x8
 147 005a 71000000 		.4byte	.LASF6
 148 005e 01       		.uleb128 0x1
 149 005f 02       		.byte	0x2
 150 0060 07       		.byte	0x7
 151 0061 23000000 		.4byte	.LASF7
 152 0065 0A       		.uleb128 0xa
 153 0066 BE000000 		.4byte	.LASF18
 154 006a 03       		.byte	0x3
 155 006b 34       		.byte	0x34
 156 006c 19       		.byte	0x19
 157 006d 71000000 		.4byte	0x71
 158 0071 01       		.uleb128 0x1
 159 0072 04       		.byte	0x4
 160 0073 07       		.byte	0x7
 161 0074 9A000000 		.4byte	.LASF8
 162 0078 01       		.uleb128 0x1
 163 0079 08       		.byte	0x8
 164 007a 07       		.byte	0x7
 165 007b E2020000 		.4byte	.LASF9
 166 007f 01       		.uleb128 0x1
 167 0080 01       		.byte	0x1
 168 0081 08       		.byte	0x8
 169 0082 18010000 		.4byte	.LASF10
 170 0086 01       		.uleb128 0x1
 171 0087 01       		.byte	0x1
ARM GAS  /tmp/ccjtoypi.s 			page 4


 172 0088 02       		.byte	0x2
 173 0089 DC020000 		.4byte	.LASF11
 174 008d 0B       		.uleb128 0xb
 175 008e 1C       		.byte	0x1c
 176 008f 02       		.byte	0x2
 177 0090 F5       		.byte	0xf5
 178 0091 09       		.byte	0x9
 179 0092 E8000000 		.4byte	0xe8
 180 0096 06       		.uleb128 0x6
 181 0097 B1020000 		.4byte	.LASF12
 182 009b F7       		.byte	0xf7
 183 009c 65000000 		.4byte	0x65
 184 00a0 00       		.byte	0
 185 00a1 06       		.uleb128 0x6
 186 00a2 43000000 		.4byte	.LASF13
 187 00a6 F9       		.byte	0xf9
 188 00a7 65000000 		.4byte	0x65
 189 00ab 04       		.byte	0x4
 190 00ac 06       		.uleb128 0x6
 191 00ad 43010000 		.4byte	.LASF14
 192 00b1 FB       		.byte	0xfb
 193 00b2 65000000 		.4byte	0x65
 194 00b6 08       		.byte	0x8
 195 00b7 06       		.uleb128 0x6
 196 00b8 F1000000 		.4byte	.LASF15
 197 00bc FD       		.byte	0xfd
 198 00bd 65000000 		.4byte	0x65
 199 00c1 0C       		.byte	0xc
 200 00c2 0C       		.uleb128 0xc
 201 00c3 6F647200 		.ascii	"odr\000"
 202 00c7 02       		.byte	0x2
 203 00c8 FF       		.byte	0xff
 204 00c9 19       		.byte	0x19
 205 00ca 65000000 		.4byte	0x65
 206 00ce 10       		.byte	0x10
 207 00cf 03       		.uleb128 0x3
 208 00d0 C7000000 		.4byte	.LASF16
 209 00d4 0101     		.2byte	0x101
 210 00d6 65000000 		.4byte	0x65
 211 00da 14       		.byte	0x14
 212 00db 03       		.uleb128 0x3
 213 00dc B9000000 		.4byte	.LASF17
 214 00e0 0301     		.2byte	0x103
 215 00e2 65000000 		.4byte	0x65
 216 00e6 18       		.byte	0x18
 217 00e7 00       		.byte	0
 218 00e8 07       		.uleb128 0x7
 219 00e9 7F000000 		.4byte	.LASF19
 220 00ed 0401     		.2byte	0x104
 221 00ef 8D000000 		.4byte	0x8d
 222 00f3 0D       		.uleb128 0xd
 223 00f4 A8       		.byte	0xa8
 224 00f5 02       		.byte	0x2
 225 00f6 0D01     		.2byte	0x10d
 226 00f8 09       		.byte	0x9
 227 00f9 46010000 		.4byte	0x146
 228 00fd 03       		.uleb128 0x3
ARM GAS  /tmp/ccjtoypi.s 			page 5


 229 00fe 73010000 		.4byte	.LASF20
 230 0102 1001     		.2byte	0x110
 231 0104 E8000000 		.4byte	0xe8
 232 0108 00       		.byte	0
 233 0109 03       		.uleb128 0x3
 234 010a 11010000 		.4byte	.LASF21
 235 010e 1401     		.2byte	0x114
 236 0110 E8000000 		.4byte	0xe8
 237 0114 1C       		.byte	0x1c
 238 0115 03       		.uleb128 0x3
 239 0116 64010000 		.4byte	.LASF22
 240 011a 1801     		.2byte	0x118
 241 011c E8000000 		.4byte	0xe8
 242 0120 38       		.byte	0x38
 243 0121 03       		.uleb128 0x3
 244 0122 0E000000 		.4byte	.LASF23
 245 0126 1C01     		.2byte	0x11c
 246 0128 E8000000 		.4byte	0xe8
 247 012c 54       		.byte	0x54
 248 012d 03       		.uleb128 0x3
 249 012e 6A000000 		.4byte	.LASF24
 250 0132 2001     		.2byte	0x120
 251 0134 E8000000 		.4byte	0xe8
 252 0138 70       		.byte	0x70
 253 0139 03       		.uleb128 0x3
 254 013a F7000000 		.4byte	.LASF25
 255 013e 2401     		.2byte	0x124
 256 0140 E8000000 		.4byte	0xe8
 257 0144 8C       		.byte	0x8c
 258 0145 00       		.byte	0
 259 0146 07       		.uleb128 0x7
 260 0147 CC000000 		.4byte	.LASF26
 261 014b 3A01     		.2byte	0x13a
 262 014d F3000000 		.4byte	0xf3
 263 0151 0E       		.uleb128 0xe
 264 0152 46010000 		.4byte	0x146
 265 0156 0F       		.uleb128 0xf
 266 0157 D6000000 		.4byte	.LASF41
 267 015b 02       		.byte	0x2
 268 015c 1E02     		.2byte	0x21e
 269 015e 18       		.byte	0x18
 270 015f 51010000 		.4byte	0x151
 271 0163 04       		.uleb128 0x4
 272 0164 3C010000 		.4byte	.LASF27
 273 0168 04       		.byte	0x4
 274 0169 56       		.byte	0x56
 275 016a 05       		.uleb128 0x5
 276 016b 1D010000 		.4byte	.LASF28
 277 016f 05       		.byte	0x5
 278 0170 BC04     		.2byte	0x4bc
 279 0172 04       		.uleb128 0x4
 280 0173 62000000 		.4byte	.LASF29
 281 0177 06       		.byte	0x6
 282 0178 4D       		.byte	0x4d
 283 0179 04       		.uleb128 0x4
 284 017a 92000000 		.4byte	.LASF30
 285 017e 07       		.byte	0x7
ARM GAS  /tmp/ccjtoypi.s 			page 6


 286 017f B0       		.byte	0xb0
 287 0180 05       		.uleb128 0x5
 288 0181 4B010000 		.4byte	.LASF31
 289 0185 08       		.byte	0x8
 290 0186 5902     		.2byte	0x259
 291 0188 05       		.uleb128 0x5
 292 0189 53010000 		.4byte	.LASF32
 293 018d 09       		.byte	0x9
 294 018e 0E01     		.2byte	0x10e
 295 0190 05       		.uleb128 0x5
 296 0191 4A000000 		.4byte	.LASF33
 297 0195 0A       		.byte	0xa
 298 0196 1F01     		.2byte	0x11f
 299 0198 04       		.uleb128 0x4
 300 0199 6B010000 		.4byte	.LASF34
 301 019d 0B       		.byte	0xb
 302 019e 79       		.byte	0x79
 303 019f 04       		.uleb128 0x4
 304 01a0 52000000 		.4byte	.LASF35
 305 01a4 0C       		.byte	0xc
 306 01a5 85       		.byte	0x85
 307 01a6 04       		.uleb128 0x4
 308 01a7 E9000000 		.4byte	.LASF36
 309 01ab 0D       		.byte	0xd
 310 01ac F6       		.byte	0xf6
 311 01ad 10       		.uleb128 0x10
 312 01ae 15000000 		.4byte	.LASF42
 313 01b2 02       		.byte	0x2
 314 01b3 2302     		.2byte	0x223
 315 01b5 08       		.byte	0x8
 316 01b6 C0010000 		.4byte	0x1c0
 317 01ba 11       		.uleb128 0x11
 318 01bb C0010000 		.4byte	0x1c0
 319 01bf 00       		.byte	0
 320 01c0 12       		.uleb128 0x12
 321 01c1 04       		.byte	0x4
 322 01c2 51010000 		.4byte	0x151
 323 01c6 05       		.uleb128 0x5
 324 01c7 AC000000 		.4byte	.LASF37
 325 01cb 0E       		.byte	0xe
 326 01cc 8204     		.2byte	0x482
 327 01ce 13       		.uleb128 0x13
 328 01cf 5A000000 		.4byte	.LASF43
 329 01d3 01       		.byte	0x1
 330 01d4 38       		.byte	0x38
 331 01d5 06       		.byte	0x6
 332 01d6 00000000 		.4byte	.LFB233
 333 01da 3C000000 		.4byte	.LFE233-.LFB233
 334 01de 01       		.uleb128 0x1
 335 01df 9C       		.byte	0x9c
 336 01e0 51020000 		.4byte	0x251
 337 01e4 02       		.uleb128 0x2
 338 01e5 06000000 		.4byte	.LVL0
 339 01e9 C6010000 		.4byte	0x1c6
 340 01ed 02       		.uleb128 0x2
 341 01ee 0C000000 		.4byte	.LVL1
 342 01f2 AD010000 		.4byte	0x1ad
ARM GAS  /tmp/ccjtoypi.s 			page 7


 343 01f6 02       		.uleb128 0x2
 344 01f7 10000000 		.4byte	.LVL2
 345 01fb A6010000 		.4byte	0x1a6
 346 01ff 02       		.uleb128 0x2
 347 0200 14000000 		.4byte	.LVL3
 348 0204 9F010000 		.4byte	0x19f
 349 0208 02       		.uleb128 0x2
 350 0209 18000000 		.4byte	.LVL4
 351 020d 98010000 		.4byte	0x198
 352 0211 02       		.uleb128 0x2
 353 0212 1C000000 		.4byte	.LVL5
 354 0216 90010000 		.4byte	0x190
 355 021a 02       		.uleb128 0x2
 356 021b 20000000 		.4byte	.LVL6
 357 021f 88010000 		.4byte	0x188
 358 0223 02       		.uleb128 0x2
 359 0224 24000000 		.4byte	.LVL7
 360 0228 80010000 		.4byte	0x180
 361 022c 02       		.uleb128 0x2
 362 022d 28000000 		.4byte	.LVL8
 363 0231 79010000 		.4byte	0x179
 364 0235 02       		.uleb128 0x2
 365 0236 2C000000 		.4byte	.LVL9
 366 023a 72010000 		.4byte	0x172
 367 023e 02       		.uleb128 0x2
 368 023f 30000000 		.4byte	.LVL10
 369 0243 6A010000 		.4byte	0x16a
 370 0247 02       		.uleb128 0x2
 371 0248 34000000 		.4byte	.LVL11
 372 024c 63010000 		.4byte	0x163
 373 0250 00       		.byte	0
 374 0251 14       		.uleb128 0x14
 375 0252 27010000 		.4byte	.LASF44
 376 0256 0F       		.byte	0xf
 377 0257 C101     		.2byte	0x1c1
 378 0259 14       		.byte	0x14
 379 025a 03       		.byte	0x3
 380 025b 00       		.byte	0
 381              		.section	.debug_abbrev,"",%progbits
 382              	.Ldebug_abbrev0:
 383 0000 01       		.uleb128 0x1
 384 0001 24       		.uleb128 0x24
 385 0002 00       		.byte	0
 386 0003 0B       		.uleb128 0xb
 387 0004 0B       		.uleb128 0xb
 388 0005 3E       		.uleb128 0x3e
 389 0006 0B       		.uleb128 0xb
 390 0007 03       		.uleb128 0x3
 391 0008 0E       		.uleb128 0xe
 392 0009 00       		.byte	0
 393 000a 00       		.byte	0
 394 000b 02       		.uleb128 0x2
 395 000c 48       		.uleb128 0x48
 396 000d 00       		.byte	0
 397 000e 7D       		.uleb128 0x7d
 398 000f 01       		.uleb128 0x1
 399 0010 7F       		.uleb128 0x7f
ARM GAS  /tmp/ccjtoypi.s 			page 8


 400 0011 13       		.uleb128 0x13
 401 0012 00       		.byte	0
 402 0013 00       		.byte	0
 403 0014 03       		.uleb128 0x3
 404 0015 0D       		.uleb128 0xd
 405 0016 00       		.byte	0
 406 0017 03       		.uleb128 0x3
 407 0018 0E       		.uleb128 0xe
 408 0019 3A       		.uleb128 0x3a
 409 001a 21       		.uleb128 0x21
 410 001b 02       		.sleb128 2
 411 001c 3B       		.uleb128 0x3b
 412 001d 05       		.uleb128 0x5
 413 001e 39       		.uleb128 0x39
 414 001f 21       		.uleb128 0x21
 415 0020 19       		.sleb128 25
 416 0021 49       		.uleb128 0x49
 417 0022 13       		.uleb128 0x13
 418 0023 38       		.uleb128 0x38
 419 0024 0B       		.uleb128 0xb
 420 0025 00       		.byte	0
 421 0026 00       		.byte	0
 422 0027 04       		.uleb128 0x4
 423 0028 2E       		.uleb128 0x2e
 424 0029 00       		.byte	0
 425 002a 3F       		.uleb128 0x3f
 426 002b 19       		.uleb128 0x19
 427 002c 03       		.uleb128 0x3
 428 002d 0E       		.uleb128 0xe
 429 002e 3A       		.uleb128 0x3a
 430 002f 0B       		.uleb128 0xb
 431 0030 3B       		.uleb128 0x3b
 432 0031 0B       		.uleb128 0xb
 433 0032 39       		.uleb128 0x39
 434 0033 21       		.uleb128 0x21
 435 0034 08       		.sleb128 8
 436 0035 27       		.uleb128 0x27
 437 0036 19       		.uleb128 0x19
 438 0037 3C       		.uleb128 0x3c
 439 0038 19       		.uleb128 0x19
 440 0039 00       		.byte	0
 441 003a 00       		.byte	0
 442 003b 05       		.uleb128 0x5
 443 003c 2E       		.uleb128 0x2e
 444 003d 00       		.byte	0
 445 003e 3F       		.uleb128 0x3f
 446 003f 19       		.uleb128 0x19
 447 0040 03       		.uleb128 0x3
 448 0041 0E       		.uleb128 0xe
 449 0042 3A       		.uleb128 0x3a
 450 0043 0B       		.uleb128 0xb
 451 0044 3B       		.uleb128 0x3b
 452 0045 05       		.uleb128 0x5
 453 0046 39       		.uleb128 0x39
 454 0047 21       		.uleb128 0x21
 455 0048 08       		.sleb128 8
 456 0049 27       		.uleb128 0x27
ARM GAS  /tmp/ccjtoypi.s 			page 9


 457 004a 19       		.uleb128 0x19
 458 004b 3C       		.uleb128 0x3c
 459 004c 19       		.uleb128 0x19
 460 004d 00       		.byte	0
 461 004e 00       		.byte	0
 462 004f 06       		.uleb128 0x6
 463 0050 0D       		.uleb128 0xd
 464 0051 00       		.byte	0
 465 0052 03       		.uleb128 0x3
 466 0053 0E       		.uleb128 0xe
 467 0054 3A       		.uleb128 0x3a
 468 0055 21       		.uleb128 0x21
 469 0056 02       		.sleb128 2
 470 0057 3B       		.uleb128 0x3b
 471 0058 0B       		.uleb128 0xb
 472 0059 39       		.uleb128 0x39
 473 005a 21       		.uleb128 0x21
 474 005b 19       		.sleb128 25
 475 005c 49       		.uleb128 0x49
 476 005d 13       		.uleb128 0x13
 477 005e 38       		.uleb128 0x38
 478 005f 0B       		.uleb128 0xb
 479 0060 00       		.byte	0
 480 0061 00       		.byte	0
 481 0062 07       		.uleb128 0x7
 482 0063 16       		.uleb128 0x16
 483 0064 00       		.byte	0
 484 0065 03       		.uleb128 0x3
 485 0066 0E       		.uleb128 0xe
 486 0067 3A       		.uleb128 0x3a
 487 0068 21       		.uleb128 0x21
 488 0069 02       		.sleb128 2
 489 006a 3B       		.uleb128 0x3b
 490 006b 05       		.uleb128 0x5
 491 006c 39       		.uleb128 0x39
 492 006d 21       		.uleb128 0x21
 493 006e 03       		.sleb128 3
 494 006f 49       		.uleb128 0x49
 495 0070 13       		.uleb128 0x13
 496 0071 00       		.byte	0
 497 0072 00       		.byte	0
 498 0073 08       		.uleb128 0x8
 499 0074 11       		.uleb128 0x11
 500 0075 01       		.byte	0x1
 501 0076 25       		.uleb128 0x25
 502 0077 0E       		.uleb128 0xe
 503 0078 13       		.uleb128 0x13
 504 0079 0B       		.uleb128 0xb
 505 007a 03       		.uleb128 0x3
 506 007b 0E       		.uleb128 0xe
 507 007c 1B       		.uleb128 0x1b
 508 007d 0E       		.uleb128 0xe
 509 007e 55       		.uleb128 0x55
 510 007f 17       		.uleb128 0x17
 511 0080 11       		.uleb128 0x11
 512 0081 01       		.uleb128 0x1
 513 0082 10       		.uleb128 0x10
ARM GAS  /tmp/ccjtoypi.s 			page 10


 514 0083 17       		.uleb128 0x17
 515 0084 00       		.byte	0
 516 0085 00       		.byte	0
 517 0086 09       		.uleb128 0x9
 518 0087 24       		.uleb128 0x24
 519 0088 00       		.byte	0
 520 0089 0B       		.uleb128 0xb
 521 008a 0B       		.uleb128 0xb
 522 008b 3E       		.uleb128 0x3e
 523 008c 0B       		.uleb128 0xb
 524 008d 03       		.uleb128 0x3
 525 008e 08       		.uleb128 0x8
 526 008f 00       		.byte	0
 527 0090 00       		.byte	0
 528 0091 0A       		.uleb128 0xa
 529 0092 16       		.uleb128 0x16
 530 0093 00       		.byte	0
 531 0094 03       		.uleb128 0x3
 532 0095 0E       		.uleb128 0xe
 533 0096 3A       		.uleb128 0x3a
 534 0097 0B       		.uleb128 0xb
 535 0098 3B       		.uleb128 0x3b
 536 0099 0B       		.uleb128 0xb
 537 009a 39       		.uleb128 0x39
 538 009b 0B       		.uleb128 0xb
 539 009c 49       		.uleb128 0x49
 540 009d 13       		.uleb128 0x13
 541 009e 00       		.byte	0
 542 009f 00       		.byte	0
 543 00a0 0B       		.uleb128 0xb
 544 00a1 13       		.uleb128 0x13
 545 00a2 01       		.byte	0x1
 546 00a3 0B       		.uleb128 0xb
 547 00a4 0B       		.uleb128 0xb
 548 00a5 3A       		.uleb128 0x3a
 549 00a6 0B       		.uleb128 0xb
 550 00a7 3B       		.uleb128 0x3b
 551 00a8 0B       		.uleb128 0xb
 552 00a9 39       		.uleb128 0x39
 553 00aa 0B       		.uleb128 0xb
 554 00ab 01       		.uleb128 0x1
 555 00ac 13       		.uleb128 0x13
 556 00ad 00       		.byte	0
 557 00ae 00       		.byte	0
 558 00af 0C       		.uleb128 0xc
 559 00b0 0D       		.uleb128 0xd
 560 00b1 00       		.byte	0
 561 00b2 03       		.uleb128 0x3
 562 00b3 08       		.uleb128 0x8
 563 00b4 3A       		.uleb128 0x3a
 564 00b5 0B       		.uleb128 0xb
 565 00b6 3B       		.uleb128 0x3b
 566 00b7 0B       		.uleb128 0xb
 567 00b8 39       		.uleb128 0x39
 568 00b9 0B       		.uleb128 0xb
 569 00ba 49       		.uleb128 0x49
 570 00bb 13       		.uleb128 0x13
ARM GAS  /tmp/ccjtoypi.s 			page 11


 571 00bc 38       		.uleb128 0x38
 572 00bd 0B       		.uleb128 0xb
 573 00be 00       		.byte	0
 574 00bf 00       		.byte	0
 575 00c0 0D       		.uleb128 0xd
 576 00c1 13       		.uleb128 0x13
 577 00c2 01       		.byte	0x1
 578 00c3 0B       		.uleb128 0xb
 579 00c4 0B       		.uleb128 0xb
 580 00c5 3A       		.uleb128 0x3a
 581 00c6 0B       		.uleb128 0xb
 582 00c7 3B       		.uleb128 0x3b
 583 00c8 05       		.uleb128 0x5
 584 00c9 39       		.uleb128 0x39
 585 00ca 0B       		.uleb128 0xb
 586 00cb 01       		.uleb128 0x1
 587 00cc 13       		.uleb128 0x13
 588 00cd 00       		.byte	0
 589 00ce 00       		.byte	0
 590 00cf 0E       		.uleb128 0xe
 591 00d0 26       		.uleb128 0x26
 592 00d1 00       		.byte	0
 593 00d2 49       		.uleb128 0x49
 594 00d3 13       		.uleb128 0x13
 595 00d4 00       		.byte	0
 596 00d5 00       		.byte	0
 597 00d6 0F       		.uleb128 0xf
 598 00d7 34       		.uleb128 0x34
 599 00d8 00       		.byte	0
 600 00d9 03       		.uleb128 0x3
 601 00da 0E       		.uleb128 0xe
 602 00db 3A       		.uleb128 0x3a
 603 00dc 0B       		.uleb128 0xb
 604 00dd 3B       		.uleb128 0x3b
 605 00de 05       		.uleb128 0x5
 606 00df 39       		.uleb128 0x39
 607 00e0 0B       		.uleb128 0xb
 608 00e1 49       		.uleb128 0x49
 609 00e2 13       		.uleb128 0x13
 610 00e3 3F       		.uleb128 0x3f
 611 00e4 19       		.uleb128 0x19
 612 00e5 3C       		.uleb128 0x3c
 613 00e6 19       		.uleb128 0x19
 614 00e7 00       		.byte	0
 615 00e8 00       		.byte	0
 616 00e9 10       		.uleb128 0x10
 617 00ea 2E       		.uleb128 0x2e
 618 00eb 01       		.byte	0x1
 619 00ec 3F       		.uleb128 0x3f
 620 00ed 19       		.uleb128 0x19
 621 00ee 03       		.uleb128 0x3
 622 00ef 0E       		.uleb128 0xe
 623 00f0 3A       		.uleb128 0x3a
 624 00f1 0B       		.uleb128 0xb
 625 00f2 3B       		.uleb128 0x3b
 626 00f3 05       		.uleb128 0x5
 627 00f4 39       		.uleb128 0x39
ARM GAS  /tmp/ccjtoypi.s 			page 12


 628 00f5 0B       		.uleb128 0xb
 629 00f6 27       		.uleb128 0x27
 630 00f7 19       		.uleb128 0x19
 631 00f8 3C       		.uleb128 0x3c
 632 00f9 19       		.uleb128 0x19
 633 00fa 01       		.uleb128 0x1
 634 00fb 13       		.uleb128 0x13
 635 00fc 00       		.byte	0
 636 00fd 00       		.byte	0
 637 00fe 11       		.uleb128 0x11
 638 00ff 05       		.uleb128 0x5
 639 0100 00       		.byte	0
 640 0101 49       		.uleb128 0x49
 641 0102 13       		.uleb128 0x13
 642 0103 00       		.byte	0
 643 0104 00       		.byte	0
 644 0105 12       		.uleb128 0x12
 645 0106 0F       		.uleb128 0xf
 646 0107 00       		.byte	0
 647 0108 0B       		.uleb128 0xb
 648 0109 0B       		.uleb128 0xb
 649 010a 49       		.uleb128 0x49
 650 010b 13       		.uleb128 0x13
 651 010c 00       		.byte	0
 652 010d 00       		.byte	0
 653 010e 13       		.uleb128 0x13
 654 010f 2E       		.uleb128 0x2e
 655 0110 01       		.byte	0x1
 656 0111 3F       		.uleb128 0x3f
 657 0112 19       		.uleb128 0x19
 658 0113 03       		.uleb128 0x3
 659 0114 0E       		.uleb128 0xe
 660 0115 3A       		.uleb128 0x3a
 661 0116 0B       		.uleb128 0xb
 662 0117 3B       		.uleb128 0x3b
 663 0118 0B       		.uleb128 0xb
 664 0119 39       		.uleb128 0x39
 665 011a 0B       		.uleb128 0xb
 666 011b 27       		.uleb128 0x27
 667 011c 19       		.uleb128 0x19
 668 011d 11       		.uleb128 0x11
 669 011e 01       		.uleb128 0x1
 670 011f 12       		.uleb128 0x12
 671 0120 06       		.uleb128 0x6
 672 0121 40       		.uleb128 0x40
 673 0122 18       		.uleb128 0x18
 674 0123 7A       		.uleb128 0x7a
 675 0124 19       		.uleb128 0x19
 676 0125 01       		.uleb128 0x1
 677 0126 13       		.uleb128 0x13
 678 0127 00       		.byte	0
 679 0128 00       		.byte	0
 680 0129 14       		.uleb128 0x14
 681 012a 2E       		.uleb128 0x2e
 682 012b 00       		.byte	0
 683 012c 03       		.uleb128 0x3
 684 012d 0E       		.uleb128 0xe
ARM GAS  /tmp/ccjtoypi.s 			page 13


 685 012e 3A       		.uleb128 0x3a
 686 012f 0B       		.uleb128 0xb
 687 0130 3B       		.uleb128 0x3b
 688 0131 05       		.uleb128 0x5
 689 0132 39       		.uleb128 0x39
 690 0133 0B       		.uleb128 0xb
 691 0134 27       		.uleb128 0x27
 692 0135 19       		.uleb128 0x19
 693 0136 20       		.uleb128 0x20
 694 0137 0B       		.uleb128 0xb
 695 0138 00       		.byte	0
 696 0139 00       		.byte	0
 697 013a 00       		.byte	0
 698              		.section	.debug_aranges,"",%progbits
 699 0000 1C000000 		.4byte	0x1c
 700 0004 0200     		.2byte	0x2
 701 0006 00000000 		.4byte	.Ldebug_info0
 702 000a 04       		.byte	0x4
 703 000b 00       		.byte	0
 704 000c 0000     		.2byte	0
 705 000e 0000     		.2byte	0
 706 0010 00000000 		.4byte	.LFB233
 707 0014 3C000000 		.4byte	.LFE233-.LFB233
 708 0018 00000000 		.4byte	0
 709 001c 00000000 		.4byte	0
 710              		.section	.debug_rnglists,"",%progbits
 711              	.Ldebug_ranges0:
 712 0000 0F000000 		.4byte	.Ldebug_ranges3-.Ldebug_ranges2
 713              	.Ldebug_ranges2:
 714 0004 0500     		.2byte	0x5
 715 0006 04       		.byte	0x4
 716 0007 00       		.byte	0
 717 0008 00000000 		.4byte	0
 718              	.LLRL0:
 719 000c 07       		.byte	0x7
 720 000d 00000000 		.4byte	.LFB233
 721 0011 3C       		.uleb128 .LFE233-.LFB233
 722 0012 00       		.byte	0
 723              	.Ldebug_ranges3:
 724              		.section	.debug_line,"",%progbits
 725              	.Ldebug_line0:
 726 0000 D6010000 		.section	.debug_str,"MS",%progbits,1
 726      0300A401 
 726      00000201 
 726      FB0E0D00 
 726      01010101 
 727              	.LASF1:
 728 0000 6C6F6E67 		.ascii	"long long int\000"
 728      206C6F6E 
 728      6720696E 
 728      7400
 729              	.LASF23:
 730 000e 50444461 		.ascii	"PDData\000"
 730      746100
 731              	.LASF42:
 732 0015 5F70616C 		.ascii	"_pal_lld_init\000"
 732      5F6C6C64 
ARM GAS  /tmp/ccjtoypi.s 			page 14


 732      5F696E69 
 732      7400
 733              	.LASF7:
 734 0023 73686F72 		.ascii	"short unsigned int\000"
 734      7420756E 
 734      7369676E 
 734      65642069 
 734      6E7400
 735              	.LASF0:
 736 0036 756E7369 		.ascii	"unsigned int\000"
 736      676E6564 
 736      20696E74 
 736      00
 737              	.LASF13:
 738 0043 6F747970 		.ascii	"otyper\000"
 738      657200
 739              	.LASF33:
 740 004a 70776D49 		.ascii	"pwmInit\000"
 740      6E697400 
 741              	.LASF35:
 742 0052 65787449 		.ascii	"extInit\000"
 742      6E697400 
 743              	.LASF43:
 744 005a 68616C49 		.ascii	"halInit\000"
 744      6E697400 
 745              	.LASF29:
 746 0062 77646749 		.ascii	"wdgInit\000"
 746      6E697400 
 747              	.LASF24:
 748 006a 50454461 		.ascii	"PEData\000"
 748      746100
 749              	.LASF6:
 750 0071 756E7369 		.ascii	"unsigned char\000"
 750      676E6564 
 750      20636861 
 750      7200
 751              	.LASF19:
 752 007f 73746D33 		.ascii	"stm32_gpio_setup_t\000"
 752      325F6770 
 752      696F5F73 
 752      65747570 
 752      5F7400
 753              	.LASF30:
 754 0092 73647549 		.ascii	"sduInit\000"
 754      6E697400 
 755              	.LASF8:
 756 009a 6C6F6E67 		.ascii	"long unsigned int\000"
 756      20756E73 
 756      69676E65 
 756      6420696E 
 756      7400
 757              	.LASF37:
 758 00ac 68616C5F 		.ascii	"hal_lld_init\000"
 758      6C6C645F 
 758      696E6974 
 758      00
 759              	.LASF17:
ARM GAS  /tmp/ccjtoypi.s 			page 15


 760 00b9 61667268 		.ascii	"afrh\000"
 760      00
 761              	.LASF18:
 762 00be 75696E74 		.ascii	"uint32_t\000"
 762      33325F74 
 762      00
 763              	.LASF16:
 764 00c7 6166726C 		.ascii	"afrl\000"
 764      00
 765              	.LASF26:
 766 00cc 50414C43 		.ascii	"PALConfig\000"
 766      6F6E6669 
 766      6700
 767              	.LASF41:
 768 00d6 70616C5F 		.ascii	"pal_default_config\000"
 768      64656661 
 768      756C745F 
 768      636F6E66 
 768      696700
 769              	.LASF36:
 770 00e9 61646349 		.ascii	"adcInit\000"
 770      6E697400 
 771              	.LASF15:
 772 00f1 70757064 		.ascii	"pupdr\000"
 772      7200
 773              	.LASF25:
 774 00f7 50464461 		.ascii	"PFData\000"
 774      746100
 775              	.LASF40:
 776 00fe 2F776F72 		.ascii	"/workspaces/tinySA\000"
 776      6B737061 
 776      6365732F 
 776      74696E79 
 776      534100
 777              	.LASF21:
 778 0111 50424461 		.ascii	"PBData\000"
 778      746100
 779              	.LASF10:
 780 0118 63686172 		.ascii	"char\000"
 780      00
 781              	.LASF28:
 782 011d 626F6172 		.ascii	"boardInit\000"
 782      64496E69 
 782      7400
 783              	.LASF44:
 784 0127 6F73616C 		.ascii	"osalInit\000"
 784      496E6974 
 784      00
 785              	.LASF2:
 786 0130 6C6F6E67 		.ascii	"long double\000"
 786      20646F75 
 786      626C6500 
 787              	.LASF27:
 788 013c 7374496E 		.ascii	"stInit\000"
 788      697400
 789              	.LASF14:
 790 0143 6F737065 		.ascii	"ospeedr\000"
ARM GAS  /tmp/ccjtoypi.s 			page 16


 790      65647200 
 791              	.LASF31:
 792 014b 75736249 		.ascii	"usbInit\000"
 792      6E697400 
 793              	.LASF32:
 794 0153 7364496E 		.ascii	"sdInit\000"
 794      697400
 795              	.LASF4:
 796 015a 73686F72 		.ascii	"short int\000"
 796      7420696E 
 796      7400
 797              	.LASF22:
 798 0164 50434461 		.ascii	"PCData\000"
 798      746100
 799              	.LASF34:
 800 016b 67707449 		.ascii	"gptInit\000"
 800      6E697400 
 801              	.LASF20:
 802 0173 50414461 		.ascii	"PAData\000"
 802      746100
 803              	.LASF5:
 804 017a 6C6F6E67 		.ascii	"long int\000"
 804      20696E74 
 804      00
 805              	.LASF38:
 806 0183 474E5520 		.ascii	"GNU C11 13.2.1 20231009 -mcpu=cortex-m4 -mfloat-abi"
 806      43313120 
 806      31332E32 
 806      2E312032 
 806      30323331 
 807 01b6 3D686172 		.ascii	"=hard -mfpu=fpv4-sp-d16 -mno-thumb-interwork -mthum"
 807      64202D6D 
 807      6670753D 
 807      66707634 
 807      2D73702D 
 808 01e9 62202D6D 		.ascii	"b -march=armv7e-m+fp -ggdb -Og -std=c11 -fno-inline"
 808      61726368 
 808      3D61726D 
 808      7637652D 
 808      6D2B6670 
 809 021c 2D736D61 		.ascii	"-small-functions -fomit-frame-pointer -falign-funct"
 809      6C6C2D66 
 809      756E6374 
 809      696F6E73 
 809      202D666F 
 810 024f 696F6E73 		.ascii	"ions=16 -fstack-usage -ffunction-sections -fdata-se"
 810      3D313620 
 810      2D667374 
 810      61636B2D 
 810      75736167 
 811 0282 6374696F 		.ascii	"ctions -fno-common -fsingle-precision-constant\000"
 811      6E73202D 
 811      666E6F2D 
 811      636F6D6D 
 811      6F6E202D 
 812              	.LASF12:
 813 02b1 6D6F6465 		.ascii	"moder\000"
ARM GAS  /tmp/ccjtoypi.s 			page 17


 813      7200
 814              	.LASF3:
 815 02b7 7369676E 		.ascii	"signed char\000"
 815      65642063 
 815      68617200 
 816              	.LASF39:
 817 02c3 43686962 		.ascii	"ChibiOS/os/hal/src/hal.c\000"
 817      694F532F 
 817      6F732F68 
 817      616C2F73 
 817      72632F68 
 818              	.LASF11:
 819 02dc 5F426F6F 		.ascii	"_Bool\000"
 819      6C00
 820              	.LASF9:
 821 02e2 6C6F6E67 		.ascii	"long long unsigned int\000"
 821      206C6F6E 
 821      6720756E 
 821      7369676E 
 821      65642069 
 822              		.ident	"GCC: (15:13.2.rel1-2) 13.2.1 20231009"
ARM GAS  /tmp/ccjtoypi.s 			page 18


DEFINED SYMBOLS
                            *ABS*:00000000 hal.c
     /tmp/ccjtoypi.s:21     .text.halInit:00000000 $t
     /tmp/ccjtoypi.s:28     .text.halInit:00000000 halInit
     /tmp/ccjtoypi.s:81     .text.halInit:00000038 $d

UNDEFINED SYMBOLS
hal_lld_init
_pal_lld_init
adcInit
extInit
gptInit
pwmInit
sdInit
usbInit
sduInit
wdgInit
boardInit
stInit
pal_default_config
