ARM GAS  /tmp/cclN79ZN.s 			page 1


   1              		.cpu cortex-m4
   2              		.arch armv7e-m
   3              		.fpu fpv4-sp-d16
   4              		.eabi_attribute 27, 1
   5              		.eabi_attribute 28, 1
   6              		.eabi_attribute 20, 1
   7              		.eabi_attribute 21, 1
   8              		.eabi_attribute 23, 3
   9              		.eabi_attribute 24, 1
  10              		.eabi_attribute 25, 1
  11              		.eabi_attribute 26, 1
  12              		.eabi_attribute 30, 1
  13              		.eabi_attribute 34, 1
  14              		.eabi_attribute 18, 4
  15              		.file	"hal_pal_lld.c"
  16              		.text
  17              	.Ltext0:
  18              		.cfi_sections	.debug_frame
  19              		.file 1 "ChibiOS/os/hal/ports/STM32/LLD/GPIOv2/hal_pal_lld.c"
  20              		.section	.text.initgpio,"ax",%progbits
  21              		.align	1
  22              		.p2align 4,,15
  23              		.syntax unified
  24              		.thumb
  25              		.thumb_func
  26              		.type	initgpio, %function
  27              	initgpio:
  28              	.LVL0:
  29              	.LFB233:
  30              		.loc 1 61 77 view -0
  31              		.cfi_startproc
  32              		@ args = 0, pretend = 0, frame = 0
  33              		@ frame_needed = 0, uses_anonymous_args = 0
  34              		@ link register save eliminated.
  35              		.loc 1 63 3 view .LVU1
  36              		.loc 1 63 26 is_stmt 0 view .LVU2
  37 0000 4B68     		ldr	r3, [r1, #4]
  38              		.loc 1 63 18 view .LVU3
  39 0002 4360     		str	r3, [r0, #4]
  40              		.loc 1 64 3 is_stmt 1 view .LVU4
  41              		.loc 1 64 26 is_stmt 0 view .LVU5
  42 0004 8B68     		ldr	r3, [r1, #8]
  43              		.loc 1 64 18 view .LVU6
  44 0006 8360     		str	r3, [r0, #8]
  45              		.loc 1 65 3 is_stmt 1 view .LVU7
  46              		.loc 1 65 26 is_stmt 0 view .LVU8
  47 0008 CB68     		ldr	r3, [r1, #12]
  48              		.loc 1 65 18 view .LVU9
  49 000a C360     		str	r3, [r0, #12]
  50              		.loc 1 66 3 is_stmt 1 view .LVU10
  51              		.loc 1 66 26 is_stmt 0 view .LVU11
  52 000c 0B69     		ldr	r3, [r1, #16]
  53              		.loc 1 66 18 view .LVU12
  54 000e 4361     		str	r3, [r0, #20]
  55              		.loc 1 67 3 is_stmt 1 view .LVU13
  56              		.loc 1 67 26 is_stmt 0 view .LVU14
  57 0010 4B69     		ldr	r3, [r1, #20]
ARM GAS  /tmp/cclN79ZN.s 			page 2


  58              		.loc 1 67 18 view .LVU15
  59 0012 0362     		str	r3, [r0, #32]
  60              		.loc 1 68 3 is_stmt 1 view .LVU16
  61              		.loc 1 68 26 is_stmt 0 view .LVU17
  62 0014 8B69     		ldr	r3, [r1, #24]
  63              		.loc 1 68 18 view .LVU18
  64 0016 4362     		str	r3, [r0, #36]
  65              		.loc 1 69 3 is_stmt 1 view .LVU19
  66              		.loc 1 69 26 is_stmt 0 view .LVU20
  67 0018 0B68     		ldr	r3, [r1]
  68              		.loc 1 69 18 view .LVU21
  69 001a 0360     		str	r3, [r0]
  70              		.loc 1 70 1 view .LVU22
  71 001c 7047     		bx	lr
  72              		.cfi_endproc
  73              	.LFE233:
  74              		.size	initgpio, .-initgpio
  75 001e 00BF     		.section	.text._pal_lld_init,"ax",%progbits
  76              		.align	1
  77              		.p2align 4,,15
  78              		.global	_pal_lld_init
  79              		.syntax unified
  80              		.thumb
  81              		.thumb_func
  82              		.type	_pal_lld_init, %function
  83              	_pal_lld_init:
  84              	.LVL1:
  85              	.LFB234:
  86              		.loc 1 88 45 is_stmt 1 view -0
  87              		.cfi_startproc
  88              		@ args = 0, pretend = 0, frame = 0
  89              		@ frame_needed = 0, uses_anonymous_args = 0
  90              		.loc 1 88 45 is_stmt 0 view .LVU24
  91 0000 10B5     		push	{r4, lr}
  92              		.cfi_def_cfa_offset 8
  93              		.cfi_offset 4, -8
  94              		.cfi_offset 14, -4
  95 0002 0446     		mov	r4, r0
  96              		.loc 1 102 3 is_stmt 1 view .LVU25
  97 0004 114A     		ldr	r2, .L4
  98 0006 5369     		ldr	r3, [r2, #20]
  99 0008 43F4FC03 		orr	r3, r3, #8257536
 100 000c 5361     		str	r3, [r2, #20]
 101              		.loc 1 102 34 view .LVU26
 102              		.loc 1 112 3 view .LVU27
 103 000e 0146     		mov	r1, r0
 104 0010 4FF09040 		mov	r0, #1207959552
 105              	.LVL2:
 106              		.loc 1 112 3 is_stmt 0 view .LVU28
 107 0014 FFF7FEFF 		bl	initgpio
 108              	.LVL3:
 109              		.loc 1 115 3 is_stmt 1 view .LVU29
 110 0018 04F11C01 		add	r1, r4, #28
 111 001c 0C48     		ldr	r0, .L4+4
 112 001e FFF7FEFF 		bl	initgpio
 113              	.LVL4:
 114              		.loc 1 118 3 view .LVU30
ARM GAS  /tmp/cclN79ZN.s 			page 3


 115 0022 04F13801 		add	r1, r4, #56
 116 0026 0B48     		ldr	r0, .L4+8
 117 0028 FFF7FEFF 		bl	initgpio
 118              	.LVL5:
 119              		.loc 1 121 3 view .LVU31
 120 002c 04F15401 		add	r1, r4, #84
 121 0030 0948     		ldr	r0, .L4+12
 122 0032 FFF7FEFF 		bl	initgpio
 123              	.LVL6:
 124              		.loc 1 124 3 view .LVU32
 125 0036 04F17001 		add	r1, r4, #112
 126 003a 0848     		ldr	r0, .L4+16
 127 003c FFF7FEFF 		bl	initgpio
 128              	.LVL7:
 129              		.loc 1 127 3 view .LVU33
 130 0040 04F18C01 		add	r1, r4, #140
 131 0044 0648     		ldr	r0, .L4+20
 132 0046 FFF7FEFF 		bl	initgpio
 133              	.LVL8:
 134              		.loc 1 144 1 is_stmt 0 view .LVU34
 135 004a 10BD     		pop	{r4, pc}
 136              	.LVL9:
 137              	.L5:
 138              		.loc 1 144 1 view .LVU35
 139              		.align	2
 140              	.L4:
 141 004c 00100240 		.word	1073876992
 142 0050 00040048 		.word	1207960576
 143 0054 00080048 		.word	1207961600
 144 0058 000C0048 		.word	1207962624
 145 005c 00100048 		.word	1207963648
 146 0060 00140048 		.word	1207964672
 147              		.cfi_endproc
 148              	.LFE234:
 149              		.size	_pal_lld_init, .-_pal_lld_init
 150              		.section	.text._pal_lld_setgroupmode,"ax",%progbits
 151              		.align	1
 152              		.p2align 4,,15
 153              		.global	_pal_lld_setgroupmode
 154              		.syntax unified
 155              		.thumb
 156              		.thumb_func
 157              		.type	_pal_lld_setgroupmode, %function
 158              	_pal_lld_setgroupmode:
 159              	.LVL10:
 160              	.LFB235:
 161              		.loc 1 161 43 is_stmt 1 view -0
 162              		.cfi_startproc
 163              		@ args = 0, pretend = 0, frame = 0
 164              		@ frame_needed = 0, uses_anonymous_args = 0
 165              		.loc 1 161 43 is_stmt 0 view .LVU37
 166 0000 2DE9F047 		push	{r4, r5, r6, r7, r8, r9, r10, lr}
 167              		.cfi_def_cfa_offset 32
 168              		.cfi_offset 4, -32
 169              		.cfi_offset 5, -28
 170              		.cfi_offset 6, -24
 171              		.cfi_offset 7, -20
ARM GAS  /tmp/cclN79ZN.s 			page 4


 172              		.cfi_offset 8, -16
 173              		.cfi_offset 9, -12
 174              		.cfi_offset 10, -8
 175              		.cfi_offset 14, -4
 176              		.loc 1 163 3 is_stmt 1 view .LVU38
 177              		.loc 1 163 12 is_stmt 0 view .LVU39
 178 0004 02F0030C 		and	ip, r2, #3
 179              	.LVL11:
 180              		.loc 1 164 3 is_stmt 1 view .LVU40
 181              		.loc 1 164 12 is_stmt 0 view .LVU41
 182 0008 C2F38005 		ubfx	r5, r2, #2, #1
 183              	.LVL12:
 184              		.loc 1 165 3 is_stmt 1 view .LVU42
 185              		.loc 1 165 12 is_stmt 0 view .LVU43
 186 000c C2F3C104 		ubfx	r4, r2, #3, #2
 187              	.LVL13:
 188              		.loc 1 166 3 is_stmt 1 view .LVU44
 189              		.loc 1 166 12 is_stmt 0 view .LVU45
 190 0010 C2F3411E 		ubfx	lr, r2, #5, #2
 191              	.LVL14:
 192              		.loc 1 167 3 is_stmt 1 view .LVU46
 193              		.loc 1 167 12 is_stmt 0 view .LVU47
 194 0014 C2F3C318 		ubfx	r8, r2, #7, #4
 195              	.LVL15:
 196              		.loc 1 168 3 is_stmt 1 view .LVU48
 197              		.loc 1 168 12 is_stmt 0 view .LVU49
 198 0018 0023     		movs	r3, #0
 199 001a 15E0     		b	.L13
 200              	.LVL16:
 201              	.L16:
 202              	.LBB2:
 203              		.loc 1 183 9 is_stmt 1 view .LVU50
 204              		.loc 1 183 12 is_stmt 0 view .LVU51
 205 001c 072B     		cmp	r3, #7
 206 001e 47D8     		bhi	.L9
 207              		.loc 1 184 11 is_stmt 1 view .LVU52
 208              		.loc 1 184 29 is_stmt 0 view .LVU53
 209 0020 026A     		ldr	r2, [r0, #32]
 210              		.loc 1 184 36 view .LVU54
 211 0022 22EA0702 		bic	r2, r2, r7
 212              		.loc 1 184 43 view .LVU55
 213 0026 42EA0902 		orr	r2, r2, r9
 214              		.loc 1 184 22 view .LVU56
 215 002a 0262     		str	r2, [r0, #32]
 216              	.L10:
 217              		.loc 1 187 9 is_stmt 1 view .LVU57
 218              		.loc 1 187 30 is_stmt 0 view .LVU58
 219 002c 0268     		ldr	r2, [r0]
 220              		.loc 1 187 38 view .LVU59
 221 002e 3240     		ands	r2, r2, r6
 222              		.loc 1 187 45 view .LVU60
 223 0030 42EA0C02 		orr	r2, r2, ip
 224              		.loc 1 187 23 view .LVU61
 225 0034 0260     		str	r2, [r0]
 226              	.LVL17:
 227              	.L7:
 228              		.loc 1 187 23 view .LVU62
ARM GAS  /tmp/cclN79ZN.s 			page 5


 229              	.LBE2:
 230              		.loc 1 199 5 is_stmt 1 view .LVU63
 231              		.loc 1 200 5 view .LVU64
 232              		.loc 1 200 8 is_stmt 0 view .LVU65
 233 0036 4908     		lsrs	r1, r1, #1
 234              	.LVL18:
 235              		.loc 1 200 8 view .LVU66
 236 0038 48D0     		beq	.L14
 237              		.loc 1 202 5 is_stmt 1 view .LVU67
 238              		.loc 1 202 12 is_stmt 0 view .LVU68
 239 003a 6D00     		lsls	r5, r5, #1
 240              	.LVL19:
 241              		.loc 1 203 5 is_stmt 1 view .LVU69
 242              		.loc 1 203 13 is_stmt 0 view .LVU70
 243 003c A400     		lsls	r4, r4, #2
 244              	.LVL20:
 245              		.loc 1 204 5 is_stmt 1 view .LVU71
 246              		.loc 1 204 11 is_stmt 0 view .LVU72
 247 003e 4FEA8E0E 		lsl	lr, lr, #2
 248              	.LVL21:
 249              		.loc 1 205 5 is_stmt 1 view .LVU73
 250              		.loc 1 205 11 is_stmt 0 view .LVU74
 251 0042 4FEA8C0C 		lsl	ip, ip, #2
 252              	.LVL22:
 253              		.loc 1 206 5 is_stmt 1 view .LVU75
 254              		.loc 1 206 8 is_stmt 0 view .LVU76
 255 0046 0133     		adds	r3, r3, #1
 256              	.LVL23:
 257              		.loc 1 169 9 is_stmt 1 view .LVU77
 258              	.L13:
 259              		.loc 1 169 3 view .LVU78
 260              		.loc 1 170 5 view .LVU79
 261              		.loc 1 170 8 is_stmt 0 view .LVU80
 262 0048 11F0010F 		tst	r1, #1
 263 004c F3D0     		beq	.L7
 264              	.LBB3:
 265              		.loc 1 171 7 is_stmt 1 view .LVU81
 266              		.loc 1 173 7 view .LVU82
 267              		.loc 1 173 32 is_stmt 0 view .LVU83
 268 004e 03F00702 		and	r2, r3, #7
 269              		.loc 1 173 37 view .LVU84
 270 0052 9200     		lsls	r2, r2, #2
 271              		.loc 1 173 16 view .LVU85
 272 0054 08FA02F9 		lsl	r9, r8, r2
 273              	.LVL24:
 274              		.loc 1 174 7 is_stmt 1 view .LVU86
 275              		.loc 1 174 14 is_stmt 0 view .LVU87
 276 0058 0126     		movs	r6, #1
 277 005a 9E40     		lsls	r6, r6, r3
 278              	.LVL25:
 279              		.loc 1 175 7 is_stmt 1 view .LVU88
 280              		.loc 1 175 22 is_stmt 0 view .LVU89
 281 005c 5F00     		lsls	r7, r3, #1
 282              		.loc 1 175 14 view .LVU90
 283 005e 4FF0030A 		mov	r10, #3
 284 0062 0AFA07FA 		lsl	r10, r10, r7
 285              	.LVL26:
ARM GAS  /tmp/cclN79ZN.s 			page 6


 286              		.loc 1 176 7 is_stmt 1 view .LVU91
 287              		.loc 1 176 15 is_stmt 0 view .LVU92
 288 0066 0F27     		movs	r7, #15
 289 0068 9740     		lsls	r7, r7, r2
 290              	.LVL27:
 291              		.loc 1 177 7 is_stmt 1 view .LVU93
 292              		.loc 1 177 28 is_stmt 0 view .LVU94
 293 006a 4268     		ldr	r2, [r0, #4]
 294              		.loc 1 177 37 view .LVU95
 295 006c 22EA0602 		bic	r2, r2, r6
 296              		.loc 1 177 44 view .LVU96
 297 0070 2A43     		orrs	r2, r2, r5
 298              		.loc 1 177 21 view .LVU97
 299 0072 4260     		str	r2, [r0, #4]
 300              		.loc 1 178 7 is_stmt 1 view .LVU98
 301              		.loc 1 178 28 is_stmt 0 view .LVU99
 302 0074 8268     		ldr	r2, [r0, #8]
 303              		.loc 1 178 40 view .LVU100
 304 0076 6FEA0A06 		mvn	r6, r10
 305              	.LVL28:
 306              		.loc 1 178 38 view .LVU101
 307 007a 22EA0A02 		bic	r2, r2, r10
 308              		.loc 1 178 45 view .LVU102
 309 007e 2243     		orrs	r2, r2, r4
 310              		.loc 1 178 21 view .LVU103
 311 0080 8260     		str	r2, [r0, #8]
 312              		.loc 1 179 7 is_stmt 1 view .LVU104
 313              		.loc 1 179 28 is_stmt 0 view .LVU105
 314 0082 C268     		ldr	r2, [r0, #12]
 315              		.loc 1 179 36 view .LVU106
 316 0084 22EA0A02 		bic	r2, r2, r10
 317              		.loc 1 179 43 view .LVU107
 318 0088 42EA0E02 		orr	r2, r2, lr
 319              		.loc 1 179 21 view .LVU108
 320 008c C260     		str	r2, [r0, #12]
 321              		.loc 1 180 7 is_stmt 1 view .LVU109
 322              		.loc 1 180 10 is_stmt 0 view .LVU110
 323 008e BCF1020F 		cmp	ip, #2
 324 0092 C3D0     		beq	.L16
 325              		.loc 1 192 9 is_stmt 1 view .LVU111
 326              		.loc 1 192 30 is_stmt 0 view .LVU112
 327 0094 0268     		ldr	r2, [r0]
 328              		.loc 1 192 38 view .LVU113
 329 0096 1640     		ands	r6, r6, r2
 330              		.loc 1 192 45 view .LVU114
 331 0098 46EA0C06 		orr	r6, r6, ip
 332              		.loc 1 192 23 view .LVU115
 333 009c 0660     		str	r6, [r0]
 334              		.loc 1 193 9 is_stmt 1 view .LVU116
 335              		.loc 1 193 12 is_stmt 0 view .LVU117
 336 009e 072B     		cmp	r3, #7
 337 00a0 0DD8     		bhi	.L11
 338              		.loc 1 194 11 is_stmt 1 view .LVU118
 339              		.loc 1 194 29 is_stmt 0 view .LVU119
 340 00a2 026A     		ldr	r2, [r0, #32]
 341              		.loc 1 194 36 view .LVU120
 342 00a4 22EA0702 		bic	r2, r2, r7
ARM GAS  /tmp/cclN79ZN.s 			page 7


 343              		.loc 1 194 43 view .LVU121
 344 00a8 42EA0902 		orr	r2, r2, r9
 345              		.loc 1 194 22 view .LVU122
 346 00ac 0262     		str	r2, [r0, #32]
 347 00ae C2E7     		b	.L7
 348              	.L9:
 349              		.loc 1 186 11 is_stmt 1 view .LVU123
 350              		.loc 1 186 29 is_stmt 0 view .LVU124
 351 00b0 426A     		ldr	r2, [r0, #36]
 352              		.loc 1 186 36 view .LVU125
 353 00b2 22EA0702 		bic	r2, r2, r7
 354              		.loc 1 186 43 view .LVU126
 355 00b6 42EA0902 		orr	r2, r2, r9
 356              		.loc 1 186 22 view .LVU127
 357 00ba 4262     		str	r2, [r0, #36]
 358 00bc B6E7     		b	.L10
 359              	.L11:
 360              		.loc 1 196 11 is_stmt 1 view .LVU128
 361              		.loc 1 196 29 is_stmt 0 view .LVU129
 362 00be 426A     		ldr	r2, [r0, #36]
 363              		.loc 1 196 36 view .LVU130
 364 00c0 22EA0702 		bic	r2, r2, r7
 365              		.loc 1 196 43 view .LVU131
 366 00c4 42EA0902 		orr	r2, r2, r9
 367              		.loc 1 196 22 view .LVU132
 368 00c8 4262     		str	r2, [r0, #36]
 369 00ca B4E7     		b	.L7
 370              	.LVL29:
 371              	.L14:
 372              		.loc 1 196 22 view .LVU133
 373              	.LBE3:
 374              		.loc 1 208 1 view .LVU134
 375 00cc BDE8F087 		pop	{r4, r5, r6, r7, r8, r9, r10, pc}
 376              		.loc 1 208 1 view .LVU135
 377              		.cfi_endproc
 378              	.LFE235:
 379              		.size	_pal_lld_setgroupmode, .-_pal_lld_setgroupmode
 380              		.text
 381              	.Letext0:
 382              		.file 2 "/usr/lib/gcc/arm-none-eabi/13.2.1/include/stdint.h"
 383              		.file 3 "ChibiOS/os/common/ext/CMSIS/ST/STM32F3xx/stm32f303xc.h"
 384              		.file 4 "ChibiOS/os/hal/ports/STM32/LLD/GPIOv2/hal_pal_lld.h"
 385              		.section	.debug_info,"",%progbits
 386              	.Ldebug_info0:
 387 0000 5D050000 		.4byte	0x55d
 388 0004 0500     		.2byte	0x5
 389 0006 01       		.byte	0x1
 390 0007 04       		.byte	0x4
 391 0008 00000000 		.4byte	.Ldebug_abbrev0
 392 000c 15       		.uleb128 0x15
 393 000d 63020000 		.4byte	.LASF61
 394 0011 1D       		.byte	0x1d
 395 0012 34000000 		.4byte	.LASF62
 396 0016 B4000000 		.4byte	.LASF63
 397 001a 19000000 		.4byte	.LLRL14
 398 001e 00000000 		.4byte	0
 399 0022 00000000 		.4byte	.Ldebug_line0
ARM GAS  /tmp/cclN79ZN.s 			page 8


 400 0026 03       		.uleb128 0x3
 401 0027 08       		.byte	0x8
 402 0028 07       		.byte	0x7
 403 0029 8F010000 		.4byte	.LASF0
 404 002d 03       		.uleb128 0x3
 405 002e 04       		.byte	0x4
 406 002f 07       		.byte	0x7
 407 0030 51020000 		.4byte	.LASF1
 408 0034 16       		.uleb128 0x16
 409 0035 04       		.byte	0x4
 410 0036 05       		.byte	0x5
 411 0037 696E7400 		.ascii	"int\000"
 412 003b 03       		.uleb128 0x3
 413 003c 08       		.byte	0x8
 414 003d 05       		.byte	0x5
 415 003e 0E010000 		.4byte	.LASF2
 416 0042 03       		.uleb128 0x3
 417 0043 08       		.byte	0x8
 418 0044 04       		.byte	0x4
 419 0045 6D010000 		.4byte	.LASF3
 420 0049 03       		.uleb128 0x3
 421 004a 01       		.byte	0x1
 422 004b 06       		.byte	0x6
 423 004c F3000000 		.4byte	.LASF4
 424 0050 03       		.uleb128 0x3
 425 0051 02       		.byte	0x2
 426 0052 05       		.byte	0x5
 427 0053 8B000000 		.4byte	.LASF5
 428 0057 03       		.uleb128 0x3
 429 0058 04       		.byte	0x4
 430 0059 05       		.byte	0x5
 431 005a 2A010000 		.4byte	.LASF6
 432 005e 03       		.uleb128 0x3
 433 005f 01       		.byte	0x1
 434 0060 08       		.byte	0x8
 435 0061 79010000 		.4byte	.LASF7
 436 0065 0A       		.uleb128 0xa
 437 0066 E4010000 		.4byte	.LASF9
 438 006a 02       		.byte	0x2
 439 006b 31       		.byte	0x31
 440 006c 19       		.byte	0x19
 441 006d 71000000 		.4byte	0x71
 442 0071 03       		.uleb128 0x3
 443 0072 02       		.byte	0x2
 444 0073 07       		.byte	0x7
 445 0074 CC010000 		.4byte	.LASF8
 446 0078 0A       		.uleb128 0xa
 447 0079 A6010000 		.4byte	.LASF10
 448 007d 02       		.byte	0x2
 449 007e 34       		.byte	0x34
 450 007f 19       		.byte	0x19
 451 0080 89000000 		.4byte	0x89
 452 0084 10       		.uleb128 0x10
 453 0085 78000000 		.4byte	0x78
 454 0089 03       		.uleb128 0x3
 455 008a 04       		.byte	0x4
 456 008b 07       		.byte	0x7
ARM GAS  /tmp/cclN79ZN.s 			page 9


 457 008c 1B020000 		.4byte	.LASF11
 458 0090 11       		.uleb128 0x11
 459 0091 34       		.byte	0x34
 460 0092 03       		.byte	0x3
 461 0093 FB01     		.2byte	0x1fb
 462 0095 49010000 		.4byte	0x149
 463 0099 0B       		.uleb128 0xb
 464 009a 435200   		.ascii	"CR\000"
 465 009d FD01     		.2byte	0x1fd
 466 009f 84000000 		.4byte	0x84
 467 00a3 00       		.byte	0
 468 00a4 01       		.uleb128 0x1
 469 00a5 5E020000 		.4byte	.LASF12
 470 00a9 03       		.byte	0x3
 471 00aa FE01     		.2byte	0x1fe
 472 00ac 11       		.byte	0x11
 473 00ad 84000000 		.4byte	0x84
 474 00b1 04       		.byte	0x4
 475 00b2 0B       		.uleb128 0xb
 476 00b3 43495200 		.ascii	"CIR\000"
 477 00b7 FF01     		.2byte	0x1ff
 478 00b9 84000000 		.4byte	0x84
 479 00bd 08       		.byte	0x8
 480 00be 01       		.uleb128 0x1
 481 00bf 53010000 		.4byte	.LASF13
 482 00c3 03       		.byte	0x3
 483 00c4 0002     		.2byte	0x200
 484 00c6 11       		.byte	0x11
 485 00c7 84000000 		.4byte	0x84
 486 00cb 0C       		.byte	0xc
 487 00cc 01       		.uleb128 0x1
 488 00cd 1D000000 		.4byte	.LASF14
 489 00d1 03       		.byte	0x3
 490 00d2 0102     		.2byte	0x201
 491 00d4 11       		.byte	0x11
 492 00d5 84000000 		.4byte	0x84
 493 00d9 10       		.byte	0x10
 494 00da 01       		.uleb128 0x1
 495 00db 46010000 		.4byte	.LASF15
 496 00df 03       		.byte	0x3
 497 00e0 0202     		.2byte	0x202
 498 00e2 11       		.byte	0x11
 499 00e3 84000000 		.4byte	0x84
 500 00e7 14       		.byte	0x14
 501 00e8 01       		.uleb128 0x1
 502 00e9 87010000 		.4byte	.LASF16
 503 00ed 03       		.byte	0x3
 504 00ee 0302     		.2byte	0x203
 505 00f0 11       		.byte	0x11
 506 00f1 84000000 		.4byte	0x84
 507 00f5 18       		.byte	0x18
 508 00f6 01       		.uleb128 0x1
 509 00f7 D7000000 		.4byte	.LASF17
 510 00fb 03       		.byte	0x3
 511 00fc 0402     		.2byte	0x204
 512 00fe 11       		.byte	0x11
 513 00ff 84000000 		.4byte	0x84
ARM GAS  /tmp/cclN79ZN.s 			page 10


 514 0103 1C       		.byte	0x1c
 515 0104 01       		.uleb128 0x1
 516 0105 A8000000 		.4byte	.LASF18
 517 0109 03       		.byte	0x3
 518 010a 0502     		.2byte	0x205
 519 010c 11       		.byte	0x11
 520 010d 84000000 		.4byte	0x84
 521 0111 20       		.byte	0x20
 522 0112 0B       		.uleb128 0xb
 523 0113 43535200 		.ascii	"CSR\000"
 524 0117 0602     		.2byte	0x206
 525 0119 84000000 		.4byte	0x84
 526 011d 24       		.byte	0x24
 527 011e 01       		.uleb128 0x1
 528 011f 06010000 		.4byte	.LASF19
 529 0123 03       		.byte	0x3
 530 0124 0702     		.2byte	0x207
 531 0126 11       		.byte	0x11
 532 0127 84000000 		.4byte	0x84
 533 012b 28       		.byte	0x28
 534 012c 01       		.uleb128 0x1
 535 012d B6010000 		.4byte	.LASF20
 536 0131 03       		.byte	0x3
 537 0132 0802     		.2byte	0x208
 538 0134 11       		.byte	0x11
 539 0135 84000000 		.4byte	0x84
 540 0139 2C       		.byte	0x2c
 541 013a 01       		.uleb128 0x1
 542 013b BC010000 		.4byte	.LASF21
 543 013f 03       		.byte	0x3
 544 0140 0902     		.2byte	0x209
 545 0142 11       		.byte	0x11
 546 0143 84000000 		.4byte	0x84
 547 0147 30       		.byte	0x30
 548 0148 00       		.byte	0
 549 0149 05       		.uleb128 0x5
 550 014a 3A010000 		.4byte	.LASF22
 551 014e 03       		.byte	0x3
 552 014f 0A02     		.2byte	0x20a
 553 0151 03       		.byte	0x3
 554 0152 90000000 		.4byte	0x90
 555 0156 03       		.uleb128 0x3
 556 0157 01       		.byte	0x1
 557 0158 08       		.byte	0x8
 558 0159 DF010000 		.4byte	.LASF23
 559 015d 03       		.uleb128 0x3
 560 015e 01       		.byte	0x1
 561 015f 02       		.byte	0x2
 562 0160 F7010000 		.4byte	.LASF24
 563 0164 0C       		.uleb128 0xc
 564 0165 04       		.byte	0x4
 565 0166 E7       		.byte	0xe7
 566 0167 05       		.byte	0x5
 567 0168 84010000 		.4byte	0x184
 568 016c 07       		.uleb128 0x7
 569 016d 73657400 		.ascii	"set\000"
 570 0171 E8       		.byte	0xe8
ARM GAS  /tmp/cclN79ZN.s 			page 11


 571 0172 65000000 		.4byte	0x65
 572 0176 00       		.byte	0
 573 0177 02       		.uleb128 0x2
 574 0178 5C010000 		.4byte	.LASF25
 575 017c E9       		.byte	0xe9
 576 017d 19       		.byte	0x19
 577 017e 65000000 		.4byte	0x65
 578 0182 02       		.byte	0x2
 579 0183 00       		.byte	0
 580 0184 17       		.uleb128 0x17
 581 0185 04       		.byte	0x4
 582 0186 04       		.byte	0x4
 583 0187 E5       		.byte	0xe5
 584 0188 0C       		.byte	0xc
 585 0189 A0010000 		.4byte	0x1a0
 586 018d 12       		.uleb128 0x12
 587 018e 5700     		.ascii	"W\000"
 588 0190 E6       		.byte	0xe6
 589 0191 19       		.byte	0x19
 590 0192 78000000 		.4byte	0x78
 591 0196 12       		.uleb128 0x12
 592 0197 4800     		.ascii	"H\000"
 593 0199 EA       		.byte	0xea
 594 019a 07       		.byte	0x7
 595 019b 64010000 		.4byte	0x164
 596 019f 00       		.byte	0
 597 01a0 10       		.uleb128 0x10
 598 01a1 84010000 		.4byte	0x184
 599 01a5 0C       		.uleb128 0xc
 600 01a6 2C       		.byte	0x2c
 601 01a7 DD       		.byte	0xdd
 602 01a8 09       		.byte	0x9
 603 01a9 2F020000 		.4byte	0x22f
 604 01ad 02       		.uleb128 0x2
 605 01ae 4D010000 		.4byte	.LASF26
 606 01b2 DF       		.byte	0xdf
 607 01b3 19       		.byte	0x19
 608 01b4 84000000 		.4byte	0x84
 609 01b8 00       		.byte	0
 610 01b9 02       		.uleb128 0x2
 611 01ba EC000000 		.4byte	.LASF27
 612 01be E0       		.byte	0xe0
 613 01bf 19       		.byte	0x19
 614 01c0 84000000 		.4byte	0x84
 615 01c4 04       		.byte	0x4
 616 01c5 02       		.uleb128 0x2
 617 01c6 13020000 		.4byte	.LASF28
 618 01ca E1       		.byte	0xe1
 619 01cb 19       		.byte	0x19
 620 01cc 84000000 		.4byte	0x84
 621 01d0 08       		.byte	0x8
 622 01d1 02       		.uleb128 0x2
 623 01d2 1C010000 		.4byte	.LASF29
 624 01d6 E2       		.byte	0xe2
 625 01d7 19       		.byte	0x19
 626 01d8 84000000 		.4byte	0x84
 627 01dc 0C       		.byte	0xc
ARM GAS  /tmp/cclN79ZN.s 			page 12


 628 01dd 07       		.uleb128 0x7
 629 01de 49445200 		.ascii	"IDR\000"
 630 01e2 E3       		.byte	0xe3
 631 01e3 84000000 		.4byte	0x84
 632 01e7 10       		.byte	0x10
 633 01e8 07       		.uleb128 0x7
 634 01e9 4F445200 		.ascii	"ODR\000"
 635 01ed E4       		.byte	0xe4
 636 01ee 84000000 		.4byte	0x84
 637 01f2 14       		.byte	0x14
 638 01f3 02       		.uleb128 0x2
 639 01f4 96030000 		.4byte	.LASF30
 640 01f8 EB       		.byte	0xeb
 641 01f9 05       		.byte	0x5
 642 01fa A0010000 		.4byte	0x1a0
 643 01fe 18       		.byte	0x18
 644 01ff 02       		.uleb128 0x2
 645 0200 91030000 		.4byte	.LASF31
 646 0204 EC       		.byte	0xec
 647 0205 19       		.byte	0x19
 648 0206 84000000 		.4byte	0x84
 649 020a 1C       		.byte	0x1c
 650 020b 02       		.uleb128 0x2
 651 020c C7010000 		.4byte	.LASF32
 652 0210 ED       		.byte	0xed
 653 0211 19       		.byte	0x19
 654 0212 84000000 		.4byte	0x84
 655 0216 20       		.byte	0x20
 656 0217 02       		.uleb128 0x2
 657 0218 C2010000 		.4byte	.LASF33
 658 021c EE       		.byte	0xee
 659 021d 19       		.byte	0x19
 660 021e 84000000 		.4byte	0x84
 661 0222 24       		.byte	0x24
 662 0223 07       		.uleb128 0x7
 663 0224 42525200 		.ascii	"BRR\000"
 664 0228 EF       		.byte	0xef
 665 0229 84000000 		.4byte	0x84
 666 022d 28       		.byte	0x28
 667 022e 00       		.byte	0
 668 022f 0A       		.uleb128 0xa
 669 0230 95000000 		.4byte	.LASF34
 670 0234 04       		.byte	0x4
 671 0235 F0       		.byte	0xf0
 672 0236 03       		.byte	0x3
 673 0237 A5010000 		.4byte	0x1a5
 674 023b 0C       		.uleb128 0xc
 675 023c 1C       		.byte	0x1c
 676 023d F5       		.byte	0xf5
 677 023e 09       		.byte	0x9
 678 023f 9B020000 		.4byte	0x29b
 679 0243 02       		.uleb128 0x2
 680 0244 42020000 		.4byte	.LASF35
 681 0248 F7       		.byte	0xf7
 682 0249 19       		.byte	0x19
 683 024a 78000000 		.4byte	0x78
 684 024e 00       		.byte	0
ARM GAS  /tmp/cclN79ZN.s 			page 13


 685 024f 02       		.uleb128 0x2
 686 0250 AF010000 		.4byte	.LASF36
 687 0254 F9       		.byte	0xf9
 688 0255 19       		.byte	0x19
 689 0256 78000000 		.4byte	0x78
 690 025a 04       		.byte	0x4
 691 025b 02       		.uleb128 0x2
 692 025c 22010000 		.4byte	.LASF37
 693 0260 FB       		.byte	0xfb
 694 0261 19       		.byte	0x19
 695 0262 78000000 		.4byte	0x78
 696 0266 08       		.byte	0x8
 697 0267 02       		.uleb128 0x2
 698 0268 32020000 		.4byte	.LASF38
 699 026c FD       		.byte	0xfd
 700 026d 19       		.byte	0x19
 701 026e 78000000 		.4byte	0x78
 702 0272 0C       		.byte	0xc
 703 0273 07       		.uleb128 0x7
 704 0274 6F647200 		.ascii	"odr\000"
 705 0278 FF       		.byte	0xff
 706 0279 78000000 		.4byte	0x78
 707 027d 10       		.byte	0x10
 708 027e 01       		.uleb128 0x1
 709 027f 3D020000 		.4byte	.LASF39
 710 0283 04       		.byte	0x4
 711 0284 0101     		.2byte	0x101
 712 0286 19       		.byte	0x19
 713 0287 78000000 		.4byte	0x78
 714 028b 14       		.byte	0x14
 715 028c 01       		.uleb128 0x1
 716 028d 38020000 		.4byte	.LASF40
 717 0291 04       		.byte	0x4
 718 0292 0301     		.2byte	0x103
 719 0294 19       		.byte	0x19
 720 0295 78000000 		.4byte	0x78
 721 0299 18       		.byte	0x18
 722 029a 00       		.byte	0
 723 029b 05       		.uleb128 0x5
 724 029c 68000000 		.4byte	.LASF41
 725 02a0 04       		.byte	0x4
 726 02a1 0401     		.2byte	0x104
 727 02a3 03       		.byte	0x3
 728 02a4 3B020000 		.4byte	0x23b
 729 02a8 13       		.uleb128 0x13
 730 02a9 9B020000 		.4byte	0x29b
 731 02ad 11       		.uleb128 0x11
 732 02ae A8       		.byte	0xa8
 733 02af 04       		.byte	0x4
 734 02b0 0D01     		.2byte	0x10d
 735 02b2 0B030000 		.4byte	0x30b
 736 02b6 01       		.uleb128 0x1
 737 02b7 FF000000 		.4byte	.LASF42
 738 02bb 04       		.byte	0x4
 739 02bc 1001     		.2byte	0x110
 740 02be 19       		.byte	0x19
 741 02bf 9B020000 		.4byte	0x29b
ARM GAS  /tmp/cclN79ZN.s 			page 14


 742 02c3 00       		.byte	0
 743 02c4 01       		.uleb128 0x1
 744 02c5 AD000000 		.4byte	.LASF43
 745 02c9 04       		.byte	0x4
 746 02ca 1401     		.2byte	0x114
 747 02cc 19       		.byte	0x19
 748 02cd 9B020000 		.4byte	0x29b
 749 02d1 1C       		.byte	0x1c
 750 02d2 01       		.uleb128 0x1
 751 02d3 00000000 		.4byte	.LASF44
 752 02d7 04       		.byte	0x4
 753 02d8 1801     		.2byte	0x118
 754 02da 19       		.byte	0x19
 755 02db 9B020000 		.4byte	0x29b
 756 02df 38       		.byte	0x38
 757 02e0 01       		.uleb128 0x1
 758 02e1 33010000 		.4byte	.LASF45
 759 02e5 04       		.byte	0x4
 760 02e6 1C01     		.2byte	0x11c
 761 02e8 19       		.byte	0x19
 762 02e9 9B020000 		.4byte	0x29b
 763 02ed 54       		.byte	0x54
 764 02ee 01       		.uleb128 0x1
 765 02ef 07020000 		.4byte	.LASF46
 766 02f3 04       		.byte	0x4
 767 02f4 2001     		.2byte	0x120
 768 02f6 19       		.byte	0x19
 769 02f7 9B020000 		.4byte	0x29b
 770 02fb 70       		.byte	0x70
 771 02fc 01       		.uleb128 0x1
 772 02fd 7B000000 		.4byte	.LASF47
 773 0301 04       		.byte	0x4
 774 0302 2401     		.2byte	0x124
 775 0304 19       		.byte	0x19
 776 0305 9B020000 		.4byte	0x29b
 777 0309 8C       		.byte	0x8c
 778 030a 00       		.byte	0
 779 030b 05       		.uleb128 0x5
 780 030c ED010000 		.4byte	.LASF48
 781 0310 04       		.byte	0x4
 782 0311 3A01     		.2byte	0x13a
 783 0313 03       		.byte	0x3
 784 0314 AD020000 		.4byte	0x2ad
 785 0318 13       		.uleb128 0x13
 786 0319 0B030000 		.4byte	0x30b
 787 031d 05       		.uleb128 0x5
 788 031e DF000000 		.4byte	.LASF49
 789 0322 04       		.byte	0x4
 790 0323 3F01     		.2byte	0x13f
 791 0325 12       		.byte	0x12
 792 0326 78000000 		.4byte	0x78
 793 032a 05       		.uleb128 0x5
 794 032b CE000000 		.4byte	.LASF50
 795 032f 04       		.byte	0x4
 796 0330 4401     		.2byte	0x144
 797 0332 12       		.byte	0x12
 798 0333 78000000 		.4byte	0x78
ARM GAS  /tmp/cclN79ZN.s 			page 15


 799 0337 05       		.uleb128 0x5
 800 0338 62010000 		.4byte	.LASF51
 801 033c 04       		.byte	0x4
 802 033d 5101     		.2byte	0x151
 803 033f 18       		.byte	0x18
 804 0340 44030000 		.4byte	0x344
 805 0344 0D       		.uleb128 0xd
 806 0345 2F020000 		.4byte	0x22f
 807 0349 14       		.uleb128 0x14
 808 034a 07000000 		.4byte	.LASF56
 809 034e 9F       		.byte	0x9f
 810 034f 00000000 		.4byte	.LFB235
 811 0353 D0000000 		.4byte	.LFE235-.LFB235
 812 0357 01       		.uleb128 0x1
 813 0358 9C       		.byte	0x9c
 814 0359 52040000 		.4byte	0x452
 815 035d 0E       		.uleb128 0xe
 816 035e 02020000 		.4byte	.LASF59
 817 0362 9F       		.byte	0x9f
 818 0363 27       		.byte	0x27
 819 0364 37030000 		.4byte	0x337
 820 0368 01       		.uleb128 0x1
 821 0369 50       		.byte	0x50
 822 036a 0F       		.uleb128 0xf
 823 036b 2D020000 		.4byte	.LASF52
 824 036f A0       		.byte	0xa0
 825 0370 29       		.byte	0x29
 826 0371 1D030000 		.4byte	0x31d
 827 0375 12000000 		.4byte	.LLST1
 828 0379 0C000000 		.4byte	.LVUS1
 829 037d 0F       		.uleb128 0xf
 830 037e FD010000 		.4byte	.LASF53
 831 0382 A1       		.byte	0xa1
 832 0383 25       		.byte	0x25
 833 0384 2A030000 		.4byte	0x32a
 834 0388 30000000 		.4byte	.LLST2
 835 038c 2C000000 		.4byte	.LVUS2
 836 0390 06       		.uleb128 0x6
 837 0391 42020000 		.4byte	.LASF35
 838 0395 A3       		.byte	0xa3
 839 0396 0C       		.byte	0xc
 840 0397 78000000 		.4byte	0x78
 841 039b 4C000000 		.4byte	.LLST3
 842 039f 4A000000 		.4byte	.LVUS3
 843 03a3 06       		.uleb128 0x6
 844 03a4 AF010000 		.4byte	.LASF36
 845 03a8 A4       		.byte	0xa4
 846 03a9 0C       		.byte	0xc
 847 03aa 78000000 		.4byte	0x78
 848 03ae 58000000 		.4byte	.LLST4
 849 03b2 56000000 		.4byte	.LVUS4
 850 03b6 06       		.uleb128 0x6
 851 03b7 22010000 		.4byte	.LASF37
 852 03bb A5       		.byte	0xa5
 853 03bc 0C       		.byte	0xc
 854 03bd 78000000 		.4byte	0x78
 855 03c1 64000000 		.4byte	.LLST5
ARM GAS  /tmp/cclN79ZN.s 			page 16


 856 03c5 62000000 		.4byte	.LVUS5
 857 03c9 06       		.uleb128 0x6
 858 03ca 32020000 		.4byte	.LASF38
 859 03ce A6       		.byte	0xa6
 860 03cf 0C       		.byte	0xc
 861 03d0 78000000 		.4byte	0x78
 862 03d4 70000000 		.4byte	.LLST6
 863 03d8 6E000000 		.4byte	.LVUS6
 864 03dc 06       		.uleb128 0x6
 865 03dd 0E020000 		.4byte	.LASF54
 866 03e1 A7       		.byte	0xa7
 867 03e2 0C       		.byte	0xc
 868 03e3 78000000 		.4byte	0x78
 869 03e7 7C000000 		.4byte	.LLST7
 870 03eb 7A000000 		.4byte	.LVUS7
 871 03ef 09       		.uleb128 0x9
 872 03f0 62697400 		.ascii	"bit\000"
 873 03f4 A8       		.byte	0xa8
 874 03f5 0C       		.byte	0xc
 875 03f6 78000000 		.4byte	0x78
 876 03fa 8A000000 		.4byte	.LLST8
 877 03fe 86000000 		.4byte	.LVUS8
 878 0402 18       		.uleb128 0x18
 879 0403 0C000000 		.4byte	.LLRL9
 880 0407 06       		.uleb128 0x6
 881 0408 48020000 		.4byte	.LASF55
 882 040c AB       		.byte	0xab
 883 040d 10       		.byte	0x10
 884 040e 78000000 		.4byte	0x78
 885 0412 A0000000 		.4byte	.LLST10
 886 0416 9C000000 		.4byte	.LVUS10
 887 041a 09       		.uleb128 0x9
 888 041b 6D3100   		.ascii	"m1\000"
 889 041e AB       		.byte	0xab
 890 041f 1A       		.byte	0x1a
 891 0420 78000000 		.4byte	0x78
 892 0424 B7000000 		.4byte	.LLST11
 893 0428 B1000000 		.4byte	.LVUS11
 894 042c 09       		.uleb128 0x9
 895 042d 6D3200   		.ascii	"m2\000"
 896 0430 AB       		.byte	0xab
 897 0431 1E       		.byte	0x1e
 898 0432 78000000 		.4byte	0x78
 899 0436 D9000000 		.4byte	.LLST12
 900 043a D5000000 		.4byte	.LVUS12
 901 043e 09       		.uleb128 0x9
 902 043f 6D3400   		.ascii	"m4\000"
 903 0442 AB       		.byte	0xab
 904 0443 22       		.byte	0x22
 905 0444 78000000 		.4byte	0x78
 906 0448 EE000000 		.4byte	.LLST13
 907 044c EA000000 		.4byte	.LVUS13
 908 0450 00       		.byte	0
 909 0451 00       		.byte	0
 910 0452 14       		.uleb128 0x14
 911 0453 26000000 		.4byte	.LASF57
 912 0457 58       		.byte	0x58
ARM GAS  /tmp/cclN79ZN.s 			page 17


 913 0458 00000000 		.4byte	.LFB234
 914 045c 64000000 		.4byte	.LFE234-.LFB234
 915 0460 01       		.uleb128 0x1
 916 0461 9C       		.byte	0x9c
 917 0462 25050000 		.4byte	0x525
 918 0466 0F       		.uleb128 0xf
 919 0467 C7000000 		.4byte	.LASF58
 920 046b 58       		.byte	0x58
 921 046c 25       		.byte	0x25
 922 046d 25050000 		.4byte	0x525
 923 0471 07010000 		.4byte	.LLST0
 924 0475 FF000000 		.4byte	.LVUS0
 925 0479 08       		.uleb128 0x8
 926 047a 18000000 		.4byte	.LVL3
 927 047e 2A050000 		.4byte	0x52a
 928 0482 94040000 		.4byte	0x494
 929 0486 04       		.uleb128 0x4
 930 0487 01       		.uleb128 0x1
 931 0488 50       		.byte	0x50
 932 0489 03       		.uleb128 0x3
 933 048a 42       		.byte	0x42
 934 048b 4A       		.byte	0x4a
 935 048c 24       		.byte	0x24
 936 048d 04       		.uleb128 0x4
 937 048e 01       		.uleb128 0x1
 938 048f 51       		.byte	0x51
 939 0490 02       		.uleb128 0x2
 940 0491 74       		.byte	0x74
 941 0492 00       		.sleb128 0
 942 0493 00       		.byte	0
 943 0494 08       		.uleb128 0x8
 944 0495 22000000 		.4byte	.LVL4
 945 0499 2A050000 		.4byte	0x52a
 946 049d B1040000 		.4byte	0x4b1
 947 04a1 04       		.uleb128 0x4
 948 04a2 01       		.uleb128 0x1
 949 04a3 50       		.byte	0x50
 950 04a4 05       		.uleb128 0x5
 951 04a5 0C       		.byte	0xc
 952 04a6 00040048 		.4byte	0x48000400
 953 04aa 04       		.uleb128 0x4
 954 04ab 01       		.uleb128 0x1
 955 04ac 51       		.byte	0x51
 956 04ad 02       		.uleb128 0x2
 957 04ae 74       		.byte	0x74
 958 04af 1C       		.sleb128 28
 959 04b0 00       		.byte	0
 960 04b1 08       		.uleb128 0x8
 961 04b2 2C000000 		.4byte	.LVL5
 962 04b6 2A050000 		.4byte	0x52a
 963 04ba CE040000 		.4byte	0x4ce
 964 04be 04       		.uleb128 0x4
 965 04bf 01       		.uleb128 0x1
 966 04c0 50       		.byte	0x50
 967 04c1 05       		.uleb128 0x5
 968 04c2 0C       		.byte	0xc
 969 04c3 00080048 		.4byte	0x48000800
ARM GAS  /tmp/cclN79ZN.s 			page 18


 970 04c7 04       		.uleb128 0x4
 971 04c8 01       		.uleb128 0x1
 972 04c9 51       		.byte	0x51
 973 04ca 02       		.uleb128 0x2
 974 04cb 74       		.byte	0x74
 975 04cc 38       		.sleb128 56
 976 04cd 00       		.byte	0
 977 04ce 08       		.uleb128 0x8
 978 04cf 36000000 		.4byte	.LVL6
 979 04d3 2A050000 		.4byte	0x52a
 980 04d7 EC040000 		.4byte	0x4ec
 981 04db 04       		.uleb128 0x4
 982 04dc 01       		.uleb128 0x1
 983 04dd 50       		.byte	0x50
 984 04de 05       		.uleb128 0x5
 985 04df 0C       		.byte	0xc
 986 04e0 000C0048 		.4byte	0x48000c00
 987 04e4 04       		.uleb128 0x4
 988 04e5 01       		.uleb128 0x1
 989 04e6 51       		.byte	0x51
 990 04e7 03       		.uleb128 0x3
 991 04e8 74       		.byte	0x74
 992 04e9 D400     		.sleb128 84
 993 04eb 00       		.byte	0
 994 04ec 08       		.uleb128 0x8
 995 04ed 40000000 		.4byte	.LVL7
 996 04f1 2A050000 		.4byte	0x52a
 997 04f5 0A050000 		.4byte	0x50a
 998 04f9 04       		.uleb128 0x4
 999 04fa 01       		.uleb128 0x1
 1000 04fb 50       		.byte	0x50
 1001 04fc 05       		.uleb128 0x5
 1002 04fd 0C       		.byte	0xc
 1003 04fe 00100048 		.4byte	0x48001000
 1004 0502 04       		.uleb128 0x4
 1005 0503 01       		.uleb128 0x1
 1006 0504 51       		.byte	0x51
 1007 0505 03       		.uleb128 0x3
 1008 0506 74       		.byte	0x74
 1009 0507 F000     		.sleb128 112
 1010 0509 00       		.byte	0
 1011 050a 19       		.uleb128 0x19
 1012 050b 4A000000 		.4byte	.LVL8
 1013 050f 2A050000 		.4byte	0x52a
 1014 0513 04       		.uleb128 0x4
 1015 0514 01       		.uleb128 0x1
 1016 0515 50       		.byte	0x50
 1017 0516 05       		.uleb128 0x5
 1018 0517 0C       		.byte	0xc
 1019 0518 00140048 		.4byte	0x48001400
 1020 051c 04       		.uleb128 0x4
 1021 051d 01       		.uleb128 0x1
 1022 051e 51       		.byte	0x51
 1023 051f 03       		.uleb128 0x3
 1024 0520 74       		.byte	0x74
 1025 0521 8C01     		.sleb128 140
 1026 0523 00       		.byte	0
ARM GAS  /tmp/cclN79ZN.s 			page 19


 1027 0524 00       		.byte	0
 1028 0525 0D       		.uleb128 0xd
 1029 0526 18030000 		.4byte	0x318
 1030 052a 1A       		.uleb128 0x1a
 1031 052b 82000000 		.4byte	.LASF64
 1032 052f 01       		.byte	0x1
 1033 0530 3D       		.byte	0x3d
 1034 0531 0D       		.byte	0xd
 1035 0532 00000000 		.4byte	.LFB233
 1036 0536 1E000000 		.4byte	.LFE233-.LFB233
 1037 053a 01       		.uleb128 0x1
 1038 053b 9C       		.byte	0x9c
 1039 053c 5B050000 		.4byte	0x55b
 1040 0540 0E       		.uleb128 0xe
 1041 0541 A2000000 		.4byte	.LASF60
 1042 0545 3D       		.byte	0x3d
 1043 0546 24       		.byte	0x24
 1044 0547 44030000 		.4byte	0x344
 1045 054b 01       		.uleb128 0x1
 1046 054c 50       		.byte	0x50
 1047 054d 0E       		.uleb128 0xe
 1048 054e C7000000 		.4byte	.LASF58
 1049 0552 3D       		.byte	0x3d
 1050 0553 45       		.byte	0x45
 1051 0554 5B050000 		.4byte	0x55b
 1052 0558 01       		.uleb128 0x1
 1053 0559 51       		.byte	0x51
 1054 055a 00       		.byte	0
 1055 055b 0D       		.uleb128 0xd
 1056 055c A8020000 		.4byte	0x2a8
 1057 0560 00       		.byte	0
 1058              		.section	.debug_abbrev,"",%progbits
 1059              	.Ldebug_abbrev0:
 1060 0000 01       		.uleb128 0x1
 1061 0001 0D       		.uleb128 0xd
 1062 0002 00       		.byte	0
 1063 0003 03       		.uleb128 0x3
 1064 0004 0E       		.uleb128 0xe
 1065 0005 3A       		.uleb128 0x3a
 1066 0006 0B       		.uleb128 0xb
 1067 0007 3B       		.uleb128 0x3b
 1068 0008 05       		.uleb128 0x5
 1069 0009 39       		.uleb128 0x39
 1070 000a 0B       		.uleb128 0xb
 1071 000b 49       		.uleb128 0x49
 1072 000c 13       		.uleb128 0x13
 1073 000d 38       		.uleb128 0x38
 1074 000e 0B       		.uleb128 0xb
 1075 000f 00       		.byte	0
 1076 0010 00       		.byte	0
 1077 0011 02       		.uleb128 0x2
 1078 0012 0D       		.uleb128 0xd
 1079 0013 00       		.byte	0
 1080 0014 03       		.uleb128 0x3
 1081 0015 0E       		.uleb128 0xe
 1082 0016 3A       		.uleb128 0x3a
 1083 0017 21       		.uleb128 0x21
ARM GAS  /tmp/cclN79ZN.s 			page 20


 1084 0018 04       		.sleb128 4
 1085 0019 3B       		.uleb128 0x3b
 1086 001a 0B       		.uleb128 0xb
 1087 001b 39       		.uleb128 0x39
 1088 001c 0B       		.uleb128 0xb
 1089 001d 49       		.uleb128 0x49
 1090 001e 13       		.uleb128 0x13
 1091 001f 38       		.uleb128 0x38
 1092 0020 0B       		.uleb128 0xb
 1093 0021 00       		.byte	0
 1094 0022 00       		.byte	0
 1095 0023 03       		.uleb128 0x3
 1096 0024 24       		.uleb128 0x24
 1097 0025 00       		.byte	0
 1098 0026 0B       		.uleb128 0xb
 1099 0027 0B       		.uleb128 0xb
 1100 0028 3E       		.uleb128 0x3e
 1101 0029 0B       		.uleb128 0xb
 1102 002a 03       		.uleb128 0x3
 1103 002b 0E       		.uleb128 0xe
 1104 002c 00       		.byte	0
 1105 002d 00       		.byte	0
 1106 002e 04       		.uleb128 0x4
 1107 002f 49       		.uleb128 0x49
 1108 0030 00       		.byte	0
 1109 0031 02       		.uleb128 0x2
 1110 0032 18       		.uleb128 0x18
 1111 0033 7E       		.uleb128 0x7e
 1112 0034 18       		.uleb128 0x18
 1113 0035 00       		.byte	0
 1114 0036 00       		.byte	0
 1115 0037 05       		.uleb128 0x5
 1116 0038 16       		.uleb128 0x16
 1117 0039 00       		.byte	0
 1118 003a 03       		.uleb128 0x3
 1119 003b 0E       		.uleb128 0xe
 1120 003c 3A       		.uleb128 0x3a
 1121 003d 0B       		.uleb128 0xb
 1122 003e 3B       		.uleb128 0x3b
 1123 003f 05       		.uleb128 0x5
 1124 0040 39       		.uleb128 0x39
 1125 0041 0B       		.uleb128 0xb
 1126 0042 49       		.uleb128 0x49
 1127 0043 13       		.uleb128 0x13
 1128 0044 00       		.byte	0
 1129 0045 00       		.byte	0
 1130 0046 06       		.uleb128 0x6
 1131 0047 34       		.uleb128 0x34
 1132 0048 00       		.byte	0
 1133 0049 03       		.uleb128 0x3
 1134 004a 0E       		.uleb128 0xe
 1135 004b 3A       		.uleb128 0x3a
 1136 004c 21       		.uleb128 0x21
 1137 004d 01       		.sleb128 1
 1138 004e 3B       		.uleb128 0x3b
 1139 004f 0B       		.uleb128 0xb
 1140 0050 39       		.uleb128 0x39
ARM GAS  /tmp/cclN79ZN.s 			page 21


 1141 0051 0B       		.uleb128 0xb
 1142 0052 49       		.uleb128 0x49
 1143 0053 13       		.uleb128 0x13
 1144 0054 02       		.uleb128 0x2
 1145 0055 17       		.uleb128 0x17
 1146 0056 B742     		.uleb128 0x2137
 1147 0058 17       		.uleb128 0x17
 1148 0059 00       		.byte	0
 1149 005a 00       		.byte	0
 1150 005b 07       		.uleb128 0x7
 1151 005c 0D       		.uleb128 0xd
 1152 005d 00       		.byte	0
 1153 005e 03       		.uleb128 0x3
 1154 005f 08       		.uleb128 0x8
 1155 0060 3A       		.uleb128 0x3a
 1156 0061 21       		.uleb128 0x21
 1157 0062 04       		.sleb128 4
 1158 0063 3B       		.uleb128 0x3b
 1159 0064 0B       		.uleb128 0xb
 1160 0065 39       		.uleb128 0x39
 1161 0066 21       		.uleb128 0x21
 1162 0067 19       		.sleb128 25
 1163 0068 49       		.uleb128 0x49
 1164 0069 13       		.uleb128 0x13
 1165 006a 38       		.uleb128 0x38
 1166 006b 0B       		.uleb128 0xb
 1167 006c 00       		.byte	0
 1168 006d 00       		.byte	0
 1169 006e 08       		.uleb128 0x8
 1170 006f 48       		.uleb128 0x48
 1171 0070 01       		.byte	0x1
 1172 0071 7D       		.uleb128 0x7d
 1173 0072 01       		.uleb128 0x1
 1174 0073 7F       		.uleb128 0x7f
 1175 0074 13       		.uleb128 0x13
 1176 0075 01       		.uleb128 0x1
 1177 0076 13       		.uleb128 0x13
 1178 0077 00       		.byte	0
 1179 0078 00       		.byte	0
 1180 0079 09       		.uleb128 0x9
 1181 007a 34       		.uleb128 0x34
 1182 007b 00       		.byte	0
 1183 007c 03       		.uleb128 0x3
 1184 007d 08       		.uleb128 0x8
 1185 007e 3A       		.uleb128 0x3a
 1186 007f 21       		.uleb128 0x21
 1187 0080 01       		.sleb128 1
 1188 0081 3B       		.uleb128 0x3b
 1189 0082 0B       		.uleb128 0xb
 1190 0083 39       		.uleb128 0x39
 1191 0084 0B       		.uleb128 0xb
 1192 0085 49       		.uleb128 0x49
 1193 0086 13       		.uleb128 0x13
 1194 0087 02       		.uleb128 0x2
 1195 0088 17       		.uleb128 0x17
 1196 0089 B742     		.uleb128 0x2137
 1197 008b 17       		.uleb128 0x17
ARM GAS  /tmp/cclN79ZN.s 			page 22


 1198 008c 00       		.byte	0
 1199 008d 00       		.byte	0
 1200 008e 0A       		.uleb128 0xa
 1201 008f 16       		.uleb128 0x16
 1202 0090 00       		.byte	0
 1203 0091 03       		.uleb128 0x3
 1204 0092 0E       		.uleb128 0xe
 1205 0093 3A       		.uleb128 0x3a
 1206 0094 0B       		.uleb128 0xb
 1207 0095 3B       		.uleb128 0x3b
 1208 0096 0B       		.uleb128 0xb
 1209 0097 39       		.uleb128 0x39
 1210 0098 0B       		.uleb128 0xb
 1211 0099 49       		.uleb128 0x49
 1212 009a 13       		.uleb128 0x13
 1213 009b 00       		.byte	0
 1214 009c 00       		.byte	0
 1215 009d 0B       		.uleb128 0xb
 1216 009e 0D       		.uleb128 0xd
 1217 009f 00       		.byte	0
 1218 00a0 03       		.uleb128 0x3
 1219 00a1 08       		.uleb128 0x8
 1220 00a2 3A       		.uleb128 0x3a
 1221 00a3 21       		.uleb128 0x21
 1222 00a4 03       		.sleb128 3
 1223 00a5 3B       		.uleb128 0x3b
 1224 00a6 05       		.uleb128 0x5
 1225 00a7 39       		.uleb128 0x39
 1226 00a8 21       		.uleb128 0x21
 1227 00a9 11       		.sleb128 17
 1228 00aa 49       		.uleb128 0x49
 1229 00ab 13       		.uleb128 0x13
 1230 00ac 38       		.uleb128 0x38
 1231 00ad 0B       		.uleb128 0xb
 1232 00ae 00       		.byte	0
 1233 00af 00       		.byte	0
 1234 00b0 0C       		.uleb128 0xc
 1235 00b1 13       		.uleb128 0x13
 1236 00b2 01       		.byte	0x1
 1237 00b3 0B       		.uleb128 0xb
 1238 00b4 0B       		.uleb128 0xb
 1239 00b5 3A       		.uleb128 0x3a
 1240 00b6 21       		.uleb128 0x21
 1241 00b7 04       		.sleb128 4
 1242 00b8 3B       		.uleb128 0x3b
 1243 00b9 0B       		.uleb128 0xb
 1244 00ba 39       		.uleb128 0x39
 1245 00bb 0B       		.uleb128 0xb
 1246 00bc 01       		.uleb128 0x1
 1247 00bd 13       		.uleb128 0x13
 1248 00be 00       		.byte	0
 1249 00bf 00       		.byte	0
 1250 00c0 0D       		.uleb128 0xd
 1251 00c1 0F       		.uleb128 0xf
 1252 00c2 00       		.byte	0
 1253 00c3 0B       		.uleb128 0xb
 1254 00c4 21       		.uleb128 0x21
ARM GAS  /tmp/cclN79ZN.s 			page 23


 1255 00c5 04       		.sleb128 4
 1256 00c6 49       		.uleb128 0x49
 1257 00c7 13       		.uleb128 0x13
 1258 00c8 00       		.byte	0
 1259 00c9 00       		.byte	0
 1260 00ca 0E       		.uleb128 0xe
 1261 00cb 05       		.uleb128 0x5
 1262 00cc 00       		.byte	0
 1263 00cd 03       		.uleb128 0x3
 1264 00ce 0E       		.uleb128 0xe
 1265 00cf 3A       		.uleb128 0x3a
 1266 00d0 21       		.uleb128 0x21
 1267 00d1 01       		.sleb128 1
 1268 00d2 3B       		.uleb128 0x3b
 1269 00d3 0B       		.uleb128 0xb
 1270 00d4 39       		.uleb128 0x39
 1271 00d5 0B       		.uleb128 0xb
 1272 00d6 49       		.uleb128 0x49
 1273 00d7 13       		.uleb128 0x13
 1274 00d8 02       		.uleb128 0x2
 1275 00d9 18       		.uleb128 0x18
 1276 00da 00       		.byte	0
 1277 00db 00       		.byte	0
 1278 00dc 0F       		.uleb128 0xf
 1279 00dd 05       		.uleb128 0x5
 1280 00de 00       		.byte	0
 1281 00df 03       		.uleb128 0x3
 1282 00e0 0E       		.uleb128 0xe
 1283 00e1 3A       		.uleb128 0x3a
 1284 00e2 21       		.uleb128 0x21
 1285 00e3 01       		.sleb128 1
 1286 00e4 3B       		.uleb128 0x3b
 1287 00e5 0B       		.uleb128 0xb
 1288 00e6 39       		.uleb128 0x39
 1289 00e7 0B       		.uleb128 0xb
 1290 00e8 49       		.uleb128 0x49
 1291 00e9 13       		.uleb128 0x13
 1292 00ea 02       		.uleb128 0x2
 1293 00eb 17       		.uleb128 0x17
 1294 00ec B742     		.uleb128 0x2137
 1295 00ee 17       		.uleb128 0x17
 1296 00ef 00       		.byte	0
 1297 00f0 00       		.byte	0
 1298 00f1 10       		.uleb128 0x10
 1299 00f2 35       		.uleb128 0x35
 1300 00f3 00       		.byte	0
 1301 00f4 49       		.uleb128 0x49
 1302 00f5 13       		.uleb128 0x13
 1303 00f6 00       		.byte	0
 1304 00f7 00       		.byte	0
 1305 00f8 11       		.uleb128 0x11
 1306 00f9 13       		.uleb128 0x13
 1307 00fa 01       		.byte	0x1
 1308 00fb 0B       		.uleb128 0xb
 1309 00fc 0B       		.uleb128 0xb
 1310 00fd 3A       		.uleb128 0x3a
 1311 00fe 0B       		.uleb128 0xb
ARM GAS  /tmp/cclN79ZN.s 			page 24


 1312 00ff 3B       		.uleb128 0x3b
 1313 0100 05       		.uleb128 0x5
 1314 0101 39       		.uleb128 0x39
 1315 0102 21       		.uleb128 0x21
 1316 0103 09       		.sleb128 9
 1317 0104 01       		.uleb128 0x1
 1318 0105 13       		.uleb128 0x13
 1319 0106 00       		.byte	0
 1320 0107 00       		.byte	0
 1321 0108 12       		.uleb128 0x12
 1322 0109 0D       		.uleb128 0xd
 1323 010a 00       		.byte	0
 1324 010b 03       		.uleb128 0x3
 1325 010c 08       		.uleb128 0x8
 1326 010d 3A       		.uleb128 0x3a
 1327 010e 21       		.uleb128 0x21
 1328 010f 04       		.sleb128 4
 1329 0110 3B       		.uleb128 0x3b
 1330 0111 0B       		.uleb128 0xb
 1331 0112 39       		.uleb128 0x39
 1332 0113 0B       		.uleb128 0xb
 1333 0114 49       		.uleb128 0x49
 1334 0115 13       		.uleb128 0x13
 1335 0116 00       		.byte	0
 1336 0117 00       		.byte	0
 1337 0118 13       		.uleb128 0x13
 1338 0119 26       		.uleb128 0x26
 1339 011a 00       		.byte	0
 1340 011b 49       		.uleb128 0x49
 1341 011c 13       		.uleb128 0x13
 1342 011d 00       		.byte	0
 1343 011e 00       		.byte	0
 1344 011f 14       		.uleb128 0x14
 1345 0120 2E       		.uleb128 0x2e
 1346 0121 01       		.byte	0x1
 1347 0122 3F       		.uleb128 0x3f
 1348 0123 19       		.uleb128 0x19
 1349 0124 03       		.uleb128 0x3
 1350 0125 0E       		.uleb128 0xe
 1351 0126 3A       		.uleb128 0x3a
 1352 0127 21       		.uleb128 0x21
 1353 0128 01       		.sleb128 1
 1354 0129 3B       		.uleb128 0x3b
 1355 012a 0B       		.uleb128 0xb
 1356 012b 39       		.uleb128 0x39
 1357 012c 21       		.uleb128 0x21
 1358 012d 06       		.sleb128 6
 1359 012e 27       		.uleb128 0x27
 1360 012f 19       		.uleb128 0x19
 1361 0130 11       		.uleb128 0x11
 1362 0131 01       		.uleb128 0x1
 1363 0132 12       		.uleb128 0x12
 1364 0133 06       		.uleb128 0x6
 1365 0134 40       		.uleb128 0x40
 1366 0135 18       		.uleb128 0x18
 1367 0136 7A       		.uleb128 0x7a
 1368 0137 19       		.uleb128 0x19
ARM GAS  /tmp/cclN79ZN.s 			page 25


 1369 0138 01       		.uleb128 0x1
 1370 0139 13       		.uleb128 0x13
 1371 013a 00       		.byte	0
 1372 013b 00       		.byte	0
 1373 013c 15       		.uleb128 0x15
 1374 013d 11       		.uleb128 0x11
 1375 013e 01       		.byte	0x1
 1376 013f 25       		.uleb128 0x25
 1377 0140 0E       		.uleb128 0xe
 1378 0141 13       		.uleb128 0x13
 1379 0142 0B       		.uleb128 0xb
 1380 0143 03       		.uleb128 0x3
 1381 0144 0E       		.uleb128 0xe
 1382 0145 1B       		.uleb128 0x1b
 1383 0146 0E       		.uleb128 0xe
 1384 0147 55       		.uleb128 0x55
 1385 0148 17       		.uleb128 0x17
 1386 0149 11       		.uleb128 0x11
 1387 014a 01       		.uleb128 0x1
 1388 014b 10       		.uleb128 0x10
 1389 014c 17       		.uleb128 0x17
 1390 014d 00       		.byte	0
 1391 014e 00       		.byte	0
 1392 014f 16       		.uleb128 0x16
 1393 0150 24       		.uleb128 0x24
 1394 0151 00       		.byte	0
 1395 0152 0B       		.uleb128 0xb
 1396 0153 0B       		.uleb128 0xb
 1397 0154 3E       		.uleb128 0x3e
 1398 0155 0B       		.uleb128 0xb
 1399 0156 03       		.uleb128 0x3
 1400 0157 08       		.uleb128 0x8
 1401 0158 00       		.byte	0
 1402 0159 00       		.byte	0
 1403 015a 17       		.uleb128 0x17
 1404 015b 17       		.uleb128 0x17
 1405 015c 01       		.byte	0x1
 1406 015d 0B       		.uleb128 0xb
 1407 015e 0B       		.uleb128 0xb
 1408 015f 3A       		.uleb128 0x3a
 1409 0160 0B       		.uleb128 0xb
 1410 0161 3B       		.uleb128 0x3b
 1411 0162 0B       		.uleb128 0xb
 1412 0163 39       		.uleb128 0x39
 1413 0164 0B       		.uleb128 0xb
 1414 0165 01       		.uleb128 0x1
 1415 0166 13       		.uleb128 0x13
 1416 0167 00       		.byte	0
 1417 0168 00       		.byte	0
 1418 0169 18       		.uleb128 0x18
 1419 016a 0B       		.uleb128 0xb
 1420 016b 01       		.byte	0x1
 1421 016c 55       		.uleb128 0x55
 1422 016d 17       		.uleb128 0x17
 1423 016e 00       		.byte	0
 1424 016f 00       		.byte	0
 1425 0170 19       		.uleb128 0x19
ARM GAS  /tmp/cclN79ZN.s 			page 26


 1426 0171 48       		.uleb128 0x48
 1427 0172 01       		.byte	0x1
 1428 0173 7D       		.uleb128 0x7d
 1429 0174 01       		.uleb128 0x1
 1430 0175 7F       		.uleb128 0x7f
 1431 0176 13       		.uleb128 0x13
 1432 0177 00       		.byte	0
 1433 0178 00       		.byte	0
 1434 0179 1A       		.uleb128 0x1a
 1435 017a 2E       		.uleb128 0x2e
 1436 017b 01       		.byte	0x1
 1437 017c 03       		.uleb128 0x3
 1438 017d 0E       		.uleb128 0xe
 1439 017e 3A       		.uleb128 0x3a
 1440 017f 0B       		.uleb128 0xb
 1441 0180 3B       		.uleb128 0x3b
 1442 0181 0B       		.uleb128 0xb
 1443 0182 39       		.uleb128 0x39
 1444 0183 0B       		.uleb128 0xb
 1445 0184 27       		.uleb128 0x27
 1446 0185 19       		.uleb128 0x19
 1447 0186 11       		.uleb128 0x11
 1448 0187 01       		.uleb128 0x1
 1449 0188 12       		.uleb128 0x12
 1450 0189 06       		.uleb128 0x6
 1451 018a 40       		.uleb128 0x40
 1452 018b 18       		.uleb128 0x18
 1453 018c 7A       		.uleb128 0x7a
 1454 018d 19       		.uleb128 0x19
 1455 018e 01       		.uleb128 0x1
 1456 018f 13       		.uleb128 0x13
 1457 0190 00       		.byte	0
 1458 0191 00       		.byte	0
 1459 0192 00       		.byte	0
 1460              		.section	.debug_loclists,"",%progbits
 1461 0000 26010000 		.4byte	.Ldebug_loc3-.Ldebug_loc2
 1462              	.Ldebug_loc2:
 1463 0004 0500     		.2byte	0x5
 1464 0006 04       		.byte	0x4
 1465 0007 00       		.byte	0
 1466 0008 00000000 		.4byte	0
 1467              	.Ldebug_loc0:
 1468              	.LVUS1:
 1469 000c 00       		.uleb128 0
 1470 000d 02       		.uleb128 .LVU64
 1471 000e 02       		.uleb128 .LVU64
 1472 000f 00       		.uleb128 .LVU66
 1473 0010 00       		.uleb128 .LVU66
 1474 0011 00       		.uleb128 0
 1475              	.LLST1:
 1476 0012 06       		.byte	0x6
 1477 0013 00000000 		.4byte	.LVL10
 1478 0017 04       		.byte	0x4
 1479 0018 00       		.uleb128 .LVL10-.LVL10
 1480 0019 36       		.uleb128 .LVL17-.LVL10
 1481 001a 01       		.uleb128 0x1
 1482 001b 51       		.byte	0x51
ARM GAS  /tmp/cclN79ZN.s 			page 27


 1483 001c 04       		.byte	0x4
 1484 001d 36       		.uleb128 .LVL17-.LVL10
 1485 001e 38       		.uleb128 .LVL18-.LVL10
 1486 001f 05       		.uleb128 0x5
 1487 0020 71       		.byte	0x71
 1488 0021 00       		.sleb128 0
 1489 0022 31       		.byte	0x31
 1490 0023 25       		.byte	0x25
 1491 0024 9F       		.byte	0x9f
 1492 0025 04       		.byte	0x4
 1493 0026 38       		.uleb128 .LVL18-.LVL10
 1494 0027 D001     		.uleb128 .LFE235-.LVL10
 1495 0029 01       		.uleb128 0x1
 1496 002a 51       		.byte	0x51
 1497 002b 00       		.byte	0
 1498              	.LVUS2:
 1499 002c 00       		.uleb128 0
 1500 002d 00       		.uleb128 .LVU50
 1501 002e 00       		.uleb128 .LVU50
 1502 002f 00       		.uleb128 0
 1503              	.LLST2:
 1504 0030 06       		.byte	0x6
 1505 0031 00000000 		.4byte	.LVL10
 1506 0035 04       		.byte	0x4
 1507 0036 00       		.uleb128 .LVL10-.LVL10
 1508 0037 1C       		.uleb128 .LVL16-.LVL10
 1509 0038 01       		.uleb128 0x1
 1510 0039 52       		.byte	0x52
 1511 003a 04       		.byte	0x4
 1512 003b 1C       		.uleb128 .LVL16-.LVL10
 1513 003c D001     		.uleb128 .LFE235-.LVL10
 1514 003e 0A       		.uleb128 0xa
 1515 003f A3       		.byte	0xa3
 1516 0040 03       		.uleb128 0x3
 1517 0041 A5       		.byte	0xa5
 1518 0042 02       		.uleb128 0x2
 1519 0043 26       		.uleb128 0x26
 1520 0044 A8       		.byte	0xa8
 1521 0045 2D       		.uleb128 0x2d
 1522 0046 A8       		.byte	0xa8
 1523 0047 00       		.uleb128 0
 1524 0048 9F       		.byte	0x9f
 1525 0049 00       		.byte	0
 1526              	.LVUS3:
 1527 004a 00       		.uleb128 .LVU40
 1528 004b 00       		.uleb128 0
 1529              	.LLST3:
 1530 004c 08       		.byte	0x8
 1531 004d 08000000 		.4byte	.LVL11
 1532 0051 C801     		.uleb128 .LFE235-.LVL11
 1533 0053 01       		.uleb128 0x1
 1534 0054 5C       		.byte	0x5c
 1535 0055 00       		.byte	0
 1536              	.LVUS4:
 1537 0056 00       		.uleb128 .LVU42
 1538 0057 00       		.uleb128 0
 1539              	.LLST4:
ARM GAS  /tmp/cclN79ZN.s 			page 28


 1540 0058 08       		.byte	0x8
 1541 0059 0C000000 		.4byte	.LVL12
 1542 005d C401     		.uleb128 .LFE235-.LVL12
 1543 005f 01       		.uleb128 0x1
 1544 0060 55       		.byte	0x55
 1545 0061 00       		.byte	0
 1546              	.LVUS5:
 1547 0062 00       		.uleb128 .LVU44
 1548 0063 00       		.uleb128 0
 1549              	.LLST5:
 1550 0064 08       		.byte	0x8
 1551 0065 10000000 		.4byte	.LVL13
 1552 0069 C001     		.uleb128 .LFE235-.LVL13
 1553 006b 01       		.uleb128 0x1
 1554 006c 54       		.byte	0x54
 1555 006d 00       		.byte	0
 1556              	.LVUS6:
 1557 006e 00       		.uleb128 .LVU46
 1558 006f 00       		.uleb128 0
 1559              	.LLST6:
 1560 0070 08       		.byte	0x8
 1561 0071 14000000 		.4byte	.LVL14
 1562 0075 BC01     		.uleb128 .LFE235-.LVL14
 1563 0077 01       		.uleb128 0x1
 1564 0078 5E       		.byte	0x5e
 1565 0079 00       		.byte	0
 1566              	.LVUS7:
 1567 007a 00       		.uleb128 .LVU48
 1568 007b 00       		.uleb128 0
 1569              	.LLST7:
 1570 007c 08       		.byte	0x8
 1571 007d 18000000 		.4byte	.LVL15
 1572 0081 B801     		.uleb128 .LFE235-.LVL15
 1573 0083 01       		.uleb128 0x1
 1574 0084 58       		.byte	0x58
 1575 0085 00       		.byte	0
 1576              	.LVUS8:
 1577 0086 01       		.uleb128 .LVU49
 1578 0087 00       		.uleb128 .LVU50
 1579 0088 00       		.uleb128 .LVU50
 1580 0089 00       		.uleb128 0
 1581              	.LLST8:
 1582 008a 06       		.byte	0x6
 1583 008b 18000000 		.4byte	.LVL15
 1584 008f 04       		.byte	0x4
 1585 0090 00       		.uleb128 .LVL15-.LVL15
 1586 0091 04       		.uleb128 .LVL16-.LVL15
 1587 0092 02       		.uleb128 0x2
 1588 0093 30       		.byte	0x30
 1589 0094 9F       		.byte	0x9f
 1590 0095 04       		.byte	0x4
 1591 0096 04       		.uleb128 .LVL16-.LVL15
 1592 0097 B801     		.uleb128 .LFE235-.LVL15
 1593 0099 01       		.uleb128 0x1
 1594 009a 53       		.byte	0x53
 1595 009b 00       		.byte	0
 1596              	.LVUS10:
ARM GAS  /tmp/cclN79ZN.s 			page 29


 1597 009c 00       		.uleb128 .LVU50
 1598 009d 00       		.uleb128 .LVU62
 1599 009e 00       		.uleb128 .LVU86
 1600 009f 00       		.uleb128 .LVU133
 1601              	.LLST10:
 1602 00a0 06       		.byte	0x6
 1603 00a1 1C000000 		.4byte	.LVL16
 1604 00a5 04       		.byte	0x4
 1605 00a6 00       		.uleb128 .LVL16-.LVL16
 1606 00a7 1A       		.uleb128 .LVL17-.LVL16
 1607 00a8 01       		.uleb128 0x1
 1608 00a9 59       		.byte	0x59
 1609 00aa 04       		.byte	0x4
 1610 00ab 3C       		.uleb128 .LVL24-.LVL16
 1611 00ac B001     		.uleb128 .LVL29-.LVL16
 1612 00ae 01       		.uleb128 0x1
 1613 00af 59       		.byte	0x59
 1614 00b0 00       		.byte	0
 1615              	.LVUS11:
 1616 00b1 00       		.uleb128 .LVU50
 1617 00b2 00       		.uleb128 .LVU62
 1618 00b3 00       		.uleb128 .LVU88
 1619 00b4 00       		.uleb128 .LVU101
 1620 00b5 00       		.uleb128 .LVU101
 1621 00b6 00       		.uleb128 .LVU133
 1622              	.LLST11:
 1623 00b7 06       		.byte	0x6
 1624 00b8 1C000000 		.4byte	.LVL16
 1625 00bc 04       		.byte	0x4
 1626 00bd 00       		.uleb128 .LVL16-.LVL16
 1627 00be 1A       		.uleb128 .LVL17-.LVL16
 1628 00bf 05       		.uleb128 0x5
 1629 00c0 31       		.byte	0x31
 1630 00c1 73       		.byte	0x73
 1631 00c2 00       		.sleb128 0
 1632 00c3 24       		.byte	0x24
 1633 00c4 9F       		.byte	0x9f
 1634 00c5 04       		.byte	0x4
 1635 00c6 40       		.uleb128 .LVL25-.LVL16
 1636 00c7 5E       		.uleb128 .LVL28-.LVL16
 1637 00c8 01       		.uleb128 0x1
 1638 00c9 56       		.byte	0x56
 1639 00ca 04       		.byte	0x4
 1640 00cb 5E       		.uleb128 .LVL28-.LVL16
 1641 00cc B001     		.uleb128 .LVL29-.LVL16
 1642 00ce 05       		.uleb128 0x5
 1643 00cf 31       		.byte	0x31
 1644 00d0 73       		.byte	0x73
 1645 00d1 00       		.sleb128 0
 1646 00d2 24       		.byte	0x24
 1647 00d3 9F       		.byte	0x9f
 1648 00d4 00       		.byte	0
 1649              	.LVUS12:
 1650 00d5 00       		.uleb128 .LVU50
 1651 00d6 00       		.uleb128 .LVU62
 1652 00d7 00       		.uleb128 .LVU91
 1653 00d8 00       		.uleb128 .LVU133
ARM GAS  /tmp/cclN79ZN.s 			page 30


 1654              	.LLST12:
 1655 00d9 06       		.byte	0x6
 1656 00da 1C000000 		.4byte	.LVL16
 1657 00de 04       		.byte	0x4
 1658 00df 00       		.uleb128 .LVL16-.LVL16
 1659 00e0 1A       		.uleb128 .LVL17-.LVL16
 1660 00e1 01       		.uleb128 0x1
 1661 00e2 5A       		.byte	0x5a
 1662 00e3 04       		.byte	0x4
 1663 00e4 4A       		.uleb128 .LVL26-.LVL16
 1664 00e5 B001     		.uleb128 .LVL29-.LVL16
 1665 00e7 01       		.uleb128 0x1
 1666 00e8 5A       		.byte	0x5a
 1667 00e9 00       		.byte	0
 1668              	.LVUS13:
 1669 00ea 00       		.uleb128 .LVU50
 1670 00eb 00       		.uleb128 .LVU62
 1671 00ec 00       		.uleb128 .LVU93
 1672 00ed 00       		.uleb128 .LVU133
 1673              	.LLST13:
 1674 00ee 06       		.byte	0x6
 1675 00ef 1C000000 		.4byte	.LVL16
 1676 00f3 04       		.byte	0x4
 1677 00f4 00       		.uleb128 .LVL16-.LVL16
 1678 00f5 1A       		.uleb128 .LVL17-.LVL16
 1679 00f6 01       		.uleb128 0x1
 1680 00f7 57       		.byte	0x57
 1681 00f8 04       		.byte	0x4
 1682 00f9 4E       		.uleb128 .LVL27-.LVL16
 1683 00fa B001     		.uleb128 .LVL29-.LVL16
 1684 00fc 01       		.uleb128 0x1
 1685 00fd 57       		.byte	0x57
 1686 00fe 00       		.byte	0
 1687              	.LVUS0:
 1688 00ff 00       		.uleb128 0
 1689 0100 00       		.uleb128 .LVU28
 1690 0101 00       		.uleb128 .LVU28
 1691 0102 00       		.uleb128 .LVU29
 1692 0103 00       		.uleb128 .LVU29
 1693 0104 00       		.uleb128 .LVU35
 1694 0105 00       		.uleb128 .LVU35
 1695 0106 00       		.uleb128 0
 1696              	.LLST0:
 1697 0107 06       		.byte	0x6
 1698 0108 00000000 		.4byte	.LVL1
 1699 010c 04       		.byte	0x4
 1700 010d 00       		.uleb128 .LVL1-.LVL1
 1701 010e 14       		.uleb128 .LVL2-.LVL1
 1702 010f 01       		.uleb128 0x1
 1703 0110 50       		.byte	0x50
 1704 0111 04       		.byte	0x4
 1705 0112 14       		.uleb128 .LVL2-.LVL1
 1706 0113 17       		.uleb128 .LVL3-1-.LVL1
 1707 0114 01       		.uleb128 0x1
 1708 0115 51       		.byte	0x51
 1709 0116 04       		.byte	0x4
 1710 0117 17       		.uleb128 .LVL3-1-.LVL1
ARM GAS  /tmp/cclN79ZN.s 			page 31


 1711 0118 4C       		.uleb128 .LVL9-.LVL1
 1712 0119 01       		.uleb128 0x1
 1713 011a 54       		.byte	0x54
 1714 011b 04       		.byte	0x4
 1715 011c 4C       		.uleb128 .LVL9-.LVL1
 1716 011d 64       		.uleb128 .LFE234-.LVL1
 1717 011e 0A       		.uleb128 0xa
 1718 011f A3       		.byte	0xa3
 1719 0120 03       		.uleb128 0x3
 1720 0121 A5       		.byte	0xa5
 1721 0122 00       		.uleb128 0
 1722 0123 26       		.uleb128 0x26
 1723 0124 A8       		.byte	0xa8
 1724 0125 2D       		.uleb128 0x2d
 1725 0126 A8       		.byte	0xa8
 1726 0127 00       		.uleb128 0
 1727 0128 9F       		.byte	0x9f
 1728 0129 00       		.byte	0
 1729              	.Ldebug_loc3:
 1730              		.section	.debug_aranges,"",%progbits
 1731 0000 2C000000 		.4byte	0x2c
 1732 0004 0200     		.2byte	0x2
 1733 0006 00000000 		.4byte	.Ldebug_info0
 1734 000a 04       		.byte	0x4
 1735 000b 00       		.byte	0
 1736 000c 0000     		.2byte	0
 1737 000e 0000     		.2byte	0
 1738 0010 00000000 		.4byte	.LFB233
 1739 0014 1E000000 		.4byte	.LFE233-.LFB233
 1740 0018 00000000 		.4byte	.LFB234
 1741 001c 64000000 		.4byte	.LFE234-.LFB234
 1742 0020 00000000 		.4byte	.LFB235
 1743 0024 D0000000 		.4byte	.LFE235-.LFB235
 1744 0028 00000000 		.4byte	0
 1745 002c 00000000 		.4byte	0
 1746              		.section	.debug_rnglists,"",%progbits
 1747              	.Ldebug_ranges0:
 1748 0000 29000000 		.4byte	.Ldebug_ranges3-.Ldebug_ranges2
 1749              	.Ldebug_ranges2:
 1750 0004 0500     		.2byte	0x5
 1751 0006 04       		.byte	0x4
 1752 0007 00       		.byte	0
 1753 0008 00000000 		.4byte	0
 1754              	.LLRL9:
 1755 000c 05       		.byte	0x5
 1756 000d 1C000000 		.4byte	.LBB2
 1757 0011 04       		.byte	0x4
 1758 0012 00       		.uleb128 .LBB2-.LBB2
 1759 0013 1A       		.uleb128 .LBE2-.LBB2
 1760 0014 04       		.byte	0x4
 1761 0015 32       		.uleb128 .LBB3-.LBB2
 1762 0016 B001     		.uleb128 .LBE3-.LBB2
 1763 0018 00       		.byte	0
 1764              	.LLRL14:
 1765 0019 07       		.byte	0x7
 1766 001a 00000000 		.4byte	.LFB233
 1767 001e 1E       		.uleb128 .LFE233-.LFB233
ARM GAS  /tmp/cclN79ZN.s 			page 32


 1768 001f 07       		.byte	0x7
 1769 0020 00000000 		.4byte	.LFB234
 1770 0024 64       		.uleb128 .LFE234-.LFB234
 1771 0025 07       		.byte	0x7
 1772 0026 00000000 		.4byte	.LFB235
 1773 002a D001     		.uleb128 .LFE235-.LFB235
 1774 002c 00       		.byte	0
 1775              	.Ldebug_ranges3:
 1776              		.section	.debug_line,"",%progbits
 1777              	.Ldebug_line0:
 1778 0000 D6020000 		.section	.debug_str,"MS",%progbits,1
 1778      0300CB00 
 1778      00000201 
 1778      FB0E0D00 
 1778      01010101 
 1779              	.LASF44:
 1780 0000 50434461 		.ascii	"PCData\000"
 1780      746100
 1781              	.LASF56:
 1782 0007 5F70616C 		.ascii	"_pal_lld_setgroupmode\000"
 1782      5F6C6C64 
 1782      5F736574 
 1782      67726F75 
 1782      706D6F64 
 1783              	.LASF14:
 1784 001d 41504231 		.ascii	"APB1RSTR\000"
 1784      52535452 
 1784      00
 1785              	.LASF57:
 1786 0026 5F70616C 		.ascii	"_pal_lld_init\000"
 1786      5F6C6C64 
 1786      5F696E69 
 1786      7400
 1787              	.LASF62:
 1788 0034 43686962 		.ascii	"ChibiOS/os/hal/ports/STM32/LLD/GPIOv2/hal_pal_lld.c"
 1788      694F532F 
 1788      6F732F68 
 1788      616C2F70 
 1788      6F727473 
 1789 0067 00       		.ascii	"\000"
 1790              	.LASF41:
 1791 0068 73746D33 		.ascii	"stm32_gpio_setup_t\000"
 1791      325F6770 
 1791      696F5F73 
 1791      65747570 
 1791      5F7400
 1792              	.LASF47:
 1793 007b 50464461 		.ascii	"PFData\000"
 1793      746100
 1794              	.LASF64:
 1795 0082 696E6974 		.ascii	"initgpio\000"
 1795      6770696F 
 1795      00
 1796              	.LASF5:
 1797 008b 73686F72 		.ascii	"short int\000"
 1797      7420696E 
 1797      7400
ARM GAS  /tmp/cclN79ZN.s 			page 33


 1798              	.LASF34:
 1799 0095 73746D33 		.ascii	"stm32_gpio_t\000"
 1799      325F6770 
 1799      696F5F74 
 1799      00
 1800              	.LASF60:
 1801 00a2 6770696F 		.ascii	"gpiop\000"
 1801      7000
 1802              	.LASF18:
 1803 00a8 42444352 		.ascii	"BDCR\000"
 1803      00
 1804              	.LASF43:
 1805 00ad 50424461 		.ascii	"PBData\000"
 1805      746100
 1806              	.LASF63:
 1807 00b4 2F776F72 		.ascii	"/workspaces/tinySA\000"
 1807      6B737061 
 1807      6365732F 
 1807      74696E79 
 1807      534100
 1808              	.LASF58:
 1809 00c7 636F6E66 		.ascii	"config\000"
 1809      696700
 1810              	.LASF50:
 1811 00ce 696F6D6F 		.ascii	"iomode_t\000"
 1811      64655F74 
 1811      00
 1812              	.LASF17:
 1813 00d7 41504231 		.ascii	"APB1ENR\000"
 1813      454E5200 
 1814              	.LASF49:
 1815 00df 696F706F 		.ascii	"ioportmask_t\000"
 1815      72746D61 
 1815      736B5F74 
 1815      00
 1816              	.LASF27:
 1817 00ec 4F545950 		.ascii	"OTYPER\000"
 1817      455200
 1818              	.LASF4:
 1819 00f3 7369676E 		.ascii	"signed char\000"
 1819      65642063 
 1819      68617200 
 1820              	.LASF42:
 1821 00ff 50414461 		.ascii	"PAData\000"
 1821      746100
 1822              	.LASF19:
 1823 0106 41484252 		.ascii	"AHBRSTR\000"
 1823      53545200 
 1824              	.LASF2:
 1825 010e 6C6F6E67 		.ascii	"long long int\000"
 1825      206C6F6E 
 1825      6720696E 
 1825      7400
 1826              	.LASF29:
 1827 011c 50555044 		.ascii	"PUPDR\000"
 1827      5200
 1828              	.LASF37:
ARM GAS  /tmp/cclN79ZN.s 			page 34


 1829 0122 6F737065 		.ascii	"ospeedr\000"
 1829      65647200 
 1830              	.LASF6:
 1831 012a 6C6F6E67 		.ascii	"long int\000"
 1831      20696E74 
 1831      00
 1832              	.LASF45:
 1833 0133 50444461 		.ascii	"PDData\000"
 1833      746100
 1834              	.LASF22:
 1835 013a 5243435F 		.ascii	"RCC_TypeDef\000"
 1835      54797065 
 1835      44656600 
 1836              	.LASF15:
 1837 0146 41484245 		.ascii	"AHBENR\000"
 1837      4E5200
 1838              	.LASF26:
 1839 014d 4D4F4445 		.ascii	"MODER\000"
 1839      5200
 1840              	.LASF13:
 1841 0153 41504232 		.ascii	"APB2RSTR\000"
 1841      52535452 
 1841      00
 1842              	.LASF25:
 1843 015c 636C6561 		.ascii	"clear\000"
 1843      7200
 1844              	.LASF51:
 1845 0162 696F706F 		.ascii	"ioportid_t\000"
 1845      72746964 
 1845      5F7400
 1846              	.LASF3:
 1847 016d 6C6F6E67 		.ascii	"long double\000"
 1847      20646F75 
 1847      626C6500 
 1848              	.LASF7:
 1849 0179 756E7369 		.ascii	"unsigned char\000"
 1849      676E6564 
 1849      20636861 
 1849      7200
 1850              	.LASF16:
 1851 0187 41504232 		.ascii	"APB2ENR\000"
 1851      454E5200 
 1852              	.LASF0:
 1853 018f 6C6F6E67 		.ascii	"long long unsigned int\000"
 1853      206C6F6E 
 1853      6720756E 
 1853      7369676E 
 1853      65642069 
 1854              	.LASF10:
 1855 01a6 75696E74 		.ascii	"uint32_t\000"
 1855      33325F74 
 1855      00
 1856              	.LASF36:
 1857 01af 6F747970 		.ascii	"otyper\000"
 1857      657200
 1858              	.LASF20:
 1859 01b6 43464752 		.ascii	"CFGR2\000"
ARM GAS  /tmp/cclN79ZN.s 			page 35


 1859      3200
 1860              	.LASF21:
 1861 01bc 43464752 		.ascii	"CFGR3\000"
 1861      3300
 1862              	.LASF33:
 1863 01c2 41465248 		.ascii	"AFRH\000"
 1863      00
 1864              	.LASF32:
 1865 01c7 4146524C 		.ascii	"AFRL\000"
 1865      00
 1866              	.LASF8:
 1867 01cc 73686F72 		.ascii	"short unsigned int\000"
 1867      7420756E 
 1867      7369676E 
 1867      65642069 
 1867      6E7400
 1868              	.LASF23:
 1869 01df 63686172 		.ascii	"char\000"
 1869      00
 1870              	.LASF9:
 1871 01e4 75696E74 		.ascii	"uint16_t\000"
 1871      31365F74 
 1871      00
 1872              	.LASF48:
 1873 01ed 50414C43 		.ascii	"PALConfig\000"
 1873      6F6E6669 
 1873      6700
 1874              	.LASF24:
 1875 01f7 5F426F6F 		.ascii	"_Bool\000"
 1875      6C00
 1876              	.LASF53:
 1877 01fd 6D6F6465 		.ascii	"mode\000"
 1877      00
 1878              	.LASF59:
 1879 0202 706F7274 		.ascii	"port\000"
 1879      00
 1880              	.LASF46:
 1881 0207 50454461 		.ascii	"PEData\000"
 1881      746100
 1882              	.LASF54:
 1883 020e 616C7472 		.ascii	"altr\000"
 1883      00
 1884              	.LASF28:
 1885 0213 4F535045 		.ascii	"OSPEEDR\000"
 1885      45445200 
 1886              	.LASF11:
 1887 021b 6C6F6E67 		.ascii	"long unsigned int\000"
 1887      20756E73 
 1887      69676E65 
 1887      6420696E 
 1887      7400
 1888              	.LASF52:
 1889 022d 6D61736B 		.ascii	"mask\000"
 1889      00
 1890              	.LASF38:
 1891 0232 70757064 		.ascii	"pupdr\000"
 1891      7200
ARM GAS  /tmp/cclN79ZN.s 			page 36


 1892              	.LASF40:
 1893 0238 61667268 		.ascii	"afrh\000"
 1893      00
 1894              	.LASF39:
 1895 023d 6166726C 		.ascii	"afrl\000"
 1895      00
 1896              	.LASF35:
 1897 0242 6D6F6465 		.ascii	"moder\000"
 1897      7200
 1898              	.LASF55:
 1899 0248 616C7472 		.ascii	"altrmask\000"
 1899      6D61736B 
 1899      00
 1900              	.LASF1:
 1901 0251 756E7369 		.ascii	"unsigned int\000"
 1901      676E6564 
 1901      20696E74 
 1901      00
 1902              	.LASF12:
 1903 025e 43464752 		.ascii	"CFGR\000"
 1903      00
 1904              	.LASF61:
 1905 0263 474E5520 		.ascii	"GNU C11 13.2.1 20231009 -mcpu=cortex-m4 -mfloat-abi"
 1905      43313120 
 1905      31332E32 
 1905      2E312032 
 1905      30323331 
 1906 0296 3D686172 		.ascii	"=hard -mfpu=fpv4-sp-d16 -mno-thumb-interwork -mthum"
 1906      64202D6D 
 1906      6670753D 
 1906      66707634 
 1906      2D73702D 
 1907 02c9 62202D6D 		.ascii	"b -march=armv7e-m+fp -ggdb -Og -std=c11 -fno-inline"
 1907      61726368 
 1907      3D61726D 
 1907      7637652D 
 1907      6D2B6670 
 1908 02fc 2D736D61 		.ascii	"-small-functions -fomit-frame-pointer -falign-funct"
 1908      6C6C2D66 
 1908      756E6374 
 1908      696F6E73 
 1908      202D666F 
 1909 032f 696F6E73 		.ascii	"ions=16 -fstack-usage -ffunction-sections -fdata-se"
 1909      3D313620 
 1909      2D667374 
 1909      61636B2D 
 1909      75736167 
 1910 0362 6374696F 		.ascii	"ctions -fno-common -fsingle-precision-constant\000"
 1910      6E73202D 
 1910      666E6F2D 
 1910      636F6D6D 
 1910      6F6E202D 
 1911              	.LASF31:
 1912 0391 4C434B52 		.ascii	"LCKR\000"
 1912      00
 1913              	.LASF30:
 1914 0396 42535252 		.ascii	"BSRR\000"
ARM GAS  /tmp/cclN79ZN.s 			page 37


 1914      00
 1915              		.ident	"GCC: (15:13.2.rel1-2) 13.2.1 20231009"
ARM GAS  /tmp/cclN79ZN.s 			page 38


DEFINED SYMBOLS
                            *ABS*:00000000 hal_pal_lld.c
     /tmp/cclN79ZN.s:21     .text.initgpio:00000000 $t
     /tmp/cclN79ZN.s:27     .text.initgpio:00000000 initgpio
     /tmp/cclN79ZN.s:76     .text._pal_lld_init:00000000 $t
     /tmp/cclN79ZN.s:83     .text._pal_lld_init:00000000 _pal_lld_init
     /tmp/cclN79ZN.s:141    .text._pal_lld_init:0000004c $d
     /tmp/cclN79ZN.s:151    .text._pal_lld_setgroupmode:00000000 $t
     /tmp/cclN79ZN.s:158    .text._pal_lld_setgroupmode:00000000 _pal_lld_setgroupmode

NO UNDEFINED SYMBOLS
