ARM GAS  /tmp/ccCKcmMM.s 			page 1


   1              		.cpu cortex-m4
   2              		.arch armv7e-m
   3              		.fpu fpv4-sp-d16
   4              		.eabi_attribute 27, 1
   5              		.eabi_attribute 28, 1
   6              		.eabi_attribute 20, 1
   7              		.eabi_attribute 21, 1
   8              		.eabi_attribute 23, 3
   9              		.eabi_attribute 24, 1
  10              		.eabi_attribute 25, 1
  11              		.eabi_attribute 26, 1
  12              		.eabi_attribute 30, 1
  13              		.eabi_attribute 34, 1
  14              		.eabi_attribute 18, 4
  15              		.file	"hal_lld.c"
  16              		.text
  17              	.Ltext0:
  18              		.cfi_sections	.debug_frame
  19              		.file 1 "ChibiOS/os/hal/ports/STM32/STM32F3xx/hal_lld.c"
  20              		.section	.text.hal_lld_backup_domain_init,"ax",%progbits
  21              		.align	1
  22              		.p2align 4,,15
  23              		.syntax unified
  24              		.thumb
  25              		.thumb_func
  26              		.type	hal_lld_backup_domain_init, %function
  27              	hal_lld_backup_domain_init:
  28              	.LFB233:
  29              		.loc 1 54 46 view -0
  30              		.cfi_startproc
  31              		@ args = 0, pretend = 0, frame = 0
  32              		@ frame_needed = 0, uses_anonymous_args = 0
  33              		@ link register save eliminated.
  34              		.loc 1 57 3 view .LVU1
  35              		.loc 1 57 6 is_stmt 0 view .LVU2
  36 0000 154A     		ldr	r2, .L5
  37 0002 1368     		ldr	r3, [r2]
  38              		.loc 1 57 11 view .LVU3
  39 0004 43F48073 		orr	r3, r3, #256
  40 0008 1360     		str	r3, [r2]
  41              		.loc 1 60 3 is_stmt 1 view .LVU4
  42              		.loc 1 60 11 is_stmt 0 view .LVU5
  43 000a 144B     		ldr	r3, .L5+4
  44 000c 1B6A     		ldr	r3, [r3, #32]
  45              		.loc 1 60 18 view .LVU6
  46 000e 03F44073 		and	r3, r3, #768
  47              		.loc 1 60 6 view .LVU7
  48 0012 B3F5807F 		cmp	r3, #256
  49 0016 05D0     		beq	.L2
  50              		.loc 1 62 5 is_stmt 1 view .LVU8
  51              		.loc 1 62 15 is_stmt 0 view .LVU9
  52 0018 104B     		ldr	r3, .L5+4
  53 001a 4FF48032 		mov	r2, #65536
  54 001e 1A62     		str	r2, [r3, #32]
  55              		.loc 1 63 5 is_stmt 1 view .LVU10
  56              		.loc 1 63 15 is_stmt 0 view .LVU11
  57 0020 0022     		movs	r2, #0
ARM GAS  /tmp/ccCKcmMM.s 			page 2


  58 0022 1A62     		str	r2, [r3, #32]
  59              	.L2:
  60              		.loc 1 73 3 is_stmt 1 view .LVU12
  61              		.loc 1 73 6 is_stmt 0 view .LVU13
  62 0024 0D4A     		ldr	r2, .L5+4
  63 0026 136A     		ldr	r3, [r2, #32]
  64              		.loc 1 73 13 view .LVU14
  65 0028 43F01903 		orr	r3, r3, #25
  66 002c 1362     		str	r3, [r2, #32]
  67              		.loc 1 75 3 is_stmt 1 view .LVU15
  68              	.L3:
  69              		.loc 1 75 40 discriminator 1 view .LVU16
  70              		.loc 1 75 14 is_stmt 0 discriminator 1 view .LVU17
  71 002e 0B4B     		ldr	r3, .L5+4
  72 0030 1B6A     		ldr	r3, [r3, #32]
  73              		.loc 1 75 40 discriminator 1 view .LVU18
  74 0032 13F0020F 		tst	r3, #2
  75 0036 FAD0     		beq	.L3
  76              		.loc 1 82 3 is_stmt 1 view .LVU19
  77              		.loc 1 82 11 is_stmt 0 view .LVU20
  78 0038 084B     		ldr	r3, .L5+4
  79 003a 1B6A     		ldr	r3, [r3, #32]
  80              		.loc 1 82 6 view .LVU21
  81 003c 13F4004F 		tst	r3, #32768
  82 0040 08D1     		bne	.L1
  83              		.loc 1 84 5 is_stmt 1 view .LVU22
  84              		.loc 1 84 8 is_stmt 0 view .LVU23
  85 0042 064B     		ldr	r3, .L5+4
  86 0044 1A6A     		ldr	r2, [r3, #32]
  87              		.loc 1 84 15 view .LVU24
  88 0046 42F48072 		orr	r2, r2, #256
  89 004a 1A62     		str	r2, [r3, #32]
  90              		.loc 1 87 5 is_stmt 1 view .LVU25
  91              		.loc 1 87 8 is_stmt 0 view .LVU26
  92 004c 1A6A     		ldr	r2, [r3, #32]
  93              		.loc 1 87 15 view .LVU27
  94 004e 42F40042 		orr	r2, r2, #32768
  95 0052 1A62     		str	r2, [r3, #32]
  96              	.L1:
  97              		.loc 1 90 1 view .LVU28
  98 0054 7047     		bx	lr
  99              	.L6:
 100 0056 00BF     		.align	2
 101              	.L5:
 102 0058 00700040 		.word	1073770496
 103 005c 00100240 		.word	1073876992
 104              		.cfi_endproc
 105              	.LFE233:
 106              		.size	hal_lld_backup_domain_init, .-hal_lld_backup_domain_init
 107              		.section	.text.hal_lld_init,"ax",%progbits
 108              		.align	1
 109              		.p2align 4,,15
 110              		.global	hal_lld_init
 111              		.syntax unified
 112              		.thumb
 113              		.thumb_func
 114              		.type	hal_lld_init, %function
ARM GAS  /tmp/ccCKcmMM.s 			page 3


 115              	hal_lld_init:
 116              	.LFB234:
 117              		.loc 1 105 25 is_stmt 1 view -0
 118              		.cfi_startproc
 119              		@ args = 0, pretend = 0, frame = 0
 120              		@ frame_needed = 0, uses_anonymous_args = 0
 121 0000 10B5     		push	{r4, lr}
 122              		.cfi_def_cfa_offset 8
 123              		.cfi_offset 4, -8
 124              		.cfi_offset 14, -4
 125              		.loc 1 108 3 view .LVU30
 126 0002 0F4C     		ldr	r4, .L9
 127 0004 A36A     		ldr	r3, [r4, #40]
 128 0006 4FF0FF32 		mov	r2, #-1
 129 000a A262     		str	r2, [r4, #40]
 130              		.loc 1 108 3 view .LVU31
 131 000c 0023     		movs	r3, #0
 132 000e A362     		str	r3, [r4, #40]
 133              		.loc 1 108 26 view .LVU32
 134              		.loc 1 109 3 view .LVU33
 135 0010 2169     		ldr	r1, [r4, #16]
 136 0012 2261     		str	r2, [r4, #16]
 137              		.loc 1 109 3 view .LVU34
 138 0014 2361     		str	r3, [r4, #16]
 139              		.loc 1 109 27 view .LVU35
 140              		.loc 1 110 3 view .LVU36
 141 0016 E168     		ldr	r1, [r4, #12]
 142 0018 E260     		str	r2, [r4, #12]
 143              		.loc 1 110 3 view .LVU37
 144 001a E360     		str	r3, [r4, #12]
 145              		.loc 1 110 27 view .LVU38
 146              		.loc 1 113 3 view .LVU39
 147 001c E369     		ldr	r3, [r4, #28]
 148 001e 43F08053 		orr	r3, r3, #268435456
 149 0022 E361     		str	r3, [r4, #28]
 150              		.loc 1 113 31 view .LVU40
 151              		.loc 1 116 3 view .LVU41
 152 0024 FFF7FEFF 		bl	hal_lld_backup_domain_init
 153              	.LVL0:
 154              		.loc 1 119 3 view .LVU42
 155 0028 FFF7FEFF 		bl	dmaInit
 156              	.LVL1:
 157              		.loc 1 129 3 view .LVU43
 158 002c A369     		ldr	r3, [r4, #24]
 159 002e 43F00103 		orr	r3, r3, #1
 160 0032 A361     		str	r3, [r4, #24]
 161              		.loc 1 129 44 view .LVU44
 162              		.loc 1 133 3 view .LVU45
 163              		.loc 1 133 9 is_stmt 0 view .LVU46
 164 0034 034A     		ldr	r2, .L9+4
 165 0036 1368     		ldr	r3, [r2]
 166              		.loc 1 133 17 view .LVU47
 167 0038 43F02003 		orr	r3, r3, #32
 168 003c 1360     		str	r3, [r2]
 169              		.loc 1 135 1 view .LVU48
 170 003e 10BD     		pop	{r4, pc}
 171              	.L10:
ARM GAS  /tmp/ccCKcmMM.s 			page 4


 172              		.align	2
 173              	.L9:
 174 0040 00100240 		.word	1073876992
 175 0044 00000140 		.word	1073807360
 176              		.cfi_endproc
 177              	.LFE234:
 178              		.size	hal_lld_init, .-hal_lld_init
 179              		.section	.text.stm32_clock_init,"ax",%progbits
 180              		.align	1
 181              		.p2align 4,,15
 182              		.global	stm32_clock_init
 183              		.syntax unified
 184              		.thumb
 185              		.thumb_func
 186              		.type	stm32_clock_init, %function
 187              	stm32_clock_init:
 188              	.LFB235:
 189              		.loc 1 144 29 is_stmt 1 view -0
 190              		.cfi_startproc
 191              		@ args = 0, pretend = 0, frame = 0
 192              		@ frame_needed = 0, uses_anonymous_args = 0
 193              		@ link register save eliminated.
 194              		.loc 1 149 3 view .LVU50
 195              		.loc 1 149 6 is_stmt 0 view .LVU51
 196 0000 244A     		ldr	r2, .L17
 197 0002 1368     		ldr	r3, [r2]
 198              		.loc 1 149 11 view .LVU52
 199 0004 43F00103 		orr	r3, r3, #1
 200 0008 1360     		str	r3, [r2]
 201              		.loc 1 150 3 is_stmt 1 view .LVU53
 202              	.L12:
 203              		.loc 1 150 10 discriminator 1 view .LVU54
 204              		.loc 1 150 15 is_stmt 0 discriminator 1 view .LVU55
 205 000a 224B     		ldr	r3, .L17
 206 000c 1B68     		ldr	r3, [r3]
 207              		.loc 1 150 10 discriminator 1 view .LVU56
 208 000e 13F0020F 		tst	r3, #2
 209 0012 FAD0     		beq	.L12
 210              		.loc 1 156 3 is_stmt 1 view .LVU57
 211              		.loc 1 156 6 is_stmt 0 view .LVU58
 212 0014 1F4B     		ldr	r3, .L17
 213 0016 5A68     		ldr	r2, [r3, #4]
 214              		.loc 1 156 13 view .LVU59
 215 0018 22F00302 		bic	r2, r2, #3
 216 001c 5A60     		str	r2, [r3, #4]
 217              		.loc 1 157 3 is_stmt 1 view .LVU60
 218              		.loc 1 157 6 is_stmt 0 view .LVU61
 219 001e 5A68     		ldr	r2, [r3, #4]
 220              		.loc 1 157 13 view .LVU62
 221 0020 5A60     		str	r2, [r3, #4]
 222              		.loc 1 158 3 is_stmt 1 view .LVU63
 223              	.L13:
 224              		.loc 1 158 37 discriminator 1 view .LVU64
 225              		.loc 1 158 14 is_stmt 0 discriminator 1 view .LVU65
 226 0022 1C4B     		ldr	r3, .L17
 227 0024 5B68     		ldr	r3, [r3, #4]
 228              		.loc 1 158 37 discriminator 1 view .LVU66
ARM GAS  /tmp/ccCKcmMM.s 			page 5


 229 0026 13F00C0F 		tst	r3, #12
 230 002a FAD1     		bne	.L13
 231              		.loc 1 162 3 is_stmt 1 view .LVU67
 232              		.loc 1 162 6 is_stmt 0 view .LVU68
 233 002c 194B     		ldr	r3, .L17
 234 002e 1A68     		ldr	r2, [r3]
 235              		.loc 1 162 11 view .LVU69
 236 0030 02F0F902 		and	r2, r2, #249
 237 0034 1A60     		str	r2, [r3]
 238              		.loc 1 163 3 is_stmt 1 view .LVU70
 239              		.loc 1 163 13 is_stmt 0 view .LVU71
 240 0036 0022     		movs	r2, #0
 241 0038 5A60     		str	r2, [r3, #4]
 242              		.loc 1 180 3 is_stmt 1 view .LVU72
 243              		.loc 1 180 6 is_stmt 0 view .LVU73
 244 003a 5A6A     		ldr	r2, [r3, #36]
 245              		.loc 1 180 12 view .LVU74
 246 003c 42F00102 		orr	r2, r2, #1
 247 0040 5A62     		str	r2, [r3, #36]
 248              		.loc 1 181 3 is_stmt 1 view .LVU75
 249              	.L14:
 250              		.loc 1 181 38 discriminator 1 view .LVU76
 251              		.loc 1 181 14 is_stmt 0 discriminator 1 view .LVU77
 252 0042 144B     		ldr	r3, .L17
 253 0044 5B6A     		ldr	r3, [r3, #36]
 254              		.loc 1 181 38 discriminator 1 view .LVU78
 255 0046 13F0020F 		tst	r3, #2
 256 004a FAD0     		beq	.L14
 257              		.loc 1 186 3 is_stmt 1 view .LVU79
 258              		.loc 1 186 14 is_stmt 0 view .LVU80
 259 004c 114B     		ldr	r3, .L17
 260 004e 124A     		ldr	r2, .L17+4
 261 0050 5A60     		str	r2, [r3, #4]
 262              		.loc 1 189 3 is_stmt 1 view .LVU81
 263              		.loc 1 189 14 is_stmt 0 view .LVU82
 264 0052 42F21012 		movw	r2, #8464
 265 0056 DA62     		str	r2, [r3, #44]
 266              		.loc 1 190 3 is_stmt 1 view .LVU83
 267              		.loc 1 190 14 is_stmt 0 view .LVU84
 268 0058 3022     		movs	r2, #48
 269 005a 1A63     		str	r2, [r3, #48]
 270              		.loc 1 196 3 is_stmt 1 view .LVU85
 271              		.loc 1 196 6 is_stmt 0 view .LVU86
 272 005c 1A68     		ldr	r2, [r3]
 273              		.loc 1 196 13 view .LVU87
 274 005e 42F08072 		orr	r2, r2, #16777216
 275 0062 1A60     		str	r2, [r3]
 276              		.loc 1 197 3 is_stmt 1 view .LVU88
 277              	.L15:
 278              		.loc 1 197 10 discriminator 1 view .LVU89
 279              		.loc 1 197 15 is_stmt 0 discriminator 1 view .LVU90
 280 0064 0B4B     		ldr	r3, .L17
 281 0066 1B68     		ldr	r3, [r3]
 282              		.loc 1 197 10 discriminator 1 view .LVU91
 283 0068 13F0007F 		tst	r3, #33554432
 284 006c FAD0     		beq	.L15
 285              		.loc 1 202 3 is_stmt 1 view .LVU92
ARM GAS  /tmp/ccCKcmMM.s 			page 6


 286              		.loc 1 202 14 is_stmt 0 view .LVU93
 287 006e 0B4B     		ldr	r3, .L17+8
 288 0070 1122     		movs	r2, #17
 289 0072 1A60     		str	r2, [r3]
 290              		.loc 1 207 3 is_stmt 1 view .LVU94
 291              		.loc 1 207 6 is_stmt 0 view .LVU95
 292 0074 074A     		ldr	r2, .L17
 293 0076 5368     		ldr	r3, [r2, #4]
 294              		.loc 1 207 13 view .LVU96
 295 0078 43F00203 		orr	r3, r3, #2
 296 007c 5360     		str	r3, [r2, #4]
 297              		.loc 1 208 3 is_stmt 1 view .LVU97
 298              	.L16:
 299              		.loc 1 208 37 discriminator 1 view .LVU98
 300              		.loc 1 208 14 is_stmt 0 discriminator 1 view .LVU99
 301 007e 054B     		ldr	r3, .L17
 302 0080 5B68     		ldr	r3, [r3, #4]
 303              		.loc 1 208 21 discriminator 1 view .LVU100
 304 0082 03F00C03 		and	r3, r3, #12
 305              		.loc 1 208 37 discriminator 1 view .LVU101
 306 0086 082B     		cmp	r3, #8
 307 0088 F9D1     		bne	.L16
 308              		.loc 1 214 3 is_stmt 1 view .LVU102
 309              		.loc 1 214 6 is_stmt 0 view .LVU103
 310 008a 024B     		ldr	r3, .L17
 311 008c 1A6B     		ldr	r2, [r3, #48]
 312              		.loc 1 214 14 view .LVU104
 313 008e 1A63     		str	r2, [r3, #48]
 314              		.loc 1 216 1 view .LVU105
 315 0090 7047     		bx	lr
 316              	.L18:
 317 0092 00BF     		.align	2
 318              	.L17:
 319 0094 00100240 		.word	1073876992
 320 0098 00046807 		.word	124257280
 321 009c 00200240 		.word	1073881088
 322              		.cfi_endproc
 323              	.LFE235:
 324              		.size	stm32_clock_init, .-stm32_clock_init
 325              		.global	SystemCoreClock
 326              		.section	.data.SystemCoreClock,"aw"
 327              		.align	2
 328              		.type	SystemCoreClock, %object
 329              		.size	SystemCoreClock, 4
 330              	SystemCoreClock:
 331 0000 006CDC02 		.word	48000000
 332              		.text
 333              	.Letext0:
 334              		.file 2 "/usr/lib/gcc/arm-none-eabi/13.2.1/include/stddef.h"
 335              		.file 3 "/usr/lib/gcc/arm-none-eabi/13.2.1/include/stdint.h"
 336              		.file 4 "ChibiOS/os/common/ext/CMSIS/ST/STM32F3xx/stm32f303xc.h"
 337              		.file 5 "ChibiOS/os/common/ext/CMSIS/ST/STM32F3xx/system_stm32f3xx.h"
 338              		.file 6 "ChibiOS/os/hal/ports/STM32/LLD/DMAv1/stm32_dma.h"
 339              		.section	.debug_info,"",%progbits
 340              	.Ldebug_info0:
 341 0000 BB020000 		.4byte	0x2bb
 342 0004 0500     		.2byte	0x5
ARM GAS  /tmp/ccCKcmMM.s 			page 7


 343 0006 01       		.byte	0x1
 344 0007 04       		.byte	0x4
 345 0008 00000000 		.4byte	.Ldebug_abbrev0
 346 000c 09       		.uleb128 0x9
 347 000d C4010000 		.4byte	.LASF34
 348 0011 1D       		.byte	0x1d
 349 0012 40010000 		.4byte	.LASF35
 350 0016 FA000000 		.4byte	.LASF36
 351 001a 0C000000 		.4byte	.LLRL0
 352 001e 00000000 		.4byte	0
 353 0022 00000000 		.4byte	.Ldebug_line0
 354 0026 0A       		.uleb128 0xa
 355 0027 04       		.byte	0x4
 356 0028 05       		.byte	0x5
 357 0029 696E7400 		.ascii	"int\000"
 358 002d 06       		.uleb128 0x6
 359 002e 13000000 		.4byte	.LASF8
 360 0032 02       		.byte	0x2
 361 0033 D6       		.byte	0xd6
 362 0034 17       		.byte	0x17
 363 0035 39000000 		.4byte	0x39
 364 0039 02       		.uleb128 0x2
 365 003a 04       		.byte	0x4
 366 003b 07       		.byte	0x7
 367 003c 0D010000 		.4byte	.LASF0
 368 0040 02       		.uleb128 0x2
 369 0041 08       		.byte	0x8
 370 0042 05       		.byte	0x5
 371 0043 00000000 		.4byte	.LASF1
 372 0047 02       		.uleb128 0x2
 373 0048 08       		.byte	0x8
 374 0049 04       		.byte	0x4
 375 004a F2020000 		.4byte	.LASF2
 376 004e 02       		.uleb128 0x2
 377 004f 01       		.byte	0x1
 378 0050 06       		.byte	0x6
 379 0051 FE020000 		.4byte	.LASF3
 380 0055 02       		.uleb128 0x2
 381 0056 02       		.byte	0x2
 382 0057 05       		.byte	0x5
 383 0058 7C010000 		.4byte	.LASF4
 384 005c 02       		.uleb128 0x2
 385 005d 04       		.byte	0x4
 386 005e 05       		.byte	0x5
 387 005f BB010000 		.4byte	.LASF5
 388 0063 02       		.uleb128 0x2
 389 0064 01       		.byte	0x1
 390 0065 08       		.byte	0x8
 391 0066 6B000000 		.4byte	.LASF6
 392 006a 02       		.uleb128 0x2
 393 006b 02       		.byte	0x2
 394 006c 07       		.byte	0x7
 395 006d 97000000 		.4byte	.LASF7
 396 0071 06       		.uleb128 0x6
 397 0072 B2010000 		.4byte	.LASF9
 398 0076 03       		.byte	0x3
 399 0077 34       		.byte	0x34
ARM GAS  /tmp/ccCKcmMM.s 			page 8


 400 0078 19       		.byte	0x19
 401 0079 82000000 		.4byte	0x82
 402 007d 07       		.uleb128 0x7
 403 007e 71000000 		.4byte	0x71
 404 0082 02       		.uleb128 0x2
 405 0083 04       		.byte	0x4
 406 0084 07       		.byte	0x7
 407 0085 7F000000 		.4byte	.LASF10
 408 0089 02       		.uleb128 0x2
 409 008a 08       		.byte	0x8
 410 008b 07       		.byte	0x7
 411 008c 4E000000 		.4byte	.LASF11
 412 0090 0B       		.uleb128 0xb
 413 0091 30010000 		.4byte	.LASF37
 414 0095 05       		.byte	0x5
 415 0096 4C       		.byte	0x4c
 416 0097 11       		.byte	0x11
 417 0098 71000000 		.4byte	0x71
 418 009c 04       		.uleb128 0x4
 419 009d 24       		.byte	0x24
 420 009e 8A01     		.2byte	0x18a
 421 00a0 0E010000 		.4byte	0x10e
 422 00a4 03       		.uleb128 0x3
 423 00a5 41435200 		.ascii	"ACR\000"
 424 00a9 8C01     		.2byte	0x18c
 425 00ab 7D000000 		.4byte	0x7d
 426 00af 00       		.byte	0
 427 00b0 01       		.uleb128 0x1
 428 00b1 49000000 		.4byte	.LASF12
 429 00b5 8D01     		.2byte	0x18d
 430 00b7 7D000000 		.4byte	0x7d
 431 00bb 04       		.byte	0x4
 432 00bc 01       		.uleb128 0x1
 433 00bd AA000000 		.4byte	.LASF13
 434 00c1 8E01     		.2byte	0x18e
 435 00c3 7D000000 		.4byte	0x7d
 436 00c7 08       		.byte	0x8
 437 00c8 03       		.uleb128 0x3
 438 00c9 535200   		.ascii	"SR\000"
 439 00cc 8F01     		.2byte	0x18f
 440 00ce 7D000000 		.4byte	0x7d
 441 00d2 0C       		.byte	0xc
 442 00d3 03       		.uleb128 0x3
 443 00d4 435200   		.ascii	"CR\000"
 444 00d7 9001     		.2byte	0x190
 445 00d9 7D000000 		.4byte	0x7d
 446 00dd 10       		.byte	0x10
 447 00de 03       		.uleb128 0x3
 448 00df 415200   		.ascii	"AR\000"
 449 00e2 9101     		.2byte	0x191
 450 00e4 7D000000 		.4byte	0x7d
 451 00e8 14       		.byte	0x14
 452 00e9 01       		.uleb128 0x1
 453 00ea BE000000 		.4byte	.LASF14
 454 00ee 9201     		.2byte	0x192
 455 00f0 71000000 		.4byte	0x71
 456 00f4 18       		.byte	0x18
ARM GAS  /tmp/ccCKcmMM.s 			page 9


 457 00f5 03       		.uleb128 0x3
 458 00f6 4F425200 		.ascii	"OBR\000"
 459 00fa 9301     		.2byte	0x193
 460 00fc 7D000000 		.4byte	0x7d
 461 0100 1C       		.byte	0x1c
 462 0101 01       		.uleb128 0x1
 463 0102 44000000 		.4byte	.LASF15
 464 0106 9401     		.2byte	0x194
 465 0108 7D000000 		.4byte	0x7d
 466 010c 20       		.byte	0x20
 467 010d 00       		.byte	0
 468 010e 05       		.uleb128 0x5
 469 010f 2F000000 		.4byte	.LASF16
 470 0113 9601     		.2byte	0x196
 471 0115 9C000000 		.4byte	0x9c
 472 0119 04       		.uleb128 0x4
 473 011a 1C       		.byte	0x1c
 474 011b C601     		.2byte	0x1c6
 475 011d 52010000 		.4byte	0x152
 476 0121 01       		.uleb128 0x1
 477 0122 79000000 		.4byte	.LASF17
 478 0126 C801     		.2byte	0x1c8
 479 0128 7D000000 		.4byte	0x7d
 480 012c 00       		.byte	0
 481 012d 03       		.uleb128 0x3
 482 012e 52435200 		.ascii	"RCR\000"
 483 0132 C901     		.2byte	0x1c9
 484 0134 7D000000 		.4byte	0x7d
 485 0138 04       		.byte	0x4
 486 0139 01       		.uleb128 0x1
 487 013a F3000000 		.4byte	.LASF18
 488 013e CA01     		.2byte	0x1ca
 489 0140 62010000 		.4byte	0x162
 490 0144 08       		.byte	0x8
 491 0145 01       		.uleb128 0x1
 492 0146 65000000 		.4byte	.LASF19
 493 014a CB01     		.2byte	0x1cb
 494 014c 7D000000 		.4byte	0x7d
 495 0150 18       		.byte	0x18
 496 0151 00       		.byte	0
 497 0152 0C       		.uleb128 0xc
 498 0153 7D000000 		.4byte	0x7d
 499 0157 62010000 		.4byte	0x162
 500 015b 0D       		.uleb128 0xd
 501 015c 39000000 		.4byte	0x39
 502 0160 03       		.byte	0x3
 503 0161 00       		.byte	0
 504 0162 07       		.uleb128 0x7
 505 0163 52010000 		.4byte	0x152
 506 0167 05       		.uleb128 0x5
 507 0168 97010000 		.4byte	.LASF20
 508 016c CC01     		.2byte	0x1cc
 509 016e 19010000 		.4byte	0x119
 510 0172 04       		.uleb128 0x4
 511 0173 08       		.byte	0x8
 512 0174 F201     		.2byte	0x1f2
 513 0176 92010000 		.4byte	0x192
ARM GAS  /tmp/ccCKcmMM.s 			page 10


 514 017a 03       		.uleb128 0x3
 515 017b 435200   		.ascii	"CR\000"
 516 017e F401     		.2byte	0x1f4
 517 0180 7D000000 		.4byte	0x7d
 518 0184 00       		.byte	0
 519 0185 03       		.uleb128 0x3
 520 0186 43535200 		.ascii	"CSR\000"
 521 018a F501     		.2byte	0x1f5
 522 018c 7D000000 		.4byte	0x7d
 523 0190 04       		.byte	0x4
 524 0191 00       		.byte	0
 525 0192 05       		.uleb128 0x5
 526 0193 B2000000 		.4byte	.LASF21
 527 0197 F601     		.2byte	0x1f6
 528 0199 72010000 		.4byte	0x172
 529 019d 04       		.uleb128 0x4
 530 019e 34       		.byte	0x34
 531 019f FB01     		.2byte	0x1fb
 532 01a1 41020000 		.4byte	0x241
 533 01a5 03       		.uleb128 0x3
 534 01a6 435200   		.ascii	"CR\000"
 535 01a9 FD01     		.2byte	0x1fd
 536 01ab 7D000000 		.4byte	0x7d
 537 01af 00       		.byte	0
 538 01b0 01       		.uleb128 0x1
 539 01b1 1A000000 		.4byte	.LASF22
 540 01b5 FE01     		.2byte	0x1fe
 541 01b7 7D000000 		.4byte	0x7d
 542 01bb 04       		.byte	0x4
 543 01bc 03       		.uleb128 0x3
 544 01bd 43495200 		.ascii	"CIR\000"
 545 01c1 FF01     		.2byte	0x1ff
 546 01c3 7D000000 		.4byte	0x7d
 547 01c7 08       		.byte	0x8
 548 01c8 01       		.uleb128 0x1
 549 01c9 1F010000 		.4byte	.LASF23
 550 01cd 0002     		.2byte	0x200
 551 01cf 7D000000 		.4byte	0x7d
 552 01d3 0C       		.byte	0xc
 553 01d4 01       		.uleb128 0x1
 554 01d5 C7000000 		.4byte	.LASF24
 555 01d9 0102     		.2byte	0x201
 556 01db 7D000000 		.4byte	0x7d
 557 01df 10       		.byte	0x10
 558 01e0 01       		.uleb128 0x1
 559 01e1 3D000000 		.4byte	.LASF25
 560 01e5 0202     		.2byte	0x202
 561 01e7 7D000000 		.4byte	0x7d
 562 01eb 14       		.byte	0x14
 563 01ec 01       		.uleb128 0x1
 564 01ed 28010000 		.4byte	.LASF26
 565 01f1 0302     		.2byte	0x203
 566 01f3 7D000000 		.4byte	0x7d
 567 01f7 18       		.byte	0x18
 568 01f8 01       		.uleb128 0x1
 569 01f9 EB000000 		.4byte	.LASF27
 570 01fd 0402     		.2byte	0x204
ARM GAS  /tmp/ccCKcmMM.s 			page 11


 571 01ff 7D000000 		.4byte	0x7d
 572 0203 1C       		.byte	0x1c
 573 0204 01       		.uleb128 0x1
 574 0205 0E000000 		.4byte	.LASF28
 575 0209 0502     		.2byte	0x205
 576 020b 7D000000 		.4byte	0x7d
 577 020f 20       		.byte	0x20
 578 0210 03       		.uleb128 0x3
 579 0211 43535200 		.ascii	"CSR\000"
 580 0215 0602     		.2byte	0x206
 581 0217 7D000000 		.4byte	0x7d
 582 021b 24       		.byte	0x24
 583 021c 01       		.uleb128 0x1
 584 021d 1F000000 		.4byte	.LASF29
 585 0221 0702     		.2byte	0x207
 586 0223 7D000000 		.4byte	0x7d
 587 0227 28       		.byte	0x28
 588 0228 01       		.uleb128 0x1
 589 0229 65000000 		.4byte	.LASF19
 590 022d 0802     		.2byte	0x208
 591 022f 7D000000 		.4byte	0x7d
 592 0233 2C       		.byte	0x2c
 593 0234 01       		.uleb128 0x1
 594 0235 91000000 		.4byte	.LASF30
 595 0239 0902     		.2byte	0x209
 596 023b 7D000000 		.4byte	0x7d
 597 023f 30       		.byte	0x30
 598 0240 00       		.byte	0
 599 0241 05       		.uleb128 0x5
 600 0242 A6010000 		.4byte	.LASF31
 601 0246 0A02     		.2byte	0x20a
 602 0248 9D010000 		.4byte	0x19d
 603 024c 02       		.uleb128 0x2
 604 024d 01       		.byte	0x1
 605 024e 08       		.byte	0x8
 606 024f 1A010000 		.4byte	.LASF32
 607 0253 02       		.uleb128 0x2
 608 0254 01       		.byte	0x1
 609 0255 02       		.byte	0x2
 610 0256 0A030000 		.4byte	.LASF33
 611 025a 0E       		.uleb128 0xe
 612 025b 90000000 		.4byte	0x90
 613 025f 01       		.byte	0x1
 614 0260 27       		.byte	0x27
 615 0261 0A       		.byte	0xa
 616 0262 05       		.uleb128 0x5
 617 0263 03       		.byte	0x3
 618 0264 00000000 		.4byte	SystemCoreClock
 619 0268 0F       		.uleb128 0xf
 620 0269 27000000 		.4byte	.LASF38
 621 026d 06       		.byte	0x6
 622 026e D401     		.2byte	0x1d4
 623 0270 08       		.byte	0x8
 624 0271 10       		.uleb128 0x10
 625 0272 86010000 		.4byte	.LASF39
 626 0276 01       		.byte	0x1
 627 0277 90       		.byte	0x90
ARM GAS  /tmp/ccCKcmMM.s 			page 12


 628 0278 06       		.byte	0x6
 629 0279 00000000 		.4byte	.LFB235
 630 027d A0000000 		.4byte	.LFE235-.LFB235
 631 0281 01       		.uleb128 0x1
 632 0282 9C       		.byte	0x9c
 633 0283 11       		.uleb128 0x11
 634 0284 6F010000 		.4byte	.LASF40
 635 0288 01       		.byte	0x1
 636 0289 69       		.byte	0x69
 637 028a 06       		.byte	0x6
 638 028b 00000000 		.4byte	.LFB234
 639 028f 48000000 		.4byte	.LFE234-.LFB234
 640 0293 01       		.uleb128 0x1
 641 0294 9C       		.byte	0x9c
 642 0295 AC020000 		.4byte	0x2ac
 643 0299 08       		.uleb128 0x8
 644 029a 28000000 		.4byte	.LVL0
 645 029e AC020000 		.4byte	0x2ac
 646 02a2 08       		.uleb128 0x8
 647 02a3 2C000000 		.4byte	.LVL1
 648 02a7 68020000 		.4byte	0x268
 649 02ab 00       		.byte	0
 650 02ac 12       		.uleb128 0x12
 651 02ad D0000000 		.4byte	.LASF41
 652 02b1 01       		.byte	0x1
 653 02b2 36       		.byte	0x36
 654 02b3 0D       		.byte	0xd
 655 02b4 00000000 		.4byte	.LFB233
 656 02b8 60000000 		.4byte	.LFE233-.LFB233
 657 02bc 01       		.uleb128 0x1
 658 02bd 9C       		.byte	0x9c
 659 02be 00       		.byte	0
 660              		.section	.debug_abbrev,"",%progbits
 661              	.Ldebug_abbrev0:
 662 0000 01       		.uleb128 0x1
 663 0001 0D       		.uleb128 0xd
 664 0002 00       		.byte	0
 665 0003 03       		.uleb128 0x3
 666 0004 0E       		.uleb128 0xe
 667 0005 3A       		.uleb128 0x3a
 668 0006 21       		.uleb128 0x21
 669 0007 04       		.sleb128 4
 670 0008 3B       		.uleb128 0x3b
 671 0009 05       		.uleb128 0x5
 672 000a 39       		.uleb128 0x39
 673 000b 21       		.uleb128 0x21
 674 000c 11       		.sleb128 17
 675 000d 49       		.uleb128 0x49
 676 000e 13       		.uleb128 0x13
 677 000f 38       		.uleb128 0x38
 678 0010 0B       		.uleb128 0xb
 679 0011 00       		.byte	0
 680 0012 00       		.byte	0
 681 0013 02       		.uleb128 0x2
 682 0014 24       		.uleb128 0x24
 683 0015 00       		.byte	0
 684 0016 0B       		.uleb128 0xb
ARM GAS  /tmp/ccCKcmMM.s 			page 13


 685 0017 0B       		.uleb128 0xb
 686 0018 3E       		.uleb128 0x3e
 687 0019 0B       		.uleb128 0xb
 688 001a 03       		.uleb128 0x3
 689 001b 0E       		.uleb128 0xe
 690 001c 00       		.byte	0
 691 001d 00       		.byte	0
 692 001e 03       		.uleb128 0x3
 693 001f 0D       		.uleb128 0xd
 694 0020 00       		.byte	0
 695 0021 03       		.uleb128 0x3
 696 0022 08       		.uleb128 0x8
 697 0023 3A       		.uleb128 0x3a
 698 0024 21       		.uleb128 0x21
 699 0025 04       		.sleb128 4
 700 0026 3B       		.uleb128 0x3b
 701 0027 05       		.uleb128 0x5
 702 0028 39       		.uleb128 0x39
 703 0029 21       		.uleb128 0x21
 704 002a 11       		.sleb128 17
 705 002b 49       		.uleb128 0x49
 706 002c 13       		.uleb128 0x13
 707 002d 38       		.uleb128 0x38
 708 002e 0B       		.uleb128 0xb
 709 002f 00       		.byte	0
 710 0030 00       		.byte	0
 711 0031 04       		.uleb128 0x4
 712 0032 13       		.uleb128 0x13
 713 0033 01       		.byte	0x1
 714 0034 0B       		.uleb128 0xb
 715 0035 0B       		.uleb128 0xb
 716 0036 3A       		.uleb128 0x3a
 717 0037 21       		.uleb128 0x21
 718 0038 04       		.sleb128 4
 719 0039 3B       		.uleb128 0x3b
 720 003a 05       		.uleb128 0x5
 721 003b 39       		.uleb128 0x39
 722 003c 21       		.uleb128 0x21
 723 003d 09       		.sleb128 9
 724 003e 01       		.uleb128 0x1
 725 003f 13       		.uleb128 0x13
 726 0040 00       		.byte	0
 727 0041 00       		.byte	0
 728 0042 05       		.uleb128 0x5
 729 0043 16       		.uleb128 0x16
 730 0044 00       		.byte	0
 731 0045 03       		.uleb128 0x3
 732 0046 0E       		.uleb128 0xe
 733 0047 3A       		.uleb128 0x3a
 734 0048 21       		.uleb128 0x21
 735 0049 04       		.sleb128 4
 736 004a 3B       		.uleb128 0x3b
 737 004b 05       		.uleb128 0x5
 738 004c 39       		.uleb128 0x39
 739 004d 21       		.uleb128 0x21
 740 004e 03       		.sleb128 3
 741 004f 49       		.uleb128 0x49
ARM GAS  /tmp/ccCKcmMM.s 			page 14


 742 0050 13       		.uleb128 0x13
 743 0051 00       		.byte	0
 744 0052 00       		.byte	0
 745 0053 06       		.uleb128 0x6
 746 0054 16       		.uleb128 0x16
 747 0055 00       		.byte	0
 748 0056 03       		.uleb128 0x3
 749 0057 0E       		.uleb128 0xe
 750 0058 3A       		.uleb128 0x3a
 751 0059 0B       		.uleb128 0xb
 752 005a 3B       		.uleb128 0x3b
 753 005b 0B       		.uleb128 0xb
 754 005c 39       		.uleb128 0x39
 755 005d 0B       		.uleb128 0xb
 756 005e 49       		.uleb128 0x49
 757 005f 13       		.uleb128 0x13
 758 0060 00       		.byte	0
 759 0061 00       		.byte	0
 760 0062 07       		.uleb128 0x7
 761 0063 35       		.uleb128 0x35
 762 0064 00       		.byte	0
 763 0065 49       		.uleb128 0x49
 764 0066 13       		.uleb128 0x13
 765 0067 00       		.byte	0
 766 0068 00       		.byte	0
 767 0069 08       		.uleb128 0x8
 768 006a 48       		.uleb128 0x48
 769 006b 00       		.byte	0
 770 006c 7D       		.uleb128 0x7d
 771 006d 01       		.uleb128 0x1
 772 006e 7F       		.uleb128 0x7f
 773 006f 13       		.uleb128 0x13
 774 0070 00       		.byte	0
 775 0071 00       		.byte	0
 776 0072 09       		.uleb128 0x9
 777 0073 11       		.uleb128 0x11
 778 0074 01       		.byte	0x1
 779 0075 25       		.uleb128 0x25
 780 0076 0E       		.uleb128 0xe
 781 0077 13       		.uleb128 0x13
 782 0078 0B       		.uleb128 0xb
 783 0079 03       		.uleb128 0x3
 784 007a 0E       		.uleb128 0xe
 785 007b 1B       		.uleb128 0x1b
 786 007c 0E       		.uleb128 0xe
 787 007d 55       		.uleb128 0x55
 788 007e 17       		.uleb128 0x17
 789 007f 11       		.uleb128 0x11
 790 0080 01       		.uleb128 0x1
 791 0081 10       		.uleb128 0x10
 792 0082 17       		.uleb128 0x17
 793 0083 00       		.byte	0
 794 0084 00       		.byte	0
 795 0085 0A       		.uleb128 0xa
 796 0086 24       		.uleb128 0x24
 797 0087 00       		.byte	0
 798 0088 0B       		.uleb128 0xb
ARM GAS  /tmp/ccCKcmMM.s 			page 15


 799 0089 0B       		.uleb128 0xb
 800 008a 3E       		.uleb128 0x3e
 801 008b 0B       		.uleb128 0xb
 802 008c 03       		.uleb128 0x3
 803 008d 08       		.uleb128 0x8
 804 008e 00       		.byte	0
 805 008f 00       		.byte	0
 806 0090 0B       		.uleb128 0xb
 807 0091 34       		.uleb128 0x34
 808 0092 00       		.byte	0
 809 0093 03       		.uleb128 0x3
 810 0094 0E       		.uleb128 0xe
 811 0095 3A       		.uleb128 0x3a
 812 0096 0B       		.uleb128 0xb
 813 0097 3B       		.uleb128 0x3b
 814 0098 0B       		.uleb128 0xb
 815 0099 39       		.uleb128 0x39
 816 009a 0B       		.uleb128 0xb
 817 009b 49       		.uleb128 0x49
 818 009c 13       		.uleb128 0x13
 819 009d 3F       		.uleb128 0x3f
 820 009e 19       		.uleb128 0x19
 821 009f 3C       		.uleb128 0x3c
 822 00a0 19       		.uleb128 0x19
 823 00a1 00       		.byte	0
 824 00a2 00       		.byte	0
 825 00a3 0C       		.uleb128 0xc
 826 00a4 01       		.uleb128 0x1
 827 00a5 01       		.byte	0x1
 828 00a6 49       		.uleb128 0x49
 829 00a7 13       		.uleb128 0x13
 830 00a8 01       		.uleb128 0x1
 831 00a9 13       		.uleb128 0x13
 832 00aa 00       		.byte	0
 833 00ab 00       		.byte	0
 834 00ac 0D       		.uleb128 0xd
 835 00ad 21       		.uleb128 0x21
 836 00ae 00       		.byte	0
 837 00af 49       		.uleb128 0x49
 838 00b0 13       		.uleb128 0x13
 839 00b1 2F       		.uleb128 0x2f
 840 00b2 0B       		.uleb128 0xb
 841 00b3 00       		.byte	0
 842 00b4 00       		.byte	0
 843 00b5 0E       		.uleb128 0xe
 844 00b6 34       		.uleb128 0x34
 845 00b7 00       		.byte	0
 846 00b8 47       		.uleb128 0x47
 847 00b9 13       		.uleb128 0x13
 848 00ba 3A       		.uleb128 0x3a
 849 00bb 0B       		.uleb128 0xb
 850 00bc 3B       		.uleb128 0x3b
 851 00bd 0B       		.uleb128 0xb
 852 00be 39       		.uleb128 0x39
 853 00bf 0B       		.uleb128 0xb
 854 00c0 02       		.uleb128 0x2
 855 00c1 18       		.uleb128 0x18
ARM GAS  /tmp/ccCKcmMM.s 			page 16


 856 00c2 00       		.byte	0
 857 00c3 00       		.byte	0
 858 00c4 0F       		.uleb128 0xf
 859 00c5 2E       		.uleb128 0x2e
 860 00c6 00       		.byte	0
 861 00c7 3F       		.uleb128 0x3f
 862 00c8 19       		.uleb128 0x19
 863 00c9 03       		.uleb128 0x3
 864 00ca 0E       		.uleb128 0xe
 865 00cb 3A       		.uleb128 0x3a
 866 00cc 0B       		.uleb128 0xb
 867 00cd 3B       		.uleb128 0x3b
 868 00ce 05       		.uleb128 0x5
 869 00cf 39       		.uleb128 0x39
 870 00d0 0B       		.uleb128 0xb
 871 00d1 27       		.uleb128 0x27
 872 00d2 19       		.uleb128 0x19
 873 00d3 3C       		.uleb128 0x3c
 874 00d4 19       		.uleb128 0x19
 875 00d5 00       		.byte	0
 876 00d6 00       		.byte	0
 877 00d7 10       		.uleb128 0x10
 878 00d8 2E       		.uleb128 0x2e
 879 00d9 00       		.byte	0
 880 00da 3F       		.uleb128 0x3f
 881 00db 19       		.uleb128 0x19
 882 00dc 03       		.uleb128 0x3
 883 00dd 0E       		.uleb128 0xe
 884 00de 3A       		.uleb128 0x3a
 885 00df 0B       		.uleb128 0xb
 886 00e0 3B       		.uleb128 0x3b
 887 00e1 0B       		.uleb128 0xb
 888 00e2 39       		.uleb128 0x39
 889 00e3 0B       		.uleb128 0xb
 890 00e4 27       		.uleb128 0x27
 891 00e5 19       		.uleb128 0x19
 892 00e6 11       		.uleb128 0x11
 893 00e7 01       		.uleb128 0x1
 894 00e8 12       		.uleb128 0x12
 895 00e9 06       		.uleb128 0x6
 896 00ea 40       		.uleb128 0x40
 897 00eb 18       		.uleb128 0x18
 898 00ec 7A       		.uleb128 0x7a
 899 00ed 19       		.uleb128 0x19
 900 00ee 00       		.byte	0
 901 00ef 00       		.byte	0
 902 00f0 11       		.uleb128 0x11
 903 00f1 2E       		.uleb128 0x2e
 904 00f2 01       		.byte	0x1
 905 00f3 3F       		.uleb128 0x3f
 906 00f4 19       		.uleb128 0x19
 907 00f5 03       		.uleb128 0x3
 908 00f6 0E       		.uleb128 0xe
 909 00f7 3A       		.uleb128 0x3a
 910 00f8 0B       		.uleb128 0xb
 911 00f9 3B       		.uleb128 0x3b
 912 00fa 0B       		.uleb128 0xb
ARM GAS  /tmp/ccCKcmMM.s 			page 17


 913 00fb 39       		.uleb128 0x39
 914 00fc 0B       		.uleb128 0xb
 915 00fd 27       		.uleb128 0x27
 916 00fe 19       		.uleb128 0x19
 917 00ff 11       		.uleb128 0x11
 918 0100 01       		.uleb128 0x1
 919 0101 12       		.uleb128 0x12
 920 0102 06       		.uleb128 0x6
 921 0103 40       		.uleb128 0x40
 922 0104 18       		.uleb128 0x18
 923 0105 7A       		.uleb128 0x7a
 924 0106 19       		.uleb128 0x19
 925 0107 01       		.uleb128 0x1
 926 0108 13       		.uleb128 0x13
 927 0109 00       		.byte	0
 928 010a 00       		.byte	0
 929 010b 12       		.uleb128 0x12
 930 010c 2E       		.uleb128 0x2e
 931 010d 00       		.byte	0
 932 010e 03       		.uleb128 0x3
 933 010f 0E       		.uleb128 0xe
 934 0110 3A       		.uleb128 0x3a
 935 0111 0B       		.uleb128 0xb
 936 0112 3B       		.uleb128 0x3b
 937 0113 0B       		.uleb128 0xb
 938 0114 39       		.uleb128 0x39
 939 0115 0B       		.uleb128 0xb
 940 0116 27       		.uleb128 0x27
 941 0117 19       		.uleb128 0x19
 942 0118 11       		.uleb128 0x11
 943 0119 01       		.uleb128 0x1
 944 011a 12       		.uleb128 0x12
 945 011b 06       		.uleb128 0x6
 946 011c 40       		.uleb128 0x40
 947 011d 18       		.uleb128 0x18
 948 011e 7A       		.uleb128 0x7a
 949 011f 19       		.uleb128 0x19
 950 0120 00       		.byte	0
 951 0121 00       		.byte	0
 952 0122 00       		.byte	0
 953              		.section	.debug_aranges,"",%progbits
 954 0000 2C000000 		.4byte	0x2c
 955 0004 0200     		.2byte	0x2
 956 0006 00000000 		.4byte	.Ldebug_info0
 957 000a 04       		.byte	0x4
 958 000b 00       		.byte	0
 959 000c 0000     		.2byte	0
 960 000e 0000     		.2byte	0
 961 0010 00000000 		.4byte	.LFB233
 962 0014 60000000 		.4byte	.LFE233-.LFB233
 963 0018 00000000 		.4byte	.LFB234
 964 001c 48000000 		.4byte	.LFE234-.LFB234
 965 0020 00000000 		.4byte	.LFB235
 966 0024 A0000000 		.4byte	.LFE235-.LFB235
 967 0028 00000000 		.4byte	0
 968 002c 00000000 		.4byte	0
 969              		.section	.debug_rnglists,"",%progbits
ARM GAS  /tmp/ccCKcmMM.s 			page 18


 970              	.Ldebug_ranges0:
 971 0000 1C000000 		.4byte	.Ldebug_ranges3-.Ldebug_ranges2
 972              	.Ldebug_ranges2:
 973 0004 0500     		.2byte	0x5
 974 0006 04       		.byte	0x4
 975 0007 00       		.byte	0
 976 0008 00000000 		.4byte	0
 977              	.LLRL0:
 978 000c 07       		.byte	0x7
 979 000d 00000000 		.4byte	.LFB233
 980 0011 60       		.uleb128 .LFE233-.LFB233
 981 0012 07       		.byte	0x7
 982 0013 00000000 		.4byte	.LFB234
 983 0017 48       		.uleb128 .LFE234-.LFB234
 984 0018 07       		.byte	0x7
 985 0019 00000000 		.4byte	.LFB235
 986 001d A001     		.uleb128 .LFE235-.LFB235
 987 001f 00       		.byte	0
 988              	.Ldebug_ranges3:
 989              		.section	.debug_line,"",%progbits
 990              	.Ldebug_line0:
 991 0000 F8020000 		.section	.debug_str,"MS",%progbits,1
 991      03000B01 
 991      00000201 
 991      FB0E0D00 
 991      01010101 
 992              	.LASF1:
 993 0000 6C6F6E67 		.ascii	"long long int\000"
 993      206C6F6E 
 993      6720696E 
 993      7400
 994              	.LASF28:
 995 000e 42444352 		.ascii	"BDCR\000"
 995      00
 996              	.LASF8:
 997 0013 73697A65 		.ascii	"size_t\000"
 997      5F7400
 998              	.LASF22:
 999 001a 43464752 		.ascii	"CFGR\000"
 999      00
 1000              	.LASF29:
 1001 001f 41484252 		.ascii	"AHBRSTR\000"
 1001      53545200 
 1002              	.LASF38:
 1003 0027 646D6149 		.ascii	"dmaInit\000"
 1003      6E697400 
 1004              	.LASF16:
 1005 002f 464C4153 		.ascii	"FLASH_TypeDef\000"
 1005      485F5479 
 1005      70654465 
 1005      6600
 1006              	.LASF25:
 1007 003d 41484245 		.ascii	"AHBENR\000"
 1007      4E5200
 1008              	.LASF15:
 1009 0044 57525052 		.ascii	"WRPR\000"
 1009      00
ARM GAS  /tmp/ccCKcmMM.s 			page 19


 1010              	.LASF12:
 1011 0049 4B455952 		.ascii	"KEYR\000"
 1011      00
 1012              	.LASF11:
 1013 004e 6C6F6E67 		.ascii	"long long unsigned int\000"
 1013      206C6F6E 
 1013      6720756E 
 1013      7369676E 
 1013      65642069 
 1014              	.LASF19:
 1015 0065 43464752 		.ascii	"CFGR2\000"
 1015      3200
 1016              	.LASF6:
 1017 006b 756E7369 		.ascii	"unsigned char\000"
 1017      676E6564 
 1017      20636861 
 1017      7200
 1018              	.LASF17:
 1019 0079 43464752 		.ascii	"CFGR1\000"
 1019      3100
 1020              	.LASF10:
 1021 007f 6C6F6E67 		.ascii	"long unsigned int\000"
 1021      20756E73 
 1021      69676E65 
 1021      6420696E 
 1021      7400
 1022              	.LASF30:
 1023 0091 43464752 		.ascii	"CFGR3\000"
 1023      3300
 1024              	.LASF7:
 1025 0097 73686F72 		.ascii	"short unsigned int\000"
 1025      7420756E 
 1025      7369676E 
 1025      65642069 
 1025      6E7400
 1026              	.LASF13:
 1027 00aa 4F50544B 		.ascii	"OPTKEYR\000"
 1027      45595200 
 1028              	.LASF21:
 1029 00b2 5057525F 		.ascii	"PWR_TypeDef\000"
 1029      54797065 
 1029      44656600 
 1030              	.LASF14:
 1031 00be 52455345 		.ascii	"RESERVED\000"
 1031      52564544 
 1031      00
 1032              	.LASF24:
 1033 00c7 41504231 		.ascii	"APB1RSTR\000"
 1033      52535452 
 1033      00
 1034              	.LASF41:
 1035 00d0 68616C5F 		.ascii	"hal_lld_backup_domain_init\000"
 1035      6C6C645F 
 1035      6261636B 
 1035      75705F64 
 1035      6F6D6169 
 1036              	.LASF27:
ARM GAS  /tmp/ccCKcmMM.s 			page 20


 1037 00eb 41504231 		.ascii	"APB1ENR\000"
 1037      454E5200 
 1038              	.LASF18:
 1039 00f3 45585449 		.ascii	"EXTICR\000"
 1039      435200
 1040              	.LASF36:
 1041 00fa 2F776F72 		.ascii	"/workspaces/tinySA\000"
 1041      6B737061 
 1041      6365732F 
 1041      74696E79 
 1041      534100
 1042              	.LASF0:
 1043 010d 756E7369 		.ascii	"unsigned int\000"
 1043      676E6564 
 1043      20696E74 
 1043      00
 1044              	.LASF32:
 1045 011a 63686172 		.ascii	"char\000"
 1045      00
 1046              	.LASF23:
 1047 011f 41504232 		.ascii	"APB2RSTR\000"
 1047      52535452 
 1047      00
 1048              	.LASF26:
 1049 0128 41504232 		.ascii	"APB2ENR\000"
 1049      454E5200 
 1050              	.LASF37:
 1051 0130 53797374 		.ascii	"SystemCoreClock\000"
 1051      656D436F 
 1051      7265436C 
 1051      6F636B00 
 1052              	.LASF35:
 1053 0140 43686962 		.ascii	"ChibiOS/os/hal/ports/STM32/STM32F3xx/hal_lld.c\000"
 1053      694F532F 
 1053      6F732F68 
 1053      616C2F70 
 1053      6F727473 
 1054              	.LASF40:
 1055 016f 68616C5F 		.ascii	"hal_lld_init\000"
 1055      6C6C645F 
 1055      696E6974 
 1055      00
 1056              	.LASF4:
 1057 017c 73686F72 		.ascii	"short int\000"
 1057      7420696E 
 1057      7400
 1058              	.LASF39:
 1059 0186 73746D33 		.ascii	"stm32_clock_init\000"
 1059      325F636C 
 1059      6F636B5F 
 1059      696E6974 
 1059      00
 1060              	.LASF20:
 1061 0197 53595343 		.ascii	"SYSCFG_TypeDef\000"
 1061      46475F54 
 1061      79706544 
 1061      656600
ARM GAS  /tmp/ccCKcmMM.s 			page 21


 1062              	.LASF31:
 1063 01a6 5243435F 		.ascii	"RCC_TypeDef\000"
 1063      54797065 
 1063      44656600 
 1064              	.LASF9:
 1065 01b2 75696E74 		.ascii	"uint32_t\000"
 1065      33325F74 
 1065      00
 1066              	.LASF5:
 1067 01bb 6C6F6E67 		.ascii	"long int\000"
 1067      20696E74 
 1067      00
 1068              	.LASF34:
 1069 01c4 474E5520 		.ascii	"GNU C11 13.2.1 20231009 -mcpu=cortex-m4 -mfloat-abi"
 1069      43313120 
 1069      31332E32 
 1069      2E312032 
 1069      30323331 
 1070 01f7 3D686172 		.ascii	"=hard -mfpu=fpv4-sp-d16 -mno-thumb-interwork -mthum"
 1070      64202D6D 
 1070      6670753D 
 1070      66707634 
 1070      2D73702D 
 1071 022a 62202D6D 		.ascii	"b -march=armv7e-m+fp -ggdb -Og -std=c11 -fno-inline"
 1071      61726368 
 1071      3D61726D 
 1071      7637652D 
 1071      6D2B6670 
 1072 025d 2D736D61 		.ascii	"-small-functions -fomit-frame-pointer -falign-funct"
 1072      6C6C2D66 
 1072      756E6374 
 1072      696F6E73 
 1072      202D666F 
 1073 0290 696F6E73 		.ascii	"ions=16 -fstack-usage -ffunction-sections -fdata-se"
 1073      3D313620 
 1073      2D667374 
 1073      61636B2D 
 1073      75736167 
 1074 02c3 6374696F 		.ascii	"ctions -fno-common -fsingle-precision-constant\000"
 1074      6E73202D 
 1074      666E6F2D 
 1074      636F6D6D 
 1074      6F6E202D 
 1075              	.LASF2:
 1076 02f2 6C6F6E67 		.ascii	"long double\000"
 1076      20646F75 
 1076      626C6500 
 1077              	.LASF3:
 1078 02fe 7369676E 		.ascii	"signed char\000"
 1078      65642063 
 1078      68617200 
 1079              	.LASF33:
 1080 030a 5F426F6F 		.ascii	"_Bool\000"
 1080      6C00
 1081              		.ident	"GCC: (15:13.2.rel1-2) 13.2.1 20231009"
ARM GAS  /tmp/ccCKcmMM.s 			page 22


DEFINED SYMBOLS
                            *ABS*:00000000 hal_lld.c
     /tmp/ccCKcmMM.s:21     .text.hal_lld_backup_domain_init:00000000 $t
     /tmp/ccCKcmMM.s:27     .text.hal_lld_backup_domain_init:00000000 hal_lld_backup_domain_init
     /tmp/ccCKcmMM.s:102    .text.hal_lld_backup_domain_init:00000058 $d
     /tmp/ccCKcmMM.s:108    .text.hal_lld_init:00000000 $t
     /tmp/ccCKcmMM.s:115    .text.hal_lld_init:00000000 hal_lld_init
     /tmp/ccCKcmMM.s:174    .text.hal_lld_init:00000040 $d
     /tmp/ccCKcmMM.s:180    .text.stm32_clock_init:00000000 $t
     /tmp/ccCKcmMM.s:187    .text.stm32_clock_init:00000000 stm32_clock_init
     /tmp/ccCKcmMM.s:319    .text.stm32_clock_init:00000094 $d
     /tmp/ccCKcmMM.s:330    .data.SystemCoreClock:00000000 SystemCoreClock
     /tmp/ccCKcmMM.s:327    .data.SystemCoreClock:00000000 $d

UNDEFINED SYMBOLS
dmaInit
