ARM GAS  /tmp/ccxCL5O2.s 			page 1


   1              		.cpu cortex-m4
   2              		.arch armv7e-m
   3              		.fpu fpv4-sp-d16
   4              		.eabi_attribute 27, 1
   5              		.eabi_attribute 28, 1
   6              		.eabi_attribute 20, 1
   7              		.eabi_attribute 21, 1
   8              		.eabi_attribute 23, 3
   9              		.eabi_attribute 24, 1
  10              		.eabi_attribute 25, 1
  11              		.eabi_attribute 26, 1
  12              		.eabi_attribute 30, 1
  13              		.eabi_attribute 34, 1
  14              		.eabi_attribute 18, 4
  15              		.file	"hal_pal.c"
  16              		.text
  17              	.Ltext0:
  18              		.cfi_sections	.debug_frame
  19              		.file 1 "ChibiOS/os/hal/src/hal_pal.c"
  20              		.section	.text.palReadBus,"ax",%progbits
  21              		.align	1
  22              		.p2align 4,,15
  23              		.global	palReadBus
  24              		.syntax unified
  25              		.thumb
  26              		.thumb_func
  27              		.type	palReadBus, %function
  28              	palReadBus:
  29              	.LVL0:
  30              	.LFB233:
  31              		.loc 1 65 37 view -0
  32              		.cfi_startproc
  33              		@ args = 0, pretend = 0, frame = 0
  34              		@ frame_needed = 0, uses_anonymous_args = 0
  35              		@ link register save eliminated.
  36              		.loc 1 67 3 view .LVU1
  37              		.loc 1 67 3 view .LVU2
  38              		.loc 1 67 3 discriminator 7 view .LVU3
  39              		.loc 1 69 3 view .LVU4
  40              		.loc 1 69 10 is_stmt 0 view .LVU5
  41 0000 0368     		ldr	r3, [r0]
  42 0002 1B69     		ldr	r3, [r3, #16]
  43 0004 8268     		ldr	r2, [r0, #8]
  44 0006 D340     		lsrs	r3, r3, r2
  45 0008 4068     		ldr	r0, [r0, #4]
  46              	.LVL1:
  47              		.loc 1 70 1 view .LVU6
  48 000a 1840     		ands	r0, r0, r3
  49 000c 7047     		bx	lr
  50              		.cfi_endproc
  51              	.LFE233:
  52              		.size	palReadBus, .-palReadBus
  53 000e 00BF     		.section	.text.palWriteBus,"ax",%progbits
  54              		.align	1
  55              		.p2align 4,,15
  56              		.global	palWriteBus
  57              		.syntax unified
ARM GAS  /tmp/ccxCL5O2.s 			page 2


  58              		.thumb
  59              		.thumb_func
  60              		.type	palWriteBus, %function
  61              	palWriteBus:
  62              	.LVL2:
  63              	.LFB234:
  64              		.loc 1 90 49 is_stmt 1 view -0
  65              		.cfi_startproc
  66              		@ args = 0, pretend = 0, frame = 0
  67              		@ frame_needed = 0, uses_anonymous_args = 0
  68              		@ link register save eliminated.
  69              		.loc 1 90 49 is_stmt 0 view .LVU8
  70 0000 10B4     		push	{r4}
  71              		.cfi_def_cfa_offset 4
  72              		.cfi_offset 4, -4
  73              		.loc 1 92 3 is_stmt 1 view .LVU9
  74              		.loc 1 92 3 view .LVU10
  75              		.loc 1 92 3 discriminator 7 view .LVU11
  76              		.loc 1 94 3 view .LVU12
  77 0002 4468     		ldr	r4, [r0, #4]
  78 0004 24EA0103 		bic	r3, r4, r1
  79 0008 8268     		ldr	r2, [r0, #8]
  80 000a 02F1100C 		add	ip, r2, #16
  81 000e 03FA0CF3 		lsl	r3, r3, ip
  82 0012 2140     		ands	r1, r1, r4
  83              	.LVL3:
  84              		.loc 1 94 3 is_stmt 0 view .LVU13
  85 0014 9140     		lsls	r1, r1, r2
  86 0016 0268     		ldr	r2, [r0]
  87 0018 0B43     		orrs	r3, r3, r1
  88 001a 9361     		str	r3, [r2, #24]
  89              		.loc 1 95 1 view .LVU14
  90 001c 5DF8044B 		ldr	r4, [sp], #4
  91              		.cfi_restore 4
  92              		.cfi_def_cfa_offset 0
  93 0020 7047     		bx	lr
  94              		.cfi_endproc
  95              	.LFE234:
  96              		.size	palWriteBus, .-palWriteBus
  97 0022 00BF     		.section	.text.palSetBusMode,"ax",%progbits
  98              		.align	1
  99              		.p2align 4,,15
 100              		.global	palSetBusMode
 101              		.syntax unified
 102              		.thumb
 103              		.thumb_func
 104              		.type	palSetBusMode, %function
 105              	palSetBusMode:
 106              	.LVL4:
 107              	.LFB235:
 108              		.loc 1 113 47 is_stmt 1 view -0
 109              		.cfi_startproc
 110              		@ args = 0, pretend = 0, frame = 0
 111              		@ frame_needed = 0, uses_anonymous_args = 0
 112              		.loc 1 113 47 is_stmt 0 view .LVU16
 113 0000 08B5     		push	{r3, lr}
 114              		.cfi_def_cfa_offset 8
ARM GAS  /tmp/ccxCL5O2.s 			page 3


 115              		.cfi_offset 3, -8
 116              		.cfi_offset 14, -4
 117 0002 0A46     		mov	r2, r1
 118              		.loc 1 115 3 is_stmt 1 view .LVU17
 119              		.loc 1 115 3 view .LVU18
 120              		.loc 1 115 3 discriminator 7 view .LVU19
 121              		.loc 1 117 3 view .LVU20
 122 0004 8168     		ldr	r1, [r0, #8]
 123              	.LVL5:
 124              		.loc 1 117 3 is_stmt 0 view .LVU21
 125 0006 4368     		ldr	r3, [r0, #4]
 126 0008 03FA01F1 		lsl	r1, r3, r1
 127 000c 0068     		ldr	r0, [r0]
 128              	.LVL6:
 129              		.loc 1 117 3 view .LVU22
 130 000e FFF7FEFF 		bl	_pal_lld_setgroupmode
 131              	.LVL7:
 132              		.loc 1 118 1 view .LVU23
 133 0012 08BD     		pop	{r3, pc}
 134              		.cfi_endproc
 135              	.LFE235:
 136              		.size	palSetBusMode, .-palSetBusMode
 137              		.text
 138              	.Letext0:
 139              		.file 2 "/usr/lib/gcc/arm-none-eabi/13.2.1/include/stdint.h"
 140              		.file 3 "ChibiOS/os/hal/ports/STM32/LLD/GPIOv2/hal_pal_lld.h"
 141              		.file 4 "ChibiOS/os/hal/include/hal_pal.h"
 142              		.section	.debug_info,"",%progbits
 143              	.Ldebug_info0:
 144 0000 26030000 		.4byte	0x326
 145 0004 0500     		.2byte	0x5
 146 0006 01       		.byte	0x1
 147 0007 04       		.byte	0x4
 148 0008 00000000 		.4byte	.Ldebug_abbrev0
 149 000c 12       		.uleb128 0x12
 150 000d 79010000 		.4byte	.LASF37
 151 0011 1D       		.byte	0x1d
 152 0012 75000000 		.4byte	.LASF38
 153 0016 F7000000 		.4byte	.LASF39
 154 001a 0C000000 		.4byte	.LLRL4
 155 001e 00000000 		.4byte	0
 156 0022 00000000 		.4byte	.Ldebug_line0
 157 0026 01       		.uleb128 0x1
 158 0027 08       		.byte	0x8
 159 0028 07       		.byte	0x7
 160 0029 C5020000 		.4byte	.LASF0
 161 002d 01       		.uleb128 0x1
 162 002e 04       		.byte	0x4
 163 002f 07       		.byte	0x7
 164 0030 0A010000 		.4byte	.LASF1
 165 0034 13       		.uleb128 0x13
 166 0035 04       		.byte	0x4
 167 0036 05       		.byte	0x5
 168 0037 696E7400 		.ascii	"int\000"
 169 003b 01       		.uleb128 0x1
 170 003c 08       		.byte	0x8
 171 003d 05       		.byte	0x5
ARM GAS  /tmp/ccxCL5O2.s 			page 4


 172 003e 34010000 		.4byte	.LASF2
 173 0042 01       		.uleb128 0x1
 174 0043 08       		.byte	0x8
 175 0044 04       		.byte	0x4
 176 0045 A7020000 		.4byte	.LASF3
 177 0049 01       		.uleb128 0x1
 178 004a 01       		.byte	0x1
 179 004b 06       		.byte	0x6
 180 004c B3020000 		.4byte	.LASF4
 181 0050 01       		.uleb128 0x1
 182 0051 02       		.byte	0x2
 183 0052 05       		.byte	0x5
 184 0053 CF000000 		.4byte	.LASF5
 185 0057 01       		.uleb128 0x1
 186 0058 04       		.byte	0x4
 187 0059 05       		.byte	0x5
 188 005a 70010000 		.4byte	.LASF6
 189 005e 01       		.uleb128 0x1
 190 005f 01       		.byte	0x1
 191 0060 08       		.byte	0x8
 192 0061 92000000 		.4byte	.LASF7
 193 0065 03       		.uleb128 0x3
 194 0066 5E010000 		.4byte	.LASF9
 195 006a 02       		.byte	0x2
 196 006b 31       		.byte	0x31
 197 006c 19       		.byte	0x19
 198 006d 71000000 		.4byte	0x71
 199 0071 01       		.uleb128 0x1
 200 0072 02       		.byte	0x2
 201 0073 07       		.byte	0x7
 202 0074 B7000000 		.4byte	.LASF8
 203 0078 03       		.uleb128 0x3
 204 0079 67010000 		.4byte	.LASF10
 205 007d 02       		.byte	0x2
 206 007e 34       		.byte	0x34
 207 007f 19       		.byte	0x19
 208 0080 89000000 		.4byte	0x89
 209 0084 0C       		.uleb128 0xc
 210 0085 78000000 		.4byte	0x78
 211 0089 01       		.uleb128 0x1
 212 008a 04       		.byte	0x4
 213 008b 07       		.byte	0x7
 214 008c A5000000 		.4byte	.LASF11
 215 0090 03       		.uleb128 0x3
 216 0091 1C000000 		.4byte	.LASF12
 217 0095 02       		.byte	0x2
 218 0096 4B       		.byte	0x4b
 219 0097 1D       		.byte	0x1d
 220 0098 2D000000 		.4byte	0x2d
 221 009c 01       		.uleb128 0x1
 222 009d 01       		.byte	0x1
 223 009e 08       		.byte	0x8
 224 009f 17010000 		.4byte	.LASF13
 225 00a3 04       		.uleb128 0x4
 226 00a4 9C000000 		.4byte	0x9c
 227 00a8 01       		.uleb128 0x1
 228 00a9 01       		.byte	0x1
ARM GAS  /tmp/ccxCL5O2.s 			page 5


 229 00aa 02       		.byte	0x2
 230 00ab BF020000 		.4byte	.LASF14
 231 00af 06       		.uleb128 0x6
 232 00b0 04       		.byte	0x4
 233 00b1 03       		.byte	0x3
 234 00b2 E7       		.byte	0xe7
 235 00b3 05       		.byte	0x5
 236 00b4 D1000000 		.4byte	0xd1
 237 00b8 05       		.uleb128 0x5
 238 00b9 73657400 		.ascii	"set\000"
 239 00bd E8       		.byte	0xe8
 240 00be 65000000 		.4byte	0x65
 241 00c2 00       		.byte	0
 242 00c3 02       		.uleb128 0x2
 243 00c4 05000000 		.4byte	.LASF15
 244 00c8 03       		.byte	0x3
 245 00c9 E9       		.byte	0xe9
 246 00ca 19       		.byte	0x19
 247 00cb 65000000 		.4byte	0x65
 248 00cf 02       		.byte	0x2
 249 00d0 00       		.byte	0
 250 00d1 14       		.uleb128 0x14
 251 00d2 04       		.byte	0x4
 252 00d3 03       		.byte	0x3
 253 00d4 E5       		.byte	0xe5
 254 00d5 0C       		.byte	0xc
 255 00d6 ED000000 		.4byte	0xed
 256 00da 0D       		.uleb128 0xd
 257 00db 5700     		.ascii	"W\000"
 258 00dd E6       		.byte	0xe6
 259 00de 19       		.byte	0x19
 260 00df 78000000 		.4byte	0x78
 261 00e3 0D       		.uleb128 0xd
 262 00e4 4800     		.ascii	"H\000"
 263 00e6 EA       		.byte	0xea
 264 00e7 07       		.byte	0x7
 265 00e8 AF000000 		.4byte	0xaf
 266 00ec 00       		.byte	0
 267 00ed 0C       		.uleb128 0xc
 268 00ee D1000000 		.4byte	0xd1
 269 00f2 06       		.uleb128 0x6
 270 00f3 2C       		.byte	0x2c
 271 00f4 03       		.byte	0x3
 272 00f5 DD       		.byte	0xdd
 273 00f6 09       		.byte	0x9
 274 00f7 85010000 		.4byte	0x185
 275 00fb 02       		.uleb128 0x2
 276 00fc 0B000000 		.4byte	.LASF16
 277 0100 03       		.byte	0x3
 278 0101 DF       		.byte	0xdf
 279 0102 19       		.byte	0x19
 280 0103 84000000 		.4byte	0x84
 281 0107 00       		.byte	0
 282 0108 02       		.uleb128 0x2
 283 0109 6E000000 		.4byte	.LASF17
 284 010d 03       		.byte	0x3
 285 010e E0       		.byte	0xe0
ARM GAS  /tmp/ccxCL5O2.s 			page 6


 286 010f 19       		.byte	0x19
 287 0110 84000000 		.4byte	0x84
 288 0114 04       		.byte	0x4
 289 0115 02       		.uleb128 0x2
 290 0116 D9000000 		.4byte	.LASF18
 291 011a 03       		.byte	0x3
 292 011b E1       		.byte	0xe1
 293 011c 19       		.byte	0x19
 294 011d 84000000 		.4byte	0x84
 295 0121 08       		.byte	0x8
 296 0122 02       		.uleb128 0x2
 297 0123 2E010000 		.4byte	.LASF19
 298 0127 03       		.byte	0x3
 299 0128 E2       		.byte	0xe2
 300 0129 19       		.byte	0x19
 301 012a 84000000 		.4byte	0x84
 302 012e 0C       		.byte	0xc
 303 012f 05       		.uleb128 0x5
 304 0130 49445200 		.ascii	"IDR\000"
 305 0134 E3       		.byte	0xe3
 306 0135 84000000 		.4byte	0x84
 307 0139 10       		.byte	0x10
 308 013a 05       		.uleb128 0x5
 309 013b 4F445200 		.ascii	"ODR\000"
 310 013f E4       		.byte	0xe4
 311 0140 84000000 		.4byte	0x84
 312 0144 14       		.byte	0x14
 313 0145 02       		.uleb128 0x2
 314 0146 29000000 		.4byte	.LASF20
 315 014a 03       		.byte	0x3
 316 014b EB       		.byte	0xeb
 317 014c 05       		.byte	0x5
 318 014d ED000000 		.4byte	0xed
 319 0151 18       		.byte	0x18
 320 0152 02       		.uleb128 0x2
 321 0153 00000000 		.4byte	.LASF21
 322 0157 03       		.byte	0x3
 323 0158 EC       		.byte	0xec
 324 0159 19       		.byte	0x19
 325 015a 84000000 		.4byte	0x84
 326 015e 1C       		.byte	0x1c
 327 015f 02       		.uleb128 0x2
 328 0160 CA000000 		.4byte	.LASF22
 329 0164 03       		.byte	0x3
 330 0165 ED       		.byte	0xed
 331 0166 19       		.byte	0x19
 332 0167 84000000 		.4byte	0x84
 333 016b 20       		.byte	0x20
 334 016c 02       		.uleb128 0x2
 335 016d A0000000 		.4byte	.LASF23
 336 0171 03       		.byte	0x3
 337 0172 EE       		.byte	0xee
 338 0173 19       		.byte	0x19
 339 0174 84000000 		.4byte	0x84
 340 0178 24       		.byte	0x24
 341 0179 05       		.uleb128 0x5
 342 017a 42525200 		.ascii	"BRR\000"
ARM GAS  /tmp/ccxCL5O2.s 			page 7


 343 017e EF       		.byte	0xef
 344 017f 84000000 		.4byte	0x84
 345 0183 28       		.byte	0x28
 346 0184 00       		.byte	0
 347 0185 03       		.uleb128 0x3
 348 0186 21010000 		.4byte	.LASF24
 349 018a 03       		.byte	0x3
 350 018b F0       		.byte	0xf0
 351 018c 03       		.byte	0x3
 352 018d F2000000 		.4byte	0xf2
 353 0191 07       		.uleb128 0x7
 354 0192 58000000 		.4byte	.LASF25
 355 0196 3F01     		.2byte	0x13f
 356 0198 12       		.byte	0x12
 357 0199 78000000 		.4byte	0x78
 358 019d 07       		.uleb128 0x7
 359 019e 3A000000 		.4byte	.LASF26
 360 01a2 4401     		.2byte	0x144
 361 01a4 12       		.byte	0x12
 362 01a5 78000000 		.4byte	0x78
 363 01a9 07       		.uleb128 0x7
 364 01aa 53010000 		.4byte	.LASF27
 365 01ae 5101     		.2byte	0x151
 366 01b0 18       		.byte	0x18
 367 01b1 B5010000 		.4byte	0x1b5
 368 01b5 0E       		.uleb128 0xe
 369 01b6 85010000 		.4byte	0x185
 370 01ba 06       		.uleb128 0x6
 371 01bb 0C       		.byte	0xc
 372 01bc 04       		.byte	0x4
 373 01bd 7A       		.byte	0x7a
 374 01be 09       		.byte	0x9
 375 01bf EB010000 		.4byte	0x1eb
 376 01c3 02       		.uleb128 0x2
 377 01c4 51000000 		.4byte	.LASF28
 378 01c8 04       		.byte	0x4
 379 01c9 7E       		.byte	0x7e
 380 01ca 19       		.byte	0x19
 381 01cb A9010000 		.4byte	0x1a9
 382 01cf 00       		.byte	0
 383 01d0 02       		.uleb128 0x2
 384 01d1 42010000 		.4byte	.LASF29
 385 01d5 04       		.byte	0x4
 386 01d6 84       		.byte	0x84
 387 01d7 19       		.byte	0x19
 388 01d8 91010000 		.4byte	0x191
 389 01dc 04       		.byte	0x4
 390 01dd 02       		.uleb128 0x2
 391 01de 4C010000 		.4byte	.LASF30
 392 01e2 04       		.byte	0x4
 393 01e3 88       		.byte	0x88
 394 01e4 19       		.byte	0x19
 395 01e5 90000000 		.4byte	0x90
 396 01e9 08       		.byte	0x8
 397 01ea 00       		.byte	0
 398 01eb 03       		.uleb128 0x3
 399 01ec DC020000 		.4byte	.LASF31
ARM GAS  /tmp/ccxCL5O2.s 			page 8


 400 01f0 04       		.byte	0x4
 401 01f1 89       		.byte	0x89
 402 01f2 03       		.byte	0x3
 403 01f3 BA010000 		.4byte	0x1ba
 404 01f7 15       		.uleb128 0x15
 405 01f8 E1000000 		.4byte	.LASF40
 406 01fc 03       		.byte	0x3
 407 01fd 2402     		.2byte	0x224
 408 01ff 08       		.byte	0x8
 409 0200 14020000 		.4byte	0x214
 410 0204 08       		.uleb128 0x8
 411 0205 A9010000 		.4byte	0x1a9
 412 0209 08       		.uleb128 0x8
 413 020a 91010000 		.4byte	0x191
 414 020e 08       		.uleb128 0x8
 415 020f 9D010000 		.4byte	0x19d
 416 0213 00       		.byte	0
 417 0214 0F       		.uleb128 0xf
 418 0215 43000000 		.4byte	.LASF33
 419 0219 71       		.byte	0x71
 420 021a 00000000 		.4byte	.LFB235
 421 021e 14000000 		.4byte	.LFE235-.LFB235
 422 0222 01       		.uleb128 0x1
 423 0223 9C       		.byte	0x9c
 424 0224 6F020000 		.4byte	0x26f
 425 0228 10       		.uleb128 0x10
 426 0229 62757300 		.ascii	"bus\000"
 427 022d 71       		.byte	0x71
 428 022e 1B       		.byte	0x1b
 429 022f 6F020000 		.4byte	0x26f
 430 0233 10000000 		.4byte	.LLST2
 431 0237 0C000000 		.4byte	.LVUS2
 432 023b 11       		.uleb128 0x11
 433 023c 1C010000 		.4byte	.LASF32
 434 0240 71       		.byte	0x71
 435 0241 29       		.byte	0x29
 436 0242 9D010000 		.4byte	0x19d
 437 0246 2F000000 		.4byte	.LLST3
 438 024a 29000000 		.4byte	.LVUS3
 439 024e 09       		.uleb128 0x9
 440 024f 65000000 		.4byte	.LASF36
 441 0253 84020000 		.4byte	0x284
 442 0257 16       		.uleb128 0x16
 443 0258 12000000 		.4byte	.LVL7
 444 025c F7010000 		.4byte	0x1f7
 445 0260 17       		.uleb128 0x17
 446 0261 01       		.uleb128 0x1
 447 0262 52       		.byte	0x52
 448 0263 09       		.uleb128 0x9
 449 0264 A3       		.byte	0xa3
 450 0265 03       		.uleb128 0x3
 451 0266 A5       		.byte	0xa5
 452 0267 01       		.uleb128 0x1
 453 0268 26       		.uleb128 0x26
 454 0269 A8       		.byte	0xa8
 455 026a 2D       		.uleb128 0x2d
 456 026b A8       		.byte	0xa8
ARM GAS  /tmp/ccxCL5O2.s 			page 9


 457 026c 00       		.uleb128 0
 458 026d 00       		.byte	0
 459 026e 00       		.byte	0
 460 026f 0E       		.uleb128 0xe
 461 0270 EB010000 		.4byte	0x1eb
 462 0274 0A       		.uleb128 0xa
 463 0275 A3000000 		.4byte	0xa3
 464 0279 84020000 		.4byte	0x284
 465 027d 0B       		.uleb128 0xb
 466 027e 2D000000 		.4byte	0x2d
 467 0282 0D       		.byte	0xd
 468 0283 00       		.byte	0
 469 0284 04       		.uleb128 0x4
 470 0285 74020000 		.4byte	0x274
 471 0289 0F       		.uleb128 0xf
 472 028a 2E000000 		.4byte	.LASF34
 473 028e 5A       		.byte	0x5a
 474 028f 00000000 		.4byte	.LFB234
 475 0293 22000000 		.4byte	.LFE234-.LFB234
 476 0297 01       		.uleb128 0x1
 477 0298 9C       		.byte	0x9c
 478 0299 C8020000 		.4byte	0x2c8
 479 029d 18       		.uleb128 0x18
 480 029e 62757300 		.ascii	"bus\000"
 481 02a2 01       		.byte	0x1
 482 02a3 5A       		.byte	0x5a
 483 02a4 19       		.byte	0x19
 484 02a5 6F020000 		.4byte	0x26f
 485 02a9 01       		.uleb128 0x1
 486 02aa 50       		.byte	0x50
 487 02ab 11       		.uleb128 0x11
 488 02ac 47010000 		.4byte	.LASF35
 489 02b0 5A       		.byte	0x5a
 490 02b1 2B       		.byte	0x2b
 491 02b2 91010000 		.4byte	0x191
 492 02b6 51000000 		.4byte	.LLST1
 493 02ba 4D000000 		.4byte	.LVUS1
 494 02be 09       		.uleb128 0x9
 495 02bf 65000000 		.4byte	.LASF36
 496 02c3 D8020000 		.4byte	0x2d8
 497 02c7 00       		.byte	0
 498 02c8 0A       		.uleb128 0xa
 499 02c9 A3000000 		.4byte	0xa3
 500 02cd D8020000 		.4byte	0x2d8
 501 02d1 0B       		.uleb128 0xb
 502 02d2 2D000000 		.4byte	0x2d
 503 02d6 0B       		.byte	0xb
 504 02d7 00       		.byte	0
 505 02d8 04       		.uleb128 0x4
 506 02d9 C8020000 		.4byte	0x2c8
 507 02dd 19       		.uleb128 0x19
 508 02de 11000000 		.4byte	.LASF41
 509 02e2 01       		.byte	0x1
 510 02e3 41       		.byte	0x41
 511 02e4 0E       		.byte	0xe
 512 02e5 91010000 		.4byte	0x191
 513 02e9 00000000 		.4byte	.LFB233
ARM GAS  /tmp/ccxCL5O2.s 			page 10


 514 02ed 0E000000 		.4byte	.LFE233-.LFB233
 515 02f1 01       		.uleb128 0x1
 516 02f2 9C       		.byte	0x9c
 517 02f3 14030000 		.4byte	0x314
 518 02f7 10       		.uleb128 0x10
 519 02f8 62757300 		.ascii	"bus\000"
 520 02fc 41       		.byte	0x41
 521 02fd 20       		.byte	0x20
 522 02fe 6F020000 		.4byte	0x26f
 523 0302 6E000000 		.4byte	.LLST0
 524 0306 6A000000 		.4byte	.LVUS0
 525 030a 09       		.uleb128 0x9
 526 030b 65000000 		.4byte	.LASF36
 527 030f 24030000 		.4byte	0x324
 528 0313 00       		.byte	0
 529 0314 0A       		.uleb128 0xa
 530 0315 A3000000 		.4byte	0xa3
 531 0319 24030000 		.4byte	0x324
 532 031d 0B       		.uleb128 0xb
 533 031e 2D000000 		.4byte	0x2d
 534 0322 0A       		.byte	0xa
 535 0323 00       		.byte	0
 536 0324 04       		.uleb128 0x4
 537 0325 14030000 		.4byte	0x314
 538 0329 00       		.byte	0
 539              		.section	.debug_abbrev,"",%progbits
 540              	.Ldebug_abbrev0:
 541 0000 01       		.uleb128 0x1
 542 0001 24       		.uleb128 0x24
 543 0002 00       		.byte	0
 544 0003 0B       		.uleb128 0xb
 545 0004 0B       		.uleb128 0xb
 546 0005 3E       		.uleb128 0x3e
 547 0006 0B       		.uleb128 0xb
 548 0007 03       		.uleb128 0x3
 549 0008 0E       		.uleb128 0xe
 550 0009 00       		.byte	0
 551 000a 00       		.byte	0
 552 000b 02       		.uleb128 0x2
 553 000c 0D       		.uleb128 0xd
 554 000d 00       		.byte	0
 555 000e 03       		.uleb128 0x3
 556 000f 0E       		.uleb128 0xe
 557 0010 3A       		.uleb128 0x3a
 558 0011 0B       		.uleb128 0xb
 559 0012 3B       		.uleb128 0x3b
 560 0013 0B       		.uleb128 0xb
 561 0014 39       		.uleb128 0x39
 562 0015 0B       		.uleb128 0xb
 563 0016 49       		.uleb128 0x49
 564 0017 13       		.uleb128 0x13
 565 0018 38       		.uleb128 0x38
 566 0019 0B       		.uleb128 0xb
 567 001a 00       		.byte	0
 568 001b 00       		.byte	0
 569 001c 03       		.uleb128 0x3
 570 001d 16       		.uleb128 0x16
ARM GAS  /tmp/ccxCL5O2.s 			page 11


 571 001e 00       		.byte	0
 572 001f 03       		.uleb128 0x3
 573 0020 0E       		.uleb128 0xe
 574 0021 3A       		.uleb128 0x3a
 575 0022 0B       		.uleb128 0xb
 576 0023 3B       		.uleb128 0x3b
 577 0024 0B       		.uleb128 0xb
 578 0025 39       		.uleb128 0x39
 579 0026 0B       		.uleb128 0xb
 580 0027 49       		.uleb128 0x49
 581 0028 13       		.uleb128 0x13
 582 0029 00       		.byte	0
 583 002a 00       		.byte	0
 584 002b 04       		.uleb128 0x4
 585 002c 26       		.uleb128 0x26
 586 002d 00       		.byte	0
 587 002e 49       		.uleb128 0x49
 588 002f 13       		.uleb128 0x13
 589 0030 00       		.byte	0
 590 0031 00       		.byte	0
 591 0032 05       		.uleb128 0x5
 592 0033 0D       		.uleb128 0xd
 593 0034 00       		.byte	0
 594 0035 03       		.uleb128 0x3
 595 0036 08       		.uleb128 0x8
 596 0037 3A       		.uleb128 0x3a
 597 0038 21       		.uleb128 0x21
 598 0039 03       		.sleb128 3
 599 003a 3B       		.uleb128 0x3b
 600 003b 0B       		.uleb128 0xb
 601 003c 39       		.uleb128 0x39
 602 003d 21       		.uleb128 0x21
 603 003e 19       		.sleb128 25
 604 003f 49       		.uleb128 0x49
 605 0040 13       		.uleb128 0x13
 606 0041 38       		.uleb128 0x38
 607 0042 0B       		.uleb128 0xb
 608 0043 00       		.byte	0
 609 0044 00       		.byte	0
 610 0045 06       		.uleb128 0x6
 611 0046 13       		.uleb128 0x13
 612 0047 01       		.byte	0x1
 613 0048 0B       		.uleb128 0xb
 614 0049 0B       		.uleb128 0xb
 615 004a 3A       		.uleb128 0x3a
 616 004b 0B       		.uleb128 0xb
 617 004c 3B       		.uleb128 0x3b
 618 004d 0B       		.uleb128 0xb
 619 004e 39       		.uleb128 0x39
 620 004f 0B       		.uleb128 0xb
 621 0050 01       		.uleb128 0x1
 622 0051 13       		.uleb128 0x13
 623 0052 00       		.byte	0
 624 0053 00       		.byte	0
 625 0054 07       		.uleb128 0x7
 626 0055 16       		.uleb128 0x16
 627 0056 00       		.byte	0
ARM GAS  /tmp/ccxCL5O2.s 			page 12


 628 0057 03       		.uleb128 0x3
 629 0058 0E       		.uleb128 0xe
 630 0059 3A       		.uleb128 0x3a
 631 005a 21       		.uleb128 0x21
 632 005b 03       		.sleb128 3
 633 005c 3B       		.uleb128 0x3b
 634 005d 05       		.uleb128 0x5
 635 005e 39       		.uleb128 0x39
 636 005f 0B       		.uleb128 0xb
 637 0060 49       		.uleb128 0x49
 638 0061 13       		.uleb128 0x13
 639 0062 00       		.byte	0
 640 0063 00       		.byte	0
 641 0064 08       		.uleb128 0x8
 642 0065 05       		.uleb128 0x5
 643 0066 00       		.byte	0
 644 0067 49       		.uleb128 0x49
 645 0068 13       		.uleb128 0x13
 646 0069 00       		.byte	0
 647 006a 00       		.byte	0
 648 006b 09       		.uleb128 0x9
 649 006c 34       		.uleb128 0x34
 650 006d 00       		.byte	0
 651 006e 03       		.uleb128 0x3
 652 006f 0E       		.uleb128 0xe
 653 0070 49       		.uleb128 0x49
 654 0071 13       		.uleb128 0x13
 655 0072 34       		.uleb128 0x34
 656 0073 19       		.uleb128 0x19
 657 0074 00       		.byte	0
 658 0075 00       		.byte	0
 659 0076 0A       		.uleb128 0xa
 660 0077 01       		.uleb128 0x1
 661 0078 01       		.byte	0x1
 662 0079 49       		.uleb128 0x49
 663 007a 13       		.uleb128 0x13
 664 007b 01       		.uleb128 0x1
 665 007c 13       		.uleb128 0x13
 666 007d 00       		.byte	0
 667 007e 00       		.byte	0
 668 007f 0B       		.uleb128 0xb
 669 0080 21       		.uleb128 0x21
 670 0081 00       		.byte	0
 671 0082 49       		.uleb128 0x49
 672 0083 13       		.uleb128 0x13
 673 0084 2F       		.uleb128 0x2f
 674 0085 0B       		.uleb128 0xb
 675 0086 00       		.byte	0
 676 0087 00       		.byte	0
 677 0088 0C       		.uleb128 0xc
 678 0089 35       		.uleb128 0x35
 679 008a 00       		.byte	0
 680 008b 49       		.uleb128 0x49
 681 008c 13       		.uleb128 0x13
 682 008d 00       		.byte	0
 683 008e 00       		.byte	0
 684 008f 0D       		.uleb128 0xd
ARM GAS  /tmp/ccxCL5O2.s 			page 13


 685 0090 0D       		.uleb128 0xd
 686 0091 00       		.byte	0
 687 0092 03       		.uleb128 0x3
 688 0093 08       		.uleb128 0x8
 689 0094 3A       		.uleb128 0x3a
 690 0095 21       		.uleb128 0x21
 691 0096 03       		.sleb128 3
 692 0097 3B       		.uleb128 0x3b
 693 0098 0B       		.uleb128 0xb
 694 0099 39       		.uleb128 0x39
 695 009a 0B       		.uleb128 0xb
 696 009b 49       		.uleb128 0x49
 697 009c 13       		.uleb128 0x13
 698 009d 00       		.byte	0
 699 009e 00       		.byte	0
 700 009f 0E       		.uleb128 0xe
 701 00a0 0F       		.uleb128 0xf
 702 00a1 00       		.byte	0
 703 00a2 0B       		.uleb128 0xb
 704 00a3 21       		.uleb128 0x21
 705 00a4 04       		.sleb128 4
 706 00a5 49       		.uleb128 0x49
 707 00a6 13       		.uleb128 0x13
 708 00a7 00       		.byte	0
 709 00a8 00       		.byte	0
 710 00a9 0F       		.uleb128 0xf
 711 00aa 2E       		.uleb128 0x2e
 712 00ab 01       		.byte	0x1
 713 00ac 3F       		.uleb128 0x3f
 714 00ad 19       		.uleb128 0x19
 715 00ae 03       		.uleb128 0x3
 716 00af 0E       		.uleb128 0xe
 717 00b0 3A       		.uleb128 0x3a
 718 00b1 21       		.uleb128 0x21
 719 00b2 01       		.sleb128 1
 720 00b3 3B       		.uleb128 0x3b
 721 00b4 0B       		.uleb128 0xb
 722 00b5 39       		.uleb128 0x39
 723 00b6 21       		.uleb128 0x21
 724 00b7 06       		.sleb128 6
 725 00b8 27       		.uleb128 0x27
 726 00b9 19       		.uleb128 0x19
 727 00ba 11       		.uleb128 0x11
 728 00bb 01       		.uleb128 0x1
 729 00bc 12       		.uleb128 0x12
 730 00bd 06       		.uleb128 0x6
 731 00be 40       		.uleb128 0x40
 732 00bf 18       		.uleb128 0x18
 733 00c0 7A       		.uleb128 0x7a
 734 00c1 19       		.uleb128 0x19
 735 00c2 01       		.uleb128 0x1
 736 00c3 13       		.uleb128 0x13
 737 00c4 00       		.byte	0
 738 00c5 00       		.byte	0
 739 00c6 10       		.uleb128 0x10
 740 00c7 05       		.uleb128 0x5
 741 00c8 00       		.byte	0
ARM GAS  /tmp/ccxCL5O2.s 			page 14


 742 00c9 03       		.uleb128 0x3
 743 00ca 08       		.uleb128 0x8
 744 00cb 3A       		.uleb128 0x3a
 745 00cc 21       		.uleb128 0x21
 746 00cd 01       		.sleb128 1
 747 00ce 3B       		.uleb128 0x3b
 748 00cf 0B       		.uleb128 0xb
 749 00d0 39       		.uleb128 0x39
 750 00d1 0B       		.uleb128 0xb
 751 00d2 49       		.uleb128 0x49
 752 00d3 13       		.uleb128 0x13
 753 00d4 02       		.uleb128 0x2
 754 00d5 17       		.uleb128 0x17
 755 00d6 B742     		.uleb128 0x2137
 756 00d8 17       		.uleb128 0x17
 757 00d9 00       		.byte	0
 758 00da 00       		.byte	0
 759 00db 11       		.uleb128 0x11
 760 00dc 05       		.uleb128 0x5
 761 00dd 00       		.byte	0
 762 00de 03       		.uleb128 0x3
 763 00df 0E       		.uleb128 0xe
 764 00e0 3A       		.uleb128 0x3a
 765 00e1 21       		.uleb128 0x21
 766 00e2 01       		.sleb128 1
 767 00e3 3B       		.uleb128 0x3b
 768 00e4 0B       		.uleb128 0xb
 769 00e5 39       		.uleb128 0x39
 770 00e6 0B       		.uleb128 0xb
 771 00e7 49       		.uleb128 0x49
 772 00e8 13       		.uleb128 0x13
 773 00e9 02       		.uleb128 0x2
 774 00ea 17       		.uleb128 0x17
 775 00eb B742     		.uleb128 0x2137
 776 00ed 17       		.uleb128 0x17
 777 00ee 00       		.byte	0
 778 00ef 00       		.byte	0
 779 00f0 12       		.uleb128 0x12
 780 00f1 11       		.uleb128 0x11
 781 00f2 01       		.byte	0x1
 782 00f3 25       		.uleb128 0x25
 783 00f4 0E       		.uleb128 0xe
 784 00f5 13       		.uleb128 0x13
 785 00f6 0B       		.uleb128 0xb
 786 00f7 03       		.uleb128 0x3
 787 00f8 0E       		.uleb128 0xe
 788 00f9 1B       		.uleb128 0x1b
 789 00fa 0E       		.uleb128 0xe
 790 00fb 55       		.uleb128 0x55
 791 00fc 17       		.uleb128 0x17
 792 00fd 11       		.uleb128 0x11
 793 00fe 01       		.uleb128 0x1
 794 00ff 10       		.uleb128 0x10
 795 0100 17       		.uleb128 0x17
 796 0101 00       		.byte	0
 797 0102 00       		.byte	0
 798 0103 13       		.uleb128 0x13
ARM GAS  /tmp/ccxCL5O2.s 			page 15


 799 0104 24       		.uleb128 0x24
 800 0105 00       		.byte	0
 801 0106 0B       		.uleb128 0xb
 802 0107 0B       		.uleb128 0xb
 803 0108 3E       		.uleb128 0x3e
 804 0109 0B       		.uleb128 0xb
 805 010a 03       		.uleb128 0x3
 806 010b 08       		.uleb128 0x8
 807 010c 00       		.byte	0
 808 010d 00       		.byte	0
 809 010e 14       		.uleb128 0x14
 810 010f 17       		.uleb128 0x17
 811 0110 01       		.byte	0x1
 812 0111 0B       		.uleb128 0xb
 813 0112 0B       		.uleb128 0xb
 814 0113 3A       		.uleb128 0x3a
 815 0114 0B       		.uleb128 0xb
 816 0115 3B       		.uleb128 0x3b
 817 0116 0B       		.uleb128 0xb
 818 0117 39       		.uleb128 0x39
 819 0118 0B       		.uleb128 0xb
 820 0119 01       		.uleb128 0x1
 821 011a 13       		.uleb128 0x13
 822 011b 00       		.byte	0
 823 011c 00       		.byte	0
 824 011d 15       		.uleb128 0x15
 825 011e 2E       		.uleb128 0x2e
 826 011f 01       		.byte	0x1
 827 0120 3F       		.uleb128 0x3f
 828 0121 19       		.uleb128 0x19
 829 0122 03       		.uleb128 0x3
 830 0123 0E       		.uleb128 0xe
 831 0124 3A       		.uleb128 0x3a
 832 0125 0B       		.uleb128 0xb
 833 0126 3B       		.uleb128 0x3b
 834 0127 05       		.uleb128 0x5
 835 0128 39       		.uleb128 0x39
 836 0129 0B       		.uleb128 0xb
 837 012a 27       		.uleb128 0x27
 838 012b 19       		.uleb128 0x19
 839 012c 3C       		.uleb128 0x3c
 840 012d 19       		.uleb128 0x19
 841 012e 01       		.uleb128 0x1
 842 012f 13       		.uleb128 0x13
 843 0130 00       		.byte	0
 844 0131 00       		.byte	0
 845 0132 16       		.uleb128 0x16
 846 0133 48       		.uleb128 0x48
 847 0134 01       		.byte	0x1
 848 0135 7D       		.uleb128 0x7d
 849 0136 01       		.uleb128 0x1
 850 0137 7F       		.uleb128 0x7f
 851 0138 13       		.uleb128 0x13
 852 0139 00       		.byte	0
 853 013a 00       		.byte	0
 854 013b 17       		.uleb128 0x17
 855 013c 49       		.uleb128 0x49
ARM GAS  /tmp/ccxCL5O2.s 			page 16


 856 013d 00       		.byte	0
 857 013e 02       		.uleb128 0x2
 858 013f 18       		.uleb128 0x18
 859 0140 7E       		.uleb128 0x7e
 860 0141 18       		.uleb128 0x18
 861 0142 00       		.byte	0
 862 0143 00       		.byte	0
 863 0144 18       		.uleb128 0x18
 864 0145 05       		.uleb128 0x5
 865 0146 00       		.byte	0
 866 0147 03       		.uleb128 0x3
 867 0148 08       		.uleb128 0x8
 868 0149 3A       		.uleb128 0x3a
 869 014a 0B       		.uleb128 0xb
 870 014b 3B       		.uleb128 0x3b
 871 014c 0B       		.uleb128 0xb
 872 014d 39       		.uleb128 0x39
 873 014e 0B       		.uleb128 0xb
 874 014f 49       		.uleb128 0x49
 875 0150 13       		.uleb128 0x13
 876 0151 02       		.uleb128 0x2
 877 0152 18       		.uleb128 0x18
 878 0153 00       		.byte	0
 879 0154 00       		.byte	0
 880 0155 19       		.uleb128 0x19
 881 0156 2E       		.uleb128 0x2e
 882 0157 01       		.byte	0x1
 883 0158 3F       		.uleb128 0x3f
 884 0159 19       		.uleb128 0x19
 885 015a 03       		.uleb128 0x3
 886 015b 0E       		.uleb128 0xe
 887 015c 3A       		.uleb128 0x3a
 888 015d 0B       		.uleb128 0xb
 889 015e 3B       		.uleb128 0x3b
 890 015f 0B       		.uleb128 0xb
 891 0160 39       		.uleb128 0x39
 892 0161 0B       		.uleb128 0xb
 893 0162 27       		.uleb128 0x27
 894 0163 19       		.uleb128 0x19
 895 0164 49       		.uleb128 0x49
 896 0165 13       		.uleb128 0x13
 897 0166 11       		.uleb128 0x11
 898 0167 01       		.uleb128 0x1
 899 0168 12       		.uleb128 0x12
 900 0169 06       		.uleb128 0x6
 901 016a 40       		.uleb128 0x40
 902 016b 18       		.uleb128 0x18
 903 016c 7A       		.uleb128 0x7a
 904 016d 19       		.uleb128 0x19
 905 016e 01       		.uleb128 0x1
 906 016f 13       		.uleb128 0x13
 907 0170 00       		.byte	0
 908 0171 00       		.byte	0
 909 0172 00       		.byte	0
 910              		.section	.debug_loclists,"",%progbits
 911 0000 83000000 		.4byte	.Ldebug_loc3-.Ldebug_loc2
 912              	.Ldebug_loc2:
ARM GAS  /tmp/ccxCL5O2.s 			page 17


 913 0004 0500     		.2byte	0x5
 914 0006 04       		.byte	0x4
 915 0007 00       		.byte	0
 916 0008 00000000 		.4byte	0
 917              	.Ldebug_loc0:
 918              	.LVUS2:
 919 000c 00       		.uleb128 0
 920 000d 00       		.uleb128 .LVU22
 921 000e 00       		.uleb128 .LVU22
 922 000f 00       		.uleb128 0
 923              	.LLST2:
 924 0010 06       		.byte	0x6
 925 0011 00000000 		.4byte	.LVL4
 926 0015 04       		.byte	0x4
 927 0016 00       		.uleb128 .LVL4-.LVL4
 928 0017 0E       		.uleb128 .LVL6-.LVL4
 929 0018 01       		.uleb128 0x1
 930 0019 50       		.byte	0x50
 931 001a 04       		.byte	0x4
 932 001b 0E       		.uleb128 .LVL6-.LVL4
 933 001c 14       		.uleb128 .LFE235-.LVL4
 934 001d 0A       		.uleb128 0xa
 935 001e A3       		.byte	0xa3
 936 001f 03       		.uleb128 0x3
 937 0020 A5       		.byte	0xa5
 938 0021 00       		.uleb128 0
 939 0022 26       		.uleb128 0x26
 940 0023 A8       		.byte	0xa8
 941 0024 2D       		.uleb128 0x2d
 942 0025 A8       		.byte	0xa8
 943 0026 00       		.uleb128 0
 944 0027 9F       		.byte	0x9f
 945 0028 00       		.byte	0
 946              	.LVUS3:
 947 0029 00       		.uleb128 0
 948 002a 00       		.uleb128 .LVU21
 949 002b 00       		.uleb128 .LVU21
 950 002c 00       		.uleb128 .LVU23
 951 002d 00       		.uleb128 .LVU23
 952 002e 00       		.uleb128 0
 953              	.LLST3:
 954 002f 06       		.byte	0x6
 955 0030 00000000 		.4byte	.LVL4
 956 0034 04       		.byte	0x4
 957 0035 00       		.uleb128 .LVL4-.LVL4
 958 0036 06       		.uleb128 .LVL5-.LVL4
 959 0037 01       		.uleb128 0x1
 960 0038 51       		.byte	0x51
 961 0039 04       		.byte	0x4
 962 003a 06       		.uleb128 .LVL5-.LVL4
 963 003b 11       		.uleb128 .LVL7-1-.LVL4
 964 003c 01       		.uleb128 0x1
 965 003d 52       		.byte	0x52
 966 003e 04       		.byte	0x4
 967 003f 11       		.uleb128 .LVL7-1-.LVL4
 968 0040 14       		.uleb128 .LFE235-.LVL4
 969 0041 0A       		.uleb128 0xa
ARM GAS  /tmp/ccxCL5O2.s 			page 18


 970 0042 A3       		.byte	0xa3
 971 0043 03       		.uleb128 0x3
 972 0044 A5       		.byte	0xa5
 973 0045 01       		.uleb128 0x1
 974 0046 26       		.uleb128 0x26
 975 0047 A8       		.byte	0xa8
 976 0048 2D       		.uleb128 0x2d
 977 0049 A8       		.byte	0xa8
 978 004a 00       		.uleb128 0
 979 004b 9F       		.byte	0x9f
 980 004c 00       		.byte	0
 981              	.LVUS1:
 982 004d 00       		.uleb128 0
 983 004e 00       		.uleb128 .LVU13
 984 004f 00       		.uleb128 .LVU13
 985 0050 00       		.uleb128 0
 986              	.LLST1:
 987 0051 06       		.byte	0x6
 988 0052 00000000 		.4byte	.LVL2
 989 0056 04       		.byte	0x4
 990 0057 00       		.uleb128 .LVL2-.LVL2
 991 0058 14       		.uleb128 .LVL3-.LVL2
 992 0059 01       		.uleb128 0x1
 993 005a 51       		.byte	0x51
 994 005b 04       		.byte	0x4
 995 005c 14       		.uleb128 .LVL3-.LVL2
 996 005d 22       		.uleb128 .LFE234-.LVL2
 997 005e 0A       		.uleb128 0xa
 998 005f A3       		.byte	0xa3
 999 0060 03       		.uleb128 0x3
 1000 0061 A5       		.byte	0xa5
 1001 0062 01       		.uleb128 0x1
 1002 0063 26       		.uleb128 0x26
 1003 0064 A8       		.byte	0xa8
 1004 0065 2D       		.uleb128 0x2d
 1005 0066 A8       		.byte	0xa8
 1006 0067 00       		.uleb128 0
 1007 0068 9F       		.byte	0x9f
 1008 0069 00       		.byte	0
 1009              	.LVUS0:
 1010 006a 00       		.uleb128 0
 1011 006b 00       		.uleb128 .LVU6
 1012 006c 00       		.uleb128 .LVU6
 1013 006d 00       		.uleb128 0
 1014              	.LLST0:
 1015 006e 06       		.byte	0x6
 1016 006f 00000000 		.4byte	.LVL0
 1017 0073 04       		.byte	0x4
 1018 0074 00       		.uleb128 .LVL0-.LVL0
 1019 0075 0A       		.uleb128 .LVL1-.LVL0
 1020 0076 01       		.uleb128 0x1
 1021 0077 50       		.byte	0x50
 1022 0078 04       		.byte	0x4
 1023 0079 0A       		.uleb128 .LVL1-.LVL0
 1024 007a 0E       		.uleb128 .LFE233-.LVL0
 1025 007b 0A       		.uleb128 0xa
 1026 007c A3       		.byte	0xa3
ARM GAS  /tmp/ccxCL5O2.s 			page 19


 1027 007d 03       		.uleb128 0x3
 1028 007e A5       		.byte	0xa5
 1029 007f 00       		.uleb128 0
 1030 0080 26       		.uleb128 0x26
 1031 0081 A8       		.byte	0xa8
 1032 0082 2D       		.uleb128 0x2d
 1033 0083 A8       		.byte	0xa8
 1034 0084 00       		.uleb128 0
 1035 0085 9F       		.byte	0x9f
 1036 0086 00       		.byte	0
 1037              	.Ldebug_loc3:
 1038              		.section	.debug_aranges,"",%progbits
 1039 0000 2C000000 		.4byte	0x2c
 1040 0004 0200     		.2byte	0x2
 1041 0006 00000000 		.4byte	.Ldebug_info0
 1042 000a 04       		.byte	0x4
 1043 000b 00       		.byte	0
 1044 000c 0000     		.2byte	0
 1045 000e 0000     		.2byte	0
 1046 0010 00000000 		.4byte	.LFB233
 1047 0014 0E000000 		.4byte	.LFE233-.LFB233
 1048 0018 00000000 		.4byte	.LFB234
 1049 001c 22000000 		.4byte	.LFE234-.LFB234
 1050 0020 00000000 		.4byte	.LFB235
 1051 0024 14000000 		.4byte	.LFE235-.LFB235
 1052 0028 00000000 		.4byte	0
 1053 002c 00000000 		.4byte	0
 1054              		.section	.debug_rnglists,"",%progbits
 1055              	.Ldebug_ranges0:
 1056 0000 1B000000 		.4byte	.Ldebug_ranges3-.Ldebug_ranges2
 1057              	.Ldebug_ranges2:
 1058 0004 0500     		.2byte	0x5
 1059 0006 04       		.byte	0x4
 1060 0007 00       		.byte	0
 1061 0008 00000000 		.4byte	0
 1062              	.LLRL4:
 1063 000c 07       		.byte	0x7
 1064 000d 00000000 		.4byte	.LFB233
 1065 0011 0E       		.uleb128 .LFE233-.LFB233
 1066 0012 07       		.byte	0x7
 1067 0013 00000000 		.4byte	.LFB234
 1068 0017 22       		.uleb128 .LFE234-.LFB234
 1069 0018 07       		.byte	0x7
 1070 0019 00000000 		.4byte	.LFB235
 1071 001d 14       		.uleb128 .LFE235-.LFB235
 1072 001e 00       		.byte	0
 1073              	.Ldebug_ranges3:
 1074              		.section	.debug_line,"",%progbits
 1075              	.Ldebug_line0:
 1076 0000 36010000 		.section	.debug_str,"MS",%progbits,1
 1076      0300C400 
 1076      00000201 
 1076      FB0E0D00 
 1076      01010101 
 1077              	.LASF21:
 1078 0000 4C434B52 		.ascii	"LCKR\000"
 1078      00
ARM GAS  /tmp/ccxCL5O2.s 			page 20


 1079              	.LASF15:
 1080 0005 636C6561 		.ascii	"clear\000"
 1080      7200
 1081              	.LASF16:
 1082 000b 4D4F4445 		.ascii	"MODER\000"
 1082      5200
 1083              	.LASF41:
 1084 0011 70616C52 		.ascii	"palReadBus\000"
 1084      65616442 
 1084      757300
 1085              	.LASF12:
 1086 001c 75696E74 		.ascii	"uint_fast8_t\000"
 1086      5F666173 
 1086      74385F74 
 1086      00
 1087              	.LASF20:
 1088 0029 42535252 		.ascii	"BSRR\000"
 1088      00
 1089              	.LASF34:
 1090 002e 70616C57 		.ascii	"palWriteBus\000"
 1090      72697465 
 1090      42757300 
 1091              	.LASF26:
 1092 003a 696F6D6F 		.ascii	"iomode_t\000"
 1092      64655F74 
 1092      00
 1093              	.LASF33:
 1094 0043 70616C53 		.ascii	"palSetBusMode\000"
 1094      65744275 
 1094      734D6F64 
 1094      6500
 1095              	.LASF28:
 1096 0051 706F7274 		.ascii	"portid\000"
 1096      696400
 1097              	.LASF25:
 1098 0058 696F706F 		.ascii	"ioportmask_t\000"
 1098      72746D61 
 1098      736B5F74 
 1098      00
 1099              	.LASF36:
 1100 0065 5F5F6675 		.ascii	"__func__\000"
 1100      6E635F5F 
 1100      00
 1101              	.LASF17:
 1102 006e 4F545950 		.ascii	"OTYPER\000"
 1102      455200
 1103              	.LASF38:
 1104 0075 43686962 		.ascii	"ChibiOS/os/hal/src/hal_pal.c\000"
 1104      694F532F 
 1104      6F732F68 
 1104      616C2F73 
 1104      72632F68 
 1105              	.LASF7:
 1106 0092 756E7369 		.ascii	"unsigned char\000"
 1106      676E6564 
 1106      20636861 
 1106      7200
ARM GAS  /tmp/ccxCL5O2.s 			page 21


 1107              	.LASF23:
 1108 00a0 41465248 		.ascii	"AFRH\000"
 1108      00
 1109              	.LASF11:
 1110 00a5 6C6F6E67 		.ascii	"long unsigned int\000"
 1110      20756E73 
 1110      69676E65 
 1110      6420696E 
 1110      7400
 1111              	.LASF8:
 1112 00b7 73686F72 		.ascii	"short unsigned int\000"
 1112      7420756E 
 1112      7369676E 
 1112      65642069 
 1112      6E7400
 1113              	.LASF22:
 1114 00ca 4146524C 		.ascii	"AFRL\000"
 1114      00
 1115              	.LASF5:
 1116 00cf 73686F72 		.ascii	"short int\000"
 1116      7420696E 
 1116      7400
 1117              	.LASF18:
 1118 00d9 4F535045 		.ascii	"OSPEEDR\000"
 1118      45445200 
 1119              	.LASF40:
 1120 00e1 5F70616C 		.ascii	"_pal_lld_setgroupmode\000"
 1120      5F6C6C64 
 1120      5F736574 
 1120      67726F75 
 1120      706D6F64 
 1121              	.LASF39:
 1122 00f7 2F776F72 		.ascii	"/workspaces/tinySA\000"
 1122      6B737061 
 1122      6365732F 
 1122      74696E79 
 1122      534100
 1123              	.LASF1:
 1124 010a 756E7369 		.ascii	"unsigned int\000"
 1124      676E6564 
 1124      20696E74 
 1124      00
 1125              	.LASF13:
 1126 0117 63686172 		.ascii	"char\000"
 1126      00
 1127              	.LASF32:
 1128 011c 6D6F6465 		.ascii	"mode\000"
 1128      00
 1129              	.LASF24:
 1130 0121 73746D33 		.ascii	"stm32_gpio_t\000"
 1130      325F6770 
 1130      696F5F74 
 1130      00
 1131              	.LASF19:
 1132 012e 50555044 		.ascii	"PUPDR\000"
 1132      5200
 1133              	.LASF2:
ARM GAS  /tmp/ccxCL5O2.s 			page 22


 1134 0134 6C6F6E67 		.ascii	"long long int\000"
 1134      206C6F6E 
 1134      6720696E 
 1134      7400
 1135              	.LASF29:
 1136 0142 6D61736B 		.ascii	"mask\000"
 1136      00
 1137              	.LASF35:
 1138 0147 62697473 		.ascii	"bits\000"
 1138      00
 1139              	.LASF30:
 1140 014c 6F666673 		.ascii	"offset\000"
 1140      657400
 1141              	.LASF27:
 1142 0153 696F706F 		.ascii	"ioportid_t\000"
 1142      72746964 
 1142      5F7400
 1143              	.LASF9:
 1144 015e 75696E74 		.ascii	"uint16_t\000"
 1144      31365F74 
 1144      00
 1145              	.LASF10:
 1146 0167 75696E74 		.ascii	"uint32_t\000"
 1146      33325F74 
 1146      00
 1147              	.LASF6:
 1148 0170 6C6F6E67 		.ascii	"long int\000"
 1148      20696E74 
 1148      00
 1149              	.LASF37:
 1150 0179 474E5520 		.ascii	"GNU C11 13.2.1 20231009 -mcpu=cortex-m4 -mfloat-abi"
 1150      43313120 
 1150      31332E32 
 1150      2E312032 
 1150      30323331 
 1151 01ac 3D686172 		.ascii	"=hard -mfpu=fpv4-sp-d16 -mno-thumb-interwork -mthum"
 1151      64202D6D 
 1151      6670753D 
 1151      66707634 
 1151      2D73702D 
 1152 01df 62202D6D 		.ascii	"b -march=armv7e-m+fp -ggdb -Og -std=c11 -fno-inline"
 1152      61726368 
 1152      3D61726D 
 1152      7637652D 
 1152      6D2B6670 
 1153 0212 2D736D61 		.ascii	"-small-functions -fomit-frame-pointer -falign-funct"
 1153      6C6C2D66 
 1153      756E6374 
 1153      696F6E73 
 1153      202D666F 
 1154 0245 696F6E73 		.ascii	"ions=16 -fstack-usage -ffunction-sections -fdata-se"
 1154      3D313620 
 1154      2D667374 
 1154      61636B2D 
 1154      75736167 
 1155 0278 6374696F 		.ascii	"ctions -fno-common -fsingle-precision-constant\000"
 1155      6E73202D 
ARM GAS  /tmp/ccxCL5O2.s 			page 23


 1155      666E6F2D 
 1155      636F6D6D 
 1155      6F6E202D 
 1156              	.LASF3:
 1157 02a7 6C6F6E67 		.ascii	"long double\000"
 1157      20646F75 
 1157      626C6500 
 1158              	.LASF4:
 1159 02b3 7369676E 		.ascii	"signed char\000"
 1159      65642063 
 1159      68617200 
 1160              	.LASF14:
 1161 02bf 5F426F6F 		.ascii	"_Bool\000"
 1161      6C00
 1162              	.LASF0:
 1163 02c5 6C6F6E67 		.ascii	"long long unsigned int\000"
 1163      206C6F6E 
 1163      6720756E 
 1163      7369676E 
 1163      65642069 
 1164              	.LASF31:
 1165 02dc 494F4275 		.ascii	"IOBus\000"
 1165      7300
 1166              		.ident	"GCC: (15:13.2.rel1-2) 13.2.1 20231009"
ARM GAS  /tmp/ccxCL5O2.s 			page 24


DEFINED SYMBOLS
                            *ABS*:00000000 hal_pal.c
     /tmp/ccxCL5O2.s:21     .text.palReadBus:00000000 $t
     /tmp/ccxCL5O2.s:28     .text.palReadBus:00000000 palReadBus
     /tmp/ccxCL5O2.s:54     .text.palWriteBus:00000000 $t
     /tmp/ccxCL5O2.s:61     .text.palWriteBus:00000000 palWriteBus
     /tmp/ccxCL5O2.s:98     .text.palSetBusMode:00000000 $t
     /tmp/ccxCL5O2.s:105    .text.palSetBusMode:00000000 palSetBusMode

UNDEFINED SYMBOLS
_pal_lld_setgroupmode
