ARM GAS  /tmp/ccY8TW1O.s 			page 1


   1              		.cpu cortex-m4
   2              		.arch armv7e-m
   3              		.fpu fpv4-sp-d16
   4              		.eabi_attribute 27, 1
   5              		.eabi_attribute 28, 1
   6              		.eabi_attribute 20, 1
   7              		.eabi_attribute 21, 1
   8              		.eabi_attribute 23, 3
   9              		.eabi_attribute 24, 1
  10              		.eabi_attribute 25, 1
  11              		.eabi_attribute 26, 1
  12              		.eabi_attribute 30, 1
  13              		.eabi_attribute 34, 1
  14              		.eabi_attribute 18, 4
  15              		.file	"hal_mmcsd.c"
  16              		.text
  17              	.Ltext0:
  18              		.cfi_sections	.debug_frame
  19              		.file 1 "ChibiOS/os/hal/src/hal_mmcsd.c"
  20              	.Letext0:
  21              		.section	.debug_info,"",%progbits
  22              	.Ldebug_info0:
  23 0000 76000000 		.4byte	0x76
  24 0004 0500     		.2byte	0x5
  25 0006 01       		.byte	0x1
  26 0007 04       		.byte	0x4
  27 0008 00000000 		.4byte	.Ldebug_abbrev0
  28 000c 02       		.uleb128 0x2
  29 000d 1B000000 		.4byte	.LASF12
  30 0011 1D       		.byte	0x1d
  31 0012 94010000 		.4byte	.LASF13
  32 0016 D2010000 		.4byte	.LASF14
  33 001a 00000000 		.4byte	.Ldebug_line0
  34 001e 03       		.uleb128 0x3
  35 001f 04       		.byte	0x4
  36 0020 05       		.byte	0x5
  37 0021 696E7400 		.ascii	"int\000"
  38 0025 01       		.uleb128 0x1
  39 0026 04       		.byte	0x4
  40 0027 07       		.byte	0x7
  41 0028 0E000000 		.4byte	.LASF0
  42 002c 01       		.uleb128 0x1
  43 002d 08       		.byte	0x8
  44 002e 05       		.byte	0x5
  45 002f 00000000 		.4byte	.LASF1
  46 0033 01       		.uleb128 0x1
  47 0034 08       		.byte	0x8
  48 0035 04       		.byte	0x4
  49 0036 E5010000 		.4byte	.LASF2
  50 003a 01       		.uleb128 0x1
  51 003b 01       		.byte	0x1
  52 003c 06       		.byte	0x6
  53 003d C6010000 		.4byte	.LASF3
  54 0041 01       		.uleb128 0x1
  55 0042 02       		.byte	0x2
  56 0043 05       		.byte	0x5
  57 0044 F1010000 		.4byte	.LASF4
ARM GAS  /tmp/ccY8TW1O.s 			page 2


  58 0048 01       		.uleb128 0x1
  59 0049 04       		.byte	0x4
  60 004a 05       		.byte	0x5
  61 004b 85010000 		.4byte	.LASF5
  62 004f 01       		.uleb128 0x1
  63 0050 01       		.byte	0x1
  64 0051 08       		.byte	0x8
  65 0052 72010000 		.4byte	.LASF6
  66 0056 01       		.uleb128 0x1
  67 0057 02       		.byte	0x2
  68 0058 07       		.byte	0x7
  69 0059 B3010000 		.4byte	.LASF7
  70 005d 01       		.uleb128 0x1
  71 005e 04       		.byte	0x4
  72 005f 07       		.byte	0x7
  73 0060 49010000 		.4byte	.LASF8
  74 0064 01       		.uleb128 0x1
  75 0065 08       		.byte	0x8
  76 0066 07       		.byte	0x7
  77 0067 5B010000 		.4byte	.LASF9
  78 006b 01       		.uleb128 0x1
  79 006c 01       		.byte	0x1
  80 006d 08       		.byte	0x8
  81 006e 80010000 		.4byte	.LASF10
  82 0072 01       		.uleb128 0x1
  83 0073 01       		.byte	0x1
  84 0074 02       		.byte	0x2
  85 0075 8E010000 		.4byte	.LASF11
  86 0079 00       		.byte	0
  87              		.section	.debug_abbrev,"",%progbits
  88              	.Ldebug_abbrev0:
  89 0000 01       		.uleb128 0x1
  90 0001 24       		.uleb128 0x24
  91 0002 00       		.byte	0
  92 0003 0B       		.uleb128 0xb
  93 0004 0B       		.uleb128 0xb
  94 0005 3E       		.uleb128 0x3e
  95 0006 0B       		.uleb128 0xb
  96 0007 03       		.uleb128 0x3
  97 0008 0E       		.uleb128 0xe
  98 0009 00       		.byte	0
  99 000a 00       		.byte	0
 100 000b 02       		.uleb128 0x2
 101 000c 11       		.uleb128 0x11
 102 000d 01       		.byte	0x1
 103 000e 25       		.uleb128 0x25
 104 000f 0E       		.uleb128 0xe
 105 0010 13       		.uleb128 0x13
 106 0011 0B       		.uleb128 0xb
 107 0012 03       		.uleb128 0x3
 108 0013 0E       		.uleb128 0xe
 109 0014 1B       		.uleb128 0x1b
 110 0015 0E       		.uleb128 0xe
 111 0016 10       		.uleb128 0x10
 112 0017 17       		.uleb128 0x17
 113 0018 00       		.byte	0
 114 0019 00       		.byte	0
ARM GAS  /tmp/ccY8TW1O.s 			page 3


 115 001a 03       		.uleb128 0x3
 116 001b 24       		.uleb128 0x24
 117 001c 00       		.byte	0
 118 001d 0B       		.uleb128 0xb
 119 001e 0B       		.uleb128 0xb
 120 001f 3E       		.uleb128 0x3e
 121 0020 0B       		.uleb128 0xb
 122 0021 03       		.uleb128 0x3
 123 0022 08       		.uleb128 0x8
 124 0023 00       		.byte	0
 125 0024 00       		.byte	0
 126 0025 00       		.byte	0
 127              		.section	.debug_aranges,"",%progbits
 128 0000 14000000 		.4byte	0x14
 129 0004 0200     		.2byte	0x2
 130 0006 00000000 		.4byte	.Ldebug_info0
 131 000a 04       		.byte	0x4
 132 000b 00       		.byte	0
 133 000c 0000     		.2byte	0
 134 000e 0000     		.2byte	0
 135 0010 00000000 		.4byte	0
 136 0014 00000000 		.4byte	0
 137              		.section	.debug_line,"",%progbits
 138              	.Ldebug_line0:
 139 0000 3B000000 		.section	.debug_str,"MS",%progbits,1
 139      03003500 
 139      00000201 
 139      FB0E0D00 
 139      01010101 
 140              	.LASF1:
 141 0000 6C6F6E67 		.ascii	"long long int\000"
 141      206C6F6E 
 141      6720696E 
 141      7400
 142              	.LASF0:
 143 000e 756E7369 		.ascii	"unsigned int\000"
 143      676E6564 
 143      20696E74 
 143      00
 144              	.LASF12:
 145 001b 474E5520 		.ascii	"GNU C11 13.2.1 20231009 -mcpu=cortex-m4 -mfloat-abi"
 145      43313120 
 145      31332E32 
 145      2E312032 
 145      30323331 
 146 004e 3D686172 		.ascii	"=hard -mfpu=fpv4-sp-d16 -mno-thumb-interwork -mthum"
 146      64202D6D 
 146      6670753D 
 146      66707634 
 146      2D73702D 
 147 0081 62202D6D 		.ascii	"b -march=armv7e-m+fp -ggdb -Og -std=c11 -fno-inline"
 147      61726368 
 147      3D61726D 
 147      7637652D 
 147      6D2B6670 
 148 00b4 2D736D61 		.ascii	"-small-functions -fomit-frame-pointer -falign-funct"
 148      6C6C2D66 
ARM GAS  /tmp/ccY8TW1O.s 			page 4


 148      756E6374 
 148      696F6E73 
 148      202D666F 
 149 00e7 696F6E73 		.ascii	"ions=16 -fstack-usage -ffunction-sections -fdata-se"
 149      3D313620 
 149      2D667374 
 149      61636B2D 
 149      75736167 
 150 011a 6374696F 		.ascii	"ctions -fno-common -fsingle-precision-constant\000"
 150      6E73202D 
 150      666E6F2D 
 150      636F6D6D 
 150      6F6E202D 
 151              	.LASF8:
 152 0149 6C6F6E67 		.ascii	"long unsigned int\000"
 152      20756E73 
 152      69676E65 
 152      6420696E 
 152      7400
 153              	.LASF9:
 154 015b 6C6F6E67 		.ascii	"long long unsigned int\000"
 154      206C6F6E 
 154      6720756E 
 154      7369676E 
 154      65642069 
 155              	.LASF6:
 156 0172 756E7369 		.ascii	"unsigned char\000"
 156      676E6564 
 156      20636861 
 156      7200
 157              	.LASF10:
 158 0180 63686172 		.ascii	"char\000"
 158      00
 159              	.LASF5:
 160 0185 6C6F6E67 		.ascii	"long int\000"
 160      20696E74 
 160      00
 161              	.LASF11:
 162 018e 5F426F6F 		.ascii	"_Bool\000"
 162      6C00
 163              	.LASF13:
 164 0194 43686962 		.ascii	"ChibiOS/os/hal/src/hal_mmcsd.c\000"
 164      694F532F 
 164      6F732F68 
 164      616C2F73 
 164      72632F68 
 165              	.LASF7:
 166 01b3 73686F72 		.ascii	"short unsigned int\000"
 166      7420756E 
 166      7369676E 
 166      65642069 
 166      6E7400
 167              	.LASF3:
 168 01c6 7369676E 		.ascii	"signed char\000"
 168      65642063 
 168      68617200 
 169              	.LASF14:
ARM GAS  /tmp/ccY8TW1O.s 			page 5


 170 01d2 2F776F72 		.ascii	"/workspaces/tinySA\000"
 170      6B737061 
 170      6365732F 
 170      74696E79 
 170      534100
 171              	.LASF2:
 172 01e5 6C6F6E67 		.ascii	"long double\000"
 172      20646F75 
 172      626C6500 
 173              	.LASF4:
 174 01f1 73686F72 		.ascii	"short int\000"
 174      7420696E 
 174      7400
 175              		.ident	"GCC: (15:13.2.rel1-2) 13.2.1 20231009"
ARM GAS  /tmp/ccY8TW1O.s 			page 6


DEFINED SYMBOLS
                            *ABS*:00000000 hal_mmcsd.c

NO UNDEFINED SYMBOLS
