ARM GAS  /tmp/ccLNn1oe.s 			page 1


   1              		.cpu cortex-m4
   2              		.arch armv7e-m
   3              		.fpu fpv4-sp-d16
   4              		.eabi_attribute 27, 1
   5              		.eabi_attribute 28, 1
   6              		.eabi_attribute 20, 1
   7              		.eabi_attribute 21, 1
   8              		.eabi_attribute 23, 3
   9              		.eabi_attribute 24, 1
  10              		.eabi_attribute 25, 1
  11              		.eabi_attribute 26, 1
  12              		.eabi_attribute 30, 1
  13              		.eabi_attribute 34, 1
  14              		.eabi_attribute 18, 4
  15              		.file	"hal_wdg_lld.c"
  16              		.text
  17              	.Ltext0:
  18              		.cfi_sections	.debug_frame
  19              		.file 1 "ChibiOS/os/hal/ports/STM32/LLD/xWDGv1/hal_wdg_lld.c"
  20              		.section	.text.wdg_lld_init,"ax",%progbits
  21              		.align	1
  22              		.p2align 4,,15
  23              		.global	wdg_lld_init
  24              		.syntax unified
  25              		.thumb
  26              		.thumb_func
  27              		.type	wdg_lld_init, %function
  28              	wdg_lld_init:
  29              	.LFB233:
  30              		.loc 1 67 25 view -0
  31              		.cfi_startproc
  32              		@ args = 0, pretend = 0, frame = 0
  33              		@ frame_needed = 0, uses_anonymous_args = 0
  34              		@ link register save eliminated.
  35              		.loc 1 70 3 view .LVU1
  36              		.loc 1 70 15 is_stmt 0 view .LVU2
  37 0000 024B     		ldr	r3, .L2
  38 0002 0122     		movs	r2, #1
  39 0004 1A70     		strb	r2, [r3]
  40              		.loc 1 71 3 is_stmt 1 view .LVU3
  41              		.loc 1 71 15 is_stmt 0 view .LVU4
  42 0006 024A     		ldr	r2, .L2+4
  43 0008 9A60     		str	r2, [r3, #8]
  44              		.loc 1 73 1 view .LVU5
  45 000a 7047     		bx	lr
  46              	.L3:
  47              		.align	2
  48              	.L2:
  49 000c 00000000 		.word	WDGD1
  50 0010 00300040 		.word	1073754112
  51              		.cfi_endproc
  52              	.LFE233:
  53              		.size	wdg_lld_init, .-wdg_lld_init
  54              		.section	.text.wdg_lld_start,"ax",%progbits
  55              		.align	1
  56              		.p2align 4,,15
  57              		.global	wdg_lld_start
ARM GAS  /tmp/ccLNn1oe.s 			page 2


  58              		.syntax unified
  59              		.thumb
  60              		.thumb_func
  61              		.type	wdg_lld_start, %function
  62              	wdg_lld_start:
  63              	.LVL0:
  64              	.LFB234:
  65              		.loc 1 82 37 is_stmt 1 view -0
  66              		.cfi_startproc
  67              		@ args = 0, pretend = 0, frame = 0
  68              		@ frame_needed = 0, uses_anonymous_args = 0
  69              		@ link register save eliminated.
  70              		.loc 1 86 3 view .LVU7
  71              		.loc 1 86 7 is_stmt 0 view .LVU8
  72 0000 8368     		ldr	r3, [r0, #8]
  73              		.loc 1 86 19 view .LVU9
  74 0002 4CF6CC42 		movw	r2, #52428
  75 0006 1A60     		str	r2, [r3]
  76              		.loc 1 87 3 is_stmt 1 view .LVU10
  77              		.loc 1 87 7 is_stmt 0 view .LVU11
  78 0008 8368     		ldr	r3, [r0, #8]
  79              		.loc 1 87 19 view .LVU12
  80 000a 45F25552 		movw	r2, #21845
  81 000e 1A60     		str	r2, [r3]
  82              		.loc 1 90 3 is_stmt 1 view .LVU13
  83              		.loc 1 90 25 is_stmt 0 view .LVU14
  84 0010 4268     		ldr	r2, [r0, #4]
  85              		.loc 1 90 7 view .LVU15
  86 0012 8368     		ldr	r3, [r0, #8]
  87              		.loc 1 90 33 view .LVU16
  88 0014 1268     		ldr	r2, [r2]
  89              		.loc 1 90 19 view .LVU17
  90 0016 5A60     		str	r2, [r3, #4]
  91              		.loc 1 91 3 is_stmt 1 view .LVU18
  92              		.loc 1 91 25 is_stmt 0 view .LVU19
  93 0018 4268     		ldr	r2, [r0, #4]
  94              		.loc 1 91 7 view .LVU20
  95 001a 8368     		ldr	r3, [r0, #8]
  96              		.loc 1 91 33 view .LVU21
  97 001c 5268     		ldr	r2, [r2, #4]
  98              		.loc 1 91 19 view .LVU22
  99 001e 9A60     		str	r2, [r3, #8]
 100              		.loc 1 92 3 is_stmt 1 view .LVU23
 101              	.L5:
 102              		.loc 1 92 24 discriminator 1 view .LVU24
 103              		.loc 1 92 14 is_stmt 0 discriminator 1 view .LVU25
 104 0020 8368     		ldr	r3, [r0, #8]
 105              		.loc 1 92 19 discriminator 1 view .LVU26
 106 0022 DA68     		ldr	r2, [r3, #12]
 107              		.loc 1 92 24 discriminator 1 view .LVU27
 108 0024 002A     		cmp	r2, #0
 109 0026 FBD1     		bne	.L5
 110              		.loc 1 96 3 is_stmt 1 view .LVU28
 111              		.loc 1 96 25 is_stmt 0 view .LVU29
 112 0028 4268     		ldr	r2, [r0, #4]
 113              		.loc 1 96 33 view .LVU30
 114 002a 9268     		ldr	r2, [r2, #8]
ARM GAS  /tmp/ccLNn1oe.s 			page 3


 115              		.loc 1 96 19 view .LVU31
 116 002c 1A61     		str	r2, [r3, #16]
 117              		.loc 1 111 1 view .LVU32
 118 002e 7047     		bx	lr
 119              		.cfi_endproc
 120              	.LFE234:
 121              		.size	wdg_lld_start, .-wdg_lld_start
 122              		.section	.text.wdg_lld_stop,"ax",%progbits
 123              		.align	1
 124              		.p2align 4,,15
 125              		.global	wdg_lld_stop
 126              		.syntax unified
 127              		.thumb
 128              		.thumb_func
 129              		.type	wdg_lld_stop, %function
 130              	wdg_lld_stop:
 131              	.LVL1:
 132              	.LFB235:
 133              		.loc 1 120 36 is_stmt 1 view -0
 134              		.cfi_startproc
 135              		@ args = 0, pretend = 0, frame = 0
 136              		@ frame_needed = 0, uses_anonymous_args = 0
 137              		@ link register save eliminated.
 138              		.loc 1 122 3 view .LVU34
 139              		.loc 1 122 3 view .LVU35
 140              		.loc 1 122 3 discriminator 5 view .LVU36
 141              		.loc 1 124 1 is_stmt 0 view .LVU37
 142 0000 7047     		bx	lr
 143              		.cfi_endproc
 144              	.LFE235:
 145              		.size	wdg_lld_stop, .-wdg_lld_stop
 146 0002 00BF     		.section	.text.wdg_lld_reset,"ax",%progbits
 147              		.align	1
 148              		.p2align 4,,15
 149              		.global	wdg_lld_reset
 150              		.syntax unified
 151              		.thumb
 152              		.thumb_func
 153              		.type	wdg_lld_reset, %function
 154              	wdg_lld_reset:
 155              	.LVL2:
 156              	.LFB236:
 157              		.loc 1 133 38 is_stmt 1 view -0
 158              		.cfi_startproc
 159              		@ args = 0, pretend = 0, frame = 0
 160              		@ frame_needed = 0, uses_anonymous_args = 0
 161              		@ link register save eliminated.
 162              		.loc 1 135 3 view .LVU39
 163              		.loc 1 135 7 is_stmt 0 view .LVU40
 164 0000 8368     		ldr	r3, [r0, #8]
 165              		.loc 1 135 17 view .LVU41
 166 0002 4AF6AA22 		movw	r2, #43690
 167 0006 1A60     		str	r2, [r3]
 168              		.loc 1 136 1 view .LVU42
 169 0008 7047     		bx	lr
 170              		.cfi_endproc
 171              	.LFE236:
ARM GAS  /tmp/ccLNn1oe.s 			page 4


 172              		.size	wdg_lld_reset, .-wdg_lld_reset
 173              		.global	WDGD1
 174 000a 00BF     		.section	.bss.WDGD1,"aw",%nobits
 175              		.align	2
 176              		.type	WDGD1, %object
 177              		.size	WDGD1, 12
 178              	WDGD1:
 179 0000 00000000 		.space	12
 179      00000000 
 179      00000000 
 180              		.text
 181              	.Letext0:
 182              		.file 2 "/usr/lib/gcc/arm-none-eabi/13.2.1/include/stddef.h"
 183              		.file 3 "/usr/lib/gcc/arm-none-eabi/13.2.1/include/stdint.h"
 184              		.file 4 "ChibiOS/os/common/ext/CMSIS/ST/STM32F3xx/stm32f303xc.h"
 185              		.file 5 "ChibiOS/os/hal/include/hal_wdg.h"
 186              		.file 6 "ChibiOS/os/hal/ports/STM32/LLD/xWDGv1/hal_wdg_lld.h"
 187              		.section	.debug_info,"",%progbits
 188              	.Ldebug_info0:
 189 0000 5B020000 		.4byte	0x25b
 190 0004 0500     		.2byte	0x5
 191 0006 01       		.byte	0x1
 192 0007 04       		.byte	0x4
 193 0008 00000000 		.4byte	.Ldebug_abbrev0
 194 000c 0B       		.uleb128 0xb
 195 000d 71010000 		.4byte	.LASF29
 196 0011 1D       		.byte	0x1d
 197 0012 21010000 		.4byte	.LASF30
 198 0016 CE000000 		.4byte	.LASF31
 199 001a 0C000000 		.4byte	.LLRL0
 200 001e 00000000 		.4byte	0
 201 0022 00000000 		.4byte	.Ldebug_line0
 202 0026 0C       		.uleb128 0xc
 203 0027 04       		.byte	0x4
 204 0028 05       		.byte	0x5
 205 0029 696E7400 		.ascii	"int\000"
 206 002d 02       		.uleb128 0x2
 207 002e 13000000 		.4byte	.LASF8
 208 0032 02       		.byte	0x2
 209 0033 D6       		.byte	0xd6
 210 0034 17       		.byte	0x17
 211 0035 39000000 		.4byte	0x39
 212 0039 01       		.uleb128 0x1
 213 003a 04       		.byte	0x4
 214 003b 07       		.byte	0x7
 215 003c E1000000 		.4byte	.LASF0
 216 0040 01       		.uleb128 0x1
 217 0041 08       		.byte	0x8
 218 0042 05       		.byte	0x5
 219 0043 00000000 		.4byte	.LASF1
 220 0047 01       		.uleb128 0x1
 221 0048 08       		.byte	0x8
 222 0049 04       		.byte	0x4
 223 004a 9F020000 		.4byte	.LASF2
 224 004e 01       		.uleb128 0x1
 225 004f 01       		.byte	0x1
 226 0050 06       		.byte	0x6
ARM GAS  /tmp/ccLNn1oe.s 			page 5


 227 0051 AB020000 		.4byte	.LASF3
 228 0055 01       		.uleb128 0x1
 229 0056 02       		.byte	0x2
 230 0057 05       		.byte	0x5
 231 0058 0A010000 		.4byte	.LASF4
 232 005c 01       		.uleb128 0x1
 233 005d 04       		.byte	0x4
 234 005e 05       		.byte	0x5
 235 005f 68010000 		.4byte	.LASF5
 236 0063 01       		.uleb128 0x1
 237 0064 01       		.byte	0x1
 238 0065 08       		.byte	0x8
 239 0066 7E000000 		.4byte	.LASF6
 240 006a 01       		.uleb128 0x1
 241 006b 02       		.byte	0x2
 242 006c 07       		.byte	0x7
 243 006d A9000000 		.4byte	.LASF7
 244 0071 02       		.uleb128 0x2
 245 0072 5F010000 		.4byte	.LASF9
 246 0076 03       		.byte	0x3
 247 0077 34       		.byte	0x34
 248 0078 19       		.byte	0x19
 249 0079 82000000 		.4byte	0x82
 250 007d 0D       		.uleb128 0xd
 251 007e 71000000 		.4byte	0x71
 252 0082 01       		.uleb128 0x1
 253 0083 04       		.byte	0x4
 254 0084 07       		.byte	0x7
 255 0085 97000000 		.4byte	.LASF10
 256 0089 01       		.uleb128 0x1
 257 008a 08       		.byte	0x8
 258 008b 07       		.byte	0x7
 259 008c 5C000000 		.4byte	.LASF11
 260 0090 0E       		.uleb128 0xe
 261 0091 14       		.byte	0x14
 262 0092 04       		.byte	0x4
 263 0093 E501     		.2byte	0x1e5
 264 0095 09       		.byte	0x9
 265 0096 D6000000 		.4byte	0xd6
 266 009a 03       		.uleb128 0x3
 267 009b 4B5200   		.ascii	"KR\000"
 268 009e E701     		.2byte	0x1e7
 269 00a0 7D000000 		.4byte	0x7d
 270 00a4 00       		.byte	0
 271 00a5 03       		.uleb128 0x3
 272 00a6 505200   		.ascii	"PR\000"
 273 00a9 E801     		.2byte	0x1e8
 274 00ab 7D000000 		.4byte	0x7d
 275 00af 04       		.byte	0x4
 276 00b0 03       		.uleb128 0x3
 277 00b1 524C5200 		.ascii	"RLR\000"
 278 00b5 E901     		.2byte	0x1e9
 279 00b7 7D000000 		.4byte	0x7d
 280 00bb 08       		.byte	0x8
 281 00bc 03       		.uleb128 0x3
 282 00bd 535200   		.ascii	"SR\000"
 283 00c0 EA01     		.2byte	0x1ea
ARM GAS  /tmp/ccLNn1oe.s 			page 6


 284 00c2 7D000000 		.4byte	0x7d
 285 00c6 0C       		.byte	0xc
 286 00c7 0F       		.uleb128 0xf
 287 00c8 0E000000 		.4byte	.LASF12
 288 00cc 04       		.byte	0x4
 289 00cd EB01     		.2byte	0x1eb
 290 00cf 11       		.byte	0x11
 291 00d0 7D000000 		.4byte	0x7d
 292 00d4 10       		.byte	0x10
 293 00d5 00       		.byte	0
 294 00d6 10       		.uleb128 0x10
 295 00d7 20000000 		.4byte	.LASF13
 296 00db 04       		.byte	0x4
 297 00dc EC01     		.2byte	0x1ec
 298 00de 03       		.byte	0x3
 299 00df 90000000 		.4byte	0x90
 300 00e3 01       		.uleb128 0x1
 301 00e4 01       		.byte	0x1
 302 00e5 08       		.byte	0x8
 303 00e6 FB000000 		.4byte	.LASF14
 304 00ea 04       		.uleb128 0x4
 305 00eb E3000000 		.4byte	0xe3
 306 00ef 01       		.uleb128 0x1
 307 00f0 01       		.byte	0x1
 308 00f1 02       		.byte	0x2
 309 00f2 BC020000 		.4byte	.LASF15
 310 00f6 11       		.uleb128 0x11
 311 00f7 07       		.byte	0x7
 312 00f8 01       		.byte	0x1
 313 00f9 63000000 		.4byte	0x63
 314 00fd 05       		.byte	0x5
 315 00fe 31       		.byte	0x31
 316 00ff 0E       		.byte	0xe
 317 0100 17010000 		.4byte	0x117
 318 0104 05       		.uleb128 0x5
 319 0105 8C000000 		.4byte	.LASF16
 320 0109 00       		.byte	0
 321 010a 05       		.uleb128 0x5
 322 010b C2020000 		.4byte	.LASF17
 323 010f 01       		.byte	0x1
 324 0110 05       		.uleb128 0x5
 325 0111 00010000 		.4byte	.LASF18
 326 0115 02       		.byte	0x2
 327 0116 00       		.byte	0
 328 0117 02       		.uleb128 0x2
 329 0118 73000000 		.4byte	.LASF19
 330 011c 05       		.byte	0x5
 331 011d 35       		.byte	0x35
 332 011e 03       		.byte	0x3
 333 011f F6000000 		.4byte	0xf6
 334 0123 02       		.uleb128 0x2
 335 0124 55010000 		.4byte	.LASF20
 336 0128 06       		.byte	0x6
 337 0129 6E       		.byte	0x6e
 338 012a 1A       		.byte	0x1a
 339 012b 2F010000 		.4byte	0x12f
 340 012f 12       		.uleb128 0x12
ARM GAS  /tmp/ccLNn1oe.s 			page 7


 341 0130 55010000 		.4byte	.LASF20
 342 0134 0C       		.byte	0xc
 343 0135 06       		.byte	0x6
 344 0136 8C       		.byte	0x8c
 345 0137 08       		.byte	0x8
 346 0138 61010000 		.4byte	0x161
 347 013c 06       		.uleb128 0x6
 348 013d 1A000000 		.4byte	.LASF21
 349 0141 90       		.byte	0x90
 350 0142 1D       		.byte	0x1d
 351 0143 17010000 		.4byte	0x117
 352 0147 00       		.byte	0
 353 0148 06       		.uleb128 0x6
 354 0149 C2000000 		.4byte	.LASF22
 355 014d 94       		.byte	0x94
 356 014e 1E       		.byte	0x1e
 357 014f 9F010000 		.4byte	0x19f
 358 0153 04       		.byte	0x4
 359 0154 07       		.uleb128 0x7
 360 0155 77646700 		.ascii	"wdg\000"
 361 0159 99       		.byte	0x99
 362 015a 1E       		.byte	0x1e
 363 015b A4010000 		.4byte	0x1a4
 364 015f 08       		.byte	0x8
 365 0160 00       		.byte	0
 366 0161 13       		.uleb128 0x13
 367 0162 0C       		.byte	0xc
 368 0163 06       		.byte	0x6
 369 0164 74       		.byte	0x74
 370 0165 09       		.byte	0x9
 371 0166 8E010000 		.4byte	0x18e
 372 016a 07       		.uleb128 0x7
 373 016b 707200   		.ascii	"pr\000"
 374 016e 79       		.byte	0x79
 375 016f 0F       		.byte	0xf
 376 0170 71000000 		.4byte	0x71
 377 0174 00       		.byte	0
 378 0175 07       		.uleb128 0x7
 379 0176 726C7200 		.ascii	"rlr\000"
 380 017a 7E       		.byte	0x7e
 381 017b 0F       		.byte	0xf
 382 017c 71000000 		.4byte	0x71
 383 0180 04       		.byte	0x4
 384 0181 06       		.uleb128 0x6
 385 0182 B7020000 		.4byte	.LASF23
 386 0186 85       		.byte	0x85
 387 0187 0F       		.byte	0xf
 388 0188 71000000 		.4byte	0x71
 389 018c 08       		.byte	0x8
 390 018d 00       		.byte	0
 391 018e 02       		.uleb128 0x2
 392 018f 2D000000 		.4byte	.LASF24
 393 0193 06       		.byte	0x6
 394 0194 87       		.byte	0x87
 395 0195 03       		.byte	0x3
 396 0196 61010000 		.4byte	0x161
 397 019a 04       		.uleb128 0x4
ARM GAS  /tmp/ccLNn1oe.s 			page 8


 398 019b 8E010000 		.4byte	0x18e
 399 019f 08       		.uleb128 0x8
 400 01a0 9A010000 		.4byte	0x19a
 401 01a4 08       		.uleb128 0x8
 402 01a5 D6000000 		.4byte	0xd6
 403 01a9 14       		.uleb128 0x14
 404 01aa BC000000 		.4byte	.LASF32
 405 01ae 06       		.byte	0x6
 406 01af A5       		.byte	0xa5
 407 01b0 12       		.byte	0x12
 408 01b1 23010000 		.4byte	0x123
 409 01b5 15       		.uleb128 0x15
 410 01b6 A9010000 		.4byte	0x1a9
 411 01ba 01       		.byte	0x1
 412 01bb 2B       		.byte	0x2b
 413 01bc 0B       		.byte	0xb
 414 01bd 05       		.uleb128 0x5
 415 01be 03       		.byte	0x3
 416 01bf 00000000 		.4byte	WDGD1
 417 01c3 09       		.uleb128 0x9
 418 01c4 37000000 		.4byte	.LASF25
 419 01c8 85       		.byte	0x85
 420 01c9 00000000 		.4byte	.LFB236
 421 01cd 0A000000 		.4byte	.LFE236-.LFB236
 422 01d1 01       		.uleb128 0x1
 423 01d2 9C       		.byte	0x9c
 424 01d3 E5010000 		.4byte	0x1e5
 425 01d7 0A       		.uleb128 0xa
 426 01d8 C9000000 		.4byte	.LASF27
 427 01dc 85       		.byte	0x85
 428 01dd 20       		.byte	0x20
 429 01de E5010000 		.4byte	0x1e5
 430 01e2 01       		.uleb128 0x1
 431 01e3 50       		.byte	0x50
 432 01e4 00       		.byte	0
 433 01e5 08       		.uleb128 0x8
 434 01e6 23010000 		.4byte	0x123
 435 01ea 09       		.uleb128 0x9
 436 01eb EE000000 		.4byte	.LASF26
 437 01ef 78       		.byte	0x78
 438 01f0 00000000 		.4byte	.LFB235
 439 01f4 02000000 		.4byte	.LFE235-.LFB235
 440 01f8 01       		.uleb128 0x1
 441 01f9 9C       		.byte	0x9c
 442 01fa 15020000 		.4byte	0x215
 443 01fe 0A       		.uleb128 0xa
 444 01ff C9000000 		.4byte	.LASF27
 445 0203 78       		.byte	0x78
 446 0204 1E       		.byte	0x1e
 447 0205 E5010000 		.4byte	0x1e5
 448 0209 01       		.uleb128 0x1
 449 020a 50       		.byte	0x50
 450 020b 16       		.uleb128 0x16
 451 020c 45000000 		.4byte	.LASF33
 452 0210 25020000 		.4byte	0x225
 453 0214 00       		.byte	0
 454 0215 17       		.uleb128 0x17
ARM GAS  /tmp/ccLNn1oe.s 			page 9


 455 0216 EA000000 		.4byte	0xea
 456 021a 25020000 		.4byte	0x225
 457 021e 18       		.uleb128 0x18
 458 021f 39000000 		.4byte	0x39
 459 0223 0C       		.byte	0xc
 460 0224 00       		.byte	0
 461 0225 04       		.uleb128 0x4
 462 0226 15020000 		.4byte	0x215
 463 022a 09       		.uleb128 0x9
 464 022b 4E000000 		.4byte	.LASF28
 465 022f 52       		.byte	0x52
 466 0230 00000000 		.4byte	.LFB234
 467 0234 30000000 		.4byte	.LFE234-.LFB234
 468 0238 01       		.uleb128 0x1
 469 0239 9C       		.byte	0x9c
 470 023a 4C020000 		.4byte	0x24c
 471 023e 0A       		.uleb128 0xa
 472 023f C9000000 		.4byte	.LASF27
 473 0243 52       		.byte	0x52
 474 0244 1F       		.byte	0x1f
 475 0245 E5010000 		.4byte	0x1e5
 476 0249 01       		.uleb128 0x1
 477 024a 50       		.byte	0x50
 478 024b 00       		.byte	0
 479 024c 19       		.uleb128 0x19
 480 024d 14010000 		.4byte	.LASF34
 481 0251 01       		.byte	0x1
 482 0252 43       		.byte	0x43
 483 0253 06       		.byte	0x6
 484 0254 00000000 		.4byte	.LFB233
 485 0258 14000000 		.4byte	.LFE233-.LFB233
 486 025c 01       		.uleb128 0x1
 487 025d 9C       		.byte	0x9c
 488 025e 00       		.byte	0
 489              		.section	.debug_abbrev,"",%progbits
 490              	.Ldebug_abbrev0:
 491 0000 01       		.uleb128 0x1
 492 0001 24       		.uleb128 0x24
 493 0002 00       		.byte	0
 494 0003 0B       		.uleb128 0xb
 495 0004 0B       		.uleb128 0xb
 496 0005 3E       		.uleb128 0x3e
 497 0006 0B       		.uleb128 0xb
 498 0007 03       		.uleb128 0x3
 499 0008 0E       		.uleb128 0xe
 500 0009 00       		.byte	0
 501 000a 00       		.byte	0
 502 000b 02       		.uleb128 0x2
 503 000c 16       		.uleb128 0x16
 504 000d 00       		.byte	0
 505 000e 03       		.uleb128 0x3
 506 000f 0E       		.uleb128 0xe
 507 0010 3A       		.uleb128 0x3a
 508 0011 0B       		.uleb128 0xb
 509 0012 3B       		.uleb128 0x3b
 510 0013 0B       		.uleb128 0xb
 511 0014 39       		.uleb128 0x39
ARM GAS  /tmp/ccLNn1oe.s 			page 10


 512 0015 0B       		.uleb128 0xb
 513 0016 49       		.uleb128 0x49
 514 0017 13       		.uleb128 0x13
 515 0018 00       		.byte	0
 516 0019 00       		.byte	0
 517 001a 03       		.uleb128 0x3
 518 001b 0D       		.uleb128 0xd
 519 001c 00       		.byte	0
 520 001d 03       		.uleb128 0x3
 521 001e 08       		.uleb128 0x8
 522 001f 3A       		.uleb128 0x3a
 523 0020 21       		.uleb128 0x21
 524 0021 04       		.sleb128 4
 525 0022 3B       		.uleb128 0x3b
 526 0023 05       		.uleb128 0x5
 527 0024 39       		.uleb128 0x39
 528 0025 21       		.uleb128 0x21
 529 0026 11       		.sleb128 17
 530 0027 49       		.uleb128 0x49
 531 0028 13       		.uleb128 0x13
 532 0029 38       		.uleb128 0x38
 533 002a 0B       		.uleb128 0xb
 534 002b 00       		.byte	0
 535 002c 00       		.byte	0
 536 002d 04       		.uleb128 0x4
 537 002e 26       		.uleb128 0x26
 538 002f 00       		.byte	0
 539 0030 49       		.uleb128 0x49
 540 0031 13       		.uleb128 0x13
 541 0032 00       		.byte	0
 542 0033 00       		.byte	0
 543 0034 05       		.uleb128 0x5
 544 0035 28       		.uleb128 0x28
 545 0036 00       		.byte	0
 546 0037 03       		.uleb128 0x3
 547 0038 0E       		.uleb128 0xe
 548 0039 1C       		.uleb128 0x1c
 549 003a 0B       		.uleb128 0xb
 550 003b 00       		.byte	0
 551 003c 00       		.byte	0
 552 003d 06       		.uleb128 0x6
 553 003e 0D       		.uleb128 0xd
 554 003f 00       		.byte	0
 555 0040 03       		.uleb128 0x3
 556 0041 0E       		.uleb128 0xe
 557 0042 3A       		.uleb128 0x3a
 558 0043 21       		.uleb128 0x21
 559 0044 06       		.sleb128 6
 560 0045 3B       		.uleb128 0x3b
 561 0046 0B       		.uleb128 0xb
 562 0047 39       		.uleb128 0x39
 563 0048 0B       		.uleb128 0xb
 564 0049 49       		.uleb128 0x49
 565 004a 13       		.uleb128 0x13
 566 004b 38       		.uleb128 0x38
 567 004c 0B       		.uleb128 0xb
 568 004d 00       		.byte	0
ARM GAS  /tmp/ccLNn1oe.s 			page 11


 569 004e 00       		.byte	0
 570 004f 07       		.uleb128 0x7
 571 0050 0D       		.uleb128 0xd
 572 0051 00       		.byte	0
 573 0052 03       		.uleb128 0x3
 574 0053 08       		.uleb128 0x8
 575 0054 3A       		.uleb128 0x3a
 576 0055 21       		.uleb128 0x21
 577 0056 06       		.sleb128 6
 578 0057 3B       		.uleb128 0x3b
 579 0058 0B       		.uleb128 0xb
 580 0059 39       		.uleb128 0x39
 581 005a 0B       		.uleb128 0xb
 582 005b 49       		.uleb128 0x49
 583 005c 13       		.uleb128 0x13
 584 005d 38       		.uleb128 0x38
 585 005e 0B       		.uleb128 0xb
 586 005f 00       		.byte	0
 587 0060 00       		.byte	0
 588 0061 08       		.uleb128 0x8
 589 0062 0F       		.uleb128 0xf
 590 0063 00       		.byte	0
 591 0064 0B       		.uleb128 0xb
 592 0065 21       		.uleb128 0x21
 593 0066 04       		.sleb128 4
 594 0067 49       		.uleb128 0x49
 595 0068 13       		.uleb128 0x13
 596 0069 00       		.byte	0
 597 006a 00       		.byte	0
 598 006b 09       		.uleb128 0x9
 599 006c 2E       		.uleb128 0x2e
 600 006d 01       		.byte	0x1
 601 006e 3F       		.uleb128 0x3f
 602 006f 19       		.uleb128 0x19
 603 0070 03       		.uleb128 0x3
 604 0071 0E       		.uleb128 0xe
 605 0072 3A       		.uleb128 0x3a
 606 0073 21       		.uleb128 0x21
 607 0074 01       		.sleb128 1
 608 0075 3B       		.uleb128 0x3b
 609 0076 0B       		.uleb128 0xb
 610 0077 39       		.uleb128 0x39
 611 0078 21       		.uleb128 0x21
 612 0079 06       		.sleb128 6
 613 007a 27       		.uleb128 0x27
 614 007b 19       		.uleb128 0x19
 615 007c 11       		.uleb128 0x11
 616 007d 01       		.uleb128 0x1
 617 007e 12       		.uleb128 0x12
 618 007f 06       		.uleb128 0x6
 619 0080 40       		.uleb128 0x40
 620 0081 18       		.uleb128 0x18
 621 0082 7A       		.uleb128 0x7a
 622 0083 19       		.uleb128 0x19
 623 0084 01       		.uleb128 0x1
 624 0085 13       		.uleb128 0x13
 625 0086 00       		.byte	0
ARM GAS  /tmp/ccLNn1oe.s 			page 12


 626 0087 00       		.byte	0
 627 0088 0A       		.uleb128 0xa
 628 0089 05       		.uleb128 0x5
 629 008a 00       		.byte	0
 630 008b 03       		.uleb128 0x3
 631 008c 0E       		.uleb128 0xe
 632 008d 3A       		.uleb128 0x3a
 633 008e 21       		.uleb128 0x21
 634 008f 01       		.sleb128 1
 635 0090 3B       		.uleb128 0x3b
 636 0091 0B       		.uleb128 0xb
 637 0092 39       		.uleb128 0x39
 638 0093 0B       		.uleb128 0xb
 639 0094 49       		.uleb128 0x49
 640 0095 13       		.uleb128 0x13
 641 0096 02       		.uleb128 0x2
 642 0097 18       		.uleb128 0x18
 643 0098 00       		.byte	0
 644 0099 00       		.byte	0
 645 009a 0B       		.uleb128 0xb
 646 009b 11       		.uleb128 0x11
 647 009c 01       		.byte	0x1
 648 009d 25       		.uleb128 0x25
 649 009e 0E       		.uleb128 0xe
 650 009f 13       		.uleb128 0x13
 651 00a0 0B       		.uleb128 0xb
 652 00a1 03       		.uleb128 0x3
 653 00a2 0E       		.uleb128 0xe
 654 00a3 1B       		.uleb128 0x1b
 655 00a4 0E       		.uleb128 0xe
 656 00a5 55       		.uleb128 0x55
 657 00a6 17       		.uleb128 0x17
 658 00a7 11       		.uleb128 0x11
 659 00a8 01       		.uleb128 0x1
 660 00a9 10       		.uleb128 0x10
 661 00aa 17       		.uleb128 0x17
 662 00ab 00       		.byte	0
 663 00ac 00       		.byte	0
 664 00ad 0C       		.uleb128 0xc
 665 00ae 24       		.uleb128 0x24
 666 00af 00       		.byte	0
 667 00b0 0B       		.uleb128 0xb
 668 00b1 0B       		.uleb128 0xb
 669 00b2 3E       		.uleb128 0x3e
 670 00b3 0B       		.uleb128 0xb
 671 00b4 03       		.uleb128 0x3
 672 00b5 08       		.uleb128 0x8
 673 00b6 00       		.byte	0
 674 00b7 00       		.byte	0
 675 00b8 0D       		.uleb128 0xd
 676 00b9 35       		.uleb128 0x35
 677 00ba 00       		.byte	0
 678 00bb 49       		.uleb128 0x49
 679 00bc 13       		.uleb128 0x13
 680 00bd 00       		.byte	0
 681 00be 00       		.byte	0
 682 00bf 0E       		.uleb128 0xe
ARM GAS  /tmp/ccLNn1oe.s 			page 13


 683 00c0 13       		.uleb128 0x13
 684 00c1 01       		.byte	0x1
 685 00c2 0B       		.uleb128 0xb
 686 00c3 0B       		.uleb128 0xb
 687 00c4 3A       		.uleb128 0x3a
 688 00c5 0B       		.uleb128 0xb
 689 00c6 3B       		.uleb128 0x3b
 690 00c7 05       		.uleb128 0x5
 691 00c8 39       		.uleb128 0x39
 692 00c9 0B       		.uleb128 0xb
 693 00ca 01       		.uleb128 0x1
 694 00cb 13       		.uleb128 0x13
 695 00cc 00       		.byte	0
 696 00cd 00       		.byte	0
 697 00ce 0F       		.uleb128 0xf
 698 00cf 0D       		.uleb128 0xd
 699 00d0 00       		.byte	0
 700 00d1 03       		.uleb128 0x3
 701 00d2 0E       		.uleb128 0xe
 702 00d3 3A       		.uleb128 0x3a
 703 00d4 0B       		.uleb128 0xb
 704 00d5 3B       		.uleb128 0x3b
 705 00d6 05       		.uleb128 0x5
 706 00d7 39       		.uleb128 0x39
 707 00d8 0B       		.uleb128 0xb
 708 00d9 49       		.uleb128 0x49
 709 00da 13       		.uleb128 0x13
 710 00db 38       		.uleb128 0x38
 711 00dc 0B       		.uleb128 0xb
 712 00dd 00       		.byte	0
 713 00de 00       		.byte	0
 714 00df 10       		.uleb128 0x10
 715 00e0 16       		.uleb128 0x16
 716 00e1 00       		.byte	0
 717 00e2 03       		.uleb128 0x3
 718 00e3 0E       		.uleb128 0xe
 719 00e4 3A       		.uleb128 0x3a
 720 00e5 0B       		.uleb128 0xb
 721 00e6 3B       		.uleb128 0x3b
 722 00e7 05       		.uleb128 0x5
 723 00e8 39       		.uleb128 0x39
 724 00e9 0B       		.uleb128 0xb
 725 00ea 49       		.uleb128 0x49
 726 00eb 13       		.uleb128 0x13
 727 00ec 00       		.byte	0
 728 00ed 00       		.byte	0
 729 00ee 11       		.uleb128 0x11
 730 00ef 04       		.uleb128 0x4
 731 00f0 01       		.byte	0x1
 732 00f1 3E       		.uleb128 0x3e
 733 00f2 0B       		.uleb128 0xb
 734 00f3 0B       		.uleb128 0xb
 735 00f4 0B       		.uleb128 0xb
 736 00f5 49       		.uleb128 0x49
 737 00f6 13       		.uleb128 0x13
 738 00f7 3A       		.uleb128 0x3a
 739 00f8 0B       		.uleb128 0xb
ARM GAS  /tmp/ccLNn1oe.s 			page 14


 740 00f9 3B       		.uleb128 0x3b
 741 00fa 0B       		.uleb128 0xb
 742 00fb 39       		.uleb128 0x39
 743 00fc 0B       		.uleb128 0xb
 744 00fd 01       		.uleb128 0x1
 745 00fe 13       		.uleb128 0x13
 746 00ff 00       		.byte	0
 747 0100 00       		.byte	0
 748 0101 12       		.uleb128 0x12
 749 0102 13       		.uleb128 0x13
 750 0103 01       		.byte	0x1
 751 0104 03       		.uleb128 0x3
 752 0105 0E       		.uleb128 0xe
 753 0106 0B       		.uleb128 0xb
 754 0107 0B       		.uleb128 0xb
 755 0108 3A       		.uleb128 0x3a
 756 0109 0B       		.uleb128 0xb
 757 010a 3B       		.uleb128 0x3b
 758 010b 0B       		.uleb128 0xb
 759 010c 39       		.uleb128 0x39
 760 010d 0B       		.uleb128 0xb
 761 010e 01       		.uleb128 0x1
 762 010f 13       		.uleb128 0x13
 763 0110 00       		.byte	0
 764 0111 00       		.byte	0
 765 0112 13       		.uleb128 0x13
 766 0113 13       		.uleb128 0x13
 767 0114 01       		.byte	0x1
 768 0115 0B       		.uleb128 0xb
 769 0116 0B       		.uleb128 0xb
 770 0117 3A       		.uleb128 0x3a
 771 0118 0B       		.uleb128 0xb
 772 0119 3B       		.uleb128 0x3b
 773 011a 0B       		.uleb128 0xb
 774 011b 39       		.uleb128 0x39
 775 011c 0B       		.uleb128 0xb
 776 011d 01       		.uleb128 0x1
 777 011e 13       		.uleb128 0x13
 778 011f 00       		.byte	0
 779 0120 00       		.byte	0
 780 0121 14       		.uleb128 0x14
 781 0122 34       		.uleb128 0x34
 782 0123 00       		.byte	0
 783 0124 03       		.uleb128 0x3
 784 0125 0E       		.uleb128 0xe
 785 0126 3A       		.uleb128 0x3a
 786 0127 0B       		.uleb128 0xb
 787 0128 3B       		.uleb128 0x3b
 788 0129 0B       		.uleb128 0xb
 789 012a 39       		.uleb128 0x39
 790 012b 0B       		.uleb128 0xb
 791 012c 49       		.uleb128 0x49
 792 012d 13       		.uleb128 0x13
 793 012e 3F       		.uleb128 0x3f
 794 012f 19       		.uleb128 0x19
 795 0130 3C       		.uleb128 0x3c
 796 0131 19       		.uleb128 0x19
ARM GAS  /tmp/ccLNn1oe.s 			page 15


 797 0132 00       		.byte	0
 798 0133 00       		.byte	0
 799 0134 15       		.uleb128 0x15
 800 0135 34       		.uleb128 0x34
 801 0136 00       		.byte	0
 802 0137 47       		.uleb128 0x47
 803 0138 13       		.uleb128 0x13
 804 0139 3A       		.uleb128 0x3a
 805 013a 0B       		.uleb128 0xb
 806 013b 3B       		.uleb128 0x3b
 807 013c 0B       		.uleb128 0xb
 808 013d 39       		.uleb128 0x39
 809 013e 0B       		.uleb128 0xb
 810 013f 02       		.uleb128 0x2
 811 0140 18       		.uleb128 0x18
 812 0141 00       		.byte	0
 813 0142 00       		.byte	0
 814 0143 16       		.uleb128 0x16
 815 0144 34       		.uleb128 0x34
 816 0145 00       		.byte	0
 817 0146 03       		.uleb128 0x3
 818 0147 0E       		.uleb128 0xe
 819 0148 49       		.uleb128 0x49
 820 0149 13       		.uleb128 0x13
 821 014a 34       		.uleb128 0x34
 822 014b 19       		.uleb128 0x19
 823 014c 00       		.byte	0
 824 014d 00       		.byte	0
 825 014e 17       		.uleb128 0x17
 826 014f 01       		.uleb128 0x1
 827 0150 01       		.byte	0x1
 828 0151 49       		.uleb128 0x49
 829 0152 13       		.uleb128 0x13
 830 0153 01       		.uleb128 0x1
 831 0154 13       		.uleb128 0x13
 832 0155 00       		.byte	0
 833 0156 00       		.byte	0
 834 0157 18       		.uleb128 0x18
 835 0158 21       		.uleb128 0x21
 836 0159 00       		.byte	0
 837 015a 49       		.uleb128 0x49
 838 015b 13       		.uleb128 0x13
 839 015c 2F       		.uleb128 0x2f
 840 015d 0B       		.uleb128 0xb
 841 015e 00       		.byte	0
 842 015f 00       		.byte	0
 843 0160 19       		.uleb128 0x19
 844 0161 2E       		.uleb128 0x2e
 845 0162 00       		.byte	0
 846 0163 3F       		.uleb128 0x3f
 847 0164 19       		.uleb128 0x19
 848 0165 03       		.uleb128 0x3
 849 0166 0E       		.uleb128 0xe
 850 0167 3A       		.uleb128 0x3a
 851 0168 0B       		.uleb128 0xb
 852 0169 3B       		.uleb128 0x3b
 853 016a 0B       		.uleb128 0xb
ARM GAS  /tmp/ccLNn1oe.s 			page 16


 854 016b 39       		.uleb128 0x39
 855 016c 0B       		.uleb128 0xb
 856 016d 27       		.uleb128 0x27
 857 016e 19       		.uleb128 0x19
 858 016f 11       		.uleb128 0x11
 859 0170 01       		.uleb128 0x1
 860 0171 12       		.uleb128 0x12
 861 0172 06       		.uleb128 0x6
 862 0173 40       		.uleb128 0x40
 863 0174 18       		.uleb128 0x18
 864 0175 7A       		.uleb128 0x7a
 865 0176 19       		.uleb128 0x19
 866 0177 00       		.byte	0
 867 0178 00       		.byte	0
 868 0179 00       		.byte	0
 869              		.section	.debug_aranges,"",%progbits
 870 0000 34000000 		.4byte	0x34
 871 0004 0200     		.2byte	0x2
 872 0006 00000000 		.4byte	.Ldebug_info0
 873 000a 04       		.byte	0x4
 874 000b 00       		.byte	0
 875 000c 0000     		.2byte	0
 876 000e 0000     		.2byte	0
 877 0010 00000000 		.4byte	.LFB233
 878 0014 14000000 		.4byte	.LFE233-.LFB233
 879 0018 00000000 		.4byte	.LFB234
 880 001c 30000000 		.4byte	.LFE234-.LFB234
 881 0020 00000000 		.4byte	.LFB235
 882 0024 02000000 		.4byte	.LFE235-.LFB235
 883 0028 00000000 		.4byte	.LFB236
 884 002c 0A000000 		.4byte	.LFE236-.LFB236
 885 0030 00000000 		.4byte	0
 886 0034 00000000 		.4byte	0
 887              		.section	.debug_rnglists,"",%progbits
 888              	.Ldebug_ranges0:
 889 0000 21000000 		.4byte	.Ldebug_ranges3-.Ldebug_ranges2
 890              	.Ldebug_ranges2:
 891 0004 0500     		.2byte	0x5
 892 0006 04       		.byte	0x4
 893 0007 00       		.byte	0
 894 0008 00000000 		.4byte	0
 895              	.LLRL0:
 896 000c 07       		.byte	0x7
 897 000d 00000000 		.4byte	.LFB233
 898 0011 14       		.uleb128 .LFE233-.LFB233
 899 0012 07       		.byte	0x7
 900 0013 00000000 		.4byte	.LFB234
 901 0017 30       		.uleb128 .LFE234-.LFB234
 902 0018 07       		.byte	0x7
 903 0019 00000000 		.4byte	.LFB235
 904 001d 02       		.uleb128 .LFE235-.LFB235
 905 001e 07       		.byte	0x7
 906 001f 00000000 		.4byte	.LFB236
 907 0023 0A       		.uleb128 .LFE236-.LFB236
 908 0024 00       		.byte	0
 909              	.Ldebug_ranges3:
 910              		.section	.debug_line,"",%progbits
ARM GAS  /tmp/ccLNn1oe.s 			page 17


 911              	.Ldebug_line0:
 912 0000 E0010000 		.section	.debug_str,"MS",%progbits,1
 912      0300FB00 
 912      00000201 
 912      FB0E0D00 
 912      01010101 
 913              	.LASF1:
 914 0000 6C6F6E67 		.ascii	"long long int\000"
 914      206C6F6E 
 914      6720696E 
 914      7400
 915              	.LASF12:
 916 000e 57494E52 		.ascii	"WINR\000"
 916      00
 917              	.LASF8:
 918 0013 73697A65 		.ascii	"size_t\000"
 918      5F7400
 919              	.LASF21:
 920 001a 73746174 		.ascii	"state\000"
 920      6500
 921              	.LASF13:
 922 0020 49574447 		.ascii	"IWDG_TypeDef\000"
 922      5F547970 
 922      65446566 
 922      00
 923              	.LASF24:
 924 002d 57444743 		.ascii	"WDGConfig\000"
 924      6F6E6669 
 924      6700
 925              	.LASF25:
 926 0037 7764675F 		.ascii	"wdg_lld_reset\000"
 926      6C6C645F 
 926      72657365 
 926      7400
 927              	.LASF33:
 928 0045 5F5F6675 		.ascii	"__func__\000"
 928      6E635F5F 
 928      00
 929              	.LASF28:
 930 004e 7764675F 		.ascii	"wdg_lld_start\000"
 930      6C6C645F 
 930      73746172 
 930      7400
 931              	.LASF11:
 932 005c 6C6F6E67 		.ascii	"long long unsigned int\000"
 932      206C6F6E 
 932      6720756E 
 932      7369676E 
 932      65642069 
 933              	.LASF19:
 934 0073 77646773 		.ascii	"wdgstate_t\000"
 934      74617465 
 934      5F7400
 935              	.LASF6:
 936 007e 756E7369 		.ascii	"unsigned char\000"
 936      676E6564 
 936      20636861 
ARM GAS  /tmp/ccLNn1oe.s 			page 18


 936      7200
 937              	.LASF16:
 938 008c 5744475F 		.ascii	"WDG_UNINIT\000"
 938      554E494E 
 938      495400
 939              	.LASF10:
 940 0097 6C6F6E67 		.ascii	"long unsigned int\000"
 940      20756E73 
 940      69676E65 
 940      6420696E 
 940      7400
 941              	.LASF7:
 942 00a9 73686F72 		.ascii	"short unsigned int\000"
 942      7420756E 
 942      7369676E 
 942      65642069 
 942      6E7400
 943              	.LASF32:
 944 00bc 57444744 		.ascii	"WDGD1\000"
 944      3100
 945              	.LASF22:
 946 00c2 636F6E66 		.ascii	"config\000"
 946      696700
 947              	.LASF27:
 948 00c9 77646770 		.ascii	"wdgp\000"
 948      00
 949              	.LASF31:
 950 00ce 2F776F72 		.ascii	"/workspaces/tinySA\000"
 950      6B737061 
 950      6365732F 
 950      74696E79 
 950      534100
 951              	.LASF0:
 952 00e1 756E7369 		.ascii	"unsigned int\000"
 952      676E6564 
 952      20696E74 
 952      00
 953              	.LASF26:
 954 00ee 7764675F 		.ascii	"wdg_lld_stop\000"
 954      6C6C645F 
 954      73746F70 
 954      00
 955              	.LASF14:
 956 00fb 63686172 		.ascii	"char\000"
 956      00
 957              	.LASF18:
 958 0100 5744475F 		.ascii	"WDG_READY\000"
 958      52454144 
 958      5900
 959              	.LASF4:
 960 010a 73686F72 		.ascii	"short int\000"
 960      7420696E 
 960      7400
 961              	.LASF34:
 962 0114 7764675F 		.ascii	"wdg_lld_init\000"
 962      6C6C645F 
 962      696E6974 
ARM GAS  /tmp/ccLNn1oe.s 			page 19


 962      00
 963              	.LASF30:
 964 0121 43686962 		.ascii	"ChibiOS/os/hal/ports/STM32/LLD/xWDGv1/hal_wdg_lld.c"
 964      694F532F 
 964      6F732F68 
 964      616C2F70 
 964      6F727473 
 965 0154 00       		.ascii	"\000"
 966              	.LASF20:
 967 0155 57444744 		.ascii	"WDGDriver\000"
 967      72697665 
 967      7200
 968              	.LASF9:
 969 015f 75696E74 		.ascii	"uint32_t\000"
 969      33325F74 
 969      00
 970              	.LASF5:
 971 0168 6C6F6E67 		.ascii	"long int\000"
 971      20696E74 
 971      00
 972              	.LASF29:
 973 0171 474E5520 		.ascii	"GNU C11 13.2.1 20231009 -mcpu=cortex-m4 -mfloat-abi"
 973      43313120 
 973      31332E32 
 973      2E312032 
 973      30323331 
 974 01a4 3D686172 		.ascii	"=hard -mfpu=fpv4-sp-d16 -mno-thumb-interwork -mthum"
 974      64202D6D 
 974      6670753D 
 974      66707634 
 974      2D73702D 
 975 01d7 62202D6D 		.ascii	"b -march=armv7e-m+fp -ggdb -Og -std=c11 -fno-inline"
 975      61726368 
 975      3D61726D 
 975      7637652D 
 975      6D2B6670 
 976 020a 2D736D61 		.ascii	"-small-functions -fomit-frame-pointer -falign-funct"
 976      6C6C2D66 
 976      756E6374 
 976      696F6E73 
 976      202D666F 
 977 023d 696F6E73 		.ascii	"ions=16 -fstack-usage -ffunction-sections -fdata-se"
 977      3D313620 
 977      2D667374 
 977      61636B2D 
 977      75736167 
 978 0270 6374696F 		.ascii	"ctions -fno-common -fsingle-precision-constant\000"
 978      6E73202D 
 978      666E6F2D 
 978      636F6D6D 
 978      6F6E202D 
 979              	.LASF2:
 980 029f 6C6F6E67 		.ascii	"long double\000"
 980      20646F75 
 980      626C6500 
 981              	.LASF3:
 982 02ab 7369676E 		.ascii	"signed char\000"
ARM GAS  /tmp/ccLNn1oe.s 			page 20


 982      65642063 
 982      68617200 
 983              	.LASF23:
 984 02b7 77696E72 		.ascii	"winr\000"
 984      00
 985              	.LASF15:
 986 02bc 5F426F6F 		.ascii	"_Bool\000"
 986      6C00
 987              	.LASF17:
 988 02c2 5744475F 		.ascii	"WDG_STOP\000"
 988      53544F50 
 988      00
 989              		.ident	"GCC: (15:13.2.rel1-2) 13.2.1 20231009"
ARM GAS  /tmp/ccLNn1oe.s 			page 21


DEFINED SYMBOLS
                            *ABS*:00000000 hal_wdg_lld.c
     /tmp/ccLNn1oe.s:21     .text.wdg_lld_init:00000000 $t
     /tmp/ccLNn1oe.s:28     .text.wdg_lld_init:00000000 wdg_lld_init
     /tmp/ccLNn1oe.s:49     .text.wdg_lld_init:0000000c $d
     /tmp/ccLNn1oe.s:178    .bss.WDGD1:00000000 WDGD1
     /tmp/ccLNn1oe.s:55     .text.wdg_lld_start:00000000 $t
     /tmp/ccLNn1oe.s:62     .text.wdg_lld_start:00000000 wdg_lld_start
     /tmp/ccLNn1oe.s:123    .text.wdg_lld_stop:00000000 $t
     /tmp/ccLNn1oe.s:130    .text.wdg_lld_stop:00000000 wdg_lld_stop
     /tmp/ccLNn1oe.s:147    .text.wdg_lld_reset:00000000 $t
     /tmp/ccLNn1oe.s:154    .text.wdg_lld_reset:00000000 wdg_lld_reset
     /tmp/ccLNn1oe.s:175    .bss.WDGD1:00000000 $d

NO UNDEFINED SYMBOLS
