ARM GAS  /tmp/ccOjajIP.s 			page 1


   1              		.cpu cortex-m4
   2              		.arch armv7e-m
   3              		.fpu fpv4-sp-d16
   4              		.eabi_attribute 27, 1
   5              		.eabi_attribute 28, 1
   6              		.eabi_attribute 20, 1
   7              		.eabi_attribute 21, 1
   8              		.eabi_attribute 23, 3
   9              		.eabi_attribute 24, 1
  10              		.eabi_attribute 25, 1
  11              		.eabi_attribute 26, 1
  12              		.eabi_attribute 30, 1
  13              		.eabi_attribute 34, 1
  14              		.eabi_attribute 18, 4
  15              		.file	"hal_wdg.c"
  16              		.text
  17              	.Ltext0:
  18              		.cfi_sections	.debug_frame
  19              		.file 1 "ChibiOS/os/hal/src/hal_wdg.c"
  20              		.section	.text.wdgInit,"ax",%progbits
  21              		.align	1
  22              		.p2align 4,,15
  23              		.global	wdgInit
  24              		.syntax unified
  25              		.thumb
  26              		.thumb_func
  27              		.type	wdgInit, %function
  28              	wdgInit:
  29              	.LFB233:
  30              		.loc 1 56 20 view -0
  31              		.cfi_startproc
  32              		@ args = 0, pretend = 0, frame = 0
  33              		@ frame_needed = 0, uses_anonymous_args = 0
  34 0000 08B5     		push	{r3, lr}
  35              		.cfi_def_cfa_offset 8
  36              		.cfi_offset 3, -8
  37              		.cfi_offset 14, -4
  38              		.loc 1 58 3 view .LVU1
  39 0002 FFF7FEFF 		bl	wdg_lld_init
  40              	.LVL0:
  41              		.loc 1 59 1 is_stmt 0 view .LVU2
  42 0006 08BD     		pop	{r3, pc}
  43              		.cfi_endproc
  44              	.LFE233:
  45              		.size	wdgInit, .-wdgInit
  46              		.section	.text.wdgStart,"ax",%progbits
  47              		.align	1
  48              		.p2align 4,,15
  49              		.global	wdgStart
  50              		.syntax unified
  51              		.thumb
  52              		.thumb_func
  53              		.type	wdgStart, %function
  54              	wdgStart:
  55              	.LVL1:
  56              	.LFB234:
  57              		.loc 1 69 57 is_stmt 1 view -0
ARM GAS  /tmp/ccOjajIP.s 			page 2


  58              		.cfi_startproc
  59              		@ args = 0, pretend = 0, frame = 0
  60              		@ frame_needed = 0, uses_anonymous_args = 0
  61              		.loc 1 69 57 is_stmt 0 view .LVU4
  62 0000 10B5     		push	{r4, lr}
  63              		.cfi_def_cfa_offset 8
  64              		.cfi_offset 4, -8
  65              		.cfi_offset 14, -4
  66 0002 0446     		mov	r4, r0
  67              		.loc 1 71 3 is_stmt 1 view .LVU5
  68              		.loc 1 71 3 view .LVU6
  69              		.loc 1 71 3 discriminator 7 view .LVU7
  70              		.loc 1 73 3 view .LVU8
  71              	.LBB63:
  72              	.LBI63:
  73              		.file 2 "ChibiOS/os/hal/osal/rt/osal.h"
  74              		.loc 2 491 20 view .LVU9
  75              		.loc 2 493 3 view .LVU10
  76              	.LBB64:
  77              	.LBI64:
  78              		.file 3 "ChibiOS/os/rt/include/chsys.h"
  79              		.loc 3 374 20 view .LVU11
  80              		.loc 3 376 3 view .LVU12
  81              	.LBB65:
  82              	.LBI65:
  83              		.file 4 "ChibiOS/os/common/ports/ARMCMx/chcore_v7m.h"
  84              		.loc 4 604 20 view .LVU13
  85              		.loc 4 612 3 view .LVU14
  86              	.LVL2:
  87              	.LBB66:
  88              	.LBI66:
  89              		.file 5 "ChibiOS/os/common/ext/CMSIS/include/core_cmFunc.h"
  90              		.loc 5 546 57 view .LVU15
  91              	.LBB67:
  92              		.loc 5 548 3 view .LVU16
  93 0004 2023     		movs	r3, #32
  94              		.syntax unified
  95              	@ 548 "ChibiOS/os/common/ext/CMSIS/include/core_cmFunc.h" 1
  96 0006 83F31188 		MSR basepri, r3
  97              	@ 0 "" 2
  98              	.LVL3:
  99              		.loc 5 548 3 is_stmt 0 view .LVU17
 100              		.thumb
 101              		.syntax unified
 102              	.LBE67:
 103              	.LBE66:
 104              	.LBE65:
 105              		.loc 3 377 34 is_stmt 1 view .LVU18
 106              		.loc 3 378 20 view .LVU19
 107              	.LBE64:
 108              	.LBE63:
 109              		.loc 1 74 3 view .LVU20
 110              		.loc 1 74 3 view .LVU21
 111              		.loc 1 74 3 discriminator 5 view .LVU22
 112              		.loc 1 76 3 view .LVU23
 113              		.loc 1 76 16 is_stmt 0 view .LVU24
 114 000a 4160     		str	r1, [r0, #4]
ARM GAS  /tmp/ccOjajIP.s 			page 3


 115              		.loc 1 77 3 is_stmt 1 view .LVU25
 116 000c FFF7FEFF 		bl	wdg_lld_start
 117              	.LVL4:
 118              		.loc 1 78 3 view .LVU26
 119              		.loc 1 78 15 is_stmt 0 view .LVU27
 120 0010 0223     		movs	r3, #2
 121 0012 2370     		strb	r3, [r4]
 122              		.loc 1 79 3 is_stmt 1 view .LVU28
 123              	.LBB68:
 124              	.LBI68:
 125              		.loc 2 502 20 view .LVU29
 126              		.loc 2 504 3 view .LVU30
 127              	.LBB69:
 128              	.LBI69:
 129              		.loc 3 386 20 view .LVU31
 130              	.LBB70:
 131              		.loc 3 388 22 view .LVU32
 132              		.loc 3 389 33 view .LVU33
 133              		.loc 3 395 3 view .LVU34
 134              		.loc 3 395 3 view .LVU35
 135              		.loc 3 395 3 discriminator 7 view .LVU36
 136              		.loc 3 399 3 view .LVU37
 137              	.LBB71:
 138              	.LBI71:
 139              		.loc 4 628 20 view .LVU38
 140              		.loc 4 631 3 view .LVU39
 141              	.LVL5:
 142              	.LBB72:
 143              	.LBI72:
 144              		.loc 5 546 57 view .LVU40
 145              	.LBB73:
 146              		.loc 5 548 3 view .LVU41
 147 0014 0023     		movs	r3, #0
 148              		.syntax unified
 149              	@ 548 "ChibiOS/os/common/ext/CMSIS/include/core_cmFunc.h" 1
 150 0016 83F31188 		MSR basepri, r3
 151              	@ 0 "" 2
 152              	.LVL6:
 153              		.loc 5 548 3 is_stmt 0 view .LVU42
 154              		.thumb
 155              		.syntax unified
 156              	.LBE73:
 157              	.LBE72:
 158              	.LBE71:
 159              	.LBE70:
 160              	.LBE69:
 161              	.LBE68:
 162              		.loc 1 80 1 view .LVU43
 163 001a 10BD     		pop	{r4, pc}
 164              		.loc 1 80 1 view .LVU44
 165              		.cfi_endproc
 166              	.LFE234:
 167              		.size	wdgStart, .-wdgStart
 168              		.section	.text.wdgStop,"ax",%progbits
 169              		.align	1
 170              		.p2align 4,,15
 171              		.global	wdgStop
ARM GAS  /tmp/ccOjajIP.s 			page 4


 172              		.syntax unified
 173              		.thumb
 174              		.thumb_func
 175              		.type	wdgStop, %function
 176              	wdgStop:
 177              	.LVL7:
 178              	.LFB235:
 179              		.loc 1 89 31 is_stmt 1 view -0
 180              		.cfi_startproc
 181              		@ args = 0, pretend = 0, frame = 0
 182              		@ frame_needed = 0, uses_anonymous_args = 0
 183              		.loc 1 89 31 is_stmt 0 view .LVU46
 184 0000 10B5     		push	{r4, lr}
 185              		.cfi_def_cfa_offset 8
 186              		.cfi_offset 4, -8
 187              		.cfi_offset 14, -4
 188 0002 0446     		mov	r4, r0
 189              		.loc 1 91 3 is_stmt 1 view .LVU47
 190              		.loc 1 91 3 view .LVU48
 191              		.loc 1 91 3 discriminator 5 view .LVU49
 192              		.loc 1 93 3 view .LVU50
 193              	.LBB74:
 194              	.LBI74:
 195              		.loc 2 491 20 view .LVU51
 196              		.loc 2 493 3 view .LVU52
 197              	.LBB75:
 198              	.LBI75:
 199              		.loc 3 374 20 view .LVU53
 200              		.loc 3 376 3 view .LVU54
 201              	.LBB76:
 202              	.LBI76:
 203              		.loc 4 604 20 view .LVU55
 204              		.loc 4 612 3 view .LVU56
 205              	.LVL8:
 206              	.LBB77:
 207              	.LBI77:
 208              		.loc 5 546 57 view .LVU57
 209              	.LBB78:
 210              		.loc 5 548 3 view .LVU58
 211 0004 2023     		movs	r3, #32
 212              		.syntax unified
 213              	@ 548 "ChibiOS/os/common/ext/CMSIS/include/core_cmFunc.h" 1
 214 0006 83F31188 		MSR basepri, r3
 215              	@ 0 "" 2
 216              	.LVL9:
 217              		.loc 5 548 3 is_stmt 0 view .LVU59
 218              		.thumb
 219              		.syntax unified
 220              	.LBE78:
 221              	.LBE77:
 222              	.LBE76:
 223              		.loc 3 377 34 is_stmt 1 view .LVU60
 224              		.loc 3 378 20 view .LVU61
 225              	.LBE75:
 226              	.LBE74:
 227              		.loc 1 94 3 view .LVU62
 228              		.loc 1 94 3 view .LVU63
ARM GAS  /tmp/ccOjajIP.s 			page 5


 229              		.loc 1 94 3 discriminator 5 view .LVU64
 230              		.loc 1 96 3 view .LVU65
 231 000a FFF7FEFF 		bl	wdg_lld_stop
 232              	.LVL10:
 233              		.loc 1 97 3 view .LVU66
 234              		.loc 1 97 15 is_stmt 0 view .LVU67
 235 000e 0123     		movs	r3, #1
 236 0010 2370     		strb	r3, [r4]
 237              		.loc 1 98 3 is_stmt 1 view .LVU68
 238              	.LBB79:
 239              	.LBI79:
 240              		.loc 2 502 20 view .LVU69
 241              		.loc 2 504 3 view .LVU70
 242              	.LBB80:
 243              	.LBI80:
 244              		.loc 3 386 20 view .LVU71
 245              	.LBB81:
 246              		.loc 3 388 22 view .LVU72
 247              		.loc 3 389 33 view .LVU73
 248              		.loc 3 395 3 view .LVU74
 249              		.loc 3 395 3 view .LVU75
 250              		.loc 3 395 3 discriminator 7 view .LVU76
 251              		.loc 3 399 3 view .LVU77
 252              	.LBB82:
 253              	.LBI82:
 254              		.loc 4 628 20 view .LVU78
 255              		.loc 4 631 3 view .LVU79
 256              	.LVL11:
 257              	.LBB83:
 258              	.LBI83:
 259              		.loc 5 546 57 view .LVU80
 260              	.LBB84:
 261              		.loc 5 548 3 view .LVU81
 262 0012 0023     		movs	r3, #0
 263              		.syntax unified
 264              	@ 548 "ChibiOS/os/common/ext/CMSIS/include/core_cmFunc.h" 1
 265 0014 83F31188 		MSR basepri, r3
 266              	@ 0 "" 2
 267              	.LVL12:
 268              		.loc 5 548 3 is_stmt 0 view .LVU82
 269              		.thumb
 270              		.syntax unified
 271              	.LBE84:
 272              	.LBE83:
 273              	.LBE82:
 274              	.LBE81:
 275              	.LBE80:
 276              	.LBE79:
 277              		.loc 1 99 1 view .LVU83
 278 0018 10BD     		pop	{r4, pc}
 279              		.loc 1 99 1 view .LVU84
 280              		.cfi_endproc
 281              	.LFE235:
 282              		.size	wdgStop, .-wdgStop
 283 001a 00BF     		.section	.text.wdgReset,"ax",%progbits
 284              		.align	1
 285              		.p2align 4,,15
ARM GAS  /tmp/ccOjajIP.s 			page 6


 286              		.global	wdgReset
 287              		.syntax unified
 288              		.thumb
 289              		.thumb_func
 290              		.type	wdgReset, %function
 291              	wdgReset:
 292              	.LVL13:
 293              	.LFB236:
 294              		.loc 1 108 32 is_stmt 1 view -0
 295              		.cfi_startproc
 296              		@ args = 0, pretend = 0, frame = 0
 297              		@ frame_needed = 0, uses_anonymous_args = 0
 298              		.loc 1 108 32 is_stmt 0 view .LVU86
 299 0000 08B5     		push	{r3, lr}
 300              		.cfi_def_cfa_offset 8
 301              		.cfi_offset 3, -8
 302              		.cfi_offset 14, -4
 303              		.loc 1 110 3 is_stmt 1 view .LVU87
 304              		.loc 1 110 3 view .LVU88
 305              		.loc 1 110 3 discriminator 5 view .LVU89
 306              		.loc 1 112 3 view .LVU90
 307              	.LBB85:
 308              	.LBI85:
 309              		.loc 2 491 20 view .LVU91
 310              		.loc 2 493 3 view .LVU92
 311              	.LBB86:
 312              	.LBI86:
 313              		.loc 3 374 20 view .LVU93
 314              		.loc 3 376 3 view .LVU94
 315              	.LBB87:
 316              	.LBI87:
 317              		.loc 4 604 20 view .LVU95
 318              		.loc 4 612 3 view .LVU96
 319              	.LVL14:
 320              	.LBB88:
 321              	.LBI88:
 322              		.loc 5 546 57 view .LVU97
 323              	.LBB89:
 324              		.loc 5 548 3 view .LVU98
 325 0002 2023     		movs	r3, #32
 326              		.syntax unified
 327              	@ 548 "ChibiOS/os/common/ext/CMSIS/include/core_cmFunc.h" 1
 328 0004 83F31188 		MSR basepri, r3
 329              	@ 0 "" 2
 330              	.LVL15:
 331              		.loc 5 548 3 is_stmt 0 view .LVU99
 332              		.thumb
 333              		.syntax unified
 334              	.LBE89:
 335              	.LBE88:
 336              	.LBE87:
 337              		.loc 3 377 34 is_stmt 1 view .LVU100
 338              		.loc 3 378 20 view .LVU101
 339              	.LBE86:
 340              	.LBE85:
 341              		.loc 1 113 3 view .LVU102
 342              		.loc 1 113 3 view .LVU103
ARM GAS  /tmp/ccOjajIP.s 			page 7


 343              		.loc 1 113 3 discriminator 5 view .LVU104
 344              		.loc 1 114 3 view .LVU105
 345 0008 FFF7FEFF 		bl	wdg_lld_reset
 346              	.LVL16:
 347              		.loc 1 115 3 view .LVU106
 348              	.LBB90:
 349              	.LBI90:
 350              		.loc 2 502 20 view .LVU107
 351              		.loc 2 504 3 view .LVU108
 352              	.LBB91:
 353              	.LBI91:
 354              		.loc 3 386 20 view .LVU109
 355              	.LBB92:
 356              		.loc 3 388 22 view .LVU110
 357              		.loc 3 389 33 view .LVU111
 358              		.loc 3 395 3 view .LVU112
 359              		.loc 3 395 3 view .LVU113
 360              		.loc 3 395 3 discriminator 7 view .LVU114
 361              		.loc 3 399 3 view .LVU115
 362              	.LBB93:
 363              	.LBI93:
 364              		.loc 4 628 20 view .LVU116
 365              		.loc 4 631 3 view .LVU117
 366              	.LBB94:
 367              	.LBI94:
 368              		.loc 5 546 57 view .LVU118
 369              	.LBB95:
 370              		.loc 5 548 3 view .LVU119
 371 000c 0023     		movs	r3, #0
 372              		.syntax unified
 373              	@ 548 "ChibiOS/os/common/ext/CMSIS/include/core_cmFunc.h" 1
 374 000e 83F31188 		MSR basepri, r3
 375              	@ 0 "" 2
 376              	.LVL17:
 377              		.loc 5 548 3 is_stmt 0 view .LVU120
 378              		.thumb
 379              		.syntax unified
 380              	.LBE95:
 381              	.LBE94:
 382              	.LBE93:
 383              	.LBE92:
 384              	.LBE91:
 385              	.LBE90:
 386              		.loc 1 116 1 view .LVU121
 387 0012 08BD     		pop	{r3, pc}
 388              		.cfi_endproc
 389              	.LFE236:
 390              		.size	wdgReset, .-wdgReset
 391              		.text
 392              	.Letext0:
 393              		.file 6 "/usr/lib/gcc/arm-none-eabi/13.2.1/include/stdint.h"
 394              		.file 7 "ChibiOS/os/common/ports/ARMCMx/compilers/GCC/chtypes.h"
 395              		.file 8 "ChibiOS/os/rt/include/chsystypes.h"
 396              		.file 9 "ChibiOS/os/rt/include/chschd.h"
 397              		.file 10 "ChibiOS/os/common/ext/CMSIS/ST/STM32F3xx/stm32f303xc.h"
 398              		.file 11 "ChibiOS/os/common/ports/ARMCMx/chcore.h"
 399              		.file 12 "ChibiOS/os/hal/include/hal_wdg.h"
ARM GAS  /tmp/ccOjajIP.s 			page 8


 400              		.file 13 "ChibiOS/os/hal/ports/STM32/LLD/xWDGv1/hal_wdg_lld.h"
 401              		.section	.debug_info,"",%progbits
 402              	.Ldebug_info0:
 403 0000 42090000 		.4byte	0x942
 404 0004 0500     		.2byte	0x5
 405 0006 01       		.byte	0x1
 406 0007 04       		.byte	0x4
 407 0008 00000000 		.4byte	.Ldebug_abbrev0
 408 000c 19       		.uleb128 0x19
 409 000d F8020000 		.4byte	.LASF72
 410 0011 1D       		.byte	0x1d
 411 0012 09000000 		.4byte	.LASF73
 412 0016 52010000 		.4byte	.LASF74
 413 001a 0C000000 		.4byte	.LLRL10
 414 001e 00000000 		.4byte	0
 415 0022 00000000 		.4byte	.Ldebug_line0
 416 0026 05       		.uleb128 0x5
 417 0027 08       		.byte	0x8
 418 0028 07       		.byte	0x7
 419 0029 2A010000 		.4byte	.LASF0
 420 002d 05       		.uleb128 0x5
 421 002e 04       		.byte	0x4
 422 002f 07       		.byte	0x7
 423 0030 B9010000 		.4byte	.LASF1
 424 0034 1A       		.uleb128 0x1a
 425 0035 04       		.byte	0x4
 426 0036 05       		.byte	0x5
 427 0037 696E7400 		.ascii	"int\000"
 428 003b 05       		.uleb128 0x5
 429 003c 08       		.byte	0x8
 430 003d 05       		.byte	0x5
 431 003e 1C010000 		.4byte	.LASF2
 432 0042 05       		.uleb128 0x5
 433 0043 08       		.byte	0x8
 434 0044 04       		.byte	0x4
 435 0045 05010000 		.4byte	.LASF3
 436 0049 05       		.uleb128 0x5
 437 004a 01       		.byte	0x1
 438 004b 06       		.byte	0x6
 439 004c 9E010000 		.4byte	.LASF4
 440 0050 05       		.uleb128 0x5
 441 0051 02       		.byte	0x2
 442 0052 05       		.byte	0x5
 443 0053 A0000000 		.4byte	.LASF5
 444 0057 02       		.uleb128 0x2
 445 0058 01020000 		.4byte	.LASF7
 446 005c 06       		.byte	0x6
 447 005d 28       		.byte	0x28
 448 005e 18       		.byte	0x18
 449 005f 63000000 		.4byte	0x63
 450 0063 05       		.uleb128 0x5
 451 0064 04       		.byte	0x4
 452 0065 05       		.byte	0x5
 453 0066 49010000 		.4byte	.LASF6
 454 006a 02       		.uleb128 0x2
 455 006b C2000000 		.4byte	.LASF8
 456 006f 06       		.byte	0x6
ARM GAS  /tmp/ccOjajIP.s 			page 9


 457 0070 2E       		.byte	0x2e
 458 0071 18       		.byte	0x18
 459 0072 76000000 		.4byte	0x76
 460 0076 05       		.uleb128 0x5
 461 0077 01       		.byte	0x1
 462 0078 08       		.byte	0x8
 463 0079 87010000 		.4byte	.LASF9
 464 007d 05       		.uleb128 0x5
 465 007e 02       		.byte	0x2
 466 007f 07       		.byte	0x7
 467 0080 DF010000 		.4byte	.LASF10
 468 0084 02       		.uleb128 0x2
 469 0085 B0010000 		.4byte	.LASF11
 470 0089 06       		.byte	0x6
 471 008a 34       		.byte	0x34
 472 008b 19       		.byte	0x19
 473 008c 95000000 		.4byte	0x95
 474 0090 1B       		.uleb128 0x1b
 475 0091 84000000 		.4byte	0x84
 476 0095 05       		.uleb128 0x5
 477 0096 04       		.byte	0x4
 478 0097 07       		.byte	0x7
 479 0098 29020000 		.4byte	.LASF12
 480 009c 02       		.uleb128 0x2
 481 009d 3F000000 		.4byte	.LASF13
 482 00a1 06       		.byte	0x6
 483 00a2 37       		.byte	0x37
 484 00a3 19       		.byte	0x19
 485 00a4 26000000 		.4byte	0x26
 486 00a8 02       		.uleb128 0x2
 487 00a9 88000000 		.4byte	.LASF14
 488 00ad 07       		.byte	0x7
 489 00ae 3C       		.byte	0x3c
 490 00af 1D       		.byte	0x1d
 491 00b0 6A000000 		.4byte	0x6a
 492 00b4 02       		.uleb128 0x2
 493 00b5 9F020000 		.4byte	.LASF15
 494 00b9 07       		.byte	0x7
 495 00ba 3D       		.byte	0x3d
 496 00bb 1D       		.byte	0x1d
 497 00bc 6A000000 		.4byte	0x6a
 498 00c0 02       		.uleb128 0x2
 499 00c1 26000000 		.4byte	.LASF16
 500 00c5 07       		.byte	0x7
 501 00c6 3E       		.byte	0x3e
 502 00c7 1D       		.byte	0x1d
 503 00c8 6A000000 		.4byte	0x6a
 504 00cc 02       		.uleb128 0x2
 505 00cd 41010000 		.4byte	.LASF17
 506 00d1 07       		.byte	0x7
 507 00d2 40       		.byte	0x40
 508 00d3 1D       		.byte	0x1d
 509 00d4 84000000 		.4byte	0x84
 510 00d8 02       		.uleb128 0x2
 511 00d9 2B040000 		.4byte	.LASF18
 512 00dd 07       		.byte	0x7
 513 00de 41       		.byte	0x41
ARM GAS  /tmp/ccOjajIP.s 			page 10


 514 00df 1D       		.byte	0x1d
 515 00e0 57000000 		.4byte	0x57
 516 00e4 02       		.uleb128 0x2
 517 00e5 00000000 		.4byte	.LASF19
 518 00e9 08       		.byte	0x8
 519 00ea 3F       		.byte	0x3f
 520 00eb 1A       		.byte	0x1a
 521 00ec F0000000 		.4byte	0xf0
 522 00f0 09       		.uleb128 0x9
 523 00f1 EE000000 		.4byte	.LASF32
 524 00f5 2C       		.byte	0x2c
 525 00f6 09       		.byte	0x9
 526 00f7 9A       		.byte	0x9a
 527 00f8 99010000 		.4byte	0x199
 528 00fc 04       		.uleb128 0x4
 529 00fd 70010000 		.4byte	.LASF20
 530 0101 09       		.byte	0x9
 531 0102 9B       		.byte	0x9b
 532 0103 19       		.byte	0x19
 533 0104 D0010000 		.4byte	0x1d0
 534 0108 00       		.byte	0
 535 0109 04       		.uleb128 0x4
 536 010a 31040000 		.4byte	.LASF21
 537 010e 09       		.byte	0x9
 538 010f 9C       		.byte	0x9c
 539 0110 19       		.byte	0x19
 540 0111 CC000000 		.4byte	0xcc
 541 0115 08       		.byte	0x8
 542 0116 0A       		.uleb128 0xa
 543 0117 63747800 		.ascii	"ctx\000"
 544 011b 09       		.byte	0x9
 545 011c 9D       		.byte	0x9d
 546 011d 19       		.byte	0x19
 547 011e 78020000 		.4byte	0x278
 548 0122 0C       		.byte	0xc
 549 0123 04       		.uleb128 0x4
 550 0124 6A010000 		.4byte	.LASF22
 551 0128 09       		.byte	0x9
 552 0129 9F       		.byte	0x9f
 553 012a 1A       		.byte	0x1a
 554 012b A5010000 		.4byte	0x1a5
 555 012f 10       		.byte	0x10
 556 0130 04       		.uleb128 0x4
 557 0131 F8000000 		.4byte	.LASF23
 558 0135 09       		.byte	0x9
 559 0136 A0       		.byte	0xa0
 560 0137 1A       		.byte	0x1a
 561 0138 A5010000 		.4byte	0x1a5
 562 013c 14       		.byte	0x14
 563 013d 04       		.uleb128 0x4
 564 013e 76010000 		.4byte	.LASF24
 565 0142 09       		.byte	0x9
 566 0143 A7       		.byte	0xa7
 567 0144 1A       		.byte	0x1a
 568 0145 37040000 		.4byte	0x437
 569 0149 18       		.byte	0x18
 570 014a 04       		.uleb128 0x4
ARM GAS  /tmp/ccOjajIP.s 			page 11


 571 014b FE000000 		.4byte	.LASF25
 572 014f 09       		.byte	0x9
 573 0150 B0       		.byte	0xb0
 574 0151 1A       		.byte	0x1a
 575 0152 48040000 		.4byte	0x448
 576 0156 1C       		.byte	0x1c
 577 0157 04       		.uleb128 0x4
 578 0158 39000000 		.4byte	.LASF26
 579 015c 09       		.byte	0x9
 580 015d B5       		.byte	0xb5
 581 015e 19       		.byte	0x19
 582 015f B4000000 		.4byte	0xb4
 583 0163 20       		.byte	0x20
 584 0164 04       		.uleb128 0x4
 585 0165 AA010000 		.4byte	.LASF27
 586 0169 09       		.byte	0x9
 587 016a B9       		.byte	0xb9
 588 016b 19       		.byte	0x19
 589 016c A8000000 		.4byte	0xa8
 590 0170 21       		.byte	0x21
 591 0171 04       		.uleb128 0x4
 592 0172 DB020000 		.4byte	.LASF28
 593 0176 09       		.byte	0x9
 594 0177 BE       		.byte	0xbe
 595 0178 19       		.byte	0x19
 596 0179 C0000000 		.4byte	0xc0
 597 017d 22       		.byte	0x22
 598 017e 01       		.uleb128 0x1
 599 017f 7500     		.ascii	"u\000"
 600 0181 09       		.byte	0x9
 601 0182 0F01     		.2byte	0x10f
 602 0184 19       		.byte	0x19
 603 0185 FC030000 		.4byte	0x3fc
 604 0189 24       		.byte	0x24
 605 018a 18       		.uleb128 0x18
 606 018b E5020000 		.4byte	.LASF29
 607 018f 09       		.byte	0x9
 608 0190 1401     		.2byte	0x114
 609 0192 19       		.byte	0x19
 610 0193 AA010000 		.4byte	0x1aa
 611 0197 28       		.byte	0x28
 612 0198 00       		.byte	0
 613 0199 02       		.uleb128 0x2
 614 019a 85020000 		.4byte	.LASF30
 615 019e 08       		.byte	0x8
 616 019f 44       		.byte	0x44
 617 01a0 14       		.byte	0x14
 618 01a1 A5010000 		.4byte	0x1a5
 619 01a5 06       		.uleb128 0x6
 620 01a6 E4000000 		.4byte	0xe4
 621 01aa 02       		.uleb128 0x2
 622 01ab 44040000 		.4byte	.LASF31
 623 01af 08       		.byte	0x8
 624 01b0 49       		.byte	0x49
 625 01b1 20       		.byte	0x20
 626 01b2 B6010000 		.4byte	0x1b6
 627 01b6 09       		.uleb128 0x9
ARM GAS  /tmp/ccOjajIP.s 			page 12


 628 01b7 90000000 		.4byte	.LASF33
 629 01bb 04       		.byte	0x4
 630 01bc 09       		.byte	0x9
 631 01bd 88       		.byte	0x88
 632 01be D0010000 		.4byte	0x1d0
 633 01c2 04       		.uleb128 0x4
 634 01c3 36040000 		.4byte	.LASF34
 635 01c7 09       		.byte	0x9
 636 01c8 89       		.byte	0x89
 637 01c9 1A       		.byte	0x1a
 638 01ca A5010000 		.4byte	0x1a5
 639 01ce 00       		.byte	0
 640 01cf 00       		.byte	0
 641 01d0 02       		.uleb128 0x2
 642 01d1 C6010000 		.4byte	.LASF35
 643 01d5 08       		.byte	0x8
 644 01d6 50       		.byte	0x50
 645 01d7 21       		.byte	0x21
 646 01d8 DC010000 		.4byte	0x1dc
 647 01dc 09       		.uleb128 0x9
 648 01dd BC020000 		.4byte	.LASF36
 649 01e1 08       		.byte	0x8
 650 01e2 09       		.byte	0x9
 651 01e3 8F       		.byte	0x8f
 652 01e4 03020000 		.4byte	0x203
 653 01e8 04       		.uleb128 0x4
 654 01e9 36040000 		.4byte	.LASF34
 655 01ed 09       		.byte	0x9
 656 01ee 90       		.byte	0x90
 657 01ef 1A       		.byte	0x1a
 658 01f0 A5010000 		.4byte	0x1a5
 659 01f4 00       		.byte	0
 660 01f5 04       		.uleb128 0x4
 661 01f6 ED020000 		.4byte	.LASF37
 662 01fa 09       		.byte	0x9
 663 01fb 91       		.byte	0x91
 664 01fc 1A       		.byte	0x1a
 665 01fd A5010000 		.4byte	0x1a5
 666 0201 04       		.byte	0x4
 667 0202 00       		.byte	0
 668 0203 1C       		.uleb128 0x1c
 669 0204 04       		.byte	0x4
 670 0205 1D       		.uleb128 0x1d
 671 0206 14       		.byte	0x14
 672 0207 0A       		.byte	0xa
 673 0208 E501     		.2byte	0x1e5
 674 020a 09       		.byte	0x9
 675 020b 53020000 		.4byte	0x253
 676 020f 01       		.uleb128 0x1
 677 0210 4B5200   		.ascii	"KR\000"
 678 0213 0A       		.byte	0xa
 679 0214 E701     		.2byte	0x1e7
 680 0216 11       		.byte	0x11
 681 0217 90000000 		.4byte	0x90
 682 021b 00       		.byte	0
 683 021c 01       		.uleb128 0x1
 684 021d 505200   		.ascii	"PR\000"
ARM GAS  /tmp/ccOjajIP.s 			page 13


 685 0220 0A       		.byte	0xa
 686 0221 E801     		.2byte	0x1e8
 687 0223 11       		.byte	0x11
 688 0224 90000000 		.4byte	0x90
 689 0228 04       		.byte	0x4
 690 0229 01       		.uleb128 0x1
 691 022a 524C5200 		.ascii	"RLR\000"
 692 022e 0A       		.byte	0xa
 693 022f E901     		.2byte	0x1e9
 694 0231 11       		.byte	0x11
 695 0232 90000000 		.4byte	0x90
 696 0236 08       		.byte	0x8
 697 0237 01       		.uleb128 0x1
 698 0238 535200   		.ascii	"SR\000"
 699 023b 0A       		.byte	0xa
 700 023c EA01     		.2byte	0x1ea
 701 023e 11       		.byte	0x11
 702 023f 90000000 		.4byte	0x90
 703 0243 0C       		.byte	0xc
 704 0244 18       		.uleb128 0x18
 705 0245 E0020000 		.4byte	.LASF38
 706 0249 0A       		.byte	0xa
 707 024a EB01     		.2byte	0x1eb
 708 024c 11       		.byte	0x11
 709 024d 90000000 		.4byte	0x90
 710 0251 10       		.byte	0x10
 711 0252 00       		.byte	0
 712 0253 1E       		.uleb128 0x1e
 713 0254 48000000 		.4byte	.LASF39
 714 0258 0A       		.byte	0xa
 715 0259 EC01     		.2byte	0x1ec
 716 025b 03       		.byte	0x3
 717 025c 05020000 		.4byte	0x205
 718 0260 02       		.uleb128 0x2
 719 0261 B9000000 		.4byte	.LASF40
 720 0265 0B       		.byte	0xb
 721 0266 65       		.byte	0x65
 722 0267 0F       		.byte	0xf
 723 0268 03020000 		.4byte	0x203
 724 026c 02       		.uleb128 0x2
 725 026d A8020000 		.4byte	.LASF41
 726 0271 0B       		.byte	0xb
 727 0272 6D       		.byte	0x6d
 728 0273 12       		.byte	0x12
 729 0274 9C000000 		.4byte	0x9c
 730 0278 09       		.uleb128 0x9
 731 0279 D4000000 		.4byte	.LASF42
 732 027d 04       		.byte	0x4
 733 027e 0B       		.byte	0xb
 734 027f 89       		.byte	0x89
 735 0280 91020000 		.4byte	0x291
 736 0284 0A       		.uleb128 0xa
 737 0285 737000   		.ascii	"sp\000"
 738 0288 0B       		.byte	0xb
 739 0289 8A       		.byte	0x8a
 740 028a 17       		.byte	0x17
 741 028b F7030000 		.4byte	0x3f7
ARM GAS  /tmp/ccOjajIP.s 			page 14


 742 028f 00       		.byte	0
 743 0290 00       		.byte	0
 744 0291 1F       		.uleb128 0x1f
 745 0292 79020000 		.4byte	.LASF43
 746 0296 64       		.byte	0x64
 747 0297 04       		.byte	0x4
 748 0298 6001     		.2byte	0x160
 749 029a 08       		.byte	0x8
 750 029b F7030000 		.4byte	0x3f7
 751 029f 01       		.uleb128 0x1
 752 02a0 73313600 		.ascii	"s16\000"
 753 02a4 04       		.byte	0x4
 754 02a5 6201     		.2byte	0x162
 755 02a7 11       		.byte	0x11
 756 02a8 60020000 		.4byte	0x260
 757 02ac 00       		.byte	0
 758 02ad 01       		.uleb128 0x1
 759 02ae 73313700 		.ascii	"s17\000"
 760 02b2 04       		.byte	0x4
 761 02b3 6301     		.2byte	0x163
 762 02b5 11       		.byte	0x11
 763 02b6 60020000 		.4byte	0x260
 764 02ba 04       		.byte	0x4
 765 02bb 01       		.uleb128 0x1
 766 02bc 73313800 		.ascii	"s18\000"
 767 02c0 04       		.byte	0x4
 768 02c1 6401     		.2byte	0x164
 769 02c3 11       		.byte	0x11
 770 02c4 60020000 		.4byte	0x260
 771 02c8 08       		.byte	0x8
 772 02c9 01       		.uleb128 0x1
 773 02ca 73313900 		.ascii	"s19\000"
 774 02ce 04       		.byte	0x4
 775 02cf 6501     		.2byte	0x165
 776 02d1 11       		.byte	0x11
 777 02d2 60020000 		.4byte	0x260
 778 02d6 0C       		.byte	0xc
 779 02d7 01       		.uleb128 0x1
 780 02d8 73323000 		.ascii	"s20\000"
 781 02dc 04       		.byte	0x4
 782 02dd 6601     		.2byte	0x166
 783 02df 11       		.byte	0x11
 784 02e0 60020000 		.4byte	0x260
 785 02e4 10       		.byte	0x10
 786 02e5 01       		.uleb128 0x1
 787 02e6 73323100 		.ascii	"s21\000"
 788 02ea 04       		.byte	0x4
 789 02eb 6701     		.2byte	0x167
 790 02ed 11       		.byte	0x11
 791 02ee 60020000 		.4byte	0x260
 792 02f2 14       		.byte	0x14
 793 02f3 01       		.uleb128 0x1
 794 02f4 73323200 		.ascii	"s22\000"
 795 02f8 04       		.byte	0x4
 796 02f9 6801     		.2byte	0x168
 797 02fb 11       		.byte	0x11
 798 02fc 60020000 		.4byte	0x260
ARM GAS  /tmp/ccOjajIP.s 			page 15


 799 0300 18       		.byte	0x18
 800 0301 01       		.uleb128 0x1
 801 0302 73323300 		.ascii	"s23\000"
 802 0306 04       		.byte	0x4
 803 0307 6901     		.2byte	0x169
 804 0309 11       		.byte	0x11
 805 030a 60020000 		.4byte	0x260
 806 030e 1C       		.byte	0x1c
 807 030f 01       		.uleb128 0x1
 808 0310 73323400 		.ascii	"s24\000"
 809 0314 04       		.byte	0x4
 810 0315 6A01     		.2byte	0x16a
 811 0317 11       		.byte	0x11
 812 0318 60020000 		.4byte	0x260
 813 031c 20       		.byte	0x20
 814 031d 01       		.uleb128 0x1
 815 031e 73323500 		.ascii	"s25\000"
 816 0322 04       		.byte	0x4
 817 0323 6B01     		.2byte	0x16b
 818 0325 11       		.byte	0x11
 819 0326 60020000 		.4byte	0x260
 820 032a 24       		.byte	0x24
 821 032b 01       		.uleb128 0x1
 822 032c 73323600 		.ascii	"s26\000"
 823 0330 04       		.byte	0x4
 824 0331 6C01     		.2byte	0x16c
 825 0333 11       		.byte	0x11
 826 0334 60020000 		.4byte	0x260
 827 0338 28       		.byte	0x28
 828 0339 01       		.uleb128 0x1
 829 033a 73323700 		.ascii	"s27\000"
 830 033e 04       		.byte	0x4
 831 033f 6D01     		.2byte	0x16d
 832 0341 11       		.byte	0x11
 833 0342 60020000 		.4byte	0x260
 834 0346 2C       		.byte	0x2c
 835 0347 01       		.uleb128 0x1
 836 0348 73323800 		.ascii	"s28\000"
 837 034c 04       		.byte	0x4
 838 034d 6E01     		.2byte	0x16e
 839 034f 11       		.byte	0x11
 840 0350 60020000 		.4byte	0x260
 841 0354 30       		.byte	0x30
 842 0355 01       		.uleb128 0x1
 843 0356 73323900 		.ascii	"s29\000"
 844 035a 04       		.byte	0x4
 845 035b 6F01     		.2byte	0x16f
 846 035d 11       		.byte	0x11
 847 035e 60020000 		.4byte	0x260
 848 0362 34       		.byte	0x34
 849 0363 01       		.uleb128 0x1
 850 0364 73333000 		.ascii	"s30\000"
 851 0368 04       		.byte	0x4
 852 0369 7001     		.2byte	0x170
 853 036b 11       		.byte	0x11
 854 036c 60020000 		.4byte	0x260
 855 0370 38       		.byte	0x38
ARM GAS  /tmp/ccOjajIP.s 			page 16


 856 0371 01       		.uleb128 0x1
 857 0372 73333100 		.ascii	"s31\000"
 858 0376 04       		.byte	0x4
 859 0377 7101     		.2byte	0x171
 860 0379 11       		.byte	0x11
 861 037a 60020000 		.4byte	0x260
 862 037e 3C       		.byte	0x3c
 863 037f 01       		.uleb128 0x1
 864 0380 723400   		.ascii	"r4\000"
 865 0383 04       		.byte	0x4
 866 0384 7301     		.2byte	0x173
 867 0386 11       		.byte	0x11
 868 0387 60020000 		.4byte	0x260
 869 038b 40       		.byte	0x40
 870 038c 01       		.uleb128 0x1
 871 038d 723500   		.ascii	"r5\000"
 872 0390 04       		.byte	0x4
 873 0391 7401     		.2byte	0x174
 874 0393 11       		.byte	0x11
 875 0394 60020000 		.4byte	0x260
 876 0398 44       		.byte	0x44
 877 0399 01       		.uleb128 0x1
 878 039a 723600   		.ascii	"r6\000"
 879 039d 04       		.byte	0x4
 880 039e 7501     		.2byte	0x175
 881 03a0 11       		.byte	0x11
 882 03a1 60020000 		.4byte	0x260
 883 03a5 48       		.byte	0x48
 884 03a6 01       		.uleb128 0x1
 885 03a7 723700   		.ascii	"r7\000"
 886 03aa 04       		.byte	0x4
 887 03ab 7601     		.2byte	0x176
 888 03ad 11       		.byte	0x11
 889 03ae 60020000 		.4byte	0x260
 890 03b2 4C       		.byte	0x4c
 891 03b3 01       		.uleb128 0x1
 892 03b4 723800   		.ascii	"r8\000"
 893 03b7 04       		.byte	0x4
 894 03b8 7701     		.2byte	0x177
 895 03ba 11       		.byte	0x11
 896 03bb 60020000 		.4byte	0x260
 897 03bf 50       		.byte	0x50
 898 03c0 01       		.uleb128 0x1
 899 03c1 723900   		.ascii	"r9\000"
 900 03c4 04       		.byte	0x4
 901 03c5 7801     		.2byte	0x178
 902 03c7 11       		.byte	0x11
 903 03c8 60020000 		.4byte	0x260
 904 03cc 54       		.byte	0x54
 905 03cd 01       		.uleb128 0x1
 906 03ce 72313000 		.ascii	"r10\000"
 907 03d2 04       		.byte	0x4
 908 03d3 7901     		.2byte	0x179
 909 03d5 11       		.byte	0x11
 910 03d6 60020000 		.4byte	0x260
 911 03da 58       		.byte	0x58
 912 03db 01       		.uleb128 0x1
ARM GAS  /tmp/ccOjajIP.s 			page 17


 913 03dc 72313100 		.ascii	"r11\000"
 914 03e0 04       		.byte	0x4
 915 03e1 7A01     		.2byte	0x17a
 916 03e3 11       		.byte	0x11
 917 03e4 60020000 		.4byte	0x260
 918 03e8 5C       		.byte	0x5c
 919 03e9 01       		.uleb128 0x1
 920 03ea 6C7200   		.ascii	"lr\000"
 921 03ed 04       		.byte	0x4
 922 03ee 7B01     		.2byte	0x17b
 923 03f0 11       		.byte	0x11
 924 03f1 60020000 		.4byte	0x260
 925 03f5 60       		.byte	0x60
 926 03f6 00       		.byte	0
 927 03f7 06       		.uleb128 0x6
 928 03f8 91020000 		.4byte	0x291
 929 03fc 20       		.uleb128 0x20
 930 03fd 04       		.byte	0x4
 931 03fe 09       		.byte	0x9
 932 03ff D2       		.byte	0xd2
 933 0400 03       		.byte	0x3
 934 0401 32040000 		.4byte	0x432
 935 0405 0D       		.uleb128 0xd
 936 0406 5F000000 		.4byte	.LASF44
 937 040a D9       		.byte	0xd9
 938 040b 19       		.byte	0x19
 939 040c D8000000 		.4byte	0xd8
 940 0410 0D       		.uleb128 0xd
 941 0411 B3020000 		.4byte	.LASF45
 942 0415 E0       		.byte	0xe0
 943 0416 19       		.byte	0x19
 944 0417 D8000000 		.4byte	0xd8
 945 041b 0D       		.uleb128 0xd
 946 041c 98020000 		.4byte	.LASF46
 947 0420 E7       		.byte	0xe7
 948 0421 1A       		.byte	0x1a
 949 0422 03020000 		.4byte	0x203
 950 0426 0D       		.uleb128 0xd
 951 0427 5E020000 		.4byte	.LASF47
 952 042b EE       		.byte	0xee
 953 042c 1A       		.byte	0x1a
 954 042d 32040000 		.4byte	0x432
 955 0431 00       		.byte	0
 956 0432 06       		.uleb128 0x6
 957 0433 99010000 		.4byte	0x199
 958 0437 06       		.uleb128 0x6
 959 0438 43040000 		.4byte	0x443
 960 043c 05       		.uleb128 0x5
 961 043d 01       		.byte	0x1
 962 043e 08       		.byte	0x8
 963 043f FC010000 		.4byte	.LASF48
 964 0443 0B       		.uleb128 0xb
 965 0444 3C040000 		.4byte	0x43c
 966 0448 06       		.uleb128 0x6
 967 0449 6C020000 		.4byte	0x26c
 968 044d 05       		.uleb128 0x5
 969 044e 01       		.byte	0x1
ARM GAS  /tmp/ccOjajIP.s 			page 18


 970 044f 02       		.byte	0x2
 971 0450 17020000 		.4byte	.LASF49
 972 0454 21       		.uleb128 0x21
 973 0455 07       		.byte	0x7
 974 0456 01       		.byte	0x1
 975 0457 76000000 		.4byte	0x76
 976 045b 0C       		.byte	0xc
 977 045c 31       		.byte	0x31
 978 045d 0E       		.byte	0xe
 979 045e 75040000 		.4byte	0x475
 980 0462 11       		.uleb128 0x11
 981 0463 2E000000 		.4byte	.LASF50
 982 0467 00       		.byte	0
 983 0468 11       		.uleb128 0x11
 984 0469 3B040000 		.4byte	.LASF51
 985 046d 01       		.byte	0x1
 986 046e 11       		.uleb128 0x11
 987 046f 55000000 		.4byte	.LASF52
 988 0473 02       		.byte	0x2
 989 0474 00       		.byte	0
 990 0475 02       		.uleb128 0x2
 991 0476 11010000 		.4byte	.LASF53
 992 047a 0C       		.byte	0xc
 993 047b 35       		.byte	0x35
 994 047c 03       		.byte	0x3
 995 047d 54040000 		.4byte	0x454
 996 0481 02       		.uleb128 0x2
 997 0482 F2010000 		.4byte	.LASF54
 998 0486 0D       		.byte	0xd
 999 0487 6E       		.byte	0x6e
 1000 0488 1A       		.byte	0x1a
 1001 0489 8D040000 		.4byte	0x48d
 1002 048d 09       		.uleb128 0x9
 1003 048e F2010000 		.4byte	.LASF54
 1004 0492 0C       		.byte	0xc
 1005 0493 0D       		.byte	0xd
 1006 0494 8C       		.byte	0x8c
 1007 0495 C1040000 		.4byte	0x4c1
 1008 0499 04       		.uleb128 0x4
 1009 049a 39000000 		.4byte	.LASF26
 1010 049e 0D       		.byte	0xd
 1011 049f 90       		.byte	0x90
 1012 04a0 1D       		.byte	0x1d
 1013 04a1 75040000 		.4byte	0x475
 1014 04a5 00       		.byte	0
 1015 04a6 04       		.uleb128 0x4
 1016 04a7 B2000000 		.4byte	.LASF55
 1017 04ab 0D       		.byte	0xd
 1018 04ac 94       		.byte	0x94
 1019 04ad 1E       		.byte	0x1e
 1020 04ae 02050000 		.4byte	0x502
 1021 04b2 04       		.byte	0x4
 1022 04b3 0A       		.uleb128 0xa
 1023 04b4 77646700 		.ascii	"wdg\000"
 1024 04b8 0D       		.byte	0xd
 1025 04b9 99       		.byte	0x99
 1026 04ba 1E       		.byte	0x1e
ARM GAS  /tmp/ccOjajIP.s 			page 19


 1027 04bb 07050000 		.4byte	0x507
 1028 04bf 08       		.byte	0x8
 1029 04c0 00       		.byte	0
 1030 04c1 22       		.uleb128 0x22
 1031 04c2 0C       		.byte	0xc
 1032 04c3 0D       		.byte	0xd
 1033 04c4 74       		.byte	0x74
 1034 04c5 09       		.byte	0x9
 1035 04c6 F1040000 		.4byte	0x4f1
 1036 04ca 0A       		.uleb128 0xa
 1037 04cb 707200   		.ascii	"pr\000"
 1038 04ce 0D       		.byte	0xd
 1039 04cf 79       		.byte	0x79
 1040 04d0 0F       		.byte	0xf
 1041 04d1 84000000 		.4byte	0x84
 1042 04d5 00       		.byte	0
 1043 04d6 0A       		.uleb128 0xa
 1044 04d7 726C7200 		.ascii	"rlr\000"
 1045 04db 0D       		.byte	0xd
 1046 04dc 7E       		.byte	0x7e
 1047 04dd 0F       		.byte	0xf
 1048 04de 84000000 		.4byte	0x84
 1049 04e2 04       		.byte	0x4
 1050 04e3 04       		.uleb128 0x4
 1051 04e4 26040000 		.4byte	.LASF56
 1052 04e8 0D       		.byte	0xd
 1053 04e9 85       		.byte	0x85
 1054 04ea 0F       		.byte	0xf
 1055 04eb 84000000 		.4byte	0x84
 1056 04ef 08       		.byte	0x8
 1057 04f0 00       		.byte	0
 1058 04f1 02       		.uleb128 0x2
 1059 04f2 CA000000 		.4byte	.LASF57
 1060 04f6 0D       		.byte	0xd
 1061 04f7 87       		.byte	0x87
 1062 04f8 03       		.byte	0x3
 1063 04f9 C1040000 		.4byte	0x4c1
 1064 04fd 0B       		.uleb128 0xb
 1065 04fe F1040000 		.4byte	0x4f1
 1066 0502 06       		.uleb128 0x6
 1067 0503 FD040000 		.4byte	0x4fd
 1068 0507 06       		.uleb128 0x6
 1069 0508 53020000 		.4byte	0x253
 1070 050c 12       		.uleb128 0x12
 1071 050d CD020000 		.4byte	.LASF58
 1072 0511 AE       		.byte	0xae
 1073 0512 1C050000 		.4byte	0x51c
 1074 0516 13       		.uleb128 0x13
 1075 0517 1C050000 		.4byte	0x51c
 1076 051b 00       		.byte	0
 1077 051c 06       		.uleb128 0x6
 1078 051d 81040000 		.4byte	0x481
 1079 0521 12       		.uleb128 0x12
 1080 0522 E1000000 		.4byte	.LASF59
 1081 0526 AD       		.byte	0xad
 1082 0527 31050000 		.4byte	0x531
 1083 052b 13       		.uleb128 0x13
ARM GAS  /tmp/ccOjajIP.s 			page 20


 1084 052c 1C050000 		.4byte	0x51c
 1085 0530 00       		.byte	0
 1086 0531 12       		.uleb128 0x12
 1087 0532 09020000 		.4byte	.LASF60
 1088 0536 AC       		.byte	0xac
 1089 0537 41050000 		.4byte	0x541
 1090 053b 13       		.uleb128 0x13
 1091 053c 1C050000 		.4byte	0x51c
 1092 0540 00       		.byte	0
 1093 0541 23       		.uleb128 0x23
 1094 0542 43020000 		.4byte	.LASF75
 1095 0546 0D       		.byte	0xd
 1096 0547 AB       		.byte	0xab
 1097 0548 08       		.byte	0x8
 1098 0549 0E       		.uleb128 0xe
 1099 054a 70020000 		.4byte	.LASF61
 1100 054e 6C       		.byte	0x6c
 1101 054f 00000000 		.4byte	.LFB236
 1102 0553 14000000 		.4byte	.LFE236-.LFB236
 1103 0557 01       		.uleb128 0x1
 1104 0558 9C       		.byte	0x9c
 1105 0559 5F060000 		.4byte	0x65f
 1106 055d 0F       		.uleb128 0xf
 1107 055e 65010000 		.4byte	.LASF63
 1108 0562 6C       		.byte	0x6c
 1109 0563 1A       		.byte	0x1a
 1110 0564 1C050000 		.4byte	0x51c
 1111 0568 10000000 		.4byte	.LLST7
 1112 056c 0C000000 		.4byte	.LVUS7
 1113 0570 10       		.uleb128 0x10
 1114 0571 95010000 		.4byte	.LASF64
 1115 0575 6F060000 		.4byte	0x66f
 1116 0579 07       		.uleb128 0x7
 1117 057a E0080000 		.4byte	0x8e0
 1118 057e 02000000 		.4byte	.LBI85
 1119 0582 04       		.byte	.LVU91
 1120 0583 02000000 		.4byte	.LBB85
 1121 0587 06000000 		.4byte	.LBE85-.LBB85
 1122 058b 70       		.byte	0x70
 1123 058c E0050000 		.4byte	0x5e0
 1124 0590 03       		.uleb128 0x3
 1125 0591 15090000 		.4byte	0x915
 1126 0595 02000000 		.4byte	.LBI86
 1127 0599 06       		.byte	.LVU93
 1128 059a 02000000 		.4byte	.LBB86
 1129 059e 06000000 		.4byte	.LBE86-.LBB86
 1130 05a2 02       		.byte	0x2
 1131 05a3 ED01     		.2byte	0x1ed
 1132 05a5 03       		.uleb128 0x3
 1133 05a6 25090000 		.4byte	0x925
 1134 05aa 02000000 		.4byte	.LBI87
 1135 05ae 08       		.byte	.LVU95
 1136 05af 02000000 		.4byte	.LBB87
 1137 05b3 06000000 		.4byte	.LBE87-.LBB87
 1138 05b7 03       		.byte	0x3
 1139 05b8 7801     		.2byte	0x178
 1140 05ba 03       		.uleb128 0x3
ARM GAS  /tmp/ccOjajIP.s 			page 21


 1141 05bb 2D090000 		.4byte	0x92d
 1142 05bf 02000000 		.4byte	.LBI88
 1143 05c3 0A       		.byte	.LVU97
 1144 05c4 02000000 		.4byte	.LBB88
 1145 05c8 06000000 		.4byte	.LBE88-.LBB88
 1146 05cc 04       		.byte	0x4
 1147 05cd 6402     		.2byte	0x264
 1148 05cf 08       		.uleb128 0x8
 1149 05d0 37090000 		.4byte	0x937
 1150 05d4 2B000000 		.4byte	.LLST8
 1151 05d8 29000000 		.4byte	.LVUS8
 1152 05dc 00       		.byte	0
 1153 05dd 00       		.byte	0
 1154 05de 00       		.byte	0
 1155 05df 00       		.byte	0
 1156 05e0 07       		.uleb128 0x7
 1157 05e1 D8080000 		.4byte	0x8d8
 1158 05e5 0C000000 		.4byte	.LBI90
 1159 05e9 01       		.byte	.LVU107
 1160 05ea 0C000000 		.4byte	.LBB90
 1161 05ee 06000000 		.4byte	.LBE90-.LBB90
 1162 05f2 73       		.byte	0x73
 1163 05f3 47060000 		.4byte	0x647
 1164 05f7 03       		.uleb128 0x3
 1165 05f8 E8080000 		.4byte	0x8e8
 1166 05fc 0C000000 		.4byte	.LBI91
 1167 0600 03       		.byte	.LVU109
 1168 0601 0C000000 		.4byte	.LBB91
 1169 0605 06000000 		.4byte	.LBE91-.LBB91
 1170 0609 02       		.byte	0x2
 1171 060a F801     		.2byte	0x1f8
 1172 060c 03       		.uleb128 0x3
 1173 060d 1D090000 		.4byte	0x91d
 1174 0611 0C000000 		.4byte	.LBI93
 1175 0615 0A       		.byte	.LVU116
 1176 0616 0C000000 		.4byte	.LBB93
 1177 061a 06000000 		.4byte	.LBE93-.LBB93
 1178 061e 03       		.byte	0x3
 1179 061f 8F01     		.2byte	0x18f
 1180 0621 03       		.uleb128 0x3
 1181 0622 2D090000 		.4byte	0x92d
 1182 0626 0C000000 		.4byte	.LBI94
 1183 062a 0C       		.byte	.LVU118
 1184 062b 0C000000 		.4byte	.LBB94
 1185 062f 06000000 		.4byte	.LBE94-.LBB94
 1186 0633 04       		.byte	0x4
 1187 0634 7702     		.2byte	0x277
 1188 0636 08       		.uleb128 0x8
 1189 0637 37090000 		.4byte	0x937
 1190 063b 38000000 		.4byte	.LLST9
 1191 063f 36000000 		.4byte	.LVUS9
 1192 0643 00       		.byte	0
 1193 0644 00       		.byte	0
 1194 0645 00       		.byte	0
 1195 0646 00       		.byte	0
 1196 0647 14       		.uleb128 0x14
 1197 0648 0C000000 		.4byte	.LVL16
ARM GAS  /tmp/ccOjajIP.s 			page 22


 1198 064c 0C050000 		.4byte	0x50c
 1199 0650 15       		.uleb128 0x15
 1200 0651 01       		.uleb128 0x1
 1201 0652 50       		.byte	0x50
 1202 0653 09       		.uleb128 0x9
 1203 0654 A3       		.byte	0xa3
 1204 0655 03       		.uleb128 0x3
 1205 0656 A5       		.byte	0xa5
 1206 0657 00       		.uleb128 0
 1207 0658 26       		.uleb128 0x26
 1208 0659 A8       		.byte	0xa8
 1209 065a 2D       		.uleb128 0x2d
 1210 065b A8       		.byte	0xa8
 1211 065c 00       		.uleb128 0
 1212 065d 00       		.byte	0
 1213 065e 00       		.byte	0
 1214 065f 16       		.uleb128 0x16
 1215 0660 43040000 		.4byte	0x443
 1216 0664 6F060000 		.4byte	0x66f
 1217 0668 17       		.uleb128 0x17
 1218 0669 2D000000 		.4byte	0x2d
 1219 066d 08       		.byte	0x8
 1220 066e 00       		.byte	0
 1221 066f 0B       		.uleb128 0xb
 1222 0670 5F060000 		.4byte	0x65f
 1223 0674 0E       		.uleb128 0xe
 1224 0675 3B020000 		.4byte	.LASF62
 1225 0679 59       		.byte	0x59
 1226 067a 00000000 		.4byte	.LFB235
 1227 067e 1A000000 		.4byte	.LFE235-.LFB235
 1228 0682 01       		.uleb128 0x1
 1229 0683 9C       		.byte	0x9c
 1230 0684 83070000 		.4byte	0x783
 1231 0688 0F       		.uleb128 0xf
 1232 0689 65010000 		.4byte	.LASF63
 1233 068d 59       		.byte	0x59
 1234 068e 19       		.byte	0x19
 1235 068f 1C050000 		.4byte	0x51c
 1236 0693 46000000 		.4byte	.LLST4
 1237 0697 42000000 		.4byte	.LVUS4
 1238 069b 10       		.uleb128 0x10
 1239 069c 95010000 		.4byte	.LASF64
 1240 06a0 93070000 		.4byte	0x793
 1241 06a4 07       		.uleb128 0x7
 1242 06a5 E0080000 		.4byte	0x8e0
 1243 06a9 04000000 		.4byte	.LBI74
 1244 06ad 04       		.byte	.LVU51
 1245 06ae 04000000 		.4byte	.LBB74
 1246 06b2 06000000 		.4byte	.LBE74-.LBB74
 1247 06b6 5D       		.byte	0x5d
 1248 06b7 0B070000 		.4byte	0x70b
 1249 06bb 03       		.uleb128 0x3
 1250 06bc 15090000 		.4byte	0x915
 1251 06c0 04000000 		.4byte	.LBI75
 1252 06c4 06       		.byte	.LVU53
 1253 06c5 04000000 		.4byte	.LBB75
 1254 06c9 06000000 		.4byte	.LBE75-.LBB75
ARM GAS  /tmp/ccOjajIP.s 			page 23


 1255 06cd 02       		.byte	0x2
 1256 06ce ED01     		.2byte	0x1ed
 1257 06d0 03       		.uleb128 0x3
 1258 06d1 25090000 		.4byte	0x925
 1259 06d5 04000000 		.4byte	.LBI76
 1260 06d9 08       		.byte	.LVU55
 1261 06da 04000000 		.4byte	.LBB76
 1262 06de 06000000 		.4byte	.LBE76-.LBB76
 1263 06e2 03       		.byte	0x3
 1264 06e3 7801     		.2byte	0x178
 1265 06e5 03       		.uleb128 0x3
 1266 06e6 2D090000 		.4byte	0x92d
 1267 06ea 04000000 		.4byte	.LBI77
 1268 06ee 0A       		.byte	.LVU57
 1269 06ef 04000000 		.4byte	.LBB77
 1270 06f3 06000000 		.4byte	.LBE77-.LBB77
 1271 06f7 04       		.byte	0x4
 1272 06f8 6402     		.2byte	0x264
 1273 06fa 08       		.uleb128 0x8
 1274 06fb 37090000 		.4byte	0x937
 1275 06ff 58000000 		.4byte	.LLST5
 1276 0703 56000000 		.4byte	.LVUS5
 1277 0707 00       		.byte	0
 1278 0708 00       		.byte	0
 1279 0709 00       		.byte	0
 1280 070a 00       		.byte	0
 1281 070b 07       		.uleb128 0x7
 1282 070c D8080000 		.4byte	0x8d8
 1283 0710 12000000 		.4byte	.LBI79
 1284 0714 01       		.byte	.LVU69
 1285 0715 12000000 		.4byte	.LBB79
 1286 0719 06000000 		.4byte	.LBE79-.LBB79
 1287 071d 62       		.byte	0x62
 1288 071e 72070000 		.4byte	0x772
 1289 0722 03       		.uleb128 0x3
 1290 0723 E8080000 		.4byte	0x8e8
 1291 0727 12000000 		.4byte	.LBI80
 1292 072b 03       		.byte	.LVU71
 1293 072c 12000000 		.4byte	.LBB80
 1294 0730 06000000 		.4byte	.LBE80-.LBB80
 1295 0734 02       		.byte	0x2
 1296 0735 F801     		.2byte	0x1f8
 1297 0737 03       		.uleb128 0x3
 1298 0738 1D090000 		.4byte	0x91d
 1299 073c 12000000 		.4byte	.LBI82
 1300 0740 0A       		.byte	.LVU78
 1301 0741 12000000 		.4byte	.LBB82
 1302 0745 06000000 		.4byte	.LBE82-.LBB82
 1303 0749 03       		.byte	0x3
 1304 074a 8F01     		.2byte	0x18f
 1305 074c 03       		.uleb128 0x3
 1306 074d 2D090000 		.4byte	0x92d
 1307 0751 12000000 		.4byte	.LBI83
 1308 0755 0C       		.byte	.LVU80
 1309 0756 12000000 		.4byte	.LBB83
 1310 075a 06000000 		.4byte	.LBE83-.LBB83
 1311 075e 04       		.byte	0x4
ARM GAS  /tmp/ccOjajIP.s 			page 24


 1312 075f 7702     		.2byte	0x277
 1313 0761 08       		.uleb128 0x8
 1314 0762 37090000 		.4byte	0x937
 1315 0766 65000000 		.4byte	.LLST6
 1316 076a 63000000 		.4byte	.LVUS6
 1317 076e 00       		.byte	0
 1318 076f 00       		.byte	0
 1319 0770 00       		.byte	0
 1320 0771 00       		.byte	0
 1321 0772 14       		.uleb128 0x14
 1322 0773 0E000000 		.4byte	.LVL10
 1323 0777 21050000 		.4byte	0x521
 1324 077b 15       		.uleb128 0x15
 1325 077c 01       		.uleb128 0x1
 1326 077d 50       		.byte	0x50
 1327 077e 02       		.uleb128 0x2
 1328 077f 74       		.byte	0x74
 1329 0780 00       		.sleb128 0
 1330 0781 00       		.byte	0
 1331 0782 00       		.byte	0
 1332 0783 16       		.uleb128 0x16
 1333 0784 43040000 		.4byte	0x443
 1334 0788 93070000 		.4byte	0x793
 1335 078c 17       		.uleb128 0x17
 1336 078d 2D000000 		.4byte	0x2d
 1337 0791 07       		.byte	0x7
 1338 0792 00       		.byte	0
 1339 0793 0B       		.uleb128 0xb
 1340 0794 83070000 		.4byte	0x783
 1341 0798 0E       		.uleb128 0xe
 1342 0799 D6010000 		.4byte	.LASF65
 1343 079d 45       		.byte	0x45
 1344 079e 00000000 		.4byte	.LFB234
 1345 07a2 1C000000 		.4byte	.LFE234-.LFB234
 1346 07a6 01       		.uleb128 0x1
 1347 07a7 9C       		.byte	0x9c
 1348 07a8 BA080000 		.4byte	0x8ba
 1349 07ac 0F       		.uleb128 0xf
 1350 07ad 65010000 		.4byte	.LASF63
 1351 07b1 45       		.byte	0x45
 1352 07b2 1A       		.byte	0x1a
 1353 07b3 1C050000 		.4byte	0x51c
 1354 07b7 73000000 		.4byte	.LLST0
 1355 07bb 6F000000 		.4byte	.LVUS0
 1356 07bf 0F       		.uleb128 0xf
 1357 07c0 B2000000 		.4byte	.LASF55
 1358 07c4 45       		.byte	0x45
 1359 07c5 31       		.byte	0x31
 1360 07c6 02050000 		.4byte	0x502
 1361 07ca 87000000 		.4byte	.LLST1
 1362 07ce 83000000 		.4byte	.LVUS1
 1363 07d2 10       		.uleb128 0x10
 1364 07d3 95010000 		.4byte	.LASF64
 1365 07d7 6F060000 		.4byte	0x66f
 1366 07db 07       		.uleb128 0x7
 1367 07dc E0080000 		.4byte	0x8e0
 1368 07e0 04000000 		.4byte	.LBI63
ARM GAS  /tmp/ccOjajIP.s 			page 25


 1369 07e4 04       		.byte	.LVU9
 1370 07e5 04000000 		.4byte	.LBB63
 1371 07e9 06000000 		.4byte	.LBE63-.LBB63
 1372 07ed 49       		.byte	0x49
 1373 07ee 42080000 		.4byte	0x842
 1374 07f2 03       		.uleb128 0x3
 1375 07f3 15090000 		.4byte	0x915
 1376 07f7 04000000 		.4byte	.LBI64
 1377 07fb 06       		.byte	.LVU11
 1378 07fc 04000000 		.4byte	.LBB64
 1379 0800 06000000 		.4byte	.LBE64-.LBB64
 1380 0804 02       		.byte	0x2
 1381 0805 ED01     		.2byte	0x1ed
 1382 0807 03       		.uleb128 0x3
 1383 0808 25090000 		.4byte	0x925
 1384 080c 04000000 		.4byte	.LBI65
 1385 0810 08       		.byte	.LVU13
 1386 0811 04000000 		.4byte	.LBB65
 1387 0815 06000000 		.4byte	.LBE65-.LBB65
 1388 0819 03       		.byte	0x3
 1389 081a 7801     		.2byte	0x178
 1390 081c 03       		.uleb128 0x3
 1391 081d 2D090000 		.4byte	0x92d
 1392 0821 04000000 		.4byte	.LBI66
 1393 0825 0A       		.byte	.LVU15
 1394 0826 04000000 		.4byte	.LBB66
 1395 082a 06000000 		.4byte	.LBE66-.LBB66
 1396 082e 04       		.byte	0x4
 1397 082f 6402     		.2byte	0x264
 1398 0831 08       		.uleb128 0x8
 1399 0832 37090000 		.4byte	0x937
 1400 0836 A2000000 		.4byte	.LLST2
 1401 083a A0000000 		.4byte	.LVUS2
 1402 083e 00       		.byte	0
 1403 083f 00       		.byte	0
 1404 0840 00       		.byte	0
 1405 0841 00       		.byte	0
 1406 0842 07       		.uleb128 0x7
 1407 0843 D8080000 		.4byte	0x8d8
 1408 0847 14000000 		.4byte	.LBI68
 1409 084b 01       		.byte	.LVU29
 1410 084c 14000000 		.4byte	.LBB68
 1411 0850 06000000 		.4byte	.LBE68-.LBB68
 1412 0854 4F       		.byte	0x4f
 1413 0855 A9080000 		.4byte	0x8a9
 1414 0859 03       		.uleb128 0x3
 1415 085a E8080000 		.4byte	0x8e8
 1416 085e 14000000 		.4byte	.LBI69
 1417 0862 03       		.byte	.LVU31
 1418 0863 14000000 		.4byte	.LBB69
 1419 0867 06000000 		.4byte	.LBE69-.LBB69
 1420 086b 02       		.byte	0x2
 1421 086c F801     		.2byte	0x1f8
 1422 086e 03       		.uleb128 0x3
 1423 086f 1D090000 		.4byte	0x91d
 1424 0873 14000000 		.4byte	.LBI71
 1425 0877 0A       		.byte	.LVU38
ARM GAS  /tmp/ccOjajIP.s 			page 26


 1426 0878 14000000 		.4byte	.LBB71
 1427 087c 06000000 		.4byte	.LBE71-.LBB71
 1428 0880 03       		.byte	0x3
 1429 0881 8F01     		.2byte	0x18f
 1430 0883 03       		.uleb128 0x3
 1431 0884 2D090000 		.4byte	0x92d
 1432 0888 14000000 		.4byte	.LBI72
 1433 088c 0C       		.byte	.LVU40
 1434 088d 14000000 		.4byte	.LBB72
 1435 0891 06000000 		.4byte	.LBE72-.LBB72
 1436 0895 04       		.byte	0x4
 1437 0896 7702     		.2byte	0x277
 1438 0898 08       		.uleb128 0x8
 1439 0899 37090000 		.4byte	0x937
 1440 089d AF000000 		.4byte	.LLST3
 1441 08a1 AD000000 		.4byte	.LVUS3
 1442 08a5 00       		.byte	0
 1443 08a6 00       		.byte	0
 1444 08a7 00       		.byte	0
 1445 08a8 00       		.byte	0
 1446 08a9 14       		.uleb128 0x14
 1447 08aa 10000000 		.4byte	.LVL4
 1448 08ae 31050000 		.4byte	0x531
 1449 08b2 15       		.uleb128 0x15
 1450 08b3 01       		.uleb128 0x1
 1451 08b4 50       		.byte	0x50
 1452 08b5 02       		.uleb128 0x2
 1453 08b6 74       		.byte	0x74
 1454 08b7 00       		.sleb128 0
 1455 08b8 00       		.byte	0
 1456 08b9 00       		.byte	0
 1457 08ba 0E       		.uleb128 0xe
 1458 08bb AA000000 		.4byte	.LASF66
 1459 08bf 38       		.byte	0x38
 1460 08c0 00000000 		.4byte	.LFB233
 1461 08c4 08000000 		.4byte	.LFE233-.LFB233
 1462 08c8 01       		.uleb128 0x1
 1463 08c9 9C       		.byte	0x9c
 1464 08ca D8080000 		.4byte	0x8d8
 1465 08ce 24       		.uleb128 0x24
 1466 08cf 06000000 		.4byte	.LVL0
 1467 08d3 41050000 		.4byte	0x541
 1468 08d7 00       		.byte	0
 1469 08d8 0C       		.uleb128 0xc
 1470 08d9 66000000 		.4byte	.LASF67
 1471 08dd 02       		.byte	0x2
 1472 08de F601     		.2byte	0x1f6
 1473 08e0 0C       		.uleb128 0xc
 1474 08e1 7B010000 		.4byte	.LASF68
 1475 08e5 02       		.byte	0x2
 1476 08e6 EB01     		.2byte	0x1eb
 1477 08e8 25       		.uleb128 0x25
 1478 08e9 64020000 		.4byte	.LASF76
 1479 08ed 03       		.byte	0x3
 1480 08ee 8201     		.2byte	0x182
 1481 08f0 14       		.byte	0x14
 1482 08f1 03       		.byte	0x3
ARM GAS  /tmp/ccOjajIP.s 			page 27


 1483 08f2 00090000 		.4byte	0x900
 1484 08f6 10       		.uleb128 0x10
 1485 08f7 95010000 		.4byte	.LASF64
 1486 08fb 10090000 		.4byte	0x910
 1487 08ff 00       		.byte	0
 1488 0900 16       		.uleb128 0x16
 1489 0901 43040000 		.4byte	0x443
 1490 0905 10090000 		.4byte	0x910
 1491 0909 17       		.uleb128 0x17
 1492 090a 2D000000 		.4byte	0x2d
 1493 090e 0B       		.byte	0xb
 1494 090f 00       		.byte	0
 1495 0910 0B       		.uleb128 0xb
 1496 0911 00090000 		.4byte	0x900
 1497 0915 0C       		.uleb128 0xc
 1498 0916 7E000000 		.4byte	.LASF69
 1499 091a 03       		.byte	0x3
 1500 091b 7601     		.2byte	0x176
 1501 091d 0C       		.uleb128 0xc
 1502 091e 1D020000 		.4byte	.LASF70
 1503 0922 04       		.byte	0x4
 1504 0923 7402     		.2byte	0x274
 1505 0925 0C       		.uleb128 0xc
 1506 0926 74000000 		.4byte	.LASF71
 1507 092a 04       		.byte	0x4
 1508 092b 5C02     		.2byte	0x25c
 1509 092d 26       		.uleb128 0x26
 1510 092e 50020000 		.4byte	.LASF77
 1511 0932 05       		.byte	0x5
 1512 0933 2202     		.2byte	0x222
 1513 0935 39       		.byte	0x39
 1514 0936 03       		.byte	0x3
 1515 0937 27       		.uleb128 0x27
 1516 0938 F2020000 		.4byte	.LASF78
 1517 093c 05       		.byte	0x5
 1518 093d 2202     		.2byte	0x222
 1519 093f 50       		.byte	0x50
 1520 0940 84000000 		.4byte	0x84
 1521 0944 00       		.byte	0
 1522 0945 00       		.byte	0
 1523              		.section	.debug_abbrev,"",%progbits
 1524              	.Ldebug_abbrev0:
 1525 0000 01       		.uleb128 0x1
 1526 0001 0D       		.uleb128 0xd
 1527 0002 00       		.byte	0
 1528 0003 03       		.uleb128 0x3
 1529 0004 08       		.uleb128 0x8
 1530 0005 3A       		.uleb128 0x3a
 1531 0006 0B       		.uleb128 0xb
 1532 0007 3B       		.uleb128 0x3b
 1533 0008 05       		.uleb128 0x5
 1534 0009 39       		.uleb128 0x39
 1535 000a 0B       		.uleb128 0xb
 1536 000b 49       		.uleb128 0x49
 1537 000c 13       		.uleb128 0x13
 1538 000d 38       		.uleb128 0x38
 1539 000e 0B       		.uleb128 0xb
ARM GAS  /tmp/ccOjajIP.s 			page 28


 1540 000f 00       		.byte	0
 1541 0010 00       		.byte	0
 1542 0011 02       		.uleb128 0x2
 1543 0012 16       		.uleb128 0x16
 1544 0013 00       		.byte	0
 1545 0014 03       		.uleb128 0x3
 1546 0015 0E       		.uleb128 0xe
 1547 0016 3A       		.uleb128 0x3a
 1548 0017 0B       		.uleb128 0xb
 1549 0018 3B       		.uleb128 0x3b
 1550 0019 0B       		.uleb128 0xb
 1551 001a 39       		.uleb128 0x39
 1552 001b 0B       		.uleb128 0xb
 1553 001c 49       		.uleb128 0x49
 1554 001d 13       		.uleb128 0x13
 1555 001e 00       		.byte	0
 1556 001f 00       		.byte	0
 1557 0020 03       		.uleb128 0x3
 1558 0021 1D       		.uleb128 0x1d
 1559 0022 01       		.byte	0x1
 1560 0023 31       		.uleb128 0x31
 1561 0024 13       		.uleb128 0x13
 1562 0025 52       		.uleb128 0x52
 1563 0026 01       		.uleb128 0x1
 1564 0027 B842     		.uleb128 0x2138
 1565 0029 0B       		.uleb128 0xb
 1566 002a 11       		.uleb128 0x11
 1567 002b 01       		.uleb128 0x1
 1568 002c 12       		.uleb128 0x12
 1569 002d 06       		.uleb128 0x6
 1570 002e 58       		.uleb128 0x58
 1571 002f 0B       		.uleb128 0xb
 1572 0030 59       		.uleb128 0x59
 1573 0031 05       		.uleb128 0x5
 1574 0032 57       		.uleb128 0x57
 1575 0033 21       		.uleb128 0x21
 1576 0034 03       		.sleb128 3
 1577 0035 00       		.byte	0
 1578 0036 00       		.byte	0
 1579 0037 04       		.uleb128 0x4
 1580 0038 0D       		.uleb128 0xd
 1581 0039 00       		.byte	0
 1582 003a 03       		.uleb128 0x3
 1583 003b 0E       		.uleb128 0xe
 1584 003c 3A       		.uleb128 0x3a
 1585 003d 0B       		.uleb128 0xb
 1586 003e 3B       		.uleb128 0x3b
 1587 003f 0B       		.uleb128 0xb
 1588 0040 39       		.uleb128 0x39
 1589 0041 0B       		.uleb128 0xb
 1590 0042 49       		.uleb128 0x49
 1591 0043 13       		.uleb128 0x13
 1592 0044 38       		.uleb128 0x38
 1593 0045 0B       		.uleb128 0xb
 1594 0046 00       		.byte	0
 1595 0047 00       		.byte	0
 1596 0048 05       		.uleb128 0x5
ARM GAS  /tmp/ccOjajIP.s 			page 29


 1597 0049 24       		.uleb128 0x24
 1598 004a 00       		.byte	0
 1599 004b 0B       		.uleb128 0xb
 1600 004c 0B       		.uleb128 0xb
 1601 004d 3E       		.uleb128 0x3e
 1602 004e 0B       		.uleb128 0xb
 1603 004f 03       		.uleb128 0x3
 1604 0050 0E       		.uleb128 0xe
 1605 0051 00       		.byte	0
 1606 0052 00       		.byte	0
 1607 0053 06       		.uleb128 0x6
 1608 0054 0F       		.uleb128 0xf
 1609 0055 00       		.byte	0
 1610 0056 0B       		.uleb128 0xb
 1611 0057 21       		.uleb128 0x21
 1612 0058 04       		.sleb128 4
 1613 0059 49       		.uleb128 0x49
 1614 005a 13       		.uleb128 0x13
 1615 005b 00       		.byte	0
 1616 005c 00       		.byte	0
 1617 005d 07       		.uleb128 0x7
 1618 005e 1D       		.uleb128 0x1d
 1619 005f 01       		.byte	0x1
 1620 0060 31       		.uleb128 0x31
 1621 0061 13       		.uleb128 0x13
 1622 0062 52       		.uleb128 0x52
 1623 0063 01       		.uleb128 0x1
 1624 0064 B842     		.uleb128 0x2138
 1625 0066 0B       		.uleb128 0xb
 1626 0067 11       		.uleb128 0x11
 1627 0068 01       		.uleb128 0x1
 1628 0069 12       		.uleb128 0x12
 1629 006a 06       		.uleb128 0x6
 1630 006b 58       		.uleb128 0x58
 1631 006c 21       		.uleb128 0x21
 1632 006d 01       		.sleb128 1
 1633 006e 59       		.uleb128 0x59
 1634 006f 0B       		.uleb128 0xb
 1635 0070 57       		.uleb128 0x57
 1636 0071 21       		.uleb128 0x21
 1637 0072 03       		.sleb128 3
 1638 0073 01       		.uleb128 0x1
 1639 0074 13       		.uleb128 0x13
 1640 0075 00       		.byte	0
 1641 0076 00       		.byte	0
 1642 0077 08       		.uleb128 0x8
 1643 0078 05       		.uleb128 0x5
 1644 0079 00       		.byte	0
 1645 007a 31       		.uleb128 0x31
 1646 007b 13       		.uleb128 0x13
 1647 007c 02       		.uleb128 0x2
 1648 007d 17       		.uleb128 0x17
 1649 007e B742     		.uleb128 0x2137
 1650 0080 17       		.uleb128 0x17
 1651 0081 00       		.byte	0
 1652 0082 00       		.byte	0
 1653 0083 09       		.uleb128 0x9
ARM GAS  /tmp/ccOjajIP.s 			page 30


 1654 0084 13       		.uleb128 0x13
 1655 0085 01       		.byte	0x1
 1656 0086 03       		.uleb128 0x3
 1657 0087 0E       		.uleb128 0xe
 1658 0088 0B       		.uleb128 0xb
 1659 0089 0B       		.uleb128 0xb
 1660 008a 3A       		.uleb128 0x3a
 1661 008b 0B       		.uleb128 0xb
 1662 008c 3B       		.uleb128 0x3b
 1663 008d 0B       		.uleb128 0xb
 1664 008e 39       		.uleb128 0x39
 1665 008f 21       		.uleb128 0x21
 1666 0090 08       		.sleb128 8
 1667 0091 01       		.uleb128 0x1
 1668 0092 13       		.uleb128 0x13
 1669 0093 00       		.byte	0
 1670 0094 00       		.byte	0
 1671 0095 0A       		.uleb128 0xa
 1672 0096 0D       		.uleb128 0xd
 1673 0097 00       		.byte	0
 1674 0098 03       		.uleb128 0x3
 1675 0099 08       		.uleb128 0x8
 1676 009a 3A       		.uleb128 0x3a
 1677 009b 0B       		.uleb128 0xb
 1678 009c 3B       		.uleb128 0x3b
 1679 009d 0B       		.uleb128 0xb
 1680 009e 39       		.uleb128 0x39
 1681 009f 0B       		.uleb128 0xb
 1682 00a0 49       		.uleb128 0x49
 1683 00a1 13       		.uleb128 0x13
 1684 00a2 38       		.uleb128 0x38
 1685 00a3 0B       		.uleb128 0xb
 1686 00a4 00       		.byte	0
 1687 00a5 00       		.byte	0
 1688 00a6 0B       		.uleb128 0xb
 1689 00a7 26       		.uleb128 0x26
 1690 00a8 00       		.byte	0
 1691 00a9 49       		.uleb128 0x49
 1692 00aa 13       		.uleb128 0x13
 1693 00ab 00       		.byte	0
 1694 00ac 00       		.byte	0
 1695 00ad 0C       		.uleb128 0xc
 1696 00ae 2E       		.uleb128 0x2e
 1697 00af 00       		.byte	0
 1698 00b0 03       		.uleb128 0x3
 1699 00b1 0E       		.uleb128 0xe
 1700 00b2 3A       		.uleb128 0x3a
 1701 00b3 0B       		.uleb128 0xb
 1702 00b4 3B       		.uleb128 0x3b
 1703 00b5 05       		.uleb128 0x5
 1704 00b6 39       		.uleb128 0x39
 1705 00b7 21       		.uleb128 0x21
 1706 00b8 14       		.sleb128 20
 1707 00b9 27       		.uleb128 0x27
 1708 00ba 19       		.uleb128 0x19
 1709 00bb 20       		.uleb128 0x20
 1710 00bc 21       		.uleb128 0x21
ARM GAS  /tmp/ccOjajIP.s 			page 31


 1711 00bd 03       		.sleb128 3
 1712 00be 00       		.byte	0
 1713 00bf 00       		.byte	0
 1714 00c0 0D       		.uleb128 0xd
 1715 00c1 0D       		.uleb128 0xd
 1716 00c2 00       		.byte	0
 1717 00c3 03       		.uleb128 0x3
 1718 00c4 0E       		.uleb128 0xe
 1719 00c5 3A       		.uleb128 0x3a
 1720 00c6 21       		.uleb128 0x21
 1721 00c7 09       		.sleb128 9
 1722 00c8 3B       		.uleb128 0x3b
 1723 00c9 0B       		.uleb128 0xb
 1724 00ca 39       		.uleb128 0x39
 1725 00cb 0B       		.uleb128 0xb
 1726 00cc 49       		.uleb128 0x49
 1727 00cd 13       		.uleb128 0x13
 1728 00ce 00       		.byte	0
 1729 00cf 00       		.byte	0
 1730 00d0 0E       		.uleb128 0xe
 1731 00d1 2E       		.uleb128 0x2e
 1732 00d2 01       		.byte	0x1
 1733 00d3 3F       		.uleb128 0x3f
 1734 00d4 19       		.uleb128 0x19
 1735 00d5 03       		.uleb128 0x3
 1736 00d6 0E       		.uleb128 0xe
 1737 00d7 3A       		.uleb128 0x3a
 1738 00d8 21       		.uleb128 0x21
 1739 00d9 01       		.sleb128 1
 1740 00da 3B       		.uleb128 0x3b
 1741 00db 0B       		.uleb128 0xb
 1742 00dc 39       		.uleb128 0x39
 1743 00dd 21       		.uleb128 0x21
 1744 00de 06       		.sleb128 6
 1745 00df 27       		.uleb128 0x27
 1746 00e0 19       		.uleb128 0x19
 1747 00e1 11       		.uleb128 0x11
 1748 00e2 01       		.uleb128 0x1
 1749 00e3 12       		.uleb128 0x12
 1750 00e4 06       		.uleb128 0x6
 1751 00e5 40       		.uleb128 0x40
 1752 00e6 18       		.uleb128 0x18
 1753 00e7 7A       		.uleb128 0x7a
 1754 00e8 19       		.uleb128 0x19
 1755 00e9 01       		.uleb128 0x1
 1756 00ea 13       		.uleb128 0x13
 1757 00eb 00       		.byte	0
 1758 00ec 00       		.byte	0
 1759 00ed 0F       		.uleb128 0xf
 1760 00ee 05       		.uleb128 0x5
 1761 00ef 00       		.byte	0
 1762 00f0 03       		.uleb128 0x3
 1763 00f1 0E       		.uleb128 0xe
 1764 00f2 3A       		.uleb128 0x3a
 1765 00f3 21       		.uleb128 0x21
 1766 00f4 01       		.sleb128 1
 1767 00f5 3B       		.uleb128 0x3b
ARM GAS  /tmp/ccOjajIP.s 			page 32


 1768 00f6 0B       		.uleb128 0xb
 1769 00f7 39       		.uleb128 0x39
 1770 00f8 0B       		.uleb128 0xb
 1771 00f9 49       		.uleb128 0x49
 1772 00fa 13       		.uleb128 0x13
 1773 00fb 02       		.uleb128 0x2
 1774 00fc 17       		.uleb128 0x17
 1775 00fd B742     		.uleb128 0x2137
 1776 00ff 17       		.uleb128 0x17
 1777 0100 00       		.byte	0
 1778 0101 00       		.byte	0
 1779 0102 10       		.uleb128 0x10
 1780 0103 34       		.uleb128 0x34
 1781 0104 00       		.byte	0
 1782 0105 03       		.uleb128 0x3
 1783 0106 0E       		.uleb128 0xe
 1784 0107 49       		.uleb128 0x49
 1785 0108 13       		.uleb128 0x13
 1786 0109 34       		.uleb128 0x34
 1787 010a 19       		.uleb128 0x19
 1788 010b 00       		.byte	0
 1789 010c 00       		.byte	0
 1790 010d 11       		.uleb128 0x11
 1791 010e 28       		.uleb128 0x28
 1792 010f 00       		.byte	0
 1793 0110 03       		.uleb128 0x3
 1794 0111 0E       		.uleb128 0xe
 1795 0112 1C       		.uleb128 0x1c
 1796 0113 0B       		.uleb128 0xb
 1797 0114 00       		.byte	0
 1798 0115 00       		.byte	0
 1799 0116 12       		.uleb128 0x12
 1800 0117 2E       		.uleb128 0x2e
 1801 0118 01       		.byte	0x1
 1802 0119 3F       		.uleb128 0x3f
 1803 011a 19       		.uleb128 0x19
 1804 011b 03       		.uleb128 0x3
 1805 011c 0E       		.uleb128 0xe
 1806 011d 3A       		.uleb128 0x3a
 1807 011e 21       		.uleb128 0x21
 1808 011f 0D       		.sleb128 13
 1809 0120 3B       		.uleb128 0x3b
 1810 0121 0B       		.uleb128 0xb
 1811 0122 39       		.uleb128 0x39
 1812 0123 21       		.uleb128 0x21
 1813 0124 08       		.sleb128 8
 1814 0125 27       		.uleb128 0x27
 1815 0126 19       		.uleb128 0x19
 1816 0127 3C       		.uleb128 0x3c
 1817 0128 19       		.uleb128 0x19
 1818 0129 01       		.uleb128 0x1
 1819 012a 13       		.uleb128 0x13
 1820 012b 00       		.byte	0
 1821 012c 00       		.byte	0
 1822 012d 13       		.uleb128 0x13
 1823 012e 05       		.uleb128 0x5
 1824 012f 00       		.byte	0
ARM GAS  /tmp/ccOjajIP.s 			page 33


 1825 0130 49       		.uleb128 0x49
 1826 0131 13       		.uleb128 0x13
 1827 0132 00       		.byte	0
 1828 0133 00       		.byte	0
 1829 0134 14       		.uleb128 0x14
 1830 0135 48       		.uleb128 0x48
 1831 0136 01       		.byte	0x1
 1832 0137 7D       		.uleb128 0x7d
 1833 0138 01       		.uleb128 0x1
 1834 0139 7F       		.uleb128 0x7f
 1835 013a 13       		.uleb128 0x13
 1836 013b 00       		.byte	0
 1837 013c 00       		.byte	0
 1838 013d 15       		.uleb128 0x15
 1839 013e 49       		.uleb128 0x49
 1840 013f 00       		.byte	0
 1841 0140 02       		.uleb128 0x2
 1842 0141 18       		.uleb128 0x18
 1843 0142 7E       		.uleb128 0x7e
 1844 0143 18       		.uleb128 0x18
 1845 0144 00       		.byte	0
 1846 0145 00       		.byte	0
 1847 0146 16       		.uleb128 0x16
 1848 0147 01       		.uleb128 0x1
 1849 0148 01       		.byte	0x1
 1850 0149 49       		.uleb128 0x49
 1851 014a 13       		.uleb128 0x13
 1852 014b 01       		.uleb128 0x1
 1853 014c 13       		.uleb128 0x13
 1854 014d 00       		.byte	0
 1855 014e 00       		.byte	0
 1856 014f 17       		.uleb128 0x17
 1857 0150 21       		.uleb128 0x21
 1858 0151 00       		.byte	0
 1859 0152 49       		.uleb128 0x49
 1860 0153 13       		.uleb128 0x13
 1861 0154 2F       		.uleb128 0x2f
 1862 0155 0B       		.uleb128 0xb
 1863 0156 00       		.byte	0
 1864 0157 00       		.byte	0
 1865 0158 18       		.uleb128 0x18
 1866 0159 0D       		.uleb128 0xd
 1867 015a 00       		.byte	0
 1868 015b 03       		.uleb128 0x3
 1869 015c 0E       		.uleb128 0xe
 1870 015d 3A       		.uleb128 0x3a
 1871 015e 0B       		.uleb128 0xb
 1872 015f 3B       		.uleb128 0x3b
 1873 0160 05       		.uleb128 0x5
 1874 0161 39       		.uleb128 0x39
 1875 0162 0B       		.uleb128 0xb
 1876 0163 49       		.uleb128 0x49
 1877 0164 13       		.uleb128 0x13
 1878 0165 38       		.uleb128 0x38
 1879 0166 0B       		.uleb128 0xb
 1880 0167 00       		.byte	0
 1881 0168 00       		.byte	0
ARM GAS  /tmp/ccOjajIP.s 			page 34


 1882 0169 19       		.uleb128 0x19
 1883 016a 11       		.uleb128 0x11
 1884 016b 01       		.byte	0x1
 1885 016c 25       		.uleb128 0x25
 1886 016d 0E       		.uleb128 0xe
 1887 016e 13       		.uleb128 0x13
 1888 016f 0B       		.uleb128 0xb
 1889 0170 03       		.uleb128 0x3
 1890 0171 0E       		.uleb128 0xe
 1891 0172 1B       		.uleb128 0x1b
 1892 0173 0E       		.uleb128 0xe
 1893 0174 55       		.uleb128 0x55
 1894 0175 17       		.uleb128 0x17
 1895 0176 11       		.uleb128 0x11
 1896 0177 01       		.uleb128 0x1
 1897 0178 10       		.uleb128 0x10
 1898 0179 17       		.uleb128 0x17
 1899 017a 00       		.byte	0
 1900 017b 00       		.byte	0
 1901 017c 1A       		.uleb128 0x1a
 1902 017d 24       		.uleb128 0x24
 1903 017e 00       		.byte	0
 1904 017f 0B       		.uleb128 0xb
 1905 0180 0B       		.uleb128 0xb
 1906 0181 3E       		.uleb128 0x3e
 1907 0182 0B       		.uleb128 0xb
 1908 0183 03       		.uleb128 0x3
 1909 0184 08       		.uleb128 0x8
 1910 0185 00       		.byte	0
 1911 0186 00       		.byte	0
 1912 0187 1B       		.uleb128 0x1b
 1913 0188 35       		.uleb128 0x35
 1914 0189 00       		.byte	0
 1915 018a 49       		.uleb128 0x49
 1916 018b 13       		.uleb128 0x13
 1917 018c 00       		.byte	0
 1918 018d 00       		.byte	0
 1919 018e 1C       		.uleb128 0x1c
 1920 018f 0F       		.uleb128 0xf
 1921 0190 00       		.byte	0
 1922 0191 0B       		.uleb128 0xb
 1923 0192 0B       		.uleb128 0xb
 1924 0193 00       		.byte	0
 1925 0194 00       		.byte	0
 1926 0195 1D       		.uleb128 0x1d
 1927 0196 13       		.uleb128 0x13
 1928 0197 01       		.byte	0x1
 1929 0198 0B       		.uleb128 0xb
 1930 0199 0B       		.uleb128 0xb
 1931 019a 3A       		.uleb128 0x3a
 1932 019b 0B       		.uleb128 0xb
 1933 019c 3B       		.uleb128 0x3b
 1934 019d 05       		.uleb128 0x5
 1935 019e 39       		.uleb128 0x39
 1936 019f 0B       		.uleb128 0xb
 1937 01a0 01       		.uleb128 0x1
 1938 01a1 13       		.uleb128 0x13
ARM GAS  /tmp/ccOjajIP.s 			page 35


 1939 01a2 00       		.byte	0
 1940 01a3 00       		.byte	0
 1941 01a4 1E       		.uleb128 0x1e
 1942 01a5 16       		.uleb128 0x16
 1943 01a6 00       		.byte	0
 1944 01a7 03       		.uleb128 0x3
 1945 01a8 0E       		.uleb128 0xe
 1946 01a9 3A       		.uleb128 0x3a
 1947 01aa 0B       		.uleb128 0xb
 1948 01ab 3B       		.uleb128 0x3b
 1949 01ac 05       		.uleb128 0x5
 1950 01ad 39       		.uleb128 0x39
 1951 01ae 0B       		.uleb128 0xb
 1952 01af 49       		.uleb128 0x49
 1953 01b0 13       		.uleb128 0x13
 1954 01b1 00       		.byte	0
 1955 01b2 00       		.byte	0
 1956 01b3 1F       		.uleb128 0x1f
 1957 01b4 13       		.uleb128 0x13
 1958 01b5 01       		.byte	0x1
 1959 01b6 03       		.uleb128 0x3
 1960 01b7 0E       		.uleb128 0xe
 1961 01b8 0B       		.uleb128 0xb
 1962 01b9 0B       		.uleb128 0xb
 1963 01ba 3A       		.uleb128 0x3a
 1964 01bb 0B       		.uleb128 0xb
 1965 01bc 3B       		.uleb128 0x3b
 1966 01bd 05       		.uleb128 0x5
 1967 01be 39       		.uleb128 0x39
 1968 01bf 0B       		.uleb128 0xb
 1969 01c0 01       		.uleb128 0x1
 1970 01c1 13       		.uleb128 0x13
 1971 01c2 00       		.byte	0
 1972 01c3 00       		.byte	0
 1973 01c4 20       		.uleb128 0x20
 1974 01c5 17       		.uleb128 0x17
 1975 01c6 01       		.byte	0x1
 1976 01c7 0B       		.uleb128 0xb
 1977 01c8 0B       		.uleb128 0xb
 1978 01c9 3A       		.uleb128 0x3a
 1979 01ca 0B       		.uleb128 0xb
 1980 01cb 3B       		.uleb128 0x3b
 1981 01cc 0B       		.uleb128 0xb
 1982 01cd 39       		.uleb128 0x39
 1983 01ce 0B       		.uleb128 0xb
 1984 01cf 01       		.uleb128 0x1
 1985 01d0 13       		.uleb128 0x13
 1986 01d1 00       		.byte	0
 1987 01d2 00       		.byte	0
 1988 01d3 21       		.uleb128 0x21
 1989 01d4 04       		.uleb128 0x4
 1990 01d5 01       		.byte	0x1
 1991 01d6 3E       		.uleb128 0x3e
 1992 01d7 0B       		.uleb128 0xb
 1993 01d8 0B       		.uleb128 0xb
 1994 01d9 0B       		.uleb128 0xb
 1995 01da 49       		.uleb128 0x49
ARM GAS  /tmp/ccOjajIP.s 			page 36


 1996 01db 13       		.uleb128 0x13
 1997 01dc 3A       		.uleb128 0x3a
 1998 01dd 0B       		.uleb128 0xb
 1999 01de 3B       		.uleb128 0x3b
 2000 01df 0B       		.uleb128 0xb
 2001 01e0 39       		.uleb128 0x39
 2002 01e1 0B       		.uleb128 0xb
 2003 01e2 01       		.uleb128 0x1
 2004 01e3 13       		.uleb128 0x13
 2005 01e4 00       		.byte	0
 2006 01e5 00       		.byte	0
 2007 01e6 22       		.uleb128 0x22
 2008 01e7 13       		.uleb128 0x13
 2009 01e8 01       		.byte	0x1
 2010 01e9 0B       		.uleb128 0xb
 2011 01ea 0B       		.uleb128 0xb
 2012 01eb 3A       		.uleb128 0x3a
 2013 01ec 0B       		.uleb128 0xb
 2014 01ed 3B       		.uleb128 0x3b
 2015 01ee 0B       		.uleb128 0xb
 2016 01ef 39       		.uleb128 0x39
 2017 01f0 0B       		.uleb128 0xb
 2018 01f1 01       		.uleb128 0x1
 2019 01f2 13       		.uleb128 0x13
 2020 01f3 00       		.byte	0
 2021 01f4 00       		.byte	0
 2022 01f5 23       		.uleb128 0x23
 2023 01f6 2E       		.uleb128 0x2e
 2024 01f7 00       		.byte	0
 2025 01f8 3F       		.uleb128 0x3f
 2026 01f9 19       		.uleb128 0x19
 2027 01fa 03       		.uleb128 0x3
 2028 01fb 0E       		.uleb128 0xe
 2029 01fc 3A       		.uleb128 0x3a
 2030 01fd 0B       		.uleb128 0xb
 2031 01fe 3B       		.uleb128 0x3b
 2032 01ff 0B       		.uleb128 0xb
 2033 0200 39       		.uleb128 0x39
 2034 0201 0B       		.uleb128 0xb
 2035 0202 27       		.uleb128 0x27
 2036 0203 19       		.uleb128 0x19
 2037 0204 3C       		.uleb128 0x3c
 2038 0205 19       		.uleb128 0x19
 2039 0206 00       		.byte	0
 2040 0207 00       		.byte	0
 2041 0208 24       		.uleb128 0x24
 2042 0209 48       		.uleb128 0x48
 2043 020a 00       		.byte	0
 2044 020b 7D       		.uleb128 0x7d
 2045 020c 01       		.uleb128 0x1
 2046 020d 7F       		.uleb128 0x7f
 2047 020e 13       		.uleb128 0x13
 2048 020f 00       		.byte	0
 2049 0210 00       		.byte	0
 2050 0211 25       		.uleb128 0x25
 2051 0212 2E       		.uleb128 0x2e
 2052 0213 01       		.byte	0x1
ARM GAS  /tmp/ccOjajIP.s 			page 37


 2053 0214 03       		.uleb128 0x3
 2054 0215 0E       		.uleb128 0xe
 2055 0216 3A       		.uleb128 0x3a
 2056 0217 0B       		.uleb128 0xb
 2057 0218 3B       		.uleb128 0x3b
 2058 0219 05       		.uleb128 0x5
 2059 021a 39       		.uleb128 0x39
 2060 021b 0B       		.uleb128 0xb
 2061 021c 27       		.uleb128 0x27
 2062 021d 19       		.uleb128 0x19
 2063 021e 20       		.uleb128 0x20
 2064 021f 0B       		.uleb128 0xb
 2065 0220 01       		.uleb128 0x1
 2066 0221 13       		.uleb128 0x13
 2067 0222 00       		.byte	0
 2068 0223 00       		.byte	0
 2069 0224 26       		.uleb128 0x26
 2070 0225 2E       		.uleb128 0x2e
 2071 0226 01       		.byte	0x1
 2072 0227 03       		.uleb128 0x3
 2073 0228 0E       		.uleb128 0xe
 2074 0229 3A       		.uleb128 0x3a
 2075 022a 0B       		.uleb128 0xb
 2076 022b 3B       		.uleb128 0x3b
 2077 022c 05       		.uleb128 0x5
 2078 022d 39       		.uleb128 0x39
 2079 022e 0B       		.uleb128 0xb
 2080 022f 27       		.uleb128 0x27
 2081 0230 19       		.uleb128 0x19
 2082 0231 20       		.uleb128 0x20
 2083 0232 0B       		.uleb128 0xb
 2084 0233 00       		.byte	0
 2085 0234 00       		.byte	0
 2086 0235 27       		.uleb128 0x27
 2087 0236 05       		.uleb128 0x5
 2088 0237 00       		.byte	0
 2089 0238 03       		.uleb128 0x3
 2090 0239 0E       		.uleb128 0xe
 2091 023a 3A       		.uleb128 0x3a
 2092 023b 0B       		.uleb128 0xb
 2093 023c 3B       		.uleb128 0x3b
 2094 023d 05       		.uleb128 0x5
 2095 023e 39       		.uleb128 0x39
 2096 023f 0B       		.uleb128 0xb
 2097 0240 49       		.uleb128 0x49
 2098 0241 13       		.uleb128 0x13
 2099 0242 00       		.byte	0
 2100 0243 00       		.byte	0
 2101 0244 00       		.byte	0
 2102              		.section	.debug_loclists,"",%progbits
 2103 0000 B5000000 		.4byte	.Ldebug_loc3-.Ldebug_loc2
 2104              	.Ldebug_loc2:
 2105 0004 0500     		.2byte	0x5
 2106 0006 04       		.byte	0x4
 2107 0007 00       		.byte	0
 2108 0008 00000000 		.4byte	0
 2109              	.Ldebug_loc0:
ARM GAS  /tmp/ccOjajIP.s 			page 38


 2110              	.LVUS7:
 2111 000c 00       		.uleb128 0
 2112 000d 00       		.uleb128 .LVU106
 2113 000e 00       		.uleb128 .LVU106
 2114 000f 00       		.uleb128 0
 2115              	.LLST7:
 2116 0010 06       		.byte	0x6
 2117 0011 00000000 		.4byte	.LVL13
 2118 0015 04       		.byte	0x4
 2119 0016 00       		.uleb128 .LVL13-.LVL13
 2120 0017 0B       		.uleb128 .LVL16-1-.LVL13
 2121 0018 01       		.uleb128 0x1
 2122 0019 50       		.byte	0x50
 2123 001a 04       		.byte	0x4
 2124 001b 0B       		.uleb128 .LVL16-1-.LVL13
 2125 001c 14       		.uleb128 .LFE236-.LVL13
 2126 001d 0A       		.uleb128 0xa
 2127 001e A3       		.byte	0xa3
 2128 001f 03       		.uleb128 0x3
 2129 0020 A5       		.byte	0xa5
 2130 0021 00       		.uleb128 0
 2131 0022 26       		.uleb128 0x26
 2132 0023 A8       		.byte	0xa8
 2133 0024 2D       		.uleb128 0x2d
 2134 0025 A8       		.byte	0xa8
 2135 0026 00       		.uleb128 0
 2136 0027 9F       		.byte	0x9f
 2137 0028 00       		.byte	0
 2138              	.LVUS8:
 2139 0029 0A       		.uleb128 .LVU97
 2140 002a 00       		.uleb128 .LVU99
 2141              	.LLST8:
 2142 002b 08       		.byte	0x8
 2143 002c 02000000 		.4byte	.LVL14
 2144 0030 06       		.uleb128 .LVL15-.LVL14
 2145 0031 03       		.uleb128 0x3
 2146 0032 08       		.byte	0x8
 2147 0033 20       		.byte	0x20
 2148 0034 9F       		.byte	0x9f
 2149 0035 00       		.byte	0
 2150              	.LVUS9:
 2151 0036 0C       		.uleb128 .LVU118
 2152 0037 00       		.uleb128 .LVU120
 2153              	.LLST9:
 2154 0038 08       		.byte	0x8
 2155 0039 0C000000 		.4byte	.LVL16
 2156 003d 06       		.uleb128 .LVL17-.LVL16
 2157 003e 02       		.uleb128 0x2
 2158 003f 30       		.byte	0x30
 2159 0040 9F       		.byte	0x9f
 2160 0041 00       		.byte	0
 2161              	.LVUS4:
 2162 0042 00       		.uleb128 0
 2163 0043 00       		.uleb128 .LVU66
 2164 0044 00       		.uleb128 .LVU66
 2165 0045 00       		.uleb128 0
 2166              	.LLST4:
ARM GAS  /tmp/ccOjajIP.s 			page 39


 2167 0046 06       		.byte	0x6
 2168 0047 00000000 		.4byte	.LVL7
 2169 004b 04       		.byte	0x4
 2170 004c 00       		.uleb128 .LVL7-.LVL7
 2171 004d 0D       		.uleb128 .LVL10-1-.LVL7
 2172 004e 01       		.uleb128 0x1
 2173 004f 50       		.byte	0x50
 2174 0050 04       		.byte	0x4
 2175 0051 0D       		.uleb128 .LVL10-1-.LVL7
 2176 0052 1A       		.uleb128 .LFE235-.LVL7
 2177 0053 01       		.uleb128 0x1
 2178 0054 54       		.byte	0x54
 2179 0055 00       		.byte	0
 2180              	.LVUS5:
 2181 0056 0A       		.uleb128 .LVU57
 2182 0057 00       		.uleb128 .LVU59
 2183              	.LLST5:
 2184 0058 08       		.byte	0x8
 2185 0059 04000000 		.4byte	.LVL8
 2186 005d 06       		.uleb128 .LVL9-.LVL8
 2187 005e 03       		.uleb128 0x3
 2188 005f 08       		.byte	0x8
 2189 0060 20       		.byte	0x20
 2190 0061 9F       		.byte	0x9f
 2191 0062 00       		.byte	0
 2192              	.LVUS6:
 2193 0063 0C       		.uleb128 .LVU80
 2194 0064 00       		.uleb128 .LVU82
 2195              	.LLST6:
 2196 0065 08       		.byte	0x8
 2197 0066 12000000 		.4byte	.LVL11
 2198 006a 06       		.uleb128 .LVL12-.LVL11
 2199 006b 02       		.uleb128 0x2
 2200 006c 30       		.byte	0x30
 2201 006d 9F       		.byte	0x9f
 2202 006e 00       		.byte	0
 2203              	.LVUS0:
 2204 006f 00       		.uleb128 0
 2205 0070 00       		.uleb128 .LVU26
 2206 0071 00       		.uleb128 .LVU26
 2207 0072 00       		.uleb128 0
 2208              	.LLST0:
 2209 0073 06       		.byte	0x6
 2210 0074 00000000 		.4byte	.LVL1
 2211 0078 04       		.byte	0x4
 2212 0079 00       		.uleb128 .LVL1-.LVL1
 2213 007a 0F       		.uleb128 .LVL4-1-.LVL1
 2214 007b 01       		.uleb128 0x1
 2215 007c 50       		.byte	0x50
 2216 007d 04       		.byte	0x4
 2217 007e 0F       		.uleb128 .LVL4-1-.LVL1
 2218 007f 1C       		.uleb128 .LFE234-.LVL1
 2219 0080 01       		.uleb128 0x1
 2220 0081 54       		.byte	0x54
 2221 0082 00       		.byte	0
 2222              	.LVUS1:
 2223 0083 00       		.uleb128 0
ARM GAS  /tmp/ccOjajIP.s 			page 40


 2224 0084 00       		.uleb128 .LVU26
 2225 0085 00       		.uleb128 .LVU26
 2226 0086 00       		.uleb128 0
 2227              	.LLST1:
 2228 0087 06       		.byte	0x6
 2229 0088 00000000 		.4byte	.LVL1
 2230 008c 04       		.byte	0x4
 2231 008d 00       		.uleb128 .LVL1-.LVL1
 2232 008e 0F       		.uleb128 .LVL4-1-.LVL1
 2233 008f 01       		.uleb128 0x1
 2234 0090 51       		.byte	0x51
 2235 0091 04       		.byte	0x4
 2236 0092 0F       		.uleb128 .LVL4-1-.LVL1
 2237 0093 1C       		.uleb128 .LFE234-.LVL1
 2238 0094 0A       		.uleb128 0xa
 2239 0095 A3       		.byte	0xa3
 2240 0096 03       		.uleb128 0x3
 2241 0097 A5       		.byte	0xa5
 2242 0098 01       		.uleb128 0x1
 2243 0099 26       		.uleb128 0x26
 2244 009a A8       		.byte	0xa8
 2245 009b 2D       		.uleb128 0x2d
 2246 009c A8       		.byte	0xa8
 2247 009d 00       		.uleb128 0
 2248 009e 9F       		.byte	0x9f
 2249 009f 00       		.byte	0
 2250              	.LVUS2:
 2251 00a0 0A       		.uleb128 .LVU15
 2252 00a1 00       		.uleb128 .LVU17
 2253              	.LLST2:
 2254 00a2 08       		.byte	0x8
 2255 00a3 04000000 		.4byte	.LVL2
 2256 00a7 06       		.uleb128 .LVL3-.LVL2
 2257 00a8 03       		.uleb128 0x3
 2258 00a9 08       		.byte	0x8
 2259 00aa 20       		.byte	0x20
 2260 00ab 9F       		.byte	0x9f
 2261 00ac 00       		.byte	0
 2262              	.LVUS3:
 2263 00ad 0C       		.uleb128 .LVU40
 2264 00ae 00       		.uleb128 .LVU42
 2265              	.LLST3:
 2266 00af 08       		.byte	0x8
 2267 00b0 14000000 		.4byte	.LVL5
 2268 00b4 06       		.uleb128 .LVL6-.LVL5
 2269 00b5 02       		.uleb128 0x2
 2270 00b6 30       		.byte	0x30
 2271 00b7 9F       		.byte	0x9f
 2272 00b8 00       		.byte	0
 2273              	.Ldebug_loc3:
 2274              		.section	.debug_aranges,"",%progbits
 2275 0000 34000000 		.4byte	0x34
 2276 0004 0200     		.2byte	0x2
 2277 0006 00000000 		.4byte	.Ldebug_info0
 2278 000a 04       		.byte	0x4
 2279 000b 00       		.byte	0
 2280 000c 0000     		.2byte	0
ARM GAS  /tmp/ccOjajIP.s 			page 41


 2281 000e 0000     		.2byte	0
 2282 0010 00000000 		.4byte	.LFB233
 2283 0014 08000000 		.4byte	.LFE233-.LFB233
 2284 0018 00000000 		.4byte	.LFB234
 2285 001c 1C000000 		.4byte	.LFE234-.LFB234
 2286 0020 00000000 		.4byte	.LFB235
 2287 0024 1A000000 		.4byte	.LFE235-.LFB235
 2288 0028 00000000 		.4byte	.LFB236
 2289 002c 14000000 		.4byte	.LFE236-.LFB236
 2290 0030 00000000 		.4byte	0
 2291 0034 00000000 		.4byte	0
 2292              		.section	.debug_rnglists,"",%progbits
 2293              	.Ldebug_ranges0:
 2294 0000 21000000 		.4byte	.Ldebug_ranges3-.Ldebug_ranges2
 2295              	.Ldebug_ranges2:
 2296 0004 0500     		.2byte	0x5
 2297 0006 04       		.byte	0x4
 2298 0007 00       		.byte	0
 2299 0008 00000000 		.4byte	0
 2300              	.LLRL10:
 2301 000c 07       		.byte	0x7
 2302 000d 00000000 		.4byte	.LFB233
 2303 0011 08       		.uleb128 .LFE233-.LFB233
 2304 0012 07       		.byte	0x7
 2305 0013 00000000 		.4byte	.LFB234
 2306 0017 1C       		.uleb128 .LFE234-.LFB234
 2307 0018 07       		.byte	0x7
 2308 0019 00000000 		.4byte	.LFB235
 2309 001d 1A       		.uleb128 .LFE235-.LFB235
 2310 001e 07       		.byte	0x7
 2311 001f 00000000 		.4byte	.LFB236
 2312 0023 14       		.uleb128 .LFE236-.LFB236
 2313 0024 00       		.byte	0
 2314              	.Ldebug_ranges3:
 2315              		.section	.debug_line,"",%progbits
 2316              	.Ldebug_line0:
 2317 0000 3E040000 		.section	.debug_str,"MS",%progbits,1
 2317      03000602 
 2317      00000201 
 2317      FB0E0D00 
 2317      01010101 
 2318              	.LASF19:
 2319 0000 74687265 		.ascii	"thread_t\000"
 2319      61645F74 
 2319      00
 2320              	.LASF73:
 2321 0009 43686962 		.ascii	"ChibiOS/os/hal/src/hal_wdg.c\000"
 2321      694F532F 
 2321      6F732F68 
 2321      616C2F73 
 2321      72632F68 
 2322              	.LASF16:
 2323 0026 74726566 		.ascii	"trefs_t\000"
 2323      735F7400 
 2324              	.LASF50:
 2325 002e 5744475F 		.ascii	"WDG_UNINIT\000"
 2325      554E494E 
ARM GAS  /tmp/ccOjajIP.s 			page 42


 2325      495400
 2326              	.LASF26:
 2327 0039 73746174 		.ascii	"state\000"
 2327      6500
 2328              	.LASF13:
 2329 003f 75696E74 		.ascii	"uint64_t\000"
 2329      36345F74 
 2329      00
 2330              	.LASF39:
 2331 0048 49574447 		.ascii	"IWDG_TypeDef\000"
 2331      5F547970 
 2331      65446566 
 2331      00
 2332              	.LASF52:
 2333 0055 5744475F 		.ascii	"WDG_READY\000"
 2333      52454144 
 2333      5900
 2334              	.LASF44:
 2335 005f 7264796D 		.ascii	"rdymsg\000"
 2335      736700
 2336              	.LASF67:
 2337 0066 6F73616C 		.ascii	"osalSysUnlock\000"
 2337      53797355 
 2337      6E6C6F63 
 2337      6B00
 2338              	.LASF71:
 2339 0074 706F7274 		.ascii	"port_lock\000"
 2339      5F6C6F63 
 2339      6B00
 2340              	.LASF69:
 2341 007e 63685379 		.ascii	"chSysLock\000"
 2341      734C6F63 
 2341      6B00
 2342              	.LASF14:
 2343 0088 746D6F64 		.ascii	"tmode_t\000"
 2343      655F7400 
 2344              	.LASF33:
 2345 0090 63685F74 		.ascii	"ch_threads_list\000"
 2345      68726561 
 2345      64735F6C 
 2345      69737400 
 2346              	.LASF5:
 2347 00a0 73686F72 		.ascii	"short int\000"
 2347      7420696E 
 2347      7400
 2348              	.LASF66:
 2349 00aa 77646749 		.ascii	"wdgInit\000"
 2349      6E697400 
 2350              	.LASF55:
 2351 00b2 636F6E66 		.ascii	"config\000"
 2351      696700
 2352              	.LASF40:
 2353 00b9 72656761 		.ascii	"regarm_t\000"
 2353      726D5F74 
 2353      00
 2354              	.LASF8:
 2355 00c2 75696E74 		.ascii	"uint8_t\000"
ARM GAS  /tmp/ccOjajIP.s 			page 43


 2355      385F7400 
 2356              	.LASF57:
 2357 00ca 57444743 		.ascii	"WDGConfig\000"
 2357      6F6E6669 
 2357      6700
 2358              	.LASF42:
 2359 00d4 706F7274 		.ascii	"port_context\000"
 2359      5F636F6E 
 2359      74657874 
 2359      00
 2360              	.LASF59:
 2361 00e1 7764675F 		.ascii	"wdg_lld_stop\000"
 2361      6C6C645F 
 2361      73746F70 
 2361      00
 2362              	.LASF32:
 2363 00ee 63685F74 		.ascii	"ch_thread\000"
 2363      68726561 
 2363      6400
 2364              	.LASF23:
 2365 00f8 6F6C6465 		.ascii	"older\000"
 2365      7200
 2366              	.LASF25:
 2367 00fe 77616261 		.ascii	"wabase\000"
 2367      736500
 2368              	.LASF3:
 2369 0105 6C6F6E67 		.ascii	"long double\000"
 2369      20646F75 
 2369      626C6500 
 2370              	.LASF53:
 2371 0111 77646773 		.ascii	"wdgstate_t\000"
 2371      74617465 
 2371      5F7400
 2372              	.LASF2:
 2373 011c 6C6F6E67 		.ascii	"long long int\000"
 2373      206C6F6E 
 2373      6720696E 
 2373      7400
 2374              	.LASF0:
 2375 012a 6C6F6E67 		.ascii	"long long unsigned int\000"
 2375      206C6F6E 
 2375      6720756E 
 2375      7369676E 
 2375      65642069 
 2376              	.LASF17:
 2377 0141 74707269 		.ascii	"tprio_t\000"
 2377      6F5F7400 
 2378              	.LASF6:
 2379 0149 6C6F6E67 		.ascii	"long int\000"
 2379      20696E74 
 2379      00
 2380              	.LASF74:
 2381 0152 2F776F72 		.ascii	"/workspaces/tinySA\000"
 2381      6B737061 
 2381      6365732F 
 2381      74696E79 
 2381      534100
ARM GAS  /tmp/ccOjajIP.s 			page 44


 2382              	.LASF63:
 2383 0165 77646770 		.ascii	"wdgp\000"
 2383      00
 2384              	.LASF22:
 2385 016a 6E657765 		.ascii	"newer\000"
 2385      7200
 2386              	.LASF20:
 2387 0170 71756575 		.ascii	"queue\000"
 2387      6500
 2388              	.LASF24:
 2389 0176 6E616D65 		.ascii	"name\000"
 2389      00
 2390              	.LASF68:
 2391 017b 6F73616C 		.ascii	"osalSysLock\000"
 2391      5379734C 
 2391      6F636B00 
 2392              	.LASF9:
 2393 0187 756E7369 		.ascii	"unsigned char\000"
 2393      676E6564 
 2393      20636861 
 2393      7200
 2394              	.LASF64:
 2395 0195 5F5F6675 		.ascii	"__func__\000"
 2395      6E635F5F 
 2395      00
 2396              	.LASF4:
 2397 019e 7369676E 		.ascii	"signed char\000"
 2397      65642063 
 2397      68617200 
 2398              	.LASF27:
 2399 01aa 666C6167 		.ascii	"flags\000"
 2399      7300
 2400              	.LASF11:
 2401 01b0 75696E74 		.ascii	"uint32_t\000"
 2401      33325F74 
 2401      00
 2402              	.LASF1:
 2403 01b9 756E7369 		.ascii	"unsigned int\000"
 2403      676E6564 
 2403      20696E74 
 2403      00
 2404              	.LASF35:
 2405 01c6 74687265 		.ascii	"threads_queue_t\000"
 2405      6164735F 
 2405      71756575 
 2405      655F7400 
 2406              	.LASF65:
 2407 01d6 77646753 		.ascii	"wdgStart\000"
 2407      74617274 
 2407      00
 2408              	.LASF10:
 2409 01df 73686F72 		.ascii	"short unsigned int\000"
 2409      7420756E 
 2409      7369676E 
 2409      65642069 
 2409      6E7400
 2410              	.LASF54:
ARM GAS  /tmp/ccOjajIP.s 			page 45


 2411 01f2 57444744 		.ascii	"WDGDriver\000"
 2411      72697665 
 2411      7200
 2412              	.LASF48:
 2413 01fc 63686172 		.ascii	"char\000"
 2413      00
 2414              	.LASF7:
 2415 0201 696E7433 		.ascii	"int32_t\000"
 2415      325F7400 
 2416              	.LASF60:
 2417 0209 7764675F 		.ascii	"wdg_lld_start\000"
 2417      6C6C645F 
 2417      73746172 
 2417      7400
 2418              	.LASF49:
 2419 0217 5F426F6F 		.ascii	"_Bool\000"
 2419      6C00
 2420              	.LASF70:
 2421 021d 706F7274 		.ascii	"port_unlock\000"
 2421      5F756E6C 
 2421      6F636B00 
 2422              	.LASF12:
 2423 0229 6C6F6E67 		.ascii	"long unsigned int\000"
 2423      20756E73 
 2423      69676E65 
 2423      6420696E 
 2423      7400
 2424              	.LASF62:
 2425 023b 77646753 		.ascii	"wdgStop\000"
 2425      746F7000 
 2426              	.LASF75:
 2427 0243 7764675F 		.ascii	"wdg_lld_init\000"
 2427      6C6C645F 
 2427      696E6974 
 2427      00
 2428              	.LASF77:
 2429 0250 5F5F7365 		.ascii	"__set_BASEPRI\000"
 2429      745F4241 
 2429      53455052 
 2429      4900
 2430              	.LASF47:
 2431 025e 77747472 		.ascii	"wttrp\000"
 2431      7000
 2432              	.LASF76:
 2433 0264 63685379 		.ascii	"chSysUnlock\000"
 2433      73556E6C 
 2433      6F636B00 
 2434              	.LASF61:
 2435 0270 77646752 		.ascii	"wdgReset\000"
 2435      65736574 
 2435      00
 2436              	.LASF43:
 2437 0279 706F7274 		.ascii	"port_intctx\000"
 2437      5F696E74 
 2437      63747800 
 2438              	.LASF30:
 2439 0285 74687265 		.ascii	"thread_reference_t\000"
ARM GAS  /tmp/ccOjajIP.s 			page 46


 2439      61645F72 
 2439      65666572 
 2439      656E6365 
 2439      5F7400
 2440              	.LASF46:
 2441 0298 77746F62 		.ascii	"wtobjp\000"
 2441      6A7000
 2442              	.LASF15:
 2443 029f 74737461 		.ascii	"tstate_t\000"
 2443      74655F74 
 2443      00
 2444              	.LASF41:
 2445 02a8 73746B61 		.ascii	"stkalign_t\000"
 2445      6C69676E 
 2445      5F7400
 2446              	.LASF45:
 2447 02b3 65786974 		.ascii	"exitcode\000"
 2447      636F6465 
 2447      00
 2448              	.LASF36:
 2449 02bc 63685F74 		.ascii	"ch_threads_queue\000"
 2449      68726561 
 2449      64735F71 
 2449      75657565 
 2449      00
 2450              	.LASF58:
 2451 02cd 7764675F 		.ascii	"wdg_lld_reset\000"
 2451      6C6C645F 
 2451      72657365 
 2451      7400
 2452              	.LASF28:
 2453 02db 72656673 		.ascii	"refs\000"
 2453      00
 2454              	.LASF38:
 2455 02e0 57494E52 		.ascii	"WINR\000"
 2455      00
 2456              	.LASF29:
 2457 02e5 77616974 		.ascii	"waiting\000"
 2457      696E6700 
 2458              	.LASF37:
 2459 02ed 70726576 		.ascii	"prev\000"
 2459      00
 2460              	.LASF78:
 2461 02f2 76616C75 		.ascii	"value\000"
 2461      6500
 2462              	.LASF72:
 2463 02f8 474E5520 		.ascii	"GNU C11 13.2.1 20231009 -mcpu=cortex-m4 -mfloat-abi"
 2463      43313120 
 2463      31332E32 
 2463      2E312032 
 2463      30323331 
 2464 032b 3D686172 		.ascii	"=hard -mfpu=fpv4-sp-d16 -mno-thumb-interwork -mthum"
 2464      64202D6D 
 2464      6670753D 
 2464      66707634 
 2464      2D73702D 
 2465 035e 62202D6D 		.ascii	"b -march=armv7e-m+fp -ggdb -Og -std=c11 -fno-inline"
ARM GAS  /tmp/ccOjajIP.s 			page 47


 2465      61726368 
 2465      3D61726D 
 2465      7637652D 
 2465      6D2B6670 
 2466 0391 2D736D61 		.ascii	"-small-functions -fomit-frame-pointer -falign-funct"
 2466      6C6C2D66 
 2466      756E6374 
 2466      696F6E73 
 2466      202D666F 
 2467 03c4 696F6E73 		.ascii	"ions=16 -fstack-usage -ffunction-sections -fdata-se"
 2467      3D313620 
 2467      2D667374 
 2467      61636B2D 
 2467      75736167 
 2468 03f7 6374696F 		.ascii	"ctions -fno-common -fsingle-precision-constant\000"
 2468      6E73202D 
 2468      666E6F2D 
 2468      636F6D6D 
 2468      6F6E202D 
 2469              	.LASF56:
 2470 0426 77696E72 		.ascii	"winr\000"
 2470      00
 2471              	.LASF18:
 2472 042b 6D73675F 		.ascii	"msg_t\000"
 2472      7400
 2473              	.LASF21:
 2474 0431 7072696F 		.ascii	"prio\000"
 2474      00
 2475              	.LASF34:
 2476 0436 6E657874 		.ascii	"next\000"
 2476      00
 2477              	.LASF51:
 2478 043b 5744475F 		.ascii	"WDG_STOP\000"
 2478      53544F50 
 2478      00
 2479              	.LASF31:
 2480 0444 74687265 		.ascii	"threads_list_t\000"
 2480      6164735F 
 2480      6C697374 
 2480      5F7400
 2481              		.ident	"GCC: (15:13.2.rel1-2) 13.2.1 20231009"
ARM GAS  /tmp/ccOjajIP.s 			page 48


DEFINED SYMBOLS
                            *ABS*:00000000 hal_wdg.c
     /tmp/ccOjajIP.s:21     .text.wdgInit:00000000 $t
     /tmp/ccOjajIP.s:28     .text.wdgInit:00000000 wdgInit
     /tmp/ccOjajIP.s:47     .text.wdgStart:00000000 $t
     /tmp/ccOjajIP.s:54     .text.wdgStart:00000000 wdgStart
     /tmp/ccOjajIP.s:169    .text.wdgStop:00000000 $t
     /tmp/ccOjajIP.s:176    .text.wdgStop:00000000 wdgStop
     /tmp/ccOjajIP.s:284    .text.wdgReset:00000000 $t
     /tmp/ccOjajIP.s:291    .text.wdgReset:00000000 wdgReset

UNDEFINED SYMBOLS
wdg_lld_init
wdg_lld_start
wdg_lld_stop
wdg_lld_reset
