ARM GAS  /tmp/ccSrtgA9.s 			page 1


   1              		.cpu cortex-m4
   2              		.arch armv7e-m
   3              		.fpu fpv4-sp-d16
   4              		.eabi_attribute 27, 1
   5              		.eabi_attribute 28, 1
   6              		.eabi_attribute 20, 1
   7              		.eabi_attribute 21, 1
   8              		.eabi_attribute 23, 3
   9              		.eabi_attribute 24, 1
  10              		.eabi_attribute 25, 1
  11              		.eabi_attribute 26, 1
  12              		.eabi_attribute 30, 1
  13              		.eabi_attribute 34, 1
  14              		.eabi_attribute 18, 4
  15              		.file	"memstreams.c"
  16              		.text
  17              	.Ltext0:
  18              		.cfi_sections	.debug_frame
  19              		.file 1 "ChibiOS/os/hal/lib/streams/memstreams.c"
  20              		.section	.text.put,"ax",%progbits
  21              		.align	1
  22              		.p2align 4,,15
  23              		.syntax unified
  24              		.thumb
  25              		.thumb_func
  26              		.type	put, %function
  27              	put:
  28              	.LVL0:
  29              	.LFB235:
  30              		.loc 1 66 39 view -0
  31              		.cfi_startproc
  32              		@ args = 0, pretend = 0, frame = 0
  33              		@ frame_needed = 0, uses_anonymous_args = 0
  34              		@ link register save eliminated.
  35              		.loc 1 67 3 view .LVU1
  36              		.loc 1 69 3 view .LVU2
  37              		.loc 1 69 10 is_stmt 0 view .LVU3
  38 0000 8268     		ldr	r2, [r0, #8]
  39              		.loc 1 69 22 view .LVU4
  40 0002 C368     		ldr	r3, [r0, #12]
  41              		.loc 1 69 6 view .LVU5
  42 0004 9A42     		cmp	r2, r3
  43 0006 06D0     		beq	.L3
  44              		.loc 1 71 3 is_stmt 1 view .LVU6
  45              		.loc 1 71 8 is_stmt 0 view .LVU7
  46 0008 4268     		ldr	r2, [r0, #4]
  47              		.loc 1 71 29 view .LVU8
  48 000a D154     		strb	r1, [r2, r3]
  49              		.loc 1 72 3 is_stmt 1 view .LVU9
  50              		.loc 1 72 6 is_stmt 0 view .LVU10
  51 000c C368     		ldr	r3, [r0, #12]
  52              		.loc 1 72 12 view .LVU11
  53 000e 0133     		adds	r3, r3, #1
  54 0010 C360     		str	r3, [r0, #12]
  55              		.loc 1 73 3 is_stmt 1 view .LVU12
  56              		.loc 1 73 10 is_stmt 0 view .LVU13
  57 0012 0020     		movs	r0, #0
ARM GAS  /tmp/ccSrtgA9.s 			page 2


  58              	.LVL1:
  59              		.loc 1 73 10 view .LVU14
  60 0014 7047     		bx	lr
  61              	.LVL2:
  62              	.L3:
  63              		.loc 1 70 12 view .LVU15
  64 0016 6FF00100 		mvn	r0, #1
  65              	.LVL3:
  66              		.loc 1 74 1 view .LVU16
  67 001a 7047     		bx	lr
  68              		.cfi_endproc
  69              	.LFE235:
  70              		.size	put, .-put
  71              		.section	.text.get,"ax",%progbits
  72              		.align	1
  73              		.p2align 4,,15
  74              		.syntax unified
  75              		.thumb
  76              		.thumb_func
  77              		.type	get, %function
  78              	get:
  79              	.LVL4:
  80              	.LFB236:
  81              		.loc 1 76 28 is_stmt 1 view -0
  82              		.cfi_startproc
  83              		@ args = 0, pretend = 0, frame = 0
  84              		@ frame_needed = 0, uses_anonymous_args = 0
  85              		@ link register save eliminated.
  86              		.loc 1 76 28 is_stmt 0 view .LVU18
  87 0000 0346     		mov	r3, r0
  88              		.loc 1 77 3 is_stmt 1 view .LVU19
  89              		.loc 1 78 3 view .LVU20
  90              	.LVL5:
  91              		.loc 1 80 3 view .LVU21
  92              		.loc 1 80 10 is_stmt 0 view .LVU22
  93 0002 C168     		ldr	r1, [r0, #12]
  94              		.loc 1 80 21 view .LVU23
  95 0004 0269     		ldr	r2, [r0, #16]
  96              		.loc 1 80 6 view .LVU24
  97 0006 9142     		cmp	r1, r2
  98 0008 04D0     		beq	.L6
  99              		.loc 1 82 3 is_stmt 1 view .LVU25
 100              		.loc 1 82 12 is_stmt 0 view .LVU26
 101 000a 4168     		ldr	r1, [r0, #4]
 102              		.loc 1 82 5 view .LVU27
 103 000c 885C     		ldrb	r0, [r1, r2]	@ zero_extendqisi2
 104              	.LVL6:
 105              		.loc 1 83 3 is_stmt 1 view .LVU28
 106              		.loc 1 83 15 is_stmt 0 view .LVU29
 107 000e 0132     		adds	r2, r2, #1
 108              	.LVL7:
 109              		.loc 1 83 15 view .LVU30
 110 0010 1A61     		str	r2, [r3, #16]
 111              	.LVL8:
 112              		.loc 1 84 3 is_stmt 1 view .LVU31
 113              		.loc 1 84 10 is_stmt 0 view .LVU32
 114 0012 7047     		bx	lr
ARM GAS  /tmp/ccSrtgA9.s 			page 3


 115              	.LVL9:
 116              	.L6:
 117              		.loc 1 81 12 view .LVU33
 118 0014 6FF00100 		mvn	r0, #1
 119              	.LVL10:
 120              		.loc 1 85 1 view .LVU34
 121 0018 7047     		bx	lr
 122              		.cfi_endproc
 123              	.LFE236:
 124              		.size	get, .-get
 125 001a 00BF     		.section	.text.reads,"ax",%progbits
 126              		.align	1
 127              		.p2align 4,,15
 128              		.syntax unified
 129              		.thumb
 130              		.thumb_func
 131              		.type	reads, %function
 132              	reads:
 133              	.LVL11:
 134              	.LFB234:
 135              		.loc 1 56 54 is_stmt 1 view -0
 136              		.cfi_startproc
 137              		@ args = 0, pretend = 0, frame = 0
 138              		@ frame_needed = 0, uses_anonymous_args = 0
 139              		.loc 1 56 54 is_stmt 0 view .LVU36
 140 0000 38B5     		push	{r3, r4, r5, lr}
 141              		.cfi_def_cfa_offset 16
 142              		.cfi_offset 3, -16
 143              		.cfi_offset 4, -12
 144              		.cfi_offset 5, -8
 145              		.cfi_offset 14, -4
 146 0002 0446     		mov	r4, r0
 147 0004 0846     		mov	r0, r1
 148              	.LVL12:
 149              		.loc 1 57 3 is_stmt 1 view .LVU37
 150              		.loc 1 59 3 view .LVU38
 151              		.loc 1 59 10 is_stmt 0 view .LVU39
 152 0006 E568     		ldr	r5, [r4, #12]
 153              		.loc 1 59 21 view .LVU40
 154 0008 2369     		ldr	r3, [r4, #16]
 155              		.loc 1 59 16 view .LVU41
 156 000a ED1A     		subs	r5, r5, r3
 157              		.loc 1 59 6 view .LVU42
 158 000c 9542     		cmp	r5, r2
 159 000e 00D3     		bcc	.L8
 160 0010 1546     		mov	r5, r2
 161              	.L8:
 162              	.LVL13:
 163              		.loc 1 61 3 is_stmt 1 view .LVU43
 164              		.loc 1 61 17 is_stmt 0 view .LVU44
 165 0012 6168     		ldr	r1, [r4, #4]
 166              	.LVL14:
 167              		.loc 1 61 3 view .LVU45
 168 0014 2A46     		mov	r2, r5
 169 0016 1944     		add	r1, r1, r3
 170 0018 FFF7FEFF 		bl	memcpy
 171              	.LVL15:
ARM GAS  /tmp/ccSrtgA9.s 			page 4


 172              		.loc 1 62 3 is_stmt 1 view .LVU46
 173              		.loc 1 62 6 is_stmt 0 view .LVU47
 174 001c 2369     		ldr	r3, [r4, #16]
 175              		.loc 1 62 15 view .LVU48
 176 001e 2B44     		add	r3, r3, r5
 177 0020 2361     		str	r3, [r4, #16]
 178              		.loc 1 63 3 is_stmt 1 view .LVU49
 179              		.loc 1 64 1 is_stmt 0 view .LVU50
 180 0022 2846     		mov	r0, r5
 181 0024 38BD     		pop	{r3, r4, r5, pc}
 182              		.loc 1 64 1 view .LVU51
 183              		.cfi_endproc
 184              	.LFE234:
 185              		.size	reads, .-reads
 186 0026 00BF     		.section	.text.writes,"ax",%progbits
 187              		.align	1
 188              		.p2align 4,,15
 189              		.syntax unified
 190              		.thumb
 191              		.thumb_func
 192              		.type	writes, %function
 193              	writes:
 194              	.LVL16:
 195              	.LFB233:
 196              		.loc 1 46 61 is_stmt 1 view -0
 197              		.cfi_startproc
 198              		@ args = 0, pretend = 0, frame = 0
 199              		@ frame_needed = 0, uses_anonymous_args = 0
 200              		.loc 1 46 61 is_stmt 0 view .LVU53
 201 0000 38B5     		push	{r3, r4, r5, lr}
 202              		.cfi_def_cfa_offset 16
 203              		.cfi_offset 3, -16
 204              		.cfi_offset 4, -12
 205              		.cfi_offset 5, -8
 206              		.cfi_offset 14, -4
 207 0002 0446     		mov	r4, r0
 208              		.loc 1 47 3 is_stmt 1 view .LVU54
 209              	.LVL17:
 210              		.loc 1 49 3 view .LVU55
 211              		.loc 1 49 10 is_stmt 0 view .LVU56
 212 0004 8568     		ldr	r5, [r0, #8]
 213              		.loc 1 49 22 view .LVU57
 214 0006 C368     		ldr	r3, [r0, #12]
 215              		.loc 1 49 17 view .LVU58
 216 0008 ED1A     		subs	r5, r5, r3
 217              		.loc 1 49 6 view .LVU59
 218 000a 9542     		cmp	r5, r2
 219 000c 00D3     		bcc	.L11
 220 000e 1546     		mov	r5, r2
 221              	.L11:
 222              	.LVL18:
 223              		.loc 1 51 3 is_stmt 1 view .LVU60
 224              		.loc 1 51 13 is_stmt 0 view .LVU61
 225 0010 6068     		ldr	r0, [r4, #4]
 226              	.LVL19:
 227              		.loc 1 51 3 view .LVU62
 228 0012 2A46     		mov	r2, r5
ARM GAS  /tmp/ccSrtgA9.s 			page 5


 229 0014 1844     		add	r0, r0, r3
 230 0016 FFF7FEFF 		bl	memcpy
 231              	.LVL20:
 232              		.loc 1 52 3 is_stmt 1 view .LVU63
 233              		.loc 1 52 6 is_stmt 0 view .LVU64
 234 001a E368     		ldr	r3, [r4, #12]
 235              		.loc 1 52 12 view .LVU65
 236 001c 2B44     		add	r3, r3, r5
 237 001e E360     		str	r3, [r4, #12]
 238              		.loc 1 53 3 is_stmt 1 view .LVU66
 239              		.loc 1 54 1 is_stmt 0 view .LVU67
 240 0020 2846     		mov	r0, r5
 241 0022 38BD     		pop	{r3, r4, r5, pc}
 242              		.loc 1 54 1 view .LVU68
 243              		.cfi_endproc
 244              	.LFE233:
 245              		.size	writes, .-writes
 246              		.section	.text.msObjectInit,"ax",%progbits
 247              		.align	1
 248              		.p2align 4,,15
 249              		.global	msObjectInit
 250              		.syntax unified
 251              		.thumb
 252              		.thumb_func
 253              		.type	msObjectInit, %function
 254              	msObjectInit:
 255              	.LVL21:
 256              	.LFB237:
 257              		.loc 1 104 44 is_stmt 1 view -0
 258              		.cfi_startproc
 259              		@ args = 0, pretend = 0, frame = 0
 260              		@ frame_needed = 0, uses_anonymous_args = 0
 261              		@ link register save eliminated.
 262              		.loc 1 104 44 is_stmt 0 view .LVU70
 263 0000 10B4     		push	{r4}
 264              		.cfi_def_cfa_offset 4
 265              		.cfi_offset 4, -4
 266              		.loc 1 106 3 is_stmt 1 view .LVU71
 267              		.loc 1 106 15 is_stmt 0 view .LVU72
 268 0002 054C     		ldr	r4, .L15
 269 0004 0460     		str	r4, [r0]
 270              		.loc 1 107 3 is_stmt 1 view .LVU73
 271              		.loc 1 107 15 is_stmt 0 view .LVU74
 272 0006 4160     		str	r1, [r0, #4]
 273              		.loc 1 108 3 is_stmt 1 view .LVU75
 274              		.loc 1 108 15 is_stmt 0 view .LVU76
 275 0008 8260     		str	r2, [r0, #8]
 276              		.loc 1 109 3 is_stmt 1 view .LVU77
 277              		.loc 1 109 15 is_stmt 0 view .LVU78
 278 000a C360     		str	r3, [r0, #12]
 279              		.loc 1 110 3 is_stmt 1 view .LVU79
 280              		.loc 1 110 15 is_stmt 0 view .LVU80
 281 000c 0023     		movs	r3, #0
 282              	.LVL22:
 283              		.loc 1 110 15 view .LVU81
 284 000e 0361     		str	r3, [r0, #16]
 285              		.loc 1 111 1 view .LVU82
ARM GAS  /tmp/ccSrtgA9.s 			page 6


 286 0010 5DF8044B 		ldr	r4, [sp], #4
 287              		.cfi_restore 4
 288              		.cfi_def_cfa_offset 0
 289 0014 7047     		bx	lr
 290              	.L16:
 291 0016 00BF     		.align	2
 292              	.L15:
 293 0018 00000000 		.word	vmt
 294              		.cfi_endproc
 295              	.LFE237:
 296              		.size	msObjectInit, .-msObjectInit
 297              		.section	.rodata.vmt,"a"
 298              		.align	2
 299              		.type	vmt, %object
 300              		.size	vmt, 16
 301              	vmt:
 302 0000 00000000 		.word	writes
 303 0004 00000000 		.word	reads
 304 0008 00000000 		.word	put
 305 000c 00000000 		.word	get
 306              		.text
 307              	.Letext0:
 308              		.file 2 "/usr/lib/gcc/arm-none-eabi/13.2.1/include/stddef.h"
 309              		.file 3 "/usr/lib/gcc/arm-none-eabi/13.2.1/include/stdint.h"
 310              		.file 4 "ChibiOS/os/common/ports/ARMCMx/compilers/GCC/chtypes.h"
 311              		.file 5 "ChibiOS/os/hal/lib/streams/memstreams.h"
 312              		.file 6 "/usr/include/newlib/string.h"
 313              		.file 7 "<built-in>"
 314              		.section	.debug_info,"",%progbits
 315              	.Ldebug_info0:
 316 0000 D0030000 		.4byte	0x3d0
 317 0004 0500     		.2byte	0x5
 318 0006 01       		.byte	0x1
 319 0007 04       		.byte	0x4
 320 0008 00000000 		.4byte	.Ldebug_abbrev0
 321 000c 11       		.uleb128 0x11
 322 000d 2E010000 		.4byte	.LASF24
 323 0011 1D       		.byte	0x1d
 324 0012 C8000000 		.4byte	.LASF25
 325 0016 72000000 		.4byte	.LASF26
 326 001a 0C000000 		.4byte	.LLRL14
 327 001e 00000000 		.4byte	0
 328 0022 00000000 		.4byte	.Ldebug_line0
 329 0026 01       		.uleb128 0x1
 330 0027 08       		.byte	0x8
 331 0028 07       		.byte	0x7
 332 0029 74020000 		.4byte	.LASF0
 333 002d 01       		.uleb128 0x1
 334 002e 04       		.byte	0x4
 335 002f 07       		.byte	0x7
 336 0030 97000000 		.4byte	.LASF1
 337 0034 12       		.uleb128 0x12
 338 0035 04       		.byte	0x4
 339 0036 05       		.byte	0x5
 340 0037 696E7400 		.ascii	"int\000"
 341 003b 05       		.uleb128 0x5
 342 003c 00000000 		.4byte	.LASF11
ARM GAS  /tmp/ccSrtgA9.s 			page 7


 343 0040 02       		.byte	0x2
 344 0041 D6       		.byte	0xd6
 345 0042 17       		.byte	0x17
 346 0043 2D000000 		.4byte	0x2d
 347 0047 01       		.uleb128 0x1
 348 0048 08       		.byte	0x8
 349 0049 05       		.byte	0x5
 350 004a F8000000 		.4byte	.LASF2
 351 004e 01       		.uleb128 0x1
 352 004f 08       		.byte	0x8
 353 0050 04       		.byte	0x4
 354 0051 61000000 		.4byte	.LASF3
 355 0055 01       		.uleb128 0x1
 356 0056 01       		.byte	0x1
 357 0057 06       		.byte	0x6
 358 0058 1B000000 		.4byte	.LASF4
 359 005c 01       		.uleb128 0x1
 360 005d 01       		.byte	0x1
 361 005e 08       		.byte	0x8
 362 005f 46000000 		.4byte	.LASF5
 363 0063 01       		.uleb128 0x1
 364 0064 02       		.byte	0x2
 365 0065 05       		.byte	0x5
 366 0066 14010000 		.4byte	.LASF6
 367 006a 01       		.uleb128 0x1
 368 006b 02       		.byte	0x2
 369 006c 07       		.byte	0x7
 370 006d 2D000000 		.4byte	.LASF7
 371 0071 01       		.uleb128 0x1
 372 0072 04       		.byte	0x4
 373 0073 05       		.byte	0x5
 374 0074 25010000 		.4byte	.LASF8
 375 0078 01       		.uleb128 0x1
 376 0079 04       		.byte	0x4
 377 007a 07       		.byte	0x7
 378 007b 85000000 		.4byte	.LASF9
 379 007f 13       		.uleb128 0x13
 380 0080 04       		.byte	0x4
 381 0081 01       		.uleb128 0x1
 382 0082 01       		.byte	0x1
 383 0083 08       		.byte	0x8
 384 0084 A4000000 		.4byte	.LASF10
 385 0088 05       		.uleb128 0x5
 386 0089 F0000000 		.4byte	.LASF12
 387 008d 03       		.byte	0x3
 388 008e 28       		.byte	0x28
 389 008f 18       		.byte	0x18
 390 0090 71000000 		.4byte	0x71
 391 0094 05       		.uleb128 0x5
 392 0095 A9000000 		.4byte	.LASF13
 393 0099 03       		.byte	0x3
 394 009a 2E       		.byte	0x2e
 395 009b 18       		.byte	0x18
 396 009c 5C000000 		.4byte	0x5c
 397 00a0 0A       		.uleb128 0xa
 398 00a1 94000000 		.4byte	0x94
 399 00a5 05       		.uleb128 0x5
ARM GAS  /tmp/ccSrtgA9.s 			page 8


 400 00a6 B1000000 		.4byte	.LASF14
 401 00aa 04       		.byte	0x4
 402 00ab 41       		.byte	0x41
 403 00ac 1D       		.byte	0x1d
 404 00ad 88000000 		.4byte	0x88
 405 00b1 08       		.uleb128 0x8
 406 00b2 3B000000 		.4byte	0x3b
 407 00b6 CA000000 		.4byte	0xca
 408 00ba 02       		.uleb128 0x2
 409 00bb 7F000000 		.4byte	0x7f
 410 00bf 02       		.uleb128 0x2
 411 00c0 CA000000 		.4byte	0xca
 412 00c4 02       		.uleb128 0x2
 413 00c5 3B000000 		.4byte	0x3b
 414 00c9 00       		.byte	0
 415 00ca 03       		.uleb128 0x3
 416 00cb A0000000 		.4byte	0xa0
 417 00cf 03       		.uleb128 0x3
 418 00d0 B1000000 		.4byte	0xb1
 419 00d4 08       		.uleb128 0x8
 420 00d5 3B000000 		.4byte	0x3b
 421 00d9 ED000000 		.4byte	0xed
 422 00dd 02       		.uleb128 0x2
 423 00de 7F000000 		.4byte	0x7f
 424 00e2 02       		.uleb128 0x2
 425 00e3 ED000000 		.4byte	0xed
 426 00e7 02       		.uleb128 0x2
 427 00e8 3B000000 		.4byte	0x3b
 428 00ec 00       		.byte	0
 429 00ed 03       		.uleb128 0x3
 430 00ee 94000000 		.4byte	0x94
 431 00f2 03       		.uleb128 0x3
 432 00f3 D4000000 		.4byte	0xd4
 433 00f7 08       		.uleb128 0x8
 434 00f8 A5000000 		.4byte	0xa5
 435 00fc 0B010000 		.4byte	0x10b
 436 0100 02       		.uleb128 0x2
 437 0101 7F000000 		.4byte	0x7f
 438 0105 02       		.uleb128 0x2
 439 0106 94000000 		.4byte	0x94
 440 010a 00       		.byte	0
 441 010b 03       		.uleb128 0x3
 442 010c F7000000 		.4byte	0xf7
 443 0110 08       		.uleb128 0x8
 444 0111 A5000000 		.4byte	0xa5
 445 0115 1F010000 		.4byte	0x11f
 446 0119 02       		.uleb128 0x2
 447 011a 7F000000 		.4byte	0x7f
 448 011e 00       		.byte	0
 449 011f 03       		.uleb128 0x3
 450 0120 10010000 		.4byte	0x110
 451 0124 01       		.uleb128 0x1
 452 0125 01       		.byte	0x1
 453 0126 02       		.byte	0x2
 454 0127 6E020000 		.4byte	.LASF15
 455 012b 14       		.uleb128 0x14
 456 012c 07000000 		.4byte	.LASF27
ARM GAS  /tmp/ccSrtgA9.s 			page 9


 457 0130 10       		.byte	0x10
 458 0131 05       		.byte	0x5
 459 0132 3D       		.byte	0x3d
 460 0133 08       		.byte	0x8
 461 0134 67010000 		.4byte	0x167
 462 0138 06       		.uleb128 0x6
 463 0139 40000000 		.4byte	.LASF16
 464 013d 3E       		.byte	0x3e
 465 013e CF000000 		.4byte	0xcf
 466 0142 00       		.byte	0
 467 0143 06       		.uleb128 0x6
 468 0144 6D000000 		.4byte	.LASF17
 469 0148 3E       		.byte	0x3e
 470 0149 F2000000 		.4byte	0xf2
 471 014d 04       		.byte	0x4
 472 014e 09       		.uleb128 0x9
 473 014f 70757400 		.ascii	"put\000"
 474 0153 3E       		.byte	0x3e
 475 0154 03       		.byte	0x3
 476 0155 0B010000 		.4byte	0x10b
 477 0159 08       		.byte	0x8
 478 015a 09       		.uleb128 0x9
 479 015b 67657400 		.ascii	"get\000"
 480 015f 3E       		.byte	0x3e
 481 0160 03       		.byte	0x3
 482 0161 1F010000 		.4byte	0x11f
 483 0165 0C       		.byte	0xc
 484 0166 00       		.byte	0
 485 0167 0A       		.uleb128 0xa
 486 0168 2B010000 		.4byte	0x12b
 487 016c 15       		.uleb128 0x15
 488 016d 14       		.byte	0x14
 489 016e 05       		.byte	0x5
 490 016f 46       		.byte	0x46
 491 0170 09       		.byte	0x9
 492 0171 AF010000 		.4byte	0x1af
 493 0175 09       		.uleb128 0x9
 494 0176 766D7400 		.ascii	"vmt\000"
 495 017a 48       		.byte	0x48
 496 017b 1E       		.byte	0x1e
 497 017c AF010000 		.4byte	0x1af
 498 0180 00       		.byte	0
 499 0181 06       		.uleb128 0x6
 500 0182 1E010000 		.4byte	.LASF18
 501 0186 49       		.byte	0x49
 502 0187 ED000000 		.4byte	0xed
 503 018b 04       		.byte	0x4
 504 018c 06       		.uleb128 0x6
 505 018d 69020000 		.4byte	.LASF19
 506 0191 49       		.byte	0x49
 507 0192 3B000000 		.4byte	0x3b
 508 0196 08       		.byte	0x8
 509 0197 09       		.uleb128 0x9
 510 0198 656F7300 		.ascii	"eos\000"
 511 019c 49       		.byte	0x49
 512 019d 03       		.byte	0x3
 513 019e 3B000000 		.4byte	0x3b
ARM GAS  /tmp/ccSrtgA9.s 			page 10


 514 01a2 0C       		.byte	0xc
 515 01a3 06       		.uleb128 0x6
 516 01a4 0D010000 		.4byte	.LASF20
 517 01a8 49       		.byte	0x49
 518 01a9 3B000000 		.4byte	0x3b
 519 01ad 10       		.byte	0x10
 520 01ae 00       		.byte	0
 521 01af 03       		.uleb128 0x3
 522 01b0 67010000 		.4byte	0x167
 523 01b4 05       		.uleb128 0x5
 524 01b5 5C020000 		.4byte	.LASF21
 525 01b9 05       		.byte	0x5
 526 01ba 4A       		.byte	0x4a
 527 01bb 03       		.byte	0x3
 528 01bc 6C010000 		.4byte	0x16c
 529 01c0 16       		.uleb128 0x16
 530 01c1 766D7400 		.ascii	"vmt\000"
 531 01c5 01       		.byte	0x1
 532 01c6 57       		.byte	0x57
 533 01c7 22       		.byte	0x22
 534 01c8 67010000 		.4byte	0x167
 535 01cc 05       		.uleb128 0x5
 536 01cd 03       		.byte	0x3
 537 01ce 00000000 		.4byte	vmt
 538 01d2 17       		.uleb128 0x17
 539 01d3 06010000 		.4byte	.LASF28
 540 01d7 06       		.byte	0x6
 541 01d8 1F       		.byte	0x1f
 542 01d9 09       		.byte	0x9
 543 01da 7F000000 		.4byte	0x7f
 544 01de F2010000 		.4byte	0x1f2
 545 01e2 02       		.uleb128 0x2
 546 01e3 7F000000 		.4byte	0x7f
 547 01e7 02       		.uleb128 0x2
 548 01e8 F2010000 		.4byte	0x1f2
 549 01ec 02       		.uleb128 0x2
 550 01ed 3B000000 		.4byte	0x3b
 551 01f1 00       		.byte	0
 552 01f2 03       		.uleb128 0x3
 553 01f3 F7010000 		.4byte	0x1f7
 554 01f7 18       		.uleb128 0x18
 555 01f8 19       		.uleb128 0x19
 556 01f9 54000000 		.4byte	.LASF29
 557 01fd 01       		.byte	0x1
 558 01fe 67       		.byte	0x67
 559 01ff 06       		.byte	0x6
 560 0200 00000000 		.4byte	.LFB237
 561 0204 1C000000 		.4byte	.LFE237-.LFB237
 562 0208 01       		.uleb128 0x1
 563 0209 9C       		.byte	0x9c
 564 020a 49020000 		.4byte	0x249
 565 020e 0B       		.uleb128 0xb
 566 020f 6D737000 		.ascii	"msp\000"
 567 0213 67       		.byte	0x67
 568 0214 21       		.byte	0x21
 569 0215 49020000 		.4byte	0x249
 570 0219 01       		.uleb128 0x1
ARM GAS  /tmp/ccSrtgA9.s 			page 11


 571 021a 50       		.byte	0x50
 572 021b 0C       		.uleb128 0xc
 573 021c 1E010000 		.4byte	.LASF18
 574 0220 67       		.byte	0x67
 575 0221 2F       		.byte	0x2f
 576 0222 ED000000 		.4byte	0xed
 577 0226 01       		.uleb128 0x1
 578 0227 51       		.byte	0x51
 579 0228 0C       		.uleb128 0xc
 580 0229 69020000 		.4byte	.LASF19
 581 022d 68       		.byte	0x68
 582 022e 1A       		.byte	0x1a
 583 022f 3B000000 		.4byte	0x3b
 584 0233 01       		.uleb128 0x1
 585 0234 52       		.byte	0x52
 586 0235 04       		.uleb128 0x4
 587 0236 656F7300 		.ascii	"eos\000"
 588 023a 68       		.byte	0x68
 589 023b 27       		.byte	0x27
 590 023c 3B000000 		.4byte	0x3b
 591 0240 10000000 		.4byte	.LLST13
 592 0244 0C000000 		.4byte	.LVUS13
 593 0248 00       		.byte	0
 594 0249 03       		.uleb128 0x3
 595 024a B4010000 		.4byte	0x1b4
 596 024e 0D       		.uleb128 0xd
 597 024f 67657400 		.ascii	"get\000"
 598 0253 4C       		.byte	0x4c
 599 0254 A5000000 		.4byte	0xa5
 600 0258 00000000 		.4byte	.LFB236
 601 025c 1A000000 		.4byte	.LFE236-.LFB236
 602 0260 01       		.uleb128 0x1
 603 0261 9C       		.byte	0x9c
 604 0262 9D020000 		.4byte	0x29d
 605 0266 04       		.uleb128 0x4
 606 0267 697000   		.ascii	"ip\000"
 607 026a 4C       		.byte	0x4c
 608 026b 18       		.byte	0x18
 609 026c 7F000000 		.4byte	0x7f
 610 0270 29000000 		.4byte	.LLST2
 611 0274 21000000 		.4byte	.LVUS2
 612 0278 07       		.uleb128 0x7
 613 0279 6200     		.ascii	"b\000"
 614 027b 4D       		.byte	0x4d
 615 027c 0B       		.byte	0xb
 616 027d 94000000 		.4byte	0x94
 617 0281 47000000 		.4byte	.LLST3
 618 0285 43000000 		.4byte	.LVUS3
 619 0289 07       		.uleb128 0x7
 620 028a 6D737000 		.ascii	"msp\000"
 621 028e 4E       		.byte	0x4e
 622 028f 11       		.byte	0x11
 623 0290 49020000 		.4byte	0x249
 624 0294 68000000 		.4byte	.LLST4
 625 0298 60000000 		.4byte	.LVUS4
 626 029c 00       		.byte	0
 627 029d 0D       		.uleb128 0xd
ARM GAS  /tmp/ccSrtgA9.s 			page 12


 628 029e 70757400 		.ascii	"put\000"
 629 02a2 42       		.byte	0x42
 630 02a3 A5000000 		.4byte	0xa5
 631 02a7 00000000 		.4byte	.LFB235
 632 02ab 1C000000 		.4byte	.LFE235-.LFB235
 633 02af 01       		.uleb128 0x1
 634 02b0 9C       		.byte	0x9c
 635 02b1 E6020000 		.4byte	0x2e6
 636 02b5 04       		.uleb128 0x4
 637 02b6 697000   		.ascii	"ip\000"
 638 02b9 42       		.byte	0x42
 639 02ba 18       		.byte	0x18
 640 02bb 7F000000 		.4byte	0x7f
 641 02bf 8A000000 		.4byte	.LLST0
 642 02c3 82000000 		.4byte	.LVUS0
 643 02c7 0B       		.uleb128 0xb
 644 02c8 6200     		.ascii	"b\000"
 645 02ca 42       		.byte	0x42
 646 02cb 24       		.byte	0x24
 647 02cc 94000000 		.4byte	0x94
 648 02d0 01       		.uleb128 0x1
 649 02d1 51       		.byte	0x51
 650 02d2 07       		.uleb128 0x7
 651 02d3 6D737000 		.ascii	"msp\000"
 652 02d7 43       		.byte	0x43
 653 02d8 11       		.byte	0x11
 654 02d9 49020000 		.4byte	0x249
 655 02dd BE000000 		.4byte	.LLST1
 656 02e1 B6000000 		.4byte	.LVUS1
 657 02e5 00       		.byte	0
 658 02e6 0E       		.uleb128 0xe
 659 02e7 27000000 		.4byte	.LASF22
 660 02eb 38       		.byte	0x38
 661 02ec 3B000000 		.4byte	0x3b
 662 02f0 00000000 		.4byte	.LFB234
 663 02f4 26000000 		.4byte	.LFE234-.LFB234
 664 02f8 01       		.uleb128 0x1
 665 02f9 9C       		.byte	0x9c
 666 02fa 57030000 		.4byte	0x357
 667 02fe 04       		.uleb128 0x4
 668 02ff 697000   		.ascii	"ip\000"
 669 0302 38       		.byte	0x38
 670 0303 1B       		.byte	0x1b
 671 0304 7F000000 		.4byte	0x7f
 672 0308 EE000000 		.4byte	.LLST5
 673 030c EA000000 		.4byte	.LVUS5
 674 0310 04       		.uleb128 0x4
 675 0311 627000   		.ascii	"bp\000"
 676 0314 38       		.byte	0x38
 677 0315 28       		.byte	0x28
 678 0316 ED000000 		.4byte	0xed
 679 031a 04010000 		.4byte	.LLST6
 680 031e FE000000 		.4byte	.LVUS6
 681 0322 04       		.uleb128 0x4
 682 0323 6E00     		.ascii	"n\000"
 683 0325 38       		.byte	0x38
 684 0326 33       		.byte	0x33
ARM GAS  /tmp/ccSrtgA9.s 			page 13


 685 0327 3B000000 		.4byte	0x3b
 686 032b 26010000 		.4byte	.LLST7
 687 032f 22010000 		.4byte	.LVUS7
 688 0333 07       		.uleb128 0x7
 689 0334 6D737000 		.ascii	"msp\000"
 690 0338 39       		.byte	0x39
 691 0339 11       		.byte	0x11
 692 033a 49020000 		.4byte	0x249
 693 033e 38010000 		.4byte	.LLST8
 694 0342 36010000 		.4byte	.LVUS8
 695 0346 0F       		.uleb128 0xf
 696 0347 1C000000 		.4byte	.LVL15
 697 034b C8030000 		.4byte	0x3c8
 698 034f 10       		.uleb128 0x10
 699 0350 01       		.uleb128 0x1
 700 0351 52       		.byte	0x52
 701 0352 02       		.uleb128 0x2
 702 0353 75       		.byte	0x75
 703 0354 00       		.sleb128 0
 704 0355 00       		.byte	0
 705 0356 00       		.byte	0
 706 0357 0E       		.uleb128 0xe
 707 0358 14000000 		.4byte	.LASF23
 708 035c 2E       		.byte	0x2e
 709 035d 3B000000 		.4byte	0x3b
 710 0361 00000000 		.4byte	.LFB233
 711 0365 24000000 		.4byte	.LFE233-.LFB233
 712 0369 01       		.uleb128 0x1
 713 036a 9C       		.byte	0x9c
 714 036b C8030000 		.4byte	0x3c8
 715 036f 04       		.uleb128 0x4
 716 0370 697000   		.ascii	"ip\000"
 717 0373 2E       		.byte	0x2e
 718 0374 1C       		.byte	0x1c
 719 0375 7F000000 		.4byte	0x7f
 720 0379 45010000 		.4byte	.LLST9
 721 037d 41010000 		.4byte	.LVUS9
 722 0381 04       		.uleb128 0x4
 723 0382 627000   		.ascii	"bp\000"
 724 0385 2E       		.byte	0x2e
 725 0386 2F       		.byte	0x2f
 726 0387 CA000000 		.4byte	0xca
 727 038b 59010000 		.4byte	.LLST10
 728 038f 55010000 		.4byte	.LVUS10
 729 0393 04       		.uleb128 0x4
 730 0394 6E00     		.ascii	"n\000"
 731 0396 2E       		.byte	0x2e
 732 0397 3A       		.byte	0x3a
 733 0398 3B000000 		.4byte	0x3b
 734 039c 76010000 		.4byte	.LLST11
 735 03a0 72010000 		.4byte	.LVUS11
 736 03a4 07       		.uleb128 0x7
 737 03a5 6D737000 		.ascii	"msp\000"
 738 03a9 2F       		.byte	0x2f
 739 03aa 11       		.byte	0x11
 740 03ab 49020000 		.4byte	0x249
 741 03af 8A010000 		.4byte	.LLST12
ARM GAS  /tmp/ccSrtgA9.s 			page 14


 742 03b3 86010000 		.4byte	.LVUS12
 743 03b7 0F       		.uleb128 0xf
 744 03b8 1A000000 		.4byte	.LVL20
 745 03bc C8030000 		.4byte	0x3c8
 746 03c0 10       		.uleb128 0x10
 747 03c1 01       		.uleb128 0x1
 748 03c2 52       		.byte	0x52
 749 03c3 02       		.uleb128 0x2
 750 03c4 75       		.byte	0x75
 751 03c5 00       		.sleb128 0
 752 03c6 00       		.byte	0
 753 03c7 00       		.byte	0
 754 03c8 1A       		.uleb128 0x1a
 755 03c9 06010000 		.4byte	.LASF28
 756 03cd B7000000 		.4byte	.LASF30
 757 03d1 07       		.byte	0x7
 758 03d2 00       		.byte	0
 759 03d3 00       		.byte	0
 760              		.section	.debug_abbrev,"",%progbits
 761              	.Ldebug_abbrev0:
 762 0000 01       		.uleb128 0x1
 763 0001 24       		.uleb128 0x24
 764 0002 00       		.byte	0
 765 0003 0B       		.uleb128 0xb
 766 0004 0B       		.uleb128 0xb
 767 0005 3E       		.uleb128 0x3e
 768 0006 0B       		.uleb128 0xb
 769 0007 03       		.uleb128 0x3
 770 0008 0E       		.uleb128 0xe
 771 0009 00       		.byte	0
 772 000a 00       		.byte	0
 773 000b 02       		.uleb128 0x2
 774 000c 05       		.uleb128 0x5
 775 000d 00       		.byte	0
 776 000e 49       		.uleb128 0x49
 777 000f 13       		.uleb128 0x13
 778 0010 00       		.byte	0
 779 0011 00       		.byte	0
 780 0012 03       		.uleb128 0x3
 781 0013 0F       		.uleb128 0xf
 782 0014 00       		.byte	0
 783 0015 0B       		.uleb128 0xb
 784 0016 21       		.uleb128 0x21
 785 0017 04       		.sleb128 4
 786 0018 49       		.uleb128 0x49
 787 0019 13       		.uleb128 0x13
 788 001a 00       		.byte	0
 789 001b 00       		.byte	0
 790 001c 04       		.uleb128 0x4
 791 001d 05       		.uleb128 0x5
 792 001e 00       		.byte	0
 793 001f 03       		.uleb128 0x3
 794 0020 08       		.uleb128 0x8
 795 0021 3A       		.uleb128 0x3a
 796 0022 21       		.uleb128 0x21
 797 0023 01       		.sleb128 1
 798 0024 3B       		.uleb128 0x3b
ARM GAS  /tmp/ccSrtgA9.s 			page 15


 799 0025 0B       		.uleb128 0xb
 800 0026 39       		.uleb128 0x39
 801 0027 0B       		.uleb128 0xb
 802 0028 49       		.uleb128 0x49
 803 0029 13       		.uleb128 0x13
 804 002a 02       		.uleb128 0x2
 805 002b 17       		.uleb128 0x17
 806 002c B742     		.uleb128 0x2137
 807 002e 17       		.uleb128 0x17
 808 002f 00       		.byte	0
 809 0030 00       		.byte	0
 810 0031 05       		.uleb128 0x5
 811 0032 16       		.uleb128 0x16
 812 0033 00       		.byte	0
 813 0034 03       		.uleb128 0x3
 814 0035 0E       		.uleb128 0xe
 815 0036 3A       		.uleb128 0x3a
 816 0037 0B       		.uleb128 0xb
 817 0038 3B       		.uleb128 0x3b
 818 0039 0B       		.uleb128 0xb
 819 003a 39       		.uleb128 0x39
 820 003b 0B       		.uleb128 0xb
 821 003c 49       		.uleb128 0x49
 822 003d 13       		.uleb128 0x13
 823 003e 00       		.byte	0
 824 003f 00       		.byte	0
 825 0040 06       		.uleb128 0x6
 826 0041 0D       		.uleb128 0xd
 827 0042 00       		.byte	0
 828 0043 03       		.uleb128 0x3
 829 0044 0E       		.uleb128 0xe
 830 0045 3A       		.uleb128 0x3a
 831 0046 21       		.uleb128 0x21
 832 0047 05       		.sleb128 5
 833 0048 3B       		.uleb128 0x3b
 834 0049 0B       		.uleb128 0xb
 835 004a 39       		.uleb128 0x39
 836 004b 21       		.uleb128 0x21
 837 004c 03       		.sleb128 3
 838 004d 49       		.uleb128 0x49
 839 004e 13       		.uleb128 0x13
 840 004f 38       		.uleb128 0x38
 841 0050 0B       		.uleb128 0xb
 842 0051 00       		.byte	0
 843 0052 00       		.byte	0
 844 0053 07       		.uleb128 0x7
 845 0054 34       		.uleb128 0x34
 846 0055 00       		.byte	0
 847 0056 03       		.uleb128 0x3
 848 0057 08       		.uleb128 0x8
 849 0058 3A       		.uleb128 0x3a
 850 0059 21       		.uleb128 0x21
 851 005a 01       		.sleb128 1
 852 005b 3B       		.uleb128 0x3b
 853 005c 0B       		.uleb128 0xb
 854 005d 39       		.uleb128 0x39
 855 005e 0B       		.uleb128 0xb
ARM GAS  /tmp/ccSrtgA9.s 			page 16


 856 005f 49       		.uleb128 0x49
 857 0060 13       		.uleb128 0x13
 858 0061 02       		.uleb128 0x2
 859 0062 17       		.uleb128 0x17
 860 0063 B742     		.uleb128 0x2137
 861 0065 17       		.uleb128 0x17
 862 0066 00       		.byte	0
 863 0067 00       		.byte	0
 864 0068 08       		.uleb128 0x8
 865 0069 15       		.uleb128 0x15
 866 006a 01       		.byte	0x1
 867 006b 27       		.uleb128 0x27
 868 006c 19       		.uleb128 0x19
 869 006d 49       		.uleb128 0x49
 870 006e 13       		.uleb128 0x13
 871 006f 01       		.uleb128 0x1
 872 0070 13       		.uleb128 0x13
 873 0071 00       		.byte	0
 874 0072 00       		.byte	0
 875 0073 09       		.uleb128 0x9
 876 0074 0D       		.uleb128 0xd
 877 0075 00       		.byte	0
 878 0076 03       		.uleb128 0x3
 879 0077 08       		.uleb128 0x8
 880 0078 3A       		.uleb128 0x3a
 881 0079 21       		.uleb128 0x21
 882 007a 05       		.sleb128 5
 883 007b 3B       		.uleb128 0x3b
 884 007c 0B       		.uleb128 0xb
 885 007d 39       		.uleb128 0x39
 886 007e 0B       		.uleb128 0xb
 887 007f 49       		.uleb128 0x49
 888 0080 13       		.uleb128 0x13
 889 0081 38       		.uleb128 0x38
 890 0082 0B       		.uleb128 0xb
 891 0083 00       		.byte	0
 892 0084 00       		.byte	0
 893 0085 0A       		.uleb128 0xa
 894 0086 26       		.uleb128 0x26
 895 0087 00       		.byte	0
 896 0088 49       		.uleb128 0x49
 897 0089 13       		.uleb128 0x13
 898 008a 00       		.byte	0
 899 008b 00       		.byte	0
 900 008c 0B       		.uleb128 0xb
 901 008d 05       		.uleb128 0x5
 902 008e 00       		.byte	0
 903 008f 03       		.uleb128 0x3
 904 0090 08       		.uleb128 0x8
 905 0091 3A       		.uleb128 0x3a
 906 0092 21       		.uleb128 0x21
 907 0093 01       		.sleb128 1
 908 0094 3B       		.uleb128 0x3b
 909 0095 0B       		.uleb128 0xb
 910 0096 39       		.uleb128 0x39
 911 0097 0B       		.uleb128 0xb
 912 0098 49       		.uleb128 0x49
ARM GAS  /tmp/ccSrtgA9.s 			page 17


 913 0099 13       		.uleb128 0x13
 914 009a 02       		.uleb128 0x2
 915 009b 18       		.uleb128 0x18
 916 009c 00       		.byte	0
 917 009d 00       		.byte	0
 918 009e 0C       		.uleb128 0xc
 919 009f 05       		.uleb128 0x5
 920 00a0 00       		.byte	0
 921 00a1 03       		.uleb128 0x3
 922 00a2 0E       		.uleb128 0xe
 923 00a3 3A       		.uleb128 0x3a
 924 00a4 21       		.uleb128 0x21
 925 00a5 01       		.sleb128 1
 926 00a6 3B       		.uleb128 0x3b
 927 00a7 0B       		.uleb128 0xb
 928 00a8 39       		.uleb128 0x39
 929 00a9 0B       		.uleb128 0xb
 930 00aa 49       		.uleb128 0x49
 931 00ab 13       		.uleb128 0x13
 932 00ac 02       		.uleb128 0x2
 933 00ad 18       		.uleb128 0x18
 934 00ae 00       		.byte	0
 935 00af 00       		.byte	0
 936 00b0 0D       		.uleb128 0xd
 937 00b1 2E       		.uleb128 0x2e
 938 00b2 01       		.byte	0x1
 939 00b3 03       		.uleb128 0x3
 940 00b4 08       		.uleb128 0x8
 941 00b5 3A       		.uleb128 0x3a
 942 00b6 21       		.uleb128 0x21
 943 00b7 01       		.sleb128 1
 944 00b8 3B       		.uleb128 0x3b
 945 00b9 0B       		.uleb128 0xb
 946 00ba 39       		.uleb128 0x39
 947 00bb 21       		.uleb128 0x21
 948 00bc 0E       		.sleb128 14
 949 00bd 27       		.uleb128 0x27
 950 00be 19       		.uleb128 0x19
 951 00bf 49       		.uleb128 0x49
 952 00c0 13       		.uleb128 0x13
 953 00c1 11       		.uleb128 0x11
 954 00c2 01       		.uleb128 0x1
 955 00c3 12       		.uleb128 0x12
 956 00c4 06       		.uleb128 0x6
 957 00c5 40       		.uleb128 0x40
 958 00c6 18       		.uleb128 0x18
 959 00c7 7A       		.uleb128 0x7a
 960 00c8 19       		.uleb128 0x19
 961 00c9 01       		.uleb128 0x1
 962 00ca 13       		.uleb128 0x13
 963 00cb 00       		.byte	0
 964 00cc 00       		.byte	0
 965 00cd 0E       		.uleb128 0xe
 966 00ce 2E       		.uleb128 0x2e
 967 00cf 01       		.byte	0x1
 968 00d0 03       		.uleb128 0x3
 969 00d1 0E       		.uleb128 0xe
ARM GAS  /tmp/ccSrtgA9.s 			page 18


 970 00d2 3A       		.uleb128 0x3a
 971 00d3 21       		.uleb128 0x21
 972 00d4 01       		.sleb128 1
 973 00d5 3B       		.uleb128 0x3b
 974 00d6 0B       		.uleb128 0xb
 975 00d7 39       		.uleb128 0x39
 976 00d8 21       		.uleb128 0x21
 977 00d9 0F       		.sleb128 15
 978 00da 27       		.uleb128 0x27
 979 00db 19       		.uleb128 0x19
 980 00dc 49       		.uleb128 0x49
 981 00dd 13       		.uleb128 0x13
 982 00de 11       		.uleb128 0x11
 983 00df 01       		.uleb128 0x1
 984 00e0 12       		.uleb128 0x12
 985 00e1 06       		.uleb128 0x6
 986 00e2 40       		.uleb128 0x40
 987 00e3 18       		.uleb128 0x18
 988 00e4 7A       		.uleb128 0x7a
 989 00e5 19       		.uleb128 0x19
 990 00e6 01       		.uleb128 0x1
 991 00e7 13       		.uleb128 0x13
 992 00e8 00       		.byte	0
 993 00e9 00       		.byte	0
 994 00ea 0F       		.uleb128 0xf
 995 00eb 48       		.uleb128 0x48
 996 00ec 01       		.byte	0x1
 997 00ed 7D       		.uleb128 0x7d
 998 00ee 01       		.uleb128 0x1
 999 00ef 7F       		.uleb128 0x7f
 1000 00f0 13       		.uleb128 0x13
 1001 00f1 00       		.byte	0
 1002 00f2 00       		.byte	0
 1003 00f3 10       		.uleb128 0x10
 1004 00f4 49       		.uleb128 0x49
 1005 00f5 00       		.byte	0
 1006 00f6 02       		.uleb128 0x2
 1007 00f7 18       		.uleb128 0x18
 1008 00f8 7E       		.uleb128 0x7e
 1009 00f9 18       		.uleb128 0x18
 1010 00fa 00       		.byte	0
 1011 00fb 00       		.byte	0
 1012 00fc 11       		.uleb128 0x11
 1013 00fd 11       		.uleb128 0x11
 1014 00fe 01       		.byte	0x1
 1015 00ff 25       		.uleb128 0x25
 1016 0100 0E       		.uleb128 0xe
 1017 0101 13       		.uleb128 0x13
 1018 0102 0B       		.uleb128 0xb
 1019 0103 03       		.uleb128 0x3
 1020 0104 0E       		.uleb128 0xe
 1021 0105 1B       		.uleb128 0x1b
 1022 0106 0E       		.uleb128 0xe
 1023 0107 55       		.uleb128 0x55
 1024 0108 17       		.uleb128 0x17
 1025 0109 11       		.uleb128 0x11
 1026 010a 01       		.uleb128 0x1
ARM GAS  /tmp/ccSrtgA9.s 			page 19


 1027 010b 10       		.uleb128 0x10
 1028 010c 17       		.uleb128 0x17
 1029 010d 00       		.byte	0
 1030 010e 00       		.byte	0
 1031 010f 12       		.uleb128 0x12
 1032 0110 24       		.uleb128 0x24
 1033 0111 00       		.byte	0
 1034 0112 0B       		.uleb128 0xb
 1035 0113 0B       		.uleb128 0xb
 1036 0114 3E       		.uleb128 0x3e
 1037 0115 0B       		.uleb128 0xb
 1038 0116 03       		.uleb128 0x3
 1039 0117 08       		.uleb128 0x8
 1040 0118 00       		.byte	0
 1041 0119 00       		.byte	0
 1042 011a 13       		.uleb128 0x13
 1043 011b 0F       		.uleb128 0xf
 1044 011c 00       		.byte	0
 1045 011d 0B       		.uleb128 0xb
 1046 011e 0B       		.uleb128 0xb
 1047 011f 00       		.byte	0
 1048 0120 00       		.byte	0
 1049 0121 14       		.uleb128 0x14
 1050 0122 13       		.uleb128 0x13
 1051 0123 01       		.byte	0x1
 1052 0124 03       		.uleb128 0x3
 1053 0125 0E       		.uleb128 0xe
 1054 0126 0B       		.uleb128 0xb
 1055 0127 0B       		.uleb128 0xb
 1056 0128 3A       		.uleb128 0x3a
 1057 0129 0B       		.uleb128 0xb
 1058 012a 3B       		.uleb128 0x3b
 1059 012b 0B       		.uleb128 0xb
 1060 012c 39       		.uleb128 0x39
 1061 012d 0B       		.uleb128 0xb
 1062 012e 01       		.uleb128 0x1
 1063 012f 13       		.uleb128 0x13
 1064 0130 00       		.byte	0
 1065 0131 00       		.byte	0
 1066 0132 15       		.uleb128 0x15
 1067 0133 13       		.uleb128 0x13
 1068 0134 01       		.byte	0x1
 1069 0135 0B       		.uleb128 0xb
 1070 0136 0B       		.uleb128 0xb
 1071 0137 3A       		.uleb128 0x3a
 1072 0138 0B       		.uleb128 0xb
 1073 0139 3B       		.uleb128 0x3b
 1074 013a 0B       		.uleb128 0xb
 1075 013b 39       		.uleb128 0x39
 1076 013c 0B       		.uleb128 0xb
 1077 013d 01       		.uleb128 0x1
 1078 013e 13       		.uleb128 0x13
 1079 013f 00       		.byte	0
 1080 0140 00       		.byte	0
 1081 0141 16       		.uleb128 0x16
 1082 0142 34       		.uleb128 0x34
 1083 0143 00       		.byte	0
ARM GAS  /tmp/ccSrtgA9.s 			page 20


 1084 0144 03       		.uleb128 0x3
 1085 0145 08       		.uleb128 0x8
 1086 0146 3A       		.uleb128 0x3a
 1087 0147 0B       		.uleb128 0xb
 1088 0148 3B       		.uleb128 0x3b
 1089 0149 0B       		.uleb128 0xb
 1090 014a 39       		.uleb128 0x39
 1091 014b 0B       		.uleb128 0xb
 1092 014c 49       		.uleb128 0x49
 1093 014d 13       		.uleb128 0x13
 1094 014e 02       		.uleb128 0x2
 1095 014f 18       		.uleb128 0x18
 1096 0150 00       		.byte	0
 1097 0151 00       		.byte	0
 1098 0152 17       		.uleb128 0x17
 1099 0153 2E       		.uleb128 0x2e
 1100 0154 01       		.byte	0x1
 1101 0155 3F       		.uleb128 0x3f
 1102 0156 19       		.uleb128 0x19
 1103 0157 03       		.uleb128 0x3
 1104 0158 0E       		.uleb128 0xe
 1105 0159 3A       		.uleb128 0x3a
 1106 015a 0B       		.uleb128 0xb
 1107 015b 3B       		.uleb128 0x3b
 1108 015c 0B       		.uleb128 0xb
 1109 015d 39       		.uleb128 0x39
 1110 015e 0B       		.uleb128 0xb
 1111 015f 27       		.uleb128 0x27
 1112 0160 19       		.uleb128 0x19
 1113 0161 49       		.uleb128 0x49
 1114 0162 13       		.uleb128 0x13
 1115 0163 3C       		.uleb128 0x3c
 1116 0164 19       		.uleb128 0x19
 1117 0165 01       		.uleb128 0x1
 1118 0166 13       		.uleb128 0x13
 1119 0167 00       		.byte	0
 1120 0168 00       		.byte	0
 1121 0169 18       		.uleb128 0x18
 1122 016a 26       		.uleb128 0x26
 1123 016b 00       		.byte	0
 1124 016c 00       		.byte	0
 1125 016d 00       		.byte	0
 1126 016e 19       		.uleb128 0x19
 1127 016f 2E       		.uleb128 0x2e
 1128 0170 01       		.byte	0x1
 1129 0171 3F       		.uleb128 0x3f
 1130 0172 19       		.uleb128 0x19
 1131 0173 03       		.uleb128 0x3
 1132 0174 0E       		.uleb128 0xe
 1133 0175 3A       		.uleb128 0x3a
 1134 0176 0B       		.uleb128 0xb
 1135 0177 3B       		.uleb128 0x3b
 1136 0178 0B       		.uleb128 0xb
 1137 0179 39       		.uleb128 0x39
 1138 017a 0B       		.uleb128 0xb
 1139 017b 27       		.uleb128 0x27
 1140 017c 19       		.uleb128 0x19
ARM GAS  /tmp/ccSrtgA9.s 			page 21


 1141 017d 11       		.uleb128 0x11
 1142 017e 01       		.uleb128 0x1
 1143 017f 12       		.uleb128 0x12
 1144 0180 06       		.uleb128 0x6
 1145 0181 40       		.uleb128 0x40
 1146 0182 18       		.uleb128 0x18
 1147 0183 7A       		.uleb128 0x7a
 1148 0184 19       		.uleb128 0x19
 1149 0185 01       		.uleb128 0x1
 1150 0186 13       		.uleb128 0x13
 1151 0187 00       		.byte	0
 1152 0188 00       		.byte	0
 1153 0189 1A       		.uleb128 0x1a
 1154 018a 2E       		.uleb128 0x2e
 1155 018b 00       		.byte	0
 1156 018c 3F       		.uleb128 0x3f
 1157 018d 19       		.uleb128 0x19
 1158 018e 3C       		.uleb128 0x3c
 1159 018f 19       		.uleb128 0x19
 1160 0190 6E       		.uleb128 0x6e
 1161 0191 0E       		.uleb128 0xe
 1162 0192 03       		.uleb128 0x3
 1163 0193 0E       		.uleb128 0xe
 1164 0194 3A       		.uleb128 0x3a
 1165 0195 0B       		.uleb128 0xb
 1166 0196 3B       		.uleb128 0x3b
 1167 0197 0B       		.uleb128 0xb
 1168 0198 00       		.byte	0
 1169 0199 00       		.byte	0
 1170 019a 00       		.byte	0
 1171              		.section	.debug_loclists,"",%progbits
 1172 0000 96010000 		.4byte	.Ldebug_loc3-.Ldebug_loc2
 1173              	.Ldebug_loc2:
 1174 0004 0500     		.2byte	0x5
 1175 0006 04       		.byte	0x4
 1176 0007 00       		.byte	0
 1177 0008 00000000 		.4byte	0
 1178              	.Ldebug_loc0:
 1179              	.LVUS13:
 1180 000c 00       		.uleb128 0
 1181 000d 00       		.uleb128 .LVU81
 1182 000e 00       		.uleb128 .LVU81
 1183 000f 00       		.uleb128 0
 1184              	.LLST13:
 1185 0010 06       		.byte	0x6
 1186 0011 00000000 		.4byte	.LVL21
 1187 0015 04       		.byte	0x4
 1188 0016 00       		.uleb128 .LVL21-.LVL21
 1189 0017 0E       		.uleb128 .LVL22-.LVL21
 1190 0018 01       		.uleb128 0x1
 1191 0019 53       		.byte	0x53
 1192 001a 04       		.byte	0x4
 1193 001b 0E       		.uleb128 .LVL22-.LVL21
 1194 001c 1C       		.uleb128 .LFE237-.LVL21
 1195 001d 02       		.uleb128 0x2
 1196 001e 70       		.byte	0x70
 1197 001f 0C       		.sleb128 12
ARM GAS  /tmp/ccSrtgA9.s 			page 22


 1198 0020 00       		.byte	0
 1199              	.LVUS2:
 1200 0021 00       		.uleb128 0
 1201 0022 00       		.uleb128 .LVU28
 1202 0023 00       		.uleb128 .LVU28
 1203 0024 00       		.uleb128 .LVU33
 1204 0025 00       		.uleb128 .LVU33
 1205 0026 00       		.uleb128 .LVU34
 1206 0027 00       		.uleb128 .LVU34
 1207 0028 00       		.uleb128 0
 1208              	.LLST2:
 1209 0029 06       		.byte	0x6
 1210 002a 00000000 		.4byte	.LVL4
 1211 002e 04       		.byte	0x4
 1212 002f 00       		.uleb128 .LVL4-.LVL4
 1213 0030 0E       		.uleb128 .LVL6-.LVL4
 1214 0031 01       		.uleb128 0x1
 1215 0032 50       		.byte	0x50
 1216 0033 04       		.byte	0x4
 1217 0034 0E       		.uleb128 .LVL6-.LVL4
 1218 0035 14       		.uleb128 .LVL9-.LVL4
 1219 0036 01       		.uleb128 0x1
 1220 0037 53       		.byte	0x53
 1221 0038 04       		.byte	0x4
 1222 0039 14       		.uleb128 .LVL9-.LVL4
 1223 003a 18       		.uleb128 .LVL10-.LVL4
 1224 003b 01       		.uleb128 0x1
 1225 003c 50       		.byte	0x50
 1226 003d 04       		.byte	0x4
 1227 003e 18       		.uleb128 .LVL10-.LVL4
 1228 003f 1A       		.uleb128 .LFE236-.LVL4
 1229 0040 01       		.uleb128 0x1
 1230 0041 53       		.byte	0x53
 1231 0042 00       		.byte	0
 1232              	.LVUS3:
 1233 0043 00       		.uleb128 .LVU28
 1234 0044 00       		.uleb128 .LVU30
 1235 0045 00       		.uleb128 .LVU30
 1236 0046 00       		.uleb128 .LVU31
 1237              	.LLST3:
 1238 0047 06       		.byte	0x6
 1239 0048 0E000000 		.4byte	.LVL6
 1240 004c 04       		.byte	0x4
 1241 004d 00       		.uleb128 .LVL6-.LVL6
 1242 004e 02       		.uleb128 .LVL7-.LVL6
 1243 004f 05       		.uleb128 0x5
 1244 0050 71       		.byte	0x71
 1245 0051 00       		.sleb128 0
 1246 0052 72       		.byte	0x72
 1247 0053 00       		.sleb128 0
 1248 0054 22       		.byte	0x22
 1249 0055 04       		.byte	0x4
 1250 0056 02       		.uleb128 .LVL7-.LVL6
 1251 0057 04       		.uleb128 .LVL8-.LVL6
 1252 0058 06       		.uleb128 0x6
 1253 0059 71       		.byte	0x71
 1254 005a 00       		.sleb128 0
ARM GAS  /tmp/ccSrtgA9.s 			page 23


 1255 005b 73       		.byte	0x73
 1256 005c 10       		.sleb128 16
 1257 005d 06       		.byte	0x6
 1258 005e 22       		.byte	0x22
 1259 005f 00       		.byte	0
 1260              	.LVUS4:
 1261 0060 02       		.uleb128 .LVU21
 1262 0061 00       		.uleb128 .LVU28
 1263 0062 00       		.uleb128 .LVU28
 1264 0063 00       		.uleb128 .LVU33
 1265 0064 00       		.uleb128 .LVU33
 1266 0065 00       		.uleb128 .LVU34
 1267 0066 00       		.uleb128 .LVU34
 1268 0067 00       		.uleb128 0
 1269              	.LLST4:
 1270 0068 06       		.byte	0x6
 1271 0069 02000000 		.4byte	.LVL5
 1272 006d 04       		.byte	0x4
 1273 006e 00       		.uleb128 .LVL5-.LVL5
 1274 006f 0C       		.uleb128 .LVL6-.LVL5
 1275 0070 01       		.uleb128 0x1
 1276 0071 50       		.byte	0x50
 1277 0072 04       		.byte	0x4
 1278 0073 0C       		.uleb128 .LVL6-.LVL5
 1279 0074 12       		.uleb128 .LVL9-.LVL5
 1280 0075 01       		.uleb128 0x1
 1281 0076 53       		.byte	0x53
 1282 0077 04       		.byte	0x4
 1283 0078 12       		.uleb128 .LVL9-.LVL5
 1284 0079 16       		.uleb128 .LVL10-.LVL5
 1285 007a 01       		.uleb128 0x1
 1286 007b 50       		.byte	0x50
 1287 007c 04       		.byte	0x4
 1288 007d 16       		.uleb128 .LVL10-.LVL5
 1289 007e 18       		.uleb128 .LFE236-.LVL5
 1290 007f 01       		.uleb128 0x1
 1291 0080 53       		.byte	0x53
 1292 0081 00       		.byte	0
 1293              	.LVUS0:
 1294 0082 00       		.uleb128 0
 1295 0083 00       		.uleb128 .LVU14
 1296 0084 00       		.uleb128 .LVU14
 1297 0085 00       		.uleb128 .LVU15
 1298 0086 00       		.uleb128 .LVU15
 1299 0087 00       		.uleb128 .LVU16
 1300 0088 00       		.uleb128 .LVU16
 1301 0089 00       		.uleb128 0
 1302              	.LLST0:
 1303 008a 06       		.byte	0x6
 1304 008b 00000000 		.4byte	.LVL0
 1305 008f 04       		.byte	0x4
 1306 0090 00       		.uleb128 .LVL0-.LVL0
 1307 0091 14       		.uleb128 .LVL1-.LVL0
 1308 0092 01       		.uleb128 0x1
 1309 0093 50       		.byte	0x50
 1310 0094 04       		.byte	0x4
 1311 0095 14       		.uleb128 .LVL1-.LVL0
ARM GAS  /tmp/ccSrtgA9.s 			page 24


 1312 0096 16       		.uleb128 .LVL2-.LVL0
 1313 0097 0A       		.uleb128 0xa
 1314 0098 A3       		.byte	0xa3
 1315 0099 03       		.uleb128 0x3
 1316 009a A5       		.byte	0xa5
 1317 009b 00       		.uleb128 0
 1318 009c 26       		.uleb128 0x26
 1319 009d A8       		.byte	0xa8
 1320 009e 2D       		.uleb128 0x2d
 1321 009f A8       		.byte	0xa8
 1322 00a0 00       		.uleb128 0
 1323 00a1 9F       		.byte	0x9f
 1324 00a2 04       		.byte	0x4
 1325 00a3 16       		.uleb128 .LVL2-.LVL0
 1326 00a4 1A       		.uleb128 .LVL3-.LVL0
 1327 00a5 01       		.uleb128 0x1
 1328 00a6 50       		.byte	0x50
 1329 00a7 04       		.byte	0x4
 1330 00a8 1A       		.uleb128 .LVL3-.LVL0
 1331 00a9 1C       		.uleb128 .LFE235-.LVL0
 1332 00aa 0A       		.uleb128 0xa
 1333 00ab A3       		.byte	0xa3
 1334 00ac 03       		.uleb128 0x3
 1335 00ad A5       		.byte	0xa5
 1336 00ae 00       		.uleb128 0
 1337 00af 26       		.uleb128 0x26
 1338 00b0 A8       		.byte	0xa8
 1339 00b1 2D       		.uleb128 0x2d
 1340 00b2 A8       		.byte	0xa8
 1341 00b3 00       		.uleb128 0
 1342 00b4 9F       		.byte	0x9f
 1343 00b5 00       		.byte	0
 1344              	.LVUS1:
 1345 00b6 02       		.uleb128 .LVU2
 1346 00b7 00       		.uleb128 .LVU14
 1347 00b8 00       		.uleb128 .LVU14
 1348 00b9 00       		.uleb128 .LVU15
 1349 00ba 00       		.uleb128 .LVU15
 1350 00bb 00       		.uleb128 .LVU16
 1351 00bc 00       		.uleb128 .LVU16
 1352 00bd 00       		.uleb128 0
 1353              	.LLST1:
 1354 00be 06       		.byte	0x6
 1355 00bf 00000000 		.4byte	.LVL0
 1356 00c3 04       		.byte	0x4
 1357 00c4 00       		.uleb128 .LVL0-.LVL0
 1358 00c5 14       		.uleb128 .LVL1-.LVL0
 1359 00c6 01       		.uleb128 0x1
 1360 00c7 50       		.byte	0x50
 1361 00c8 04       		.byte	0x4
 1362 00c9 14       		.uleb128 .LVL1-.LVL0
 1363 00ca 16       		.uleb128 .LVL2-.LVL0
 1364 00cb 0A       		.uleb128 0xa
 1365 00cc A3       		.byte	0xa3
 1366 00cd 03       		.uleb128 0x3
 1367 00ce A5       		.byte	0xa5
 1368 00cf 00       		.uleb128 0
ARM GAS  /tmp/ccSrtgA9.s 			page 25


 1369 00d0 26       		.uleb128 0x26
 1370 00d1 A8       		.byte	0xa8
 1371 00d2 2D       		.uleb128 0x2d
 1372 00d3 A8       		.byte	0xa8
 1373 00d4 00       		.uleb128 0
 1374 00d5 9F       		.byte	0x9f
 1375 00d6 04       		.byte	0x4
 1376 00d7 16       		.uleb128 .LVL2-.LVL0
 1377 00d8 1A       		.uleb128 .LVL3-.LVL0
 1378 00d9 01       		.uleb128 0x1
 1379 00da 50       		.byte	0x50
 1380 00db 04       		.byte	0x4
 1381 00dc 1A       		.uleb128 .LVL3-.LVL0
 1382 00dd 1C       		.uleb128 .LFE235-.LVL0
 1383 00de 0A       		.uleb128 0xa
 1384 00df A3       		.byte	0xa3
 1385 00e0 03       		.uleb128 0x3
 1386 00e1 A5       		.byte	0xa5
 1387 00e2 00       		.uleb128 0
 1388 00e3 26       		.uleb128 0x26
 1389 00e4 A8       		.byte	0xa8
 1390 00e5 2D       		.uleb128 0x2d
 1391 00e6 A8       		.byte	0xa8
 1392 00e7 00       		.uleb128 0
 1393 00e8 9F       		.byte	0x9f
 1394 00e9 00       		.byte	0
 1395              	.LVUS5:
 1396 00ea 00       		.uleb128 0
 1397 00eb 00       		.uleb128 .LVU37
 1398 00ec 00       		.uleb128 .LVU37
 1399 00ed 00       		.uleb128 0
 1400              	.LLST5:
 1401 00ee 06       		.byte	0x6
 1402 00ef 00000000 		.4byte	.LVL11
 1403 00f3 04       		.byte	0x4
 1404 00f4 00       		.uleb128 .LVL11-.LVL11
 1405 00f5 06       		.uleb128 .LVL12-.LVL11
 1406 00f6 01       		.uleb128 0x1
 1407 00f7 50       		.byte	0x50
 1408 00f8 04       		.byte	0x4
 1409 00f9 06       		.uleb128 .LVL12-.LVL11
 1410 00fa 26       		.uleb128 .LFE234-.LVL11
 1411 00fb 01       		.uleb128 0x1
 1412 00fc 54       		.byte	0x54
 1413 00fd 00       		.byte	0
 1414              	.LVUS6:
 1415 00fe 00       		.uleb128 0
 1416 00ff 00       		.uleb128 .LVU45
 1417 0100 00       		.uleb128 .LVU45
 1418 0101 00       		.uleb128 .LVU46
 1419 0102 00       		.uleb128 .LVU46
 1420 0103 00       		.uleb128 0
 1421              	.LLST6:
 1422 0104 06       		.byte	0x6
 1423 0105 00000000 		.4byte	.LVL11
 1424 0109 04       		.byte	0x4
 1425 010a 00       		.uleb128 .LVL11-.LVL11
ARM GAS  /tmp/ccSrtgA9.s 			page 26


 1426 010b 14       		.uleb128 .LVL14-.LVL11
 1427 010c 01       		.uleb128 0x1
 1428 010d 51       		.byte	0x51
 1429 010e 04       		.byte	0x4
 1430 010f 14       		.uleb128 .LVL14-.LVL11
 1431 0110 1B       		.uleb128 .LVL15-1-.LVL11
 1432 0111 01       		.uleb128 0x1
 1433 0112 50       		.byte	0x50
 1434 0113 04       		.byte	0x4
 1435 0114 1B       		.uleb128 .LVL15-1-.LVL11
 1436 0115 26       		.uleb128 .LFE234-.LVL11
 1437 0116 0A       		.uleb128 0xa
 1438 0117 A3       		.byte	0xa3
 1439 0118 03       		.uleb128 0x3
 1440 0119 A5       		.byte	0xa5
 1441 011a 01       		.uleb128 0x1
 1442 011b 26       		.uleb128 0x26
 1443 011c A8       		.byte	0xa8
 1444 011d 2D       		.uleb128 0x2d
 1445 011e A8       		.byte	0xa8
 1446 011f 00       		.uleb128 0
 1447 0120 9F       		.byte	0x9f
 1448 0121 00       		.byte	0
 1449              	.LVUS7:
 1450 0122 00       		.uleb128 0
 1451 0123 00       		.uleb128 .LVU43
 1452 0124 00       		.uleb128 .LVU43
 1453 0125 00       		.uleb128 0
 1454              	.LLST7:
 1455 0126 06       		.byte	0x6
 1456 0127 00000000 		.4byte	.LVL11
 1457 012b 04       		.byte	0x4
 1458 012c 00       		.uleb128 .LVL11-.LVL11
 1459 012d 12       		.uleb128 .LVL13-.LVL11
 1460 012e 01       		.uleb128 0x1
 1461 012f 52       		.byte	0x52
 1462 0130 04       		.byte	0x4
 1463 0131 12       		.uleb128 .LVL13-.LVL11
 1464 0132 26       		.uleb128 .LFE234-.LVL11
 1465 0133 01       		.uleb128 0x1
 1466 0134 55       		.byte	0x55
 1467 0135 00       		.byte	0
 1468              	.LVUS8:
 1469 0136 01       		.uleb128 .LVU38
 1470 0137 00       		.uleb128 0
 1471              	.LLST8:
 1472 0138 08       		.byte	0x8
 1473 0139 06000000 		.4byte	.LVL12
 1474 013d 20       		.uleb128 .LFE234-.LVL12
 1475 013e 01       		.uleb128 0x1
 1476 013f 54       		.byte	0x54
 1477 0140 00       		.byte	0
 1478              	.LVUS9:
 1479 0141 00       		.uleb128 0
 1480 0142 00       		.uleb128 .LVU62
 1481 0143 00       		.uleb128 .LVU62
 1482 0144 00       		.uleb128 0
ARM GAS  /tmp/ccSrtgA9.s 			page 27


 1483              	.LLST9:
 1484 0145 06       		.byte	0x6
 1485 0146 00000000 		.4byte	.LVL16
 1486 014a 04       		.byte	0x4
 1487 014b 00       		.uleb128 .LVL16-.LVL16
 1488 014c 12       		.uleb128 .LVL19-.LVL16
 1489 014d 01       		.uleb128 0x1
 1490 014e 50       		.byte	0x50
 1491 014f 04       		.byte	0x4
 1492 0150 12       		.uleb128 .LVL19-.LVL16
 1493 0151 24       		.uleb128 .LFE233-.LVL16
 1494 0152 01       		.uleb128 0x1
 1495 0153 54       		.byte	0x54
 1496 0154 00       		.byte	0
 1497              	.LVUS10:
 1498 0155 00       		.uleb128 0
 1499 0156 00       		.uleb128 .LVU63
 1500 0157 00       		.uleb128 .LVU63
 1501 0158 00       		.uleb128 0
 1502              	.LLST10:
 1503 0159 06       		.byte	0x6
 1504 015a 00000000 		.4byte	.LVL16
 1505 015e 04       		.byte	0x4
 1506 015f 00       		.uleb128 .LVL16-.LVL16
 1507 0160 19       		.uleb128 .LVL20-1-.LVL16
 1508 0161 01       		.uleb128 0x1
 1509 0162 51       		.byte	0x51
 1510 0163 04       		.byte	0x4
 1511 0164 19       		.uleb128 .LVL20-1-.LVL16
 1512 0165 24       		.uleb128 .LFE233-.LVL16
 1513 0166 0A       		.uleb128 0xa
 1514 0167 A3       		.byte	0xa3
 1515 0168 03       		.uleb128 0x3
 1516 0169 A5       		.byte	0xa5
 1517 016a 01       		.uleb128 0x1
 1518 016b 26       		.uleb128 0x26
 1519 016c A8       		.byte	0xa8
 1520 016d 2D       		.uleb128 0x2d
 1521 016e A8       		.byte	0xa8
 1522 016f 00       		.uleb128 0
 1523 0170 9F       		.byte	0x9f
 1524 0171 00       		.byte	0
 1525              	.LVUS11:
 1526 0172 00       		.uleb128 0
 1527 0173 00       		.uleb128 .LVU60
 1528 0174 00       		.uleb128 .LVU60
 1529 0175 00       		.uleb128 0
 1530              	.LLST11:
 1531 0176 06       		.byte	0x6
 1532 0177 00000000 		.4byte	.LVL16
 1533 017b 04       		.byte	0x4
 1534 017c 00       		.uleb128 .LVL16-.LVL16
 1535 017d 10       		.uleb128 .LVL18-.LVL16
 1536 017e 01       		.uleb128 0x1
 1537 017f 52       		.byte	0x52
 1538 0180 04       		.byte	0x4
 1539 0181 10       		.uleb128 .LVL18-.LVL16
ARM GAS  /tmp/ccSrtgA9.s 			page 28


 1540 0182 24       		.uleb128 .LFE233-.LVL16
 1541 0183 01       		.uleb128 0x1
 1542 0184 55       		.byte	0x55
 1543 0185 00       		.byte	0
 1544              	.LVUS12:
 1545 0186 01       		.uleb128 .LVU55
 1546 0187 00       		.uleb128 .LVU62
 1547 0188 00       		.uleb128 .LVU62
 1548 0189 00       		.uleb128 0
 1549              	.LLST12:
 1550 018a 06       		.byte	0x6
 1551 018b 04000000 		.4byte	.LVL17
 1552 018f 04       		.byte	0x4
 1553 0190 00       		.uleb128 .LVL17-.LVL17
 1554 0191 0E       		.uleb128 .LVL19-.LVL17
 1555 0192 01       		.uleb128 0x1
 1556 0193 50       		.byte	0x50
 1557 0194 04       		.byte	0x4
 1558 0195 0E       		.uleb128 .LVL19-.LVL17
 1559 0196 20       		.uleb128 .LFE233-.LVL17
 1560 0197 01       		.uleb128 0x1
 1561 0198 54       		.byte	0x54
 1562 0199 00       		.byte	0
 1563              	.Ldebug_loc3:
 1564              		.section	.debug_aranges,"",%progbits
 1565 0000 3C000000 		.4byte	0x3c
 1566 0004 0200     		.2byte	0x2
 1567 0006 00000000 		.4byte	.Ldebug_info0
 1568 000a 04       		.byte	0x4
 1569 000b 00       		.byte	0
 1570 000c 0000     		.2byte	0
 1571 000e 0000     		.2byte	0
 1572 0010 00000000 		.4byte	.LFB235
 1573 0014 1C000000 		.4byte	.LFE235-.LFB235
 1574 0018 00000000 		.4byte	.LFB236
 1575 001c 1A000000 		.4byte	.LFE236-.LFB236
 1576 0020 00000000 		.4byte	.LFB234
 1577 0024 26000000 		.4byte	.LFE234-.LFB234
 1578 0028 00000000 		.4byte	.LFB233
 1579 002c 24000000 		.4byte	.LFE233-.LFB233
 1580 0030 00000000 		.4byte	.LFB237
 1581 0034 1C000000 		.4byte	.LFE237-.LFB237
 1582 0038 00000000 		.4byte	0
 1583 003c 00000000 		.4byte	0
 1584              		.section	.debug_rnglists,"",%progbits
 1585              	.Ldebug_ranges0:
 1586 0000 27000000 		.4byte	.Ldebug_ranges3-.Ldebug_ranges2
 1587              	.Ldebug_ranges2:
 1588 0004 0500     		.2byte	0x5
 1589 0006 04       		.byte	0x4
 1590 0007 00       		.byte	0
 1591 0008 00000000 		.4byte	0
 1592              	.LLRL14:
 1593 000c 07       		.byte	0x7
 1594 000d 00000000 		.4byte	.LFB235
 1595 0011 1C       		.uleb128 .LFE235-.LFB235
 1596 0012 07       		.byte	0x7
ARM GAS  /tmp/ccSrtgA9.s 			page 29


 1597 0013 00000000 		.4byte	.LFB236
 1598 0017 1A       		.uleb128 .LFE236-.LFB236
 1599 0018 07       		.byte	0x7
 1600 0019 00000000 		.4byte	.LFB234
 1601 001d 26       		.uleb128 .LFE234-.LFB234
 1602 001e 07       		.byte	0x7
 1603 001f 00000000 		.4byte	.LFB233
 1604 0023 24       		.uleb128 .LFE233-.LFB233
 1605 0024 07       		.byte	0x7
 1606 0025 00000000 		.4byte	.LFB237
 1607 0029 1C       		.uleb128 .LFE237-.LFB237
 1608 002a 00       		.byte	0
 1609              	.Ldebug_ranges3:
 1610              		.section	.debug_line,"",%progbits
 1611              	.Ldebug_line0:
 1612 0000 49020000 		.section	.debug_str,"MS",%progbits,1
 1612      0300F800 
 1612      00000201 
 1612      FB0E0D00 
 1612      01010101 
 1613              	.LASF11:
 1614 0000 73697A65 		.ascii	"size_t\000"
 1614      5F7400
 1615              	.LASF27:
 1616 0007 4D656D53 		.ascii	"MemStreamVMT\000"
 1616      74726561 
 1616      6D564D54 
 1616      00
 1617              	.LASF23:
 1618 0014 77726974 		.ascii	"writes\000"
 1618      657300
 1619              	.LASF4:
 1620 001b 7369676E 		.ascii	"signed char\000"
 1620      65642063 
 1620      68617200 
 1621              	.LASF22:
 1622 0027 72656164 		.ascii	"reads\000"
 1622      7300
 1623              	.LASF7:
 1624 002d 73686F72 		.ascii	"short unsigned int\000"
 1624      7420756E 
 1624      7369676E 
 1624      65642069 
 1624      6E7400
 1625              	.LASF16:
 1626 0040 77726974 		.ascii	"write\000"
 1626      6500
 1627              	.LASF5:
 1628 0046 756E7369 		.ascii	"unsigned char\000"
 1628      676E6564 
 1628      20636861 
 1628      7200
 1629              	.LASF29:
 1630 0054 6D734F62 		.ascii	"msObjectInit\000"
 1630      6A656374 
 1630      496E6974 
 1630      00
ARM GAS  /tmp/ccSrtgA9.s 			page 30


 1631              	.LASF3:
 1632 0061 6C6F6E67 		.ascii	"long double\000"
 1632      20646F75 
 1632      626C6500 
 1633              	.LASF17:
 1634 006d 72656164 		.ascii	"read\000"
 1634      00
 1635              	.LASF26:
 1636 0072 2F776F72 		.ascii	"/workspaces/tinySA\000"
 1636      6B737061 
 1636      6365732F 
 1636      74696E79 
 1636      534100
 1637              	.LASF9:
 1638 0085 6C6F6E67 		.ascii	"long unsigned int\000"
 1638      20756E73 
 1638      69676E65 
 1638      6420696E 
 1638      7400
 1639              	.LASF1:
 1640 0097 756E7369 		.ascii	"unsigned int\000"
 1640      676E6564 
 1640      20696E74 
 1640      00
 1641              	.LASF10:
 1642 00a4 63686172 		.ascii	"char\000"
 1642      00
 1643              	.LASF13:
 1644 00a9 75696E74 		.ascii	"uint8_t\000"
 1644      385F7400 
 1645              	.LASF14:
 1646 00b1 6D73675F 		.ascii	"msg_t\000"
 1646      7400
 1647              	.LASF30:
 1648 00b7 5F5F6275 		.ascii	"__builtin_memcpy\000"
 1648      696C7469 
 1648      6E5F6D65 
 1648      6D637079 
 1648      00
 1649              	.LASF25:
 1650 00c8 43686962 		.ascii	"ChibiOS/os/hal/lib/streams/memstreams.c\000"
 1650      694F532F 
 1650      6F732F68 
 1650      616C2F6C 
 1650      69622F73 
 1651              	.LASF12:
 1652 00f0 696E7433 		.ascii	"int32_t\000"
 1652      325F7400 
 1653              	.LASF2:
 1654 00f8 6C6F6E67 		.ascii	"long long int\000"
 1654      206C6F6E 
 1654      6720696E 
 1654      7400
 1655              	.LASF28:
 1656 0106 6D656D63 		.ascii	"memcpy\000"
 1656      707900
 1657              	.LASF20:
ARM GAS  /tmp/ccSrtgA9.s 			page 31


 1658 010d 6F666673 		.ascii	"offset\000"
 1658      657400
 1659              	.LASF6:
 1660 0114 73686F72 		.ascii	"short int\000"
 1660      7420696E 
 1660      7400
 1661              	.LASF18:
 1662 011e 62756666 		.ascii	"buffer\000"
 1662      657200
 1663              	.LASF8:
 1664 0125 6C6F6E67 		.ascii	"long int\000"
 1664      20696E74 
 1664      00
 1665              	.LASF24:
 1666 012e 474E5520 		.ascii	"GNU C11 13.2.1 20231009 -mcpu=cortex-m4 -mfloat-abi"
 1666      43313120 
 1666      31332E32 
 1666      2E312032 
 1666      30323331 
 1667 0161 3D686172 		.ascii	"=hard -mfpu=fpv4-sp-d16 -mno-thumb-interwork -mthum"
 1667      64202D6D 
 1667      6670753D 
 1667      66707634 
 1667      2D73702D 
 1668 0194 62202D6D 		.ascii	"b -march=armv7e-m+fp -ggdb -Og -std=c11 -fno-inline"
 1668      61726368 
 1668      3D61726D 
 1668      7637652D 
 1668      6D2B6670 
 1669 01c7 2D736D61 		.ascii	"-small-functions -fomit-frame-pointer -falign-funct"
 1669      6C6C2D66 
 1669      756E6374 
 1669      696F6E73 
 1669      202D666F 
 1670 01fa 696F6E73 		.ascii	"ions=16 -fstack-usage -ffunction-sections -fdata-se"
 1670      3D313620 
 1670      2D667374 
 1670      61636B2D 
 1670      75736167 
 1671 022d 6374696F 		.ascii	"ctions -fno-common -fsingle-precision-constant\000"
 1671      6E73202D 
 1671      666E6F2D 
 1671      636F6D6D 
 1671      6F6E202D 
 1672              	.LASF21:
 1673 025c 4D656D6F 		.ascii	"MemoryStream\000"
 1673      72795374 
 1673      7265616D 
 1673      00
 1674              	.LASF19:
 1675 0269 73697A65 		.ascii	"size\000"
 1675      00
 1676              	.LASF15:
 1677 026e 5F426F6F 		.ascii	"_Bool\000"
 1677      6C00
 1678              	.LASF0:
 1679 0274 6C6F6E67 		.ascii	"long long unsigned int\000"
ARM GAS  /tmp/ccSrtgA9.s 			page 32


 1679      206C6F6E 
 1679      6720756E 
 1679      7369676E 
 1679      65642069 
 1680              		.ident	"GCC: (15:13.2.rel1-2) 13.2.1 20231009"
ARM GAS  /tmp/ccSrtgA9.s 			page 33


DEFINED SYMBOLS
                            *ABS*:00000000 memstreams.c
     /tmp/ccSrtgA9.s:21     .text.put:00000000 $t
     /tmp/ccSrtgA9.s:27     .text.put:00000000 put
     /tmp/ccSrtgA9.s:72     .text.get:00000000 $t
     /tmp/ccSrtgA9.s:78     .text.get:00000000 get
     /tmp/ccSrtgA9.s:126    .text.reads:00000000 $t
     /tmp/ccSrtgA9.s:132    .text.reads:00000000 reads
     /tmp/ccSrtgA9.s:187    .text.writes:00000000 $t
     /tmp/ccSrtgA9.s:193    .text.writes:00000000 writes
     /tmp/ccSrtgA9.s:247    .text.msObjectInit:00000000 $t
     /tmp/ccSrtgA9.s:254    .text.msObjectInit:00000000 msObjectInit
     /tmp/ccSrtgA9.s:293    .text.msObjectInit:00000018 $d
     /tmp/ccSrtgA9.s:301    .rodata.vmt:00000000 vmt
     /tmp/ccSrtgA9.s:298    .rodata.vmt:00000000 $d

UNDEFINED SYMBOLS
memcpy
