ARM GAS  /tmp/cc4fjKEI.s 			page 1


   1              		.cpu cortex-m4
   2              		.arch armv7e-m
   3              		.fpu fpv4-sp-d16
   4              		.eabi_attribute 27, 1
   5              		.eabi_attribute 28, 1
   6              		.eabi_attribute 20, 1
   7              		.eabi_attribute 21, 1
   8              		.eabi_attribute 23, 3
   9              		.eabi_attribute 24, 1
  10              		.eabi_attribute 25, 1
  11              		.eabi_attribute 26, 1
  12              		.eabi_attribute 30, 1
  13              		.eabi_attribute 34, 1
  14              		.eabi_attribute 18, 4
  15              		.file	"numfont20x22.c"
  16              		.text
  17              	.Ltext0:
  18              		.cfi_sections	.debug_frame
  19              		.file 1 "numfont20x22.c"
  20              		.global	numfont16x22
  21              		.section	.rodata.numfont16x22,"a"
  22              		.align	2
  23              		.type	numfont16x22, %object
  24              		.size	numfont16x22, 1144
  25              	numfont16x22:
  26 0000 0FF03FFC 		.ascii	"\017\360?\374\177\376|>\370\037\360\017\360\017\360"
  26      7FFE7C3E 
  26      F81FF00F 
  26      F00FF0
  27 000f 0FF00FF0 		.ascii	"\017\360\017\360\017\360\017\360\017\360\017\360\017"
  27      0FF00FF0 
  27      0FF00FF0 
  27      0F
  28 001c F00FF00F 		.ascii	"\360\017\360\017\360\017\370\037|>\177\376?\374\017"
  28      F00FF81F 
  28      7C3E7FFE 
  28      3FFC0F
  29 002b F000F001 		.ascii	"\360\000\360\001\360\003\360\007\360\017\360\017\360"
  29      F003F007 
  29      F00FF00F 
  29      F0
  30 0038 0EF00CF0 		.ascii	"\016\360\014\360\000\360\000\360\000\360\000\360\000"
  30      00F000F0 
  30      00F000F0 
  30      00
  31 0045 F000F000 		.ascii	"\360\000\360\000\360\000\360\000\360\000\360\000\360"
  31      F000F000 
  31      F000F000 
  31      F0
  32 0052 03FC03FC 		.ascii	"\003\374\003\374\003\374\017\360?\374\177\376|>\370"
  32      03FC0FF0 
  32      3FFC7FFE 
  32      7C3EF8
  33 0061 1FF00FF0 		.ascii	"\037\360\017\360\017\000\037\000?\000~\000\374\001\370"
  33      0F001F00 
  33      3F007E00 
  33      FC01F8
ARM GAS  /tmp/cc4fjKEI.s 			page 2


  34 0070 03F007E0 		.ascii	"\003\360\007\340\017\300\037\200?\000~\000\374\000\377"
  34      0FC01F80 
  34      3F007E00 
  34      FC00FF
  35 007f FFFFFFFF 		.ascii	"\377\377\377\377\377\017\360?\374\177\376|>\370\037"
  35      FF0FF03F 
  35      FC7FFE7C 
  35      3EF81F
  36 008e F00FF00F 		.ascii	"\360\017\360\017\000\036\000>\001\374\001\370\001\374"
  36      001E003E 
  36      01FC01F8 
  36      01FC
  37 009c 007E001F 		.ascii	"\000~\000\037\000\017\360\017\360\017\370\037|>\177"
  37      000FF00F 
  37      F00FF81F 
  37      7C3E7F
  38 00ab FE3FFC0F 		.ascii	"\376?\374\017\360\001\370\001\370\003\370\003\370\007"
  38      F001F801 
  38      F803F803 
  38      F807
  39 00b9 F807F80F 		.ascii	"\370\007\370\017\370\017x\037x\036x>x<x|xxx\370x\377"
  39      F80F781F 
  39      781E783E 
  39      783C787C 
  39      787878F8 
  40 00cf FFFFFFFF 		.ascii	"\377\377\377\377\377\000x\000x\000x\000x\377\377\377"
  40      FF007800 
  40      78007800 
  40      78FFFFFF 
  41 00df FFFFFFF0 		.ascii	"\377\377\377\360\000\360\000\360\000\360\000\367\360"
  41      00F000F0 
  41      00F000F7 
  41      F0
  42 00ec FFFCFFFE 		.ascii	"\377\374\377\376\374>\370\037\000\017\000\017\000\017"
  42      FC3EF81F 
  42      000F000F 
  42      000F
  43 00fa 000FF00F 		.ascii	"\000\017\360\017\370\037|>\177\376?\374\017\360\017"
  43      F81F7C3E 
  43      7FFE3FFC 
  43      0FF00F
  44 0109 F03FFC7F 		.ascii	"\360?\374\177\376|>\370\037\360\017\360\000\360\000"
  44      FE7C3EF8 
  44      1FF00FF0 
  44      00F000
  45 0118 F7F0FFFC 		.ascii	"\367\360\377\374\377\376\374>\370\037\360\017\360\017"
  45      FFFEFC3E 
  45      F81FF00F 
  45      F00F
  46 0126 F00FF00F 		.ascii	"\360\017\360\017\370\037|>\177\376?\374\017\360\377"
  46      F81F7C3E 
  46      7FFE3FFC 
  46      0FF0FF
  47 0135 FFFFFFFF 		.ascii	"\377\377\377\377\377\000\037\000>\000|\000\370\001\360"
  47      FF001F00 
  47      3E007C00 
  47      F801F0
ARM GAS  /tmp/cc4fjKEI.s 			page 3


  48 0144 01E003E0 		.ascii	"\001\340\003\340\003\300\007\300\007\200\007\200\017"
  48      03C007C0 
  48      07800780 
  48      0F
  49 0151 800F000F 		.ascii	"\200\017\000\017\000\017\000\017\000\017\000\017\000"
  49      000F000F 
  49      000F000F 
  49      00
  50 015e 0F0007E0 		.ascii	"\017\000\007\340\037\370?\374|>x\036x\036x\036<<\037"
  50      1FF83FFC 
  50      7C3E781E 
  50      781E781E 
  50      3C3C1F
  51 0171 F80FF03F 		.ascii	"\370\017\360?\374|>x\036\360\017\360\017\360\017\360"
  51      FC7C3E78 
  51      1EF00FF0 
  51      0FF00FF0 
  52 0181 0FF81F7C 		.ascii	"\017\370\037|>\177\376?\374\017\360\017\360?\374\177"
  52      3E7FFE3F 
  52      FC0FF00F 
  52      F03FFC7F 
  53 0191 FE7C3EF8 		.ascii	"\376|>\370\037\360\017\360\017\360\017\360\017\370\037"
  53      1FF00FF0 
  53      0FF00FF0 
  53      0FF81F
  54 01a0 7C3F7FFF 		.ascii	"|?\177\377?\377\017\377\000\017\000\017\360\017\370"
  54      3FFF0FFF 
  54      000F000F 
  54      F00FF8
  55 01af 1F7C3E7F 		.ascii	"\037|>\177\376?\374\017\360\000\000\000\000\000\000"
  55      FE3FFC0F 
  55      F0000000 
  55      000000
  56 01be 00000000 		.ascii	"\000\000\000\000\000\000\000\000\000\000\000\000\000"
  56      00000000 
  56      00000000 
  56      00
  57 01cb 00000000 		.ascii	"\000\000\000\000\000\000\000\000\000\000\000\000\000"
  57      00000000 
  57      00000000 
  57      00
  58 01d8 00000380 		.ascii	"\000\000\003\200\007\300\007\300\003\200\000\000\000"
  58      07C007C0 
  58      03800000 
  58      00
  59 01e5 00000000 		.ascii	"\000\000\000\000\000\000\000\000\000\000\000\000\000"
  59      00000000 
  59      00000000 
  59      00
  60 01f2 00000000 		.ascii	"\000\000\000\000\000\000?\374?\374?\374?\374\000\000"
  60      00003FFC 
  60      3FFC3FFC 
  60      3FFC0000 
  61 0202 00000000 		.ascii	"\000\000\000\000\000\000\000\000\000\000\000\000\000"
  61      00000000 
  61      00000000 
  61      00
ARM GAS  /tmp/cc4fjKEI.s 			page 4


  62 020f 00000300 		.ascii	"\000\000\003\000\007\000\017\000\037\000?\000\177\000"
  62      07000F00 
  62      1F003F00 
  62      7F00
  63 021d 0F000F00 		.ascii	"\017\000\017\000\017`\317\361\357{\317?\217\037\017"
  63      0F60CFF1 
  63      EF7BCF3F 
  63      8F1F0F
  64 022c 1F0F3F8F 		.ascii	"\037\017?\217{\317\361\357`\317\000\017\000\017\000"
  64      7BCFF1EF 
  64      60CF000F 
  64      000F00
  65 023b 0FF000F0 		.ascii	"\017\360\000\360\000\360\000\360\000\360\000\360\000"
  65      00F000F0 
  65      00F000F0 
  65      00
  66 0248 F03EF07C 		.ascii	"\360>\360|\360\370\361\360\363\340\367\300\377\200\377"
  66      F0F8F1F0 
  66      F3E0F7C0 
  66      FF80FF
  67 0257 00FF00FF 		.ascii	"\000\377\000\377\200\367\300\363\340\361\360\360\370"
  67      80F7C0F3 
  67      E0F1F0F0 
  67      F8
  68 0264 F07CF03E 		.ascii	"\360|\360>\360\017\360\017\370\037\370\037\374?\374"
  68      F00FF00F 
  68      F81FF81F 
  68      FC3FFC
  69 0273 3FFE7FFE 		.ascii	"?\376\177\376\177\377\377\377\377\377\377\377\377\367"
  69      7FFFFFFF 
  69      FFFFFFFF 
  69      FFF7
  70 0281 EFF7EFF3 		.ascii	"\357\367\357\363\317\363\317\361\217\361\217\360\017"
  70      CFF3CFF1 
  70      8FF18FF0 
  70      0F
  71 028e F00FF00F 		.ascii	"\360\017\360\017\360\017\017\360?\374\177\376|>\370"
  71      F00F0FF0 
  71      3FFC7FFE 
  71      7C3EF8
  72 029d 1FF00FF0 		.ascii	"\037\360\017\360\017\360\017\360\000\360\000\360\000"
  72      0FF00FF0 
  72      00F000F0 
  72      00
  73 02aa F000F03F 		.ascii	"\360\000\360?\360?\360?\360\007\360\017\370\037|?\177"
  73      F03FF03F 
  73      F007F00F 
  73      F81F7C3F 
  73      7F
  74 02bb FF3FF70F 		.ascii	"\377?\367\017\347\000\000\000\000\000@\000\300\001\300"
  74      E7000000 
  74      00004000 
  74      C001C0
  75 02ca 03C007C0 		.ascii	"\003\300\007\300\017\377\037\377?\377\177\377\377\377"
  75      0FFF1FFF 
  75      3FFF7FFF 
  75      FFFF
ARM GAS  /tmp/cc4fjKEI.s 			page 5


  76 02d8 7FFF3FFF 		.ascii	"\177\377?\377\037\377\017\377\007\300\003\300\001\300"
  76      1FFF0FFF 
  76      07C003C0 
  76      01C0
  77 02e6 00C00040 		.ascii	"\000\300\000@\000\000\000\000\000\000\000\000\000\000"
  77      00000000 
  77      00000000 
  77      0000
  78 02f4 00001E3C 		.ascii	"\000\000\036<?~s\346a\303\341\303\301\203\301\203\301"
  78      3F7E73E6 
  78      61C3E1C3 
  78      C183C183 
  78      C1
  79 0305 83C183C3 		.ascii	"\203\301\203\303\207\303\206g\316~\374<x\000\000\000"
  79      87C38667 
  79      CE7EFC3C 
  79      78000000 
  80 0315 00000000 		.ascii	"\000\000\000\000\000\000\000\000\000\007|\007~\003f"
  80      00000000 
  80      00077C07 
  80      7E0366
  81 0324 03660366 		.ascii	"\003f\003f\003f\003f;|\177~\347g\303c\303c\303c\303"
  81      03660366 
  81      3B7C7F7E 
  81      E767C363 
  81      C363C363 
  82 0339 63C363C3 		.ascii	"c\303c\303c\347g\177~;|\000\000\000\000\003\200\003"
  82      63E7677F 
  82      7E3B7C00 
  82      00000003 
  82      8003
  83 034b 80038003 		.ascii	"\200\003\200\003\200?\370?\370?\370\003\200\003\200"
  83      803FF83F 
  83      F83FF803 
  83      800380
  84 035a 03800380 		.ascii	"\003\200\003\200\000\000\000\000?\370?\370?\370\000"
  84      00000000 
  84      3FF83FF8 
  84      3FF800
  85 0369 00000000 		.ascii	"\000\000\000\000\000\000\000\000\000{\336{\336{\336"
  85      00000000 
  85      007BDE7B 
  85      DE7BDE
  86 0378 7BDE0000 		.ascii	"{\336\000\000{\336{\336{\336{\336\000\000{\336{\336"
  86      7BDE7BDE 
  86      7BDE7BDE 
  86      00007BDE 
  86      7BDE
  87 038a 7BDE7BDE 		.ascii	"{\336{\336\000\000{\336{\336{\336{\336\000\000\000\000"
  87      00007BDE 
  87      7BDE7BDE 
  87      7BDE0000 
  87      0000
  88 039c 00000000 		.ascii	"\000\000\000\000\000\000\000\000\000\000\000\000\000"
  88      00000000 
  88      00000000 
  88      00
ARM GAS  /tmp/cc4fjKEI.s 			page 6


  89 03a9 000000EE 		.ascii	"\000\000\000\356\034\377>\377\377\377\377\363\317\363"
  89      1CFF3EFF 
  89      FFFFFFF3 
  89      CFF3
  90 03b7 CFF3CFF3 		.ascii	"\317\363\317\363\317\363\317\363\317\363\317\363\317"
  90      CFF3CFF3 
  90      CFF3CFF3 
  90      CF
  91 03c4 F3CFF3CF 		.ascii	"\363\317\363\317\000\000\000\000\000\000\000\000\000"
  91      00000000 
  91      00000000 
  91      00
  92 03d1 000000F0 		.ascii	"\000\000\000\360\036\360\036\360\036\360\036\360\036"
  92      1EF01EF0 
  92      1EF01EF0 
  92      1E
  93 03de F01EF01E 		.ascii	"\360\036\360\036\360\036\370>\374~\377\376\377\377\367"
  93      F01EF83E 
  93      FC7EFFFE 
  93      FFFFF7
  94 03ed CFF387F0 		.ascii	"\317\363\207\360\000\360\000\000\000\000\000\000\000"
  94      00F00000 
  94      00000000 
  94      00
  95 03fa 00000000 		.ascii	"\000\000\000\000\000\000\000\000\000\000\361\360\367"
  95      00000000 
  95      0000F1F0 
  95      F7
  96 0407 FCFFFEFE 		.ascii	"\374\377\376\376>\374\037\370\017\360\017\360\017\360"
  96      3EFC1FF8 
  96      0FF00FF0 
  96      0FF0
  97 0415 0FF00FF0 		.ascii	"\017\360\017\360\017\360\017\360\017\360\017\000\000"
  97      0FF00FF0 
  97      0FF00F00 
  97      00
  98 0422 00000000 		.ascii	"\000\000\000\000\000\000\000\000\000\000\363\360\367"
  98      00000000 
  98      0000F3F0 
  98      F7
  99 042f FCFFFEFE 		.ascii	"\374\377\376\376\037\374\017\370\007\370\007\370\007"
  99      1FFC0FF8 
  99      07F807F8 
  99      07
 100 043c FC0FFE1F 		.ascii	"\374\017\376\037\377\376\367\374\363\360\360\000\360"
 100      FFFEF7FC 
 100      F3F0F000 
 100      F0
 101 0449 00F000F4 		.ascii	"\000\360\000\364_\206D\365D\204\304\364D\000\000\000"
 101      5F8644F5 
 101      4484C4F4 
 101      44000000 
 102 0459 00000F00 		.ascii	"\000\000\017\000\017\000\017\000\017\000\017\000\017"
 102      0F000F00 
 102      0F000F00 
 102      0F
 103 0466 000F180F 		.ascii	"\000\017\030\0178\017\177\377\377\377\377\377\177\377"
ARM GAS  /tmp/cc4fjKEI.s 			page 7


 103      380F7FFF 
 103      FFFFFFFF 
 103      7FFF
 104 0474 38001800 		.ascii	"8\000\030\000"
 105              		.text
 106              	.Letext0:
 107              		.file 2 "/usr/lib/gcc/arm-none-eabi/13.2.1/include/stdint.h"
 108              		.file 3 "nanovna.h"
 109              		.section	.debug_info,"",%progbits
 110              	.Ldebug_info0:
 111 0000 D3000000 		.4byte	0xd3
 112 0004 0500     		.2byte	0x5
 113 0006 01       		.byte	0x1
 114 0007 04       		.byte	0x4
 115 0008 00000000 		.4byte	.Ldebug_abbrev0
 116 000c 04       		.uleb128 0x4
 117 000d 1C000000 		.4byte	.LASF13
 118 0011 1D       		.byte	0x1d
 119 0012 00000000 		.4byte	.LASF14
 120 0016 DC010000 		.4byte	.LASF15
 121 001a 00000000 		.4byte	.Ldebug_line0
 122 001e 01       		.uleb128 0x1
 123 001f 01       		.byte	0x1
 124 0020 06       		.byte	0x6
 125 0021 C4010000 		.4byte	.LASF0
 126 0025 01       		.uleb128 0x1
 127 0026 02       		.byte	0x2
 128 0027 05       		.byte	0x5
 129 0028 FC010000 		.4byte	.LASF1
 130 002c 01       		.uleb128 0x1
 131 002d 04       		.byte	0x4
 132 002e 05       		.byte	0x5
 133 002f 94010000 		.4byte	.LASF2
 134 0033 01       		.uleb128 0x1
 135 0034 08       		.byte	0x8
 136 0035 05       		.byte	0x5
 137 0036 A3010000 		.4byte	.LASF3
 138 003a 05       		.uleb128 0x5
 139 003b 79010000 		.4byte	.LASF16
 140 003f 02       		.byte	0x2
 141 0040 2E       		.byte	0x2e
 142 0041 18       		.byte	0x18
 143 0042 4B000000 		.4byte	0x4b
 144 0046 02       		.uleb128 0x2
 145 0047 3A000000 		.4byte	0x3a
 146 004b 01       		.uleb128 0x1
 147 004c 01       		.byte	0x1
 148 004d 08       		.byte	0x8
 149 004e 81010000 		.4byte	.LASF4
 150 0052 01       		.uleb128 0x1
 151 0053 02       		.byte	0x2
 152 0054 07       		.byte	0x7
 153 0055 B1010000 		.4byte	.LASF5
 154 0059 01       		.uleb128 0x1
 155 005a 04       		.byte	0x4
 156 005b 07       		.byte	0x7
 157 005c 4A010000 		.4byte	.LASF6
ARM GAS  /tmp/cc4fjKEI.s 			page 8


 158 0060 01       		.uleb128 0x1
 159 0061 08       		.byte	0x8
 160 0062 07       		.byte	0x7
 161 0063 5C010000 		.4byte	.LASF7
 162 0067 06       		.uleb128 0x6
 163 0068 04       		.byte	0x4
 164 0069 05       		.byte	0x5
 165 006a 696E7400 		.ascii	"int\000"
 166 006e 01       		.uleb128 0x1
 167 006f 04       		.byte	0x4
 168 0070 07       		.byte	0x7
 169 0071 0F000000 		.4byte	.LASF8
 170 0075 01       		.uleb128 0x1
 171 0076 08       		.byte	0x8
 172 0077 04       		.byte	0x4
 173 0078 D0010000 		.4byte	.LASF9
 174 007c 01       		.uleb128 0x1
 175 007d 01       		.byte	0x1
 176 007e 08       		.byte	0x8
 177 007f 8F010000 		.4byte	.LASF10
 178 0083 01       		.uleb128 0x1
 179 0084 04       		.byte	0x4
 180 0085 04       		.byte	0x4
 181 0086 73010000 		.4byte	.LASF11
 182 008a 01       		.uleb128 0x1
 183 008b 01       		.byte	0x1
 184 008c 02       		.byte	0x2
 185 008d 9D010000 		.4byte	.LASF12
 186 0091 03       		.uleb128 0x3
 187 0092 46000000 		.4byte	0x46
 188 0096 9C000000 		.4byte	0x9c
 189 009a 07       		.uleb128 0x7
 190 009b 00       		.byte	0
 191 009c 02       		.uleb128 0x2
 192 009d 91000000 		.4byte	0x91
 193 00a1 08       		.uleb128 0x8
 194 00a2 EF010000 		.4byte	.LASF17
 195 00a6 03       		.byte	0x3
 196 00a7 AF02     		.2byte	0x2af
 197 00a9 16       		.byte	0x16
 198 00aa 9C000000 		.4byte	0x9c
 199 00ae 03       		.uleb128 0x3
 200 00af 46000000 		.4byte	0x46
 201 00b3 BF000000 		.4byte	0xbf
 202 00b7 09       		.uleb128 0x9
 203 00b8 6E000000 		.4byte	0x6e
 204 00bc 7704     		.2byte	0x477
 205 00be 00       		.byte	0
 206 00bf 02       		.uleb128 0x2
 207 00c0 AE000000 		.4byte	0xae
 208 00c4 0A       		.uleb128 0xa
 209 00c5 A1000000 		.4byte	0xa1
 210 00c9 01       		.byte	0x1
 211 00ca 1A       		.byte	0x1a
 212 00cb 0F       		.byte	0xf
 213 00cc BF000000 		.4byte	0xbf
 214 00d0 05       		.uleb128 0x5
ARM GAS  /tmp/cc4fjKEI.s 			page 9


 215 00d1 03       		.byte	0x3
 216 00d2 00000000 		.4byte	numfont16x22
 217 00d6 00       		.byte	0
 218              		.section	.debug_abbrev,"",%progbits
 219              	.Ldebug_abbrev0:
 220 0000 01       		.uleb128 0x1
 221 0001 24       		.uleb128 0x24
 222 0002 00       		.byte	0
 223 0003 0B       		.uleb128 0xb
 224 0004 0B       		.uleb128 0xb
 225 0005 3E       		.uleb128 0x3e
 226 0006 0B       		.uleb128 0xb
 227 0007 03       		.uleb128 0x3
 228 0008 0E       		.uleb128 0xe
 229 0009 00       		.byte	0
 230 000a 00       		.byte	0
 231 000b 02       		.uleb128 0x2
 232 000c 26       		.uleb128 0x26
 233 000d 00       		.byte	0
 234 000e 49       		.uleb128 0x49
 235 000f 13       		.uleb128 0x13
 236 0010 00       		.byte	0
 237 0011 00       		.byte	0
 238 0012 03       		.uleb128 0x3
 239 0013 01       		.uleb128 0x1
 240 0014 01       		.byte	0x1
 241 0015 49       		.uleb128 0x49
 242 0016 13       		.uleb128 0x13
 243 0017 01       		.uleb128 0x1
 244 0018 13       		.uleb128 0x13
 245 0019 00       		.byte	0
 246 001a 00       		.byte	0
 247 001b 04       		.uleb128 0x4
 248 001c 11       		.uleb128 0x11
 249 001d 01       		.byte	0x1
 250 001e 25       		.uleb128 0x25
 251 001f 0E       		.uleb128 0xe
 252 0020 13       		.uleb128 0x13
 253 0021 0B       		.uleb128 0xb
 254 0022 03       		.uleb128 0x3
 255 0023 0E       		.uleb128 0xe
 256 0024 1B       		.uleb128 0x1b
 257 0025 0E       		.uleb128 0xe
 258 0026 10       		.uleb128 0x10
 259 0027 17       		.uleb128 0x17
 260 0028 00       		.byte	0
 261 0029 00       		.byte	0
 262 002a 05       		.uleb128 0x5
 263 002b 16       		.uleb128 0x16
 264 002c 00       		.byte	0
 265 002d 03       		.uleb128 0x3
 266 002e 0E       		.uleb128 0xe
 267 002f 3A       		.uleb128 0x3a
 268 0030 0B       		.uleb128 0xb
 269 0031 3B       		.uleb128 0x3b
 270 0032 0B       		.uleb128 0xb
 271 0033 39       		.uleb128 0x39
ARM GAS  /tmp/cc4fjKEI.s 			page 10


 272 0034 0B       		.uleb128 0xb
 273 0035 49       		.uleb128 0x49
 274 0036 13       		.uleb128 0x13
 275 0037 00       		.byte	0
 276 0038 00       		.byte	0
 277 0039 06       		.uleb128 0x6
 278 003a 24       		.uleb128 0x24
 279 003b 00       		.byte	0
 280 003c 0B       		.uleb128 0xb
 281 003d 0B       		.uleb128 0xb
 282 003e 3E       		.uleb128 0x3e
 283 003f 0B       		.uleb128 0xb
 284 0040 03       		.uleb128 0x3
 285 0041 08       		.uleb128 0x8
 286 0042 00       		.byte	0
 287 0043 00       		.byte	0
 288 0044 07       		.uleb128 0x7
 289 0045 21       		.uleb128 0x21
 290 0046 00       		.byte	0
 291 0047 00       		.byte	0
 292 0048 00       		.byte	0
 293 0049 08       		.uleb128 0x8
 294 004a 34       		.uleb128 0x34
 295 004b 00       		.byte	0
 296 004c 03       		.uleb128 0x3
 297 004d 0E       		.uleb128 0xe
 298 004e 3A       		.uleb128 0x3a
 299 004f 0B       		.uleb128 0xb
 300 0050 3B       		.uleb128 0x3b
 301 0051 05       		.uleb128 0x5
 302 0052 39       		.uleb128 0x39
 303 0053 0B       		.uleb128 0xb
 304 0054 49       		.uleb128 0x49
 305 0055 13       		.uleb128 0x13
 306 0056 3F       		.uleb128 0x3f
 307 0057 19       		.uleb128 0x19
 308 0058 3C       		.uleb128 0x3c
 309 0059 19       		.uleb128 0x19
 310 005a 00       		.byte	0
 311 005b 00       		.byte	0
 312 005c 09       		.uleb128 0x9
 313 005d 21       		.uleb128 0x21
 314 005e 00       		.byte	0
 315 005f 49       		.uleb128 0x49
 316 0060 13       		.uleb128 0x13
 317 0061 2F       		.uleb128 0x2f
 318 0062 05       		.uleb128 0x5
 319 0063 00       		.byte	0
 320 0064 00       		.byte	0
 321 0065 0A       		.uleb128 0xa
 322 0066 34       		.uleb128 0x34
 323 0067 00       		.byte	0
 324 0068 47       		.uleb128 0x47
 325 0069 13       		.uleb128 0x13
 326 006a 3A       		.uleb128 0x3a
 327 006b 0B       		.uleb128 0xb
 328 006c 3B       		.uleb128 0x3b
ARM GAS  /tmp/cc4fjKEI.s 			page 11


 329 006d 0B       		.uleb128 0xb
 330 006e 39       		.uleb128 0x39
 331 006f 0B       		.uleb128 0xb
 332 0070 49       		.uleb128 0x49
 333 0071 13       		.uleb128 0x13
 334 0072 02       		.uleb128 0x2
 335 0073 18       		.uleb128 0x18
 336 0074 00       		.byte	0
 337 0075 00       		.byte	0
 338 0076 00       		.byte	0
 339              		.section	.debug_aranges,"",%progbits
 340 0000 14000000 		.4byte	0x14
 341 0004 0200     		.2byte	0x2
 342 0006 00000000 		.4byte	.Ldebug_info0
 343 000a 04       		.byte	0x4
 344 000b 00       		.byte	0
 345 000c 0000     		.2byte	0
 346 000e 0000     		.2byte	0
 347 0010 00000000 		.4byte	0
 348 0014 00000000 		.4byte	0
 349              		.section	.debug_line,"",%progbits
 350              	.Ldebug_line0:
 351 0000 6E000000 		.section	.debug_str,"MS",%progbits,1
 351      03006800 
 351      00000201 
 351      FB0E0D00 
 351      01010101 
 352              	.LASF14:
 353 0000 6E756D66 		.ascii	"numfont20x22.c\000"
 353      6F6E7432 
 353      30783232 
 353      2E6300
 354              	.LASF8:
 355 000f 756E7369 		.ascii	"unsigned int\000"
 355      676E6564 
 355      20696E74 
 355      00
 356              	.LASF13:
 357 001c 474E5520 		.ascii	"GNU C11 13.2.1 20231009 -mcpu=cortex-m4 -mfloat-abi"
 357      43313120 
 357      31332E32 
 357      2E312032 
 357      30323331 
 358 004f 3D686172 		.ascii	"=hard -mfpu=fpv4-sp-d16 -mno-thumb-interwork -mthum"
 358      64202D6D 
 358      6670753D 
 358      66707634 
 358      2D73702D 
 359 0082 62202D6D 		.ascii	"b -march=armv7e-m+fp -ggdb -Og -std=c11 -fno-inline"
 359      61726368 
 359      3D61726D 
 359      7637652D 
 359      6D2B6670 
 360 00b5 2D736D61 		.ascii	"-small-functions -fomit-frame-pointer -falign-funct"
 360      6C6C2D66 
 360      756E6374 
 360      696F6E73 
ARM GAS  /tmp/cc4fjKEI.s 			page 12


 360      202D666F 
 361 00e8 696F6E73 		.ascii	"ions=16 -fstack-usage -ffunction-sections -fdata-se"
 361      3D313620 
 361      2D667374 
 361      61636B2D 
 361      75736167 
 362 011b 6374696F 		.ascii	"ctions -fno-common -fsingle-precision-constant\000"
 362      6E73202D 
 362      666E6F2D 
 362      636F6D6D 
 362      6F6E202D 
 363              	.LASF6:
 364 014a 6C6F6E67 		.ascii	"long unsigned int\000"
 364      20756E73 
 364      69676E65 
 364      6420696E 
 364      7400
 365              	.LASF7:
 366 015c 6C6F6E67 		.ascii	"long long unsigned int\000"
 366      206C6F6E 
 366      6720756E 
 366      7369676E 
 366      65642069 
 367              	.LASF11:
 368 0173 666C6F61 		.ascii	"float\000"
 368      7400
 369              	.LASF16:
 370 0179 75696E74 		.ascii	"uint8_t\000"
 370      385F7400 
 371              	.LASF4:
 372 0181 756E7369 		.ascii	"unsigned char\000"
 372      676E6564 
 372      20636861 
 372      7200
 373              	.LASF10:
 374 018f 63686172 		.ascii	"char\000"
 374      00
 375              	.LASF2:
 376 0194 6C6F6E67 		.ascii	"long int\000"
 376      20696E74 
 376      00
 377              	.LASF12:
 378 019d 5F426F6F 		.ascii	"_Bool\000"
 378      6C00
 379              	.LASF3:
 380 01a3 6C6F6E67 		.ascii	"long long int\000"
 380      206C6F6E 
 380      6720696E 
 380      7400
 381              	.LASF5:
 382 01b1 73686F72 		.ascii	"short unsigned int\000"
 382      7420756E 
 382      7369676E 
 382      65642069 
 382      6E7400
 383              	.LASF0:
 384 01c4 7369676E 		.ascii	"signed char\000"
ARM GAS  /tmp/cc4fjKEI.s 			page 13


 384      65642063 
 384      68617200 
 385              	.LASF9:
 386 01d0 6C6F6E67 		.ascii	"long double\000"
 386      20646F75 
 386      626C6500 
 387              	.LASF15:
 388 01dc 2F776F72 		.ascii	"/workspaces/tinySA\000"
 388      6B737061 
 388      6365732F 
 388      74696E79 
 388      534100
 389              	.LASF17:
 390 01ef 6E756D66 		.ascii	"numfont16x22\000"
 390      6F6E7431 
 390      36783232 
 390      00
 391              	.LASF1:
 392 01fc 73686F72 		.ascii	"short int\000"
 392      7420696E 
 392      7400
 393              		.ident	"GCC: (15:13.2.rel1-2) 13.2.1 20231009"
ARM GAS  /tmp/cc4fjKEI.s 			page 14


DEFINED SYMBOLS
                            *ABS*:00000000 numfont20x22.c
     /tmp/cc4fjKEI.s:25     .rodata.numfont16x22:00000000 numfont16x22
     /tmp/cc4fjKEI.s:22     .rodata.numfont16x22:00000000 $d

NO UNDEFINED SYMBOLS
