ARM GAS  /tmp/ccWKjygA.s 			page 1


   1              		.cpu cortex-m4
   2              		.arch armv7e-m
   3              		.fpu fpv4-sp-d16
   4              		.eabi_attribute 27, 1
   5              		.eabi_attribute 28, 1
   6              		.eabi_attribute 20, 1
   7              		.eabi_attribute 21, 1
   8              		.eabi_attribute 23, 3
   9              		.eabi_attribute 24, 1
  10              		.eabi_attribute 25, 1
  11              		.eabi_attribute 26, 1
  12              		.eabi_attribute 30, 1
  13              		.eabi_attribute 34, 1
  14              		.eabi_attribute 18, 4
  15              		.file	"nvic.c"
  16              		.text
  17              	.Ltext0:
  18              		.cfi_sections	.debug_frame
  19              		.file 1 "ChibiOS/os/hal/ports/common/ARMCMx/nvic.c"
  20              		.section	.text.nvicEnableVector,"ax",%progbits
  21              		.align	1
  22              		.p2align 4,,15
  23              		.global	nvicEnableVector
  24              		.syntax unified
  25              		.thumb
  26              		.thumb_func
  27              		.type	nvicEnableVector, %function
  28              	nvicEnableVector:
  29              	.LVL0:
  30              	.LFB233:
  31              		.loc 1 57 50 view -0
  32              		.cfi_startproc
  33              		@ args = 0, pretend = 0, frame = 0
  34              		@ frame_needed = 0, uses_anonymous_args = 0
  35              		@ link register save eliminated.
  36              		.loc 1 63 3 view .LVU1
  37              		.loc 1 63 17 is_stmt 0 view .LVU2
  38 0000 0901     		lsls	r1, r1, #4
  39              	.LVL1:
  40              		.loc 1 63 17 view .LVU3
  41 0002 C9B2     		uxtb	r1, r1
  42              		.loc 1 63 15 view .LVU4
  43 0004 074A     		ldr	r2, .L2
  44 0006 1318     		adds	r3, r2, r0
  45 0008 83F80013 		strb	r1, [r3, #768]
  46              		.loc 1 65 3 is_stmt 1 view .LVU5
  47              		.loc 1 65 34 is_stmt 0 view .LVU6
  48 000c 00F01F01 		and	r1, r0, #31
  49              		.loc 1 65 16 view .LVU7
  50 0010 4009     		lsrs	r0, r0, #5
  51              	.LVL2:
  52              		.loc 1 65 28 view .LVU8
  53 0012 0123     		movs	r3, #1
  54 0014 8B40     		lsls	r3, r3, r1
  55              		.loc 1 65 23 view .LVU9
  56 0016 00F16001 		add	r1, r0, #96
  57 001a 42F82130 		str	r3, [r2, r1, lsl #2]
ARM GAS  /tmp/ccWKjygA.s 			page 2


  58              		.loc 1 66 3 is_stmt 1 view .LVU10
  59              		.loc 1 66 23 is_stmt 0 view .LVU11
  60 001e 42F82030 		str	r3, [r2, r0, lsl #2]
  61              		.loc 1 67 1 view .LVU12
  62 0022 7047     		bx	lr
  63              	.L3:
  64              		.align	2
  65              	.L2:
  66 0024 00E100E0 		.word	-536813312
  67              		.cfi_endproc
  68              	.LFE233:
  69              		.size	nvicEnableVector, .-nvicEnableVector
  70              		.section	.text.nvicDisableVector,"ax",%progbits
  71              		.align	1
  72              		.p2align 4,,15
  73              		.global	nvicDisableVector
  74              		.syntax unified
  75              		.thumb
  76              		.thumb_func
  77              		.type	nvicDisableVector, %function
  78              	nvicDisableVector:
  79              	.LVL3:
  80              	.LFB234:
  81              		.loc 1 74 36 is_stmt 1 view -0
  82              		.cfi_startproc
  83              		@ args = 0, pretend = 0, frame = 0
  84              		@ frame_needed = 0, uses_anonymous_args = 0
  85              		@ link register save eliminated.
  86              		.loc 1 76 3 view .LVU14
  87              		.loc 1 76 34 is_stmt 0 view .LVU15
  88 0000 00F01F03 		and	r3, r0, #31
  89              		.loc 1 76 16 view .LVU16
  90 0004 4209     		lsrs	r2, r0, #5
  91              		.loc 1 76 28 view .LVU17
  92 0006 0121     		movs	r1, #1
  93 0008 9940     		lsls	r1, r1, r3
  94              		.loc 1 76 23 view .LVU18
  95 000a 044B     		ldr	r3, .L5
  96 000c 2032     		adds	r2, r2, #32
  97 000e 43F82210 		str	r1, [r3, r2, lsl #2]
  98              		.loc 1 80 3 is_stmt 1 view .LVU19
  99              		.loc 1 80 15 is_stmt 0 view .LVU20
 100 0012 0344     		add	r3, r3, r0
 101 0014 0022     		movs	r2, #0
 102 0016 83F80023 		strb	r2, [r3, #768]
 103              		.loc 1 82 1 view .LVU21
 104 001a 7047     		bx	lr
 105              	.L6:
 106              		.align	2
 107              	.L5:
 108 001c 00E100E0 		.word	-536813312
 109              		.cfi_endproc
 110              	.LFE234:
 111              		.size	nvicDisableVector, .-nvicDisableVector
 112              		.section	.text.nvicSetSystemHandlerPriority,"ax",%progbits
 113              		.align	1
 114              		.p2align 4,,15
ARM GAS  /tmp/ccWKjygA.s 			page 3


 115              		.global	nvicSetSystemHandlerPriority
 116              		.syntax unified
 117              		.thumb
 118              		.thumb_func
 119              		.type	nvicSetSystemHandlerPriority, %function
 120              	nvicSetSystemHandlerPriority:
 121              	.LVL4:
 122              	.LFB235:
 123              		.loc 1 90 68 is_stmt 1 view -0
 124              		.cfi_startproc
 125              		@ args = 0, pretend = 0, frame = 0
 126              		@ frame_needed = 0, uses_anonymous_args = 0
 127              		@ link register save eliminated.
 128              		.loc 1 92 3 view .LVU23
 129              		.loc 1 92 3 view .LVU24
 130              		.loc 1 92 3 discriminator 5 view .LVU25
 131              		.loc 1 100 3 view .LVU26
 132              		.loc 1 100 23 is_stmt 0 view .LVU27
 133 0000 0901     		lsls	r1, r1, #4
 134              	.LVL5:
 135              		.loc 1 100 23 view .LVU28
 136 0002 C9B2     		uxtb	r1, r1
 137              		.loc 1 100 21 view .LVU29
 138 0004 00F16040 		add	r0, r0, #-536870912
 139              	.LVL6:
 140              		.loc 1 100 21 view .LVU30
 141 0008 00F56D40 		add	r0, r0, #60672
 142              	.LVL7:
 143              		.loc 1 100 21 view .LVU31
 144 000c 0176     		strb	r1, [r0, #24]
 145              		.loc 1 102 1 view .LVU32
 146 000e 7047     		bx	lr
 147              		.cfi_endproc
 148              	.LFE235:
 149              		.size	nvicSetSystemHandlerPriority, .-nvicSetSystemHandlerPriority
 150              		.section	.text.nvicClearPending,"ax",%progbits
 151              		.align	1
 152              		.p2align 4,,15
 153              		.global	nvicClearPending
 154              		.syntax unified
 155              		.thumb
 156              		.thumb_func
 157              		.type	nvicClearPending, %function
 158              	nvicClearPending:
 159              	.LVL8:
 160              	.LFB236:
 161              		.loc 1 109 35 is_stmt 1 view -0
 162              		.cfi_startproc
 163              		@ args = 0, pretend = 0, frame = 0
 164              		@ frame_needed = 0, uses_anonymous_args = 0
 165              		@ link register save eliminated.
 166              		.loc 1 111 3 view .LVU34
 167              		.loc 1 111 32 is_stmt 0 view .LVU35
 168 0000 00F01F02 		and	r2, r0, #31
 169              		.loc 1 111 16 view .LVU36
 170 0004 4009     		lsrs	r0, r0, #5
 171              	.LVL9:
ARM GAS  /tmp/ccWKjygA.s 			page 4


 172              		.loc 1 111 26 view .LVU37
 173 0006 0123     		movs	r3, #1
 174 0008 9340     		lsls	r3, r3, r2
 175              		.loc 1 111 22 view .LVU38
 176 000a 6030     		adds	r0, r0, #96
 177 000c 014A     		ldr	r2, .L9
 178 000e 42F82030 		str	r3, [r2, r0, lsl #2]
 179              		.loc 1 112 1 view .LVU39
 180 0012 7047     		bx	lr
 181              	.L10:
 182              		.align	2
 183              	.L9:
 184 0014 00E100E0 		.word	-536813312
 185              		.cfi_endproc
 186              	.LFE236:
 187              		.size	nvicClearPending, .-nvicClearPending
 188              		.text
 189              	.Letext0:
 190              		.file 2 "/usr/lib/gcc/arm-none-eabi/13.2.1/include/stdint.h"
 191              		.file 3 "ChibiOS/os/common/ext/CMSIS/include/core_cm4.h"
 192              		.section	.debug_info,"",%progbits
 193              	.Ldebug_info0:
 194 0000 1C040000 		.4byte	0x41c
 195 0004 0500     		.2byte	0x5
 196 0006 01       		.byte	0x1
 197 0007 04       		.byte	0x4
 198 0008 00000000 		.4byte	.Ldebug_abbrev0
 199 000c 0E       		.uleb128 0xe
 200 000d BE010000 		.4byte	.LASF47
 201 0011 1D       		.byte	0x1d
 202 0012 21010000 		.4byte	.LASF48
 203 0016 E4000000 		.4byte	.LASF49
 204 001a 0C000000 		.4byte	.LLRL5
 205 001e 00000000 		.4byte	0
 206 0022 00000000 		.4byte	.Ldebug_line0
 207 0026 02       		.uleb128 0x2
 208 0027 08       		.byte	0x8
 209 0028 07       		.byte	0x7
 210 0029 5D000000 		.4byte	.LASF0
 211 002d 02       		.uleb128 0x2
 212 002e 04       		.byte	0x4
 213 002f 07       		.byte	0x7
 214 0030 00010000 		.4byte	.LASF1
 215 0034 0F       		.uleb128 0xf
 216 0035 04       		.byte	0x4
 217 0036 05       		.byte	0x5
 218 0037 696E7400 		.ascii	"int\000"
 219 003b 02       		.uleb128 0x2
 220 003c 08       		.byte	0x8
 221 003d 05       		.byte	0x5
 222 003e 7C010000 		.4byte	.LASF2
 223 0042 02       		.uleb128 0x2
 224 0043 08       		.byte	0x8
 225 0044 04       		.byte	0x4
 226 0045 EC020000 		.4byte	.LASF3
 227 0049 02       		.uleb128 0x2
 228 004a 01       		.byte	0x1
ARM GAS  /tmp/ccWKjygA.s 			page 5


 229 004b 06       		.byte	0x6
 230 004c F8020000 		.4byte	.LASF4
 231 0050 02       		.uleb128 0x2
 232 0051 02       		.byte	0x2
 233 0052 05       		.byte	0x5
 234 0053 D0000000 		.4byte	.LASF5
 235 0057 02       		.uleb128 0x2
 236 0058 04       		.byte	0x4
 237 0059 05       		.byte	0x5
 238 005a B5010000 		.4byte	.LASF6
 239 005e 0B       		.uleb128 0xb
 240 005f 74010000 		.4byte	.LASF9
 241 0063 2E       		.byte	0x2e
 242 0064 18       		.byte	0x18
 243 0065 6E000000 		.4byte	0x6e
 244 0069 05       		.uleb128 0x5
 245 006a 5E000000 		.4byte	0x5e
 246 006e 02       		.uleb128 0x2
 247 006f 01       		.byte	0x1
 248 0070 08       		.byte	0x8
 249 0071 74000000 		.4byte	.LASF7
 250 0075 02       		.uleb128 0x2
 251 0076 02       		.byte	0x2
 252 0077 07       		.byte	0x7
 253 0078 91000000 		.4byte	.LASF8
 254 007c 0B       		.uleb128 0xb
 255 007d AC010000 		.4byte	.LASF10
 256 0081 34       		.byte	0x34
 257 0082 19       		.byte	0x19
 258 0083 91000000 		.4byte	0x91
 259 0087 05       		.uleb128 0x5
 260 0088 7C000000 		.4byte	0x7c
 261 008c 07       		.uleb128 0x7
 262 008d 87000000 		.4byte	0x87
 263 0091 02       		.uleb128 0x2
 264 0092 04       		.byte	0x4
 265 0093 07       		.byte	0x7
 266 0094 51010000 		.4byte	.LASF11
 267 0098 10       		.uleb128 0x10
 268 0099 040E     		.2byte	0xe04
 269 009b 03       		.byte	0x3
 270 009c A001     		.2byte	0x1a0
 271 009e 09       		.byte	0x9
 272 009f 4A010000 		.4byte	0x14a
 273 00a3 01       		.uleb128 0x1
 274 00a4 96010000 		.4byte	.LASF12
 275 00a8 A201     		.2byte	0x1a2
 276 00aa 5A010000 		.4byte	0x15a
 277 00ae 00       		.byte	0
 278 00af 01       		.uleb128 0x1
 279 00b0 2C000000 		.4byte	.LASF13
 280 00b4 A301     		.2byte	0x1a3
 281 00b6 5F010000 		.4byte	0x15f
 282 00ba 20       		.byte	0x20
 283 00bb 01       		.uleb128 0x1
 284 00bc DA000000 		.4byte	.LASF14
 285 00c0 A401     		.2byte	0x1a4
ARM GAS  /tmp/ccWKjygA.s 			page 6


 286 00c2 5A010000 		.4byte	0x15a
 287 00c6 80       		.byte	0x80
 288 00c7 01       		.uleb128 0x1
 289 00c8 63010000 		.4byte	.LASF15
 290 00cc A501     		.2byte	0x1a5
 291 00ce 5F010000 		.4byte	0x15f
 292 00d2 A0       		.byte	0xa0
 293 00d3 06       		.uleb128 0x6
 294 00d4 0D010000 		.4byte	.LASF16
 295 00d8 A601     		.2byte	0x1a6
 296 00da 5A010000 		.4byte	0x15a
 297 00de 0001     		.2byte	0x100
 298 00e0 06       		.uleb128 0x6
 299 00e1 2B030000 		.4byte	.LASF17
 300 00e5 A701     		.2byte	0x1a7
 301 00e7 5F010000 		.4byte	0x15f
 302 00eb 2001     		.2byte	0x120
 303 00ed 06       		.uleb128 0x6
 304 00ee 05000000 		.4byte	.LASF18
 305 00f2 A801     		.2byte	0x1a8
 306 00f4 5A010000 		.4byte	0x15a
 307 00f8 8001     		.2byte	0x180
 308 00fa 06       		.uleb128 0x6
 309 00fb 36000000 		.4byte	.LASF19
 310 00ff A901     		.2byte	0x1a9
 311 0101 5F010000 		.4byte	0x15f
 312 0105 A001     		.2byte	0x1a0
 313 0107 06       		.uleb128 0x6
 314 0108 21030000 		.4byte	.LASF20
 315 010c AA01     		.2byte	0x1aa
 316 010e 5A010000 		.4byte	0x15a
 317 0112 0002     		.2byte	0x200
 318 0114 06       		.uleb128 0x6
 319 0115 40000000 		.4byte	.LASF21
 320 0119 AB01     		.2byte	0x1ab
 321 011b 6F010000 		.4byte	0x16f
 322 011f 2002     		.2byte	0x220
 323 0121 11       		.uleb128 0x11
 324 0122 495000   		.ascii	"IP\000"
 325 0125 03       		.byte	0x3
 326 0126 AC01     		.2byte	0x1ac
 327 0128 11       		.byte	0x11
 328 0129 8F010000 		.4byte	0x18f
 329 012d 0003     		.2byte	0x300
 330 012f 06       		.uleb128 0x6
 331 0130 4A000000 		.4byte	.LASF22
 332 0134 AD01     		.2byte	0x1ad
 333 0136 94010000 		.4byte	0x194
 334 013a F003     		.2byte	0x3f0
 335 013c 06       		.uleb128 0x6
 336 013d 8C000000 		.4byte	.LASF23
 337 0141 AE01     		.2byte	0x1ae
 338 0143 87000000 		.4byte	0x87
 339 0147 000E     		.2byte	0xe00
 340 0149 00       		.byte	0
 341 014a 03       		.uleb128 0x3
 342 014b 87000000 		.4byte	0x87
ARM GAS  /tmp/ccWKjygA.s 			page 7


 343 014f 5A010000 		.4byte	0x15a
 344 0153 04       		.uleb128 0x4
 345 0154 2D000000 		.4byte	0x2d
 346 0158 07       		.byte	0x7
 347 0159 00       		.byte	0
 348 015a 05       		.uleb128 0x5
 349 015b 4A010000 		.4byte	0x14a
 350 015f 03       		.uleb128 0x3
 351 0160 7C000000 		.4byte	0x7c
 352 0164 6F010000 		.4byte	0x16f
 353 0168 04       		.uleb128 0x4
 354 0169 2D000000 		.4byte	0x2d
 355 016d 17       		.byte	0x17
 356 016e 00       		.byte	0
 357 016f 03       		.uleb128 0x3
 358 0170 7C000000 		.4byte	0x7c
 359 0174 7F010000 		.4byte	0x17f
 360 0178 04       		.uleb128 0x4
 361 0179 2D000000 		.4byte	0x2d
 362 017d 37       		.byte	0x37
 363 017e 00       		.byte	0
 364 017f 03       		.uleb128 0x3
 365 0180 69000000 		.4byte	0x69
 366 0184 8F010000 		.4byte	0x18f
 367 0188 04       		.uleb128 0x4
 368 0189 2D000000 		.4byte	0x2d
 369 018d EF       		.byte	0xef
 370 018e 00       		.byte	0
 371 018f 05       		.uleb128 0x5
 372 0190 7F010000 		.4byte	0x17f
 373 0194 03       		.uleb128 0x3
 374 0195 7C000000 		.4byte	0x7c
 375 0199 A5010000 		.4byte	0x1a5
 376 019d 12       		.uleb128 0x12
 377 019e 2D000000 		.4byte	0x2d
 378 01a2 8302     		.2byte	0x283
 379 01a4 00       		.byte	0
 380 01a5 0C       		.uleb128 0xc
 381 01a6 82000000 		.4byte	.LASF24
 382 01aa AF01     		.2byte	0x1af
 383 01ac 04       		.byte	0x4
 384 01ad 98000000 		.4byte	0x98
 385 01b1 13       		.uleb128 0x13
 386 01b2 8C       		.byte	0x8c
 387 01b3 03       		.byte	0x3
 388 01b4 C001     		.2byte	0x1c0
 389 01b6 09       		.byte	0x9
 390 01b7 B8020000 		.4byte	0x2b8
 391 01bb 01       		.uleb128 0x1
 392 01bc 8A010000 		.4byte	.LASF25
 393 01c0 C201     		.2byte	0x1c2
 394 01c2 8C000000 		.4byte	0x8c
 395 01c6 00       		.byte	0
 396 01c7 01       		.uleb128 0x1
 397 01c8 1C010000 		.4byte	.LASF26
 398 01cc C301     		.2byte	0x1c3
 399 01ce 87000000 		.4byte	0x87
ARM GAS  /tmp/ccWKjygA.s 			page 8


 400 01d2 04       		.byte	0x4
 401 01d3 01       		.uleb128 0x1
 402 01d4 27000000 		.4byte	.LASF27
 403 01d8 C401     		.2byte	0x1c4
 404 01da 87000000 		.4byte	0x87
 405 01de 08       		.byte	0x8
 406 01df 01       		.uleb128 0x1
 407 01e0 4B010000 		.4byte	.LASF28
 408 01e4 C501     		.2byte	0x1c5
 409 01e6 87000000 		.4byte	0x87
 410 01ea 0C       		.byte	0xc
 411 01eb 08       		.uleb128 0x8
 412 01ec 53435200 		.ascii	"SCR\000"
 413 01f0 C601     		.2byte	0x1c6
 414 01f2 87000000 		.4byte	0x87
 415 01f6 10       		.byte	0x10
 416 01f7 08       		.uleb128 0x8
 417 01f8 43435200 		.ascii	"CCR\000"
 418 01fc C701     		.2byte	0x1c7
 419 01fe 87000000 		.4byte	0x87
 420 0202 14       		.byte	0x14
 421 0203 08       		.uleb128 0x8
 422 0204 53485000 		.ascii	"SHP\000"
 423 0208 C801     		.2byte	0x1c8
 424 020a C8020000 		.4byte	0x2c8
 425 020e 18       		.byte	0x18
 426 020f 01       		.uleb128 0x1
 427 0210 A6010000 		.4byte	.LASF29
 428 0214 C901     		.2byte	0x1c9
 429 0216 87000000 		.4byte	0x87
 430 021a 24       		.byte	0x24
 431 021b 01       		.uleb128 0x1
 432 021c A4000000 		.4byte	.LASF30
 433 0220 CA01     		.2byte	0x1ca
 434 0222 87000000 		.4byte	0x87
 435 0226 28       		.byte	0x28
 436 0227 01       		.uleb128 0x1
 437 0228 BA000000 		.4byte	.LASF31
 438 022c CB01     		.2byte	0x1cb
 439 022e 87000000 		.4byte	0x87
 440 0232 2C       		.byte	0x2c
 441 0233 01       		.uleb128 0x1
 442 0234 12010000 		.4byte	.LASF32
 443 0238 CC01     		.2byte	0x1cc
 444 023a 87000000 		.4byte	0x87
 445 023e 30       		.byte	0x30
 446 023f 01       		.uleb128 0x1
 447 0240 A0010000 		.4byte	.LASF33
 448 0244 CD01     		.2byte	0x1cd
 449 0246 87000000 		.4byte	0x87
 450 024a 34       		.byte	0x34
 451 024b 01       		.uleb128 0x1
 452 024c 26030000 		.4byte	.LASF34
 453 0250 CE01     		.2byte	0x1ce
 454 0252 87000000 		.4byte	0x87
 455 0256 38       		.byte	0x38
 456 0257 01       		.uleb128 0x1
ARM GAS  /tmp/ccWKjygA.s 			page 9


 457 0258 9B010000 		.4byte	.LASF35
 458 025c CF01     		.2byte	0x1cf
 459 025e 87000000 		.4byte	0x87
 460 0262 3C       		.byte	0x3c
 461 0263 08       		.uleb128 0x8
 462 0264 50465200 		.ascii	"PFR\000"
 463 0268 D001     		.2byte	0x1d0
 464 026a E2020000 		.4byte	0x2e2
 465 026e 40       		.byte	0x40
 466 026f 08       		.uleb128 0x8
 467 0270 44465200 		.ascii	"DFR\000"
 468 0274 D101     		.2byte	0x1d1
 469 0276 8C000000 		.4byte	0x8c
 470 027a 48       		.byte	0x48
 471 027b 08       		.uleb128 0x8
 472 027c 41445200 		.ascii	"ADR\000"
 473 0280 D201     		.2byte	0x1d2
 474 0282 8C000000 		.4byte	0x8c
 475 0286 4C       		.byte	0x4c
 476 0287 01       		.uleb128 0x1
 477 0288 0A000000 		.4byte	.LASF36
 478 028c D301     		.2byte	0x1d3
 479 028e FC020000 		.4byte	0x2fc
 480 0292 50       		.byte	0x50
 481 0293 01       		.uleb128 0x1
 482 0294 DF000000 		.4byte	.LASF37
 483 0298 D401     		.2byte	0x1d4
 484 029a 16030000 		.4byte	0x316
 485 029e 60       		.byte	0x60
 486 029f 01       		.uleb128 0x1
 487 02a0 2C000000 		.4byte	.LASF13
 488 02a4 D501     		.2byte	0x1d5
 489 02a6 1B030000 		.4byte	0x31b
 490 02aa 74       		.byte	0x74
 491 02ab 01       		.uleb128 0x1
 492 02ac 90010000 		.4byte	.LASF38
 493 02b0 D601     		.2byte	0x1d6
 494 02b2 87000000 		.4byte	0x87
 495 02b6 88       		.byte	0x88
 496 02b7 00       		.byte	0
 497 02b8 03       		.uleb128 0x3
 498 02b9 69000000 		.4byte	0x69
 499 02bd C8020000 		.4byte	0x2c8
 500 02c1 04       		.uleb128 0x4
 501 02c2 2D000000 		.4byte	0x2d
 502 02c6 0B       		.byte	0xb
 503 02c7 00       		.byte	0
 504 02c8 05       		.uleb128 0x5
 505 02c9 B8020000 		.4byte	0x2b8
 506 02cd 03       		.uleb128 0x3
 507 02ce 8C000000 		.4byte	0x8c
 508 02d2 DD020000 		.4byte	0x2dd
 509 02d6 04       		.uleb128 0x4
 510 02d7 2D000000 		.4byte	0x2d
 511 02db 01       		.byte	0x1
 512 02dc 00       		.byte	0
 513 02dd 07       		.uleb128 0x7
ARM GAS  /tmp/ccWKjygA.s 			page 10


 514 02de CD020000 		.4byte	0x2cd
 515 02e2 05       		.uleb128 0x5
 516 02e3 DD020000 		.4byte	0x2dd
 517 02e7 03       		.uleb128 0x3
 518 02e8 8C000000 		.4byte	0x8c
 519 02ec F7020000 		.4byte	0x2f7
 520 02f0 04       		.uleb128 0x4
 521 02f1 2D000000 		.4byte	0x2d
 522 02f5 03       		.byte	0x3
 523 02f6 00       		.byte	0
 524 02f7 07       		.uleb128 0x7
 525 02f8 E7020000 		.4byte	0x2e7
 526 02fc 05       		.uleb128 0x5
 527 02fd F7020000 		.4byte	0x2f7
 528 0301 03       		.uleb128 0x3
 529 0302 8C000000 		.4byte	0x8c
 530 0306 11030000 		.4byte	0x311
 531 030a 04       		.uleb128 0x4
 532 030b 2D000000 		.4byte	0x2d
 533 030f 04       		.byte	0x4
 534 0310 00       		.byte	0
 535 0311 07       		.uleb128 0x7
 536 0312 01030000 		.4byte	0x301
 537 0316 05       		.uleb128 0x5
 538 0317 11030000 		.4byte	0x311
 539 031b 03       		.uleb128 0x3
 540 031c 7C000000 		.4byte	0x7c
 541 0320 2B030000 		.4byte	0x32b
 542 0324 04       		.uleb128 0x4
 543 0325 2D000000 		.4byte	0x2d
 544 0329 04       		.byte	0x4
 545 032a 00       		.byte	0
 546 032b 0C       		.uleb128 0xc
 547 032c F7000000 		.4byte	.LASF39
 548 0330 D701     		.2byte	0x1d7
 549 0332 03       		.byte	0x3
 550 0333 B1010000 		.4byte	0x1b1
 551 0337 02       		.uleb128 0x2
 552 0338 01       		.byte	0x1
 553 0339 08       		.byte	0x8
 554 033a 17010000 		.4byte	.LASF40
 555 033e 07       		.uleb128 0x7
 556 033f 37030000 		.4byte	0x337
 557 0343 02       		.uleb128 0x2
 558 0344 01       		.byte	0x1
 559 0345 02       		.byte	0x2
 560 0346 0F000000 		.4byte	.LASF41
 561 034a 09       		.uleb128 0x9
 562 034b BF000000 		.4byte	.LASF42
 563 034f 6D       		.byte	0x6d
 564 0350 00000000 		.4byte	.LFB236
 565 0354 18000000 		.4byte	.LFE236-.LFB236
 566 0358 01       		.uleb128 0x1
 567 0359 9C       		.byte	0x9c
 568 035a 6F030000 		.4byte	0x36f
 569 035e 0D       		.uleb128 0xd
 570 035f 6E00     		.ascii	"n\000"
ARM GAS  /tmp/ccWKjygA.s 			page 11


 571 0361 6D       		.byte	0x6d
 572 0362 7C000000 		.4byte	0x7c
 573 0366 10000000 		.4byte	.LLST4
 574 036a 0C000000 		.4byte	.LVUS4
 575 036e 00       		.byte	0
 576 036f 09       		.uleb128 0x9
 577 0370 04030000 		.4byte	.LASF43
 578 0374 5A       		.byte	0x5a
 579 0375 00000000 		.4byte	.LFB235
 580 0379 10000000 		.4byte	.LFE235-.LFB235
 581 037d 01       		.uleb128 0x1
 582 037e 9C       		.byte	0x9c
 583 037f B3030000 		.4byte	0x3b3
 584 0383 0A       		.uleb128 0xa
 585 0384 6C010000 		.4byte	.LASF44
 586 0388 5A       		.byte	0x5a
 587 0389 2C       		.byte	0x2c
 588 038a 7C000000 		.4byte	0x7c
 589 038e 2F000000 		.4byte	.LLST2
 590 0392 29000000 		.4byte	.LVUS2
 591 0396 0A       		.uleb128 0xa
 592 0397 00000000 		.4byte	.LASF45
 593 039b 5A       		.byte	0x5a
 594 039c 3E       		.byte	0x3e
 595 039d 7C000000 		.4byte	0x7c
 596 03a1 54000000 		.4byte	.LLST3
 597 03a5 50000000 		.4byte	.LVUS3
 598 03a9 14       		.uleb128 0x14
 599 03aa 54000000 		.4byte	.LASF50
 600 03ae C3030000 		.4byte	0x3c3
 601 03b2 00       		.byte	0
 602 03b3 03       		.uleb128 0x3
 603 03b4 3E030000 		.4byte	0x33e
 604 03b8 C3030000 		.4byte	0x3c3
 605 03bc 04       		.uleb128 0x4
 606 03bd 2D000000 		.4byte	0x2d
 607 03c1 1C       		.byte	0x1c
 608 03c2 00       		.byte	0
 609 03c3 07       		.uleb128 0x7
 610 03c4 B3030000 		.4byte	0x3b3
 611 03c8 09       		.uleb128 0x9
 612 03c9 15000000 		.4byte	.LASF46
 613 03cd 4A       		.byte	0x4a
 614 03ce 00000000 		.4byte	.LFB234
 615 03d2 20000000 		.4byte	.LFE234-.LFB234
 616 03d6 01       		.uleb128 0x1
 617 03d7 9C       		.byte	0x9c
 618 03d8 E9030000 		.4byte	0x3e9
 619 03dc 15       		.uleb128 0x15
 620 03dd 6E00     		.ascii	"n\000"
 621 03df 01       		.byte	0x1
 622 03e0 4A       		.byte	0x4a
 623 03e1 21       		.byte	0x21
 624 03e2 7C000000 		.4byte	0x7c
 625 03e6 01       		.uleb128 0x1
 626 03e7 50       		.byte	0x50
 627 03e8 00       		.byte	0
ARM GAS  /tmp/ccWKjygA.s 			page 12


 628 03e9 16       		.uleb128 0x16
 629 03ea A9000000 		.4byte	.LASF51
 630 03ee 01       		.byte	0x1
 631 03ef 39       		.byte	0x39
 632 03f0 06       		.byte	0x6
 633 03f1 00000000 		.4byte	.LFB233
 634 03f5 28000000 		.4byte	.LFE233-.LFB233
 635 03f9 01       		.uleb128 0x1
 636 03fa 9C       		.byte	0x9c
 637 03fb 0D       		.uleb128 0xd
 638 03fc 6E00     		.ascii	"n\000"
 639 03fe 39       		.byte	0x39
 640 03ff 7C000000 		.4byte	0x7c
 641 0403 71000000 		.4byte	.LLST0
 642 0407 6D000000 		.4byte	.LVUS0
 643 040b 0A       		.uleb128 0xa
 644 040c 00000000 		.4byte	.LASF45
 645 0410 39       		.byte	0x39
 646 0411 2C       		.byte	0x2c
 647 0412 7C000000 		.4byte	0x7c
 648 0416 8E000000 		.4byte	.LLST1
 649 041a 8A000000 		.4byte	.LVUS1
 650 041e 00       		.byte	0
 651 041f 00       		.byte	0
 652              		.section	.debug_abbrev,"",%progbits
 653              	.Ldebug_abbrev0:
 654 0000 01       		.uleb128 0x1
 655 0001 0D       		.uleb128 0xd
 656 0002 00       		.byte	0
 657 0003 03       		.uleb128 0x3
 658 0004 0E       		.uleb128 0xe
 659 0005 3A       		.uleb128 0x3a
 660 0006 21       		.uleb128 0x21
 661 0007 03       		.sleb128 3
 662 0008 3B       		.uleb128 0x3b
 663 0009 05       		.uleb128 0x5
 664 000a 39       		.uleb128 0x39
 665 000b 21       		.uleb128 0x21
 666 000c 11       		.sleb128 17
 667 000d 49       		.uleb128 0x49
 668 000e 13       		.uleb128 0x13
 669 000f 38       		.uleb128 0x38
 670 0010 0B       		.uleb128 0xb
 671 0011 00       		.byte	0
 672 0012 00       		.byte	0
 673 0013 02       		.uleb128 0x2
 674 0014 24       		.uleb128 0x24
 675 0015 00       		.byte	0
 676 0016 0B       		.uleb128 0xb
 677 0017 0B       		.uleb128 0xb
 678 0018 3E       		.uleb128 0x3e
 679 0019 0B       		.uleb128 0xb
 680 001a 03       		.uleb128 0x3
 681 001b 0E       		.uleb128 0xe
 682 001c 00       		.byte	0
 683 001d 00       		.byte	0
 684 001e 03       		.uleb128 0x3
ARM GAS  /tmp/ccWKjygA.s 			page 13


 685 001f 01       		.uleb128 0x1
 686 0020 01       		.byte	0x1
 687 0021 49       		.uleb128 0x49
 688 0022 13       		.uleb128 0x13
 689 0023 01       		.uleb128 0x1
 690 0024 13       		.uleb128 0x13
 691 0025 00       		.byte	0
 692 0026 00       		.byte	0
 693 0027 04       		.uleb128 0x4
 694 0028 21       		.uleb128 0x21
 695 0029 00       		.byte	0
 696 002a 49       		.uleb128 0x49
 697 002b 13       		.uleb128 0x13
 698 002c 2F       		.uleb128 0x2f
 699 002d 0B       		.uleb128 0xb
 700 002e 00       		.byte	0
 701 002f 00       		.byte	0
 702 0030 05       		.uleb128 0x5
 703 0031 35       		.uleb128 0x35
 704 0032 00       		.byte	0
 705 0033 49       		.uleb128 0x49
 706 0034 13       		.uleb128 0x13
 707 0035 00       		.byte	0
 708 0036 00       		.byte	0
 709 0037 06       		.uleb128 0x6
 710 0038 0D       		.uleb128 0xd
 711 0039 00       		.byte	0
 712 003a 03       		.uleb128 0x3
 713 003b 0E       		.uleb128 0xe
 714 003c 3A       		.uleb128 0x3a
 715 003d 21       		.uleb128 0x21
 716 003e 03       		.sleb128 3
 717 003f 3B       		.uleb128 0x3b
 718 0040 05       		.uleb128 0x5
 719 0041 39       		.uleb128 0x39
 720 0042 21       		.uleb128 0x21
 721 0043 11       		.sleb128 17
 722 0044 49       		.uleb128 0x49
 723 0045 13       		.uleb128 0x13
 724 0046 38       		.uleb128 0x38
 725 0047 05       		.uleb128 0x5
 726 0048 00       		.byte	0
 727 0049 00       		.byte	0
 728 004a 07       		.uleb128 0x7
 729 004b 26       		.uleb128 0x26
 730 004c 00       		.byte	0
 731 004d 49       		.uleb128 0x49
 732 004e 13       		.uleb128 0x13
 733 004f 00       		.byte	0
 734 0050 00       		.byte	0
 735 0051 08       		.uleb128 0x8
 736 0052 0D       		.uleb128 0xd
 737 0053 00       		.byte	0
 738 0054 03       		.uleb128 0x3
 739 0055 08       		.uleb128 0x8
 740 0056 3A       		.uleb128 0x3a
 741 0057 21       		.uleb128 0x21
ARM GAS  /tmp/ccWKjygA.s 			page 14


 742 0058 03       		.sleb128 3
 743 0059 3B       		.uleb128 0x3b
 744 005a 05       		.uleb128 0x5
 745 005b 39       		.uleb128 0x39
 746 005c 21       		.uleb128 0x21
 747 005d 11       		.sleb128 17
 748 005e 49       		.uleb128 0x49
 749 005f 13       		.uleb128 0x13
 750 0060 38       		.uleb128 0x38
 751 0061 0B       		.uleb128 0xb
 752 0062 00       		.byte	0
 753 0063 00       		.byte	0
 754 0064 09       		.uleb128 0x9
 755 0065 2E       		.uleb128 0x2e
 756 0066 01       		.byte	0x1
 757 0067 3F       		.uleb128 0x3f
 758 0068 19       		.uleb128 0x19
 759 0069 03       		.uleb128 0x3
 760 006a 0E       		.uleb128 0xe
 761 006b 3A       		.uleb128 0x3a
 762 006c 21       		.uleb128 0x21
 763 006d 01       		.sleb128 1
 764 006e 3B       		.uleb128 0x3b
 765 006f 0B       		.uleb128 0xb
 766 0070 39       		.uleb128 0x39
 767 0071 21       		.uleb128 0x21
 768 0072 06       		.sleb128 6
 769 0073 27       		.uleb128 0x27
 770 0074 19       		.uleb128 0x19
 771 0075 11       		.uleb128 0x11
 772 0076 01       		.uleb128 0x1
 773 0077 12       		.uleb128 0x12
 774 0078 06       		.uleb128 0x6
 775 0079 40       		.uleb128 0x40
 776 007a 18       		.uleb128 0x18
 777 007b 7A       		.uleb128 0x7a
 778 007c 19       		.uleb128 0x19
 779 007d 01       		.uleb128 0x1
 780 007e 13       		.uleb128 0x13
 781 007f 00       		.byte	0
 782 0080 00       		.byte	0
 783 0081 0A       		.uleb128 0xa
 784 0082 05       		.uleb128 0x5
 785 0083 00       		.byte	0
 786 0084 03       		.uleb128 0x3
 787 0085 0E       		.uleb128 0xe
 788 0086 3A       		.uleb128 0x3a
 789 0087 21       		.uleb128 0x21
 790 0088 01       		.sleb128 1
 791 0089 3B       		.uleb128 0x3b
 792 008a 0B       		.uleb128 0xb
 793 008b 39       		.uleb128 0x39
 794 008c 0B       		.uleb128 0xb
 795 008d 49       		.uleb128 0x49
 796 008e 13       		.uleb128 0x13
 797 008f 02       		.uleb128 0x2
 798 0090 17       		.uleb128 0x17
ARM GAS  /tmp/ccWKjygA.s 			page 15


 799 0091 B742     		.uleb128 0x2137
 800 0093 17       		.uleb128 0x17
 801 0094 00       		.byte	0
 802 0095 00       		.byte	0
 803 0096 0B       		.uleb128 0xb
 804 0097 16       		.uleb128 0x16
 805 0098 00       		.byte	0
 806 0099 03       		.uleb128 0x3
 807 009a 0E       		.uleb128 0xe
 808 009b 3A       		.uleb128 0x3a
 809 009c 21       		.uleb128 0x21
 810 009d 02       		.sleb128 2
 811 009e 3B       		.uleb128 0x3b
 812 009f 0B       		.uleb128 0xb
 813 00a0 39       		.uleb128 0x39
 814 00a1 0B       		.uleb128 0xb
 815 00a2 49       		.uleb128 0x49
 816 00a3 13       		.uleb128 0x13
 817 00a4 00       		.byte	0
 818 00a5 00       		.byte	0
 819 00a6 0C       		.uleb128 0xc
 820 00a7 16       		.uleb128 0x16
 821 00a8 00       		.byte	0
 822 00a9 03       		.uleb128 0x3
 823 00aa 0E       		.uleb128 0xe
 824 00ab 3A       		.uleb128 0x3a
 825 00ac 21       		.uleb128 0x21
 826 00ad 03       		.sleb128 3
 827 00ae 3B       		.uleb128 0x3b
 828 00af 05       		.uleb128 0x5
 829 00b0 39       		.uleb128 0x39
 830 00b1 0B       		.uleb128 0xb
 831 00b2 49       		.uleb128 0x49
 832 00b3 13       		.uleb128 0x13
 833 00b4 00       		.byte	0
 834 00b5 00       		.byte	0
 835 00b6 0D       		.uleb128 0xd
 836 00b7 05       		.uleb128 0x5
 837 00b8 00       		.byte	0
 838 00b9 03       		.uleb128 0x3
 839 00ba 08       		.uleb128 0x8
 840 00bb 3A       		.uleb128 0x3a
 841 00bc 21       		.uleb128 0x21
 842 00bd 01       		.sleb128 1
 843 00be 3B       		.uleb128 0x3b
 844 00bf 0B       		.uleb128 0xb
 845 00c0 39       		.uleb128 0x39
 846 00c1 21       		.uleb128 0x21
 847 00c2 20       		.sleb128 32
 848 00c3 49       		.uleb128 0x49
 849 00c4 13       		.uleb128 0x13
 850 00c5 02       		.uleb128 0x2
 851 00c6 17       		.uleb128 0x17
 852 00c7 B742     		.uleb128 0x2137
 853 00c9 17       		.uleb128 0x17
 854 00ca 00       		.byte	0
 855 00cb 00       		.byte	0
ARM GAS  /tmp/ccWKjygA.s 			page 16


 856 00cc 0E       		.uleb128 0xe
 857 00cd 11       		.uleb128 0x11
 858 00ce 01       		.byte	0x1
 859 00cf 25       		.uleb128 0x25
 860 00d0 0E       		.uleb128 0xe
 861 00d1 13       		.uleb128 0x13
 862 00d2 0B       		.uleb128 0xb
 863 00d3 03       		.uleb128 0x3
 864 00d4 0E       		.uleb128 0xe
 865 00d5 1B       		.uleb128 0x1b
 866 00d6 0E       		.uleb128 0xe
 867 00d7 55       		.uleb128 0x55
 868 00d8 17       		.uleb128 0x17
 869 00d9 11       		.uleb128 0x11
 870 00da 01       		.uleb128 0x1
 871 00db 10       		.uleb128 0x10
 872 00dc 17       		.uleb128 0x17
 873 00dd 00       		.byte	0
 874 00de 00       		.byte	0
 875 00df 0F       		.uleb128 0xf
 876 00e0 24       		.uleb128 0x24
 877 00e1 00       		.byte	0
 878 00e2 0B       		.uleb128 0xb
 879 00e3 0B       		.uleb128 0xb
 880 00e4 3E       		.uleb128 0x3e
 881 00e5 0B       		.uleb128 0xb
 882 00e6 03       		.uleb128 0x3
 883 00e7 08       		.uleb128 0x8
 884 00e8 00       		.byte	0
 885 00e9 00       		.byte	0
 886 00ea 10       		.uleb128 0x10
 887 00eb 13       		.uleb128 0x13
 888 00ec 01       		.byte	0x1
 889 00ed 0B       		.uleb128 0xb
 890 00ee 05       		.uleb128 0x5
 891 00ef 3A       		.uleb128 0x3a
 892 00f0 0B       		.uleb128 0xb
 893 00f1 3B       		.uleb128 0x3b
 894 00f2 05       		.uleb128 0x5
 895 00f3 39       		.uleb128 0x39
 896 00f4 0B       		.uleb128 0xb
 897 00f5 01       		.uleb128 0x1
 898 00f6 13       		.uleb128 0x13
 899 00f7 00       		.byte	0
 900 00f8 00       		.byte	0
 901 00f9 11       		.uleb128 0x11
 902 00fa 0D       		.uleb128 0xd
 903 00fb 00       		.byte	0
 904 00fc 03       		.uleb128 0x3
 905 00fd 08       		.uleb128 0x8
 906 00fe 3A       		.uleb128 0x3a
 907 00ff 0B       		.uleb128 0xb
 908 0100 3B       		.uleb128 0x3b
 909 0101 05       		.uleb128 0x5
 910 0102 39       		.uleb128 0x39
 911 0103 0B       		.uleb128 0xb
 912 0104 49       		.uleb128 0x49
ARM GAS  /tmp/ccWKjygA.s 			page 17


 913 0105 13       		.uleb128 0x13
 914 0106 38       		.uleb128 0x38
 915 0107 05       		.uleb128 0x5
 916 0108 00       		.byte	0
 917 0109 00       		.byte	0
 918 010a 12       		.uleb128 0x12
 919 010b 21       		.uleb128 0x21
 920 010c 00       		.byte	0
 921 010d 49       		.uleb128 0x49
 922 010e 13       		.uleb128 0x13
 923 010f 2F       		.uleb128 0x2f
 924 0110 05       		.uleb128 0x5
 925 0111 00       		.byte	0
 926 0112 00       		.byte	0
 927 0113 13       		.uleb128 0x13
 928 0114 13       		.uleb128 0x13
 929 0115 01       		.byte	0x1
 930 0116 0B       		.uleb128 0xb
 931 0117 0B       		.uleb128 0xb
 932 0118 3A       		.uleb128 0x3a
 933 0119 0B       		.uleb128 0xb
 934 011a 3B       		.uleb128 0x3b
 935 011b 05       		.uleb128 0x5
 936 011c 39       		.uleb128 0x39
 937 011d 0B       		.uleb128 0xb
 938 011e 01       		.uleb128 0x1
 939 011f 13       		.uleb128 0x13
 940 0120 00       		.byte	0
 941 0121 00       		.byte	0
 942 0122 14       		.uleb128 0x14
 943 0123 34       		.uleb128 0x34
 944 0124 00       		.byte	0
 945 0125 03       		.uleb128 0x3
 946 0126 0E       		.uleb128 0xe
 947 0127 49       		.uleb128 0x49
 948 0128 13       		.uleb128 0x13
 949 0129 34       		.uleb128 0x34
 950 012a 19       		.uleb128 0x19
 951 012b 00       		.byte	0
 952 012c 00       		.byte	0
 953 012d 15       		.uleb128 0x15
 954 012e 05       		.uleb128 0x5
 955 012f 00       		.byte	0
 956 0130 03       		.uleb128 0x3
 957 0131 08       		.uleb128 0x8
 958 0132 3A       		.uleb128 0x3a
 959 0133 0B       		.uleb128 0xb
 960 0134 3B       		.uleb128 0x3b
 961 0135 0B       		.uleb128 0xb
 962 0136 39       		.uleb128 0x39
 963 0137 0B       		.uleb128 0xb
 964 0138 49       		.uleb128 0x49
 965 0139 13       		.uleb128 0x13
 966 013a 02       		.uleb128 0x2
 967 013b 18       		.uleb128 0x18
 968 013c 00       		.byte	0
 969 013d 00       		.byte	0
ARM GAS  /tmp/ccWKjygA.s 			page 18


 970 013e 16       		.uleb128 0x16
 971 013f 2E       		.uleb128 0x2e
 972 0140 01       		.byte	0x1
 973 0141 3F       		.uleb128 0x3f
 974 0142 19       		.uleb128 0x19
 975 0143 03       		.uleb128 0x3
 976 0144 0E       		.uleb128 0xe
 977 0145 3A       		.uleb128 0x3a
 978 0146 0B       		.uleb128 0xb
 979 0147 3B       		.uleb128 0x3b
 980 0148 0B       		.uleb128 0xb
 981 0149 39       		.uleb128 0x39
 982 014a 0B       		.uleb128 0xb
 983 014b 27       		.uleb128 0x27
 984 014c 19       		.uleb128 0x19
 985 014d 11       		.uleb128 0x11
 986 014e 01       		.uleb128 0x1
 987 014f 12       		.uleb128 0x12
 988 0150 06       		.uleb128 0x6
 989 0151 40       		.uleb128 0x40
 990 0152 18       		.uleb128 0x18
 991 0153 7A       		.uleb128 0x7a
 992 0154 19       		.uleb128 0x19
 993 0155 00       		.byte	0
 994 0156 00       		.byte	0
 995 0157 00       		.byte	0
 996              		.section	.debug_loclists,"",%progbits
 997 0000 A3000000 		.4byte	.Ldebug_loc3-.Ldebug_loc2
 998              	.Ldebug_loc2:
 999 0004 0500     		.2byte	0x5
 1000 0006 04       		.byte	0x4
 1001 0007 00       		.byte	0
 1002 0008 00000000 		.4byte	0
 1003              	.Ldebug_loc0:
 1004              	.LVUS4:
 1005 000c 00       		.uleb128 0
 1006 000d 00       		.uleb128 .LVU37
 1007 000e 00       		.uleb128 .LVU37
 1008 000f 00       		.uleb128 0
 1009              	.LLST4:
 1010 0010 06       		.byte	0x6
 1011 0011 00000000 		.4byte	.LVL8
 1012 0015 04       		.byte	0x4
 1013 0016 00       		.uleb128 .LVL8-.LVL8
 1014 0017 06       		.uleb128 .LVL9-.LVL8
 1015 0018 01       		.uleb128 0x1
 1016 0019 50       		.byte	0x50
 1017 001a 04       		.byte	0x4
 1018 001b 06       		.uleb128 .LVL9-.LVL8
 1019 001c 18       		.uleb128 .LFE236-.LVL8
 1020 001d 0A       		.uleb128 0xa
 1021 001e A3       		.byte	0xa3
 1022 001f 03       		.uleb128 0x3
 1023 0020 A5       		.byte	0xa5
 1024 0021 00       		.uleb128 0
 1025 0022 26       		.uleb128 0x26
 1026 0023 A8       		.byte	0xa8
ARM GAS  /tmp/ccWKjygA.s 			page 19


 1027 0024 2D       		.uleb128 0x2d
 1028 0025 A8       		.byte	0xa8
 1029 0026 00       		.uleb128 0
 1030 0027 9F       		.byte	0x9f
 1031 0028 00       		.byte	0
 1032              	.LVUS2:
 1033 0029 00       		.uleb128 0
 1034 002a 00       		.uleb128 .LVU30
 1035 002b 00       		.uleb128 .LVU30
 1036 002c 00       		.uleb128 .LVU31
 1037 002d 00       		.uleb128 .LVU31
 1038 002e 00       		.uleb128 0
 1039              	.LLST2:
 1040 002f 06       		.byte	0x6
 1041 0030 00000000 		.4byte	.LVL4
 1042 0034 04       		.byte	0x4
 1043 0035 00       		.uleb128 .LVL4-.LVL4
 1044 0036 08       		.uleb128 .LVL6-.LVL4
 1045 0037 01       		.uleb128 0x1
 1046 0038 50       		.byte	0x50
 1047 0039 04       		.byte	0x4
 1048 003a 08       		.uleb128 .LVL6-.LVL4
 1049 003b 0C       		.uleb128 .LVL7-.LVL4
 1050 003c 07       		.uleb128 0x7
 1051 003d 70       		.byte	0x70
 1052 003e 80808080 		.sleb128 536870912
 1052      02
 1053 0043 9F       		.byte	0x9f
 1054 0044 04       		.byte	0x4
 1055 0045 0C       		.uleb128 .LVL7-.LVL4
 1056 0046 10       		.uleb128 .LFE235-.LVL4
 1057 0047 07       		.uleb128 0x7
 1058 0048 70       		.byte	0x70
 1059 0049 80A6FCFF 		.sleb128 536810240
 1059      01
 1060 004e 9F       		.byte	0x9f
 1061 004f 00       		.byte	0
 1062              	.LVUS3:
 1063 0050 00       		.uleb128 0
 1064 0051 00       		.uleb128 .LVU28
 1065 0052 00       		.uleb128 .LVU28
 1066 0053 00       		.uleb128 0
 1067              	.LLST3:
 1068 0054 06       		.byte	0x6
 1069 0055 00000000 		.4byte	.LVL4
 1070 0059 04       		.byte	0x4
 1071 005a 00       		.uleb128 .LVL4-.LVL4
 1072 005b 02       		.uleb128 .LVL5-.LVL4
 1073 005c 01       		.uleb128 0x1
 1074 005d 51       		.byte	0x51
 1075 005e 04       		.byte	0x4
 1076 005f 02       		.uleb128 .LVL5-.LVL4
 1077 0060 10       		.uleb128 .LFE235-.LVL4
 1078 0061 0A       		.uleb128 0xa
 1079 0062 A3       		.byte	0xa3
 1080 0063 03       		.uleb128 0x3
 1081 0064 A5       		.byte	0xa5
ARM GAS  /tmp/ccWKjygA.s 			page 20


 1082 0065 01       		.uleb128 0x1
 1083 0066 26       		.uleb128 0x26
 1084 0067 A8       		.byte	0xa8
 1085 0068 2D       		.uleb128 0x2d
 1086 0069 A8       		.byte	0xa8
 1087 006a 00       		.uleb128 0
 1088 006b 9F       		.byte	0x9f
 1089 006c 00       		.byte	0
 1090              	.LVUS0:
 1091 006d 00       		.uleb128 0
 1092 006e 00       		.uleb128 .LVU8
 1093 006f 00       		.uleb128 .LVU8
 1094 0070 00       		.uleb128 0
 1095              	.LLST0:
 1096 0071 06       		.byte	0x6
 1097 0072 00000000 		.4byte	.LVL0
 1098 0076 04       		.byte	0x4
 1099 0077 00       		.uleb128 .LVL0-.LVL0
 1100 0078 12       		.uleb128 .LVL2-.LVL0
 1101 0079 01       		.uleb128 0x1
 1102 007a 50       		.byte	0x50
 1103 007b 04       		.byte	0x4
 1104 007c 12       		.uleb128 .LVL2-.LVL0
 1105 007d 28       		.uleb128 .LFE233-.LVL0
 1106 007e 0A       		.uleb128 0xa
 1107 007f A3       		.byte	0xa3
 1108 0080 03       		.uleb128 0x3
 1109 0081 A5       		.byte	0xa5
 1110 0082 00       		.uleb128 0
 1111 0083 26       		.uleb128 0x26
 1112 0084 A8       		.byte	0xa8
 1113 0085 2D       		.uleb128 0x2d
 1114 0086 A8       		.byte	0xa8
 1115 0087 00       		.uleb128 0
 1116 0088 9F       		.byte	0x9f
 1117 0089 00       		.byte	0
 1118              	.LVUS1:
 1119 008a 00       		.uleb128 0
 1120 008b 00       		.uleb128 .LVU3
 1121 008c 00       		.uleb128 .LVU3
 1122 008d 00       		.uleb128 0
 1123              	.LLST1:
 1124 008e 06       		.byte	0x6
 1125 008f 00000000 		.4byte	.LVL0
 1126 0093 04       		.byte	0x4
 1127 0094 00       		.uleb128 .LVL0-.LVL0
 1128 0095 02       		.uleb128 .LVL1-.LVL0
 1129 0096 01       		.uleb128 0x1
 1130 0097 51       		.byte	0x51
 1131 0098 04       		.byte	0x4
 1132 0099 02       		.uleb128 .LVL1-.LVL0
 1133 009a 28       		.uleb128 .LFE233-.LVL0
 1134 009b 0A       		.uleb128 0xa
 1135 009c A3       		.byte	0xa3
 1136 009d 03       		.uleb128 0x3
 1137 009e A5       		.byte	0xa5
 1138 009f 01       		.uleb128 0x1
ARM GAS  /tmp/ccWKjygA.s 			page 21


 1139 00a0 26       		.uleb128 0x26
 1140 00a1 A8       		.byte	0xa8
 1141 00a2 2D       		.uleb128 0x2d
 1142 00a3 A8       		.byte	0xa8
 1143 00a4 00       		.uleb128 0
 1144 00a5 9F       		.byte	0x9f
 1145 00a6 00       		.byte	0
 1146              	.Ldebug_loc3:
 1147              		.section	.debug_aranges,"",%progbits
 1148 0000 34000000 		.4byte	0x34
 1149 0004 0200     		.2byte	0x2
 1150 0006 00000000 		.4byte	.Ldebug_info0
 1151 000a 04       		.byte	0x4
 1152 000b 00       		.byte	0
 1153 000c 0000     		.2byte	0
 1154 000e 0000     		.2byte	0
 1155 0010 00000000 		.4byte	.LFB233
 1156 0014 28000000 		.4byte	.LFE233-.LFB233
 1157 0018 00000000 		.4byte	.LFB234
 1158 001c 20000000 		.4byte	.LFE234-.LFB234
 1159 0020 00000000 		.4byte	.LFB235
 1160 0024 10000000 		.4byte	.LFE235-.LFB235
 1161 0028 00000000 		.4byte	.LFB236
 1162 002c 18000000 		.4byte	.LFE236-.LFB236
 1163 0030 00000000 		.4byte	0
 1164 0034 00000000 		.4byte	0
 1165              		.section	.debug_rnglists,"",%progbits
 1166              	.Ldebug_ranges0:
 1167 0000 21000000 		.4byte	.Ldebug_ranges3-.Ldebug_ranges2
 1168              	.Ldebug_ranges2:
 1169 0004 0500     		.2byte	0x5
 1170 0006 04       		.byte	0x4
 1171 0007 00       		.byte	0
 1172 0008 00000000 		.4byte	0
 1173              	.LLRL5:
 1174 000c 07       		.byte	0x7
 1175 000d 00000000 		.4byte	.LFB233
 1176 0011 28       		.uleb128 .LFE233-.LFB233
 1177 0012 07       		.byte	0x7
 1178 0013 00000000 		.4byte	.LFB234
 1179 0017 20       		.uleb128 .LFE234-.LFB234
 1180 0018 07       		.byte	0x7
 1181 0019 00000000 		.4byte	.LFB235
 1182 001d 10       		.uleb128 .LFE235-.LFB235
 1183 001e 07       		.byte	0x7
 1184 001f 00000000 		.4byte	.LFB236
 1185 0023 18       		.uleb128 .LFE236-.LFB236
 1186 0024 00       		.byte	0
 1187              	.Ldebug_ranges3:
 1188              		.section	.debug_line,"",%progbits
 1189              	.Ldebug_line0:
 1190 0000 61010000 		.section	.debug_str,"MS",%progbits,1
 1190      0300A800 
 1190      00000201 
 1190      FB0E0D00 
 1190      01010101 
 1191              	.LASF45:
ARM GAS  /tmp/ccWKjygA.s 			page 22


 1192 0000 7072696F 		.ascii	"prio\000"
 1192      00
 1193              	.LASF18:
 1194 0005 49435052 		.ascii	"ICPR\000"
 1194      00
 1195              	.LASF36:
 1196 000a 4D4D4652 		.ascii	"MMFR\000"
 1196      00
 1197              	.LASF41:
 1198 000f 5F426F6F 		.ascii	"_Bool\000"
 1198      6C00
 1199              	.LASF46:
 1200 0015 6E766963 		.ascii	"nvicDisableVector\000"
 1200      44697361 
 1200      626C6556 
 1200      6563746F 
 1200      7200
 1201              	.LASF27:
 1202 0027 56544F52 		.ascii	"VTOR\000"
 1202      00
 1203              	.LASF13:
 1204 002c 52455345 		.ascii	"RESERVED0\000"
 1204      52564544 
 1204      3000
 1205              	.LASF19:
 1206 0036 52455345 		.ascii	"RESERVED3\000"
 1206      52564544 
 1206      3300
 1207              	.LASF21:
 1208 0040 52455345 		.ascii	"RESERVED4\000"
 1208      52564544 
 1208      3400
 1209              	.LASF22:
 1210 004a 52455345 		.ascii	"RESERVED5\000"
 1210      52564544 
 1210      3500
 1211              	.LASF50:
 1212 0054 5F5F6675 		.ascii	"__func__\000"
 1212      6E635F5F 
 1212      00
 1213              	.LASF0:
 1214 005d 6C6F6E67 		.ascii	"long long unsigned int\000"
 1214      206C6F6E 
 1214      6720756E 
 1214      7369676E 
 1214      65642069 
 1215              	.LASF7:
 1216 0074 756E7369 		.ascii	"unsigned char\000"
 1216      676E6564 
 1216      20636861 
 1216      7200
 1217              	.LASF24:
 1218 0082 4E564943 		.ascii	"NVIC_Type\000"
 1218      5F547970 
 1218      6500
 1219              	.LASF23:
 1220 008c 53544952 		.ascii	"STIR\000"
ARM GAS  /tmp/ccWKjygA.s 			page 23


 1220      00
 1221              	.LASF8:
 1222 0091 73686F72 		.ascii	"short unsigned int\000"
 1222      7420756E 
 1222      7369676E 
 1222      65642069 
 1222      6E7400
 1223              	.LASF30:
 1224 00a4 43465352 		.ascii	"CFSR\000"
 1224      00
 1225              	.LASF51:
 1226 00a9 6E766963 		.ascii	"nvicEnableVector\000"
 1226      456E6162 
 1226      6C655665 
 1226      63746F72 
 1226      00
 1227              	.LASF31:
 1228 00ba 48465352 		.ascii	"HFSR\000"
 1228      00
 1229              	.LASF42:
 1230 00bf 6E766963 		.ascii	"nvicClearPending\000"
 1230      436C6561 
 1230      7250656E 
 1230      64696E67 
 1230      00
 1231              	.LASF5:
 1232 00d0 73686F72 		.ascii	"short int\000"
 1232      7420696E 
 1232      7400
 1233              	.LASF14:
 1234 00da 49434552 		.ascii	"ICER\000"
 1234      00
 1235              	.LASF37:
 1236 00df 49534152 		.ascii	"ISAR\000"
 1236      00
 1237              	.LASF49:
 1238 00e4 2F776F72 		.ascii	"/workspaces/tinySA\000"
 1238      6B737061 
 1238      6365732F 
 1238      74696E79 
 1238      534100
 1239              	.LASF39:
 1240 00f7 5343425F 		.ascii	"SCB_Type\000"
 1240      54797065 
 1240      00
 1241              	.LASF1:
 1242 0100 756E7369 		.ascii	"unsigned int\000"
 1242      676E6564 
 1242      20696E74 
 1242      00
 1243              	.LASF16:
 1244 010d 49535052 		.ascii	"ISPR\000"
 1244      00
 1245              	.LASF32:
 1246 0112 44465352 		.ascii	"DFSR\000"
 1246      00
 1247              	.LASF40:
ARM GAS  /tmp/ccWKjygA.s 			page 24


 1248 0117 63686172 		.ascii	"char\000"
 1248      00
 1249              	.LASF26:
 1250 011c 49435352 		.ascii	"ICSR\000"
 1250      00
 1251              	.LASF48:
 1252 0121 43686962 		.ascii	"ChibiOS/os/hal/ports/common/ARMCMx/nvic.c\000"
 1252      694F532F 
 1252      6F732F68 
 1252      616C2F70 
 1252      6F727473 
 1253              	.LASF28:
 1254 014b 41495243 		.ascii	"AIRCR\000"
 1254      5200
 1255              	.LASF11:
 1256 0151 6C6F6E67 		.ascii	"long unsigned int\000"
 1256      20756E73 
 1256      69676E65 
 1256      6420696E 
 1256      7400
 1257              	.LASF15:
 1258 0163 52534552 		.ascii	"RSERVED1\000"
 1258      56454431 
 1258      00
 1259              	.LASF44:
 1260 016c 68616E64 		.ascii	"handler\000"
 1260      6C657200 
 1261              	.LASF9:
 1262 0174 75696E74 		.ascii	"uint8_t\000"
 1262      385F7400 
 1263              	.LASF2:
 1264 017c 6C6F6E67 		.ascii	"long long int\000"
 1264      206C6F6E 
 1264      6720696E 
 1264      7400
 1265              	.LASF25:
 1266 018a 43505549 		.ascii	"CPUID\000"
 1266      4400
 1267              	.LASF38:
 1268 0190 43504143 		.ascii	"CPACR\000"
 1268      5200
 1269              	.LASF12:
 1270 0196 49534552 		.ascii	"ISER\000"
 1270      00
 1271              	.LASF35:
 1272 019b 41465352 		.ascii	"AFSR\000"
 1272      00
 1273              	.LASF33:
 1274 01a0 4D4D4641 		.ascii	"MMFAR\000"
 1274      5200
 1275              	.LASF29:
 1276 01a6 53484353 		.ascii	"SHCSR\000"
 1276      5200
 1277              	.LASF10:
 1278 01ac 75696E74 		.ascii	"uint32_t\000"
 1278      33325F74 
 1278      00
ARM GAS  /tmp/ccWKjygA.s 			page 25


 1279              	.LASF6:
 1280 01b5 6C6F6E67 		.ascii	"long int\000"
 1280      20696E74 
 1280      00
 1281              	.LASF47:
 1282 01be 474E5520 		.ascii	"GNU C11 13.2.1 20231009 -mcpu=cortex-m4 -mfloat-abi"
 1282      43313120 
 1282      31332E32 
 1282      2E312032 
 1282      30323331 
 1283 01f1 3D686172 		.ascii	"=hard -mfpu=fpv4-sp-d16 -mno-thumb-interwork -mthum"
 1283      64202D6D 
 1283      6670753D 
 1283      66707634 
 1283      2D73702D 
 1284 0224 62202D6D 		.ascii	"b -march=armv7e-m+fp -ggdb -Og -std=c11 -fno-inline"
 1284      61726368 
 1284      3D61726D 
 1284      7637652D 
 1284      6D2B6670 
 1285 0257 2D736D61 		.ascii	"-small-functions -fomit-frame-pointer -falign-funct"
 1285      6C6C2D66 
 1285      756E6374 
 1285      696F6E73 
 1285      202D666F 
 1286 028a 696F6E73 		.ascii	"ions=16 -fstack-usage -ffunction-sections -fdata-se"
 1286      3D313620 
 1286      2D667374 
 1286      61636B2D 
 1286      75736167 
 1287 02bd 6374696F 		.ascii	"ctions -fno-common -fsingle-precision-constant\000"
 1287      6E73202D 
 1287      666E6F2D 
 1287      636F6D6D 
 1287      6F6E202D 
 1288              	.LASF3:
 1289 02ec 6C6F6E67 		.ascii	"long double\000"
 1289      20646F75 
 1289      626C6500 
 1290              	.LASF4:
 1291 02f8 7369676E 		.ascii	"signed char\000"
 1291      65642063 
 1291      68617200 
 1292              	.LASF43:
 1293 0304 6E766963 		.ascii	"nvicSetSystemHandlerPriority\000"
 1293      53657453 
 1293      79737465 
 1293      6D48616E 
 1293      646C6572 
 1294              	.LASF20:
 1295 0321 49414252 		.ascii	"IABR\000"
 1295      00
 1296              	.LASF34:
 1297 0326 42464152 		.ascii	"BFAR\000"
 1297      00
 1298              	.LASF17:
 1299 032b 52455345 		.ascii	"RESERVED2\000"
ARM GAS  /tmp/ccWKjygA.s 			page 26


 1299      52564544 
 1299      3200
 1300              		.ident	"GCC: (15:13.2.rel1-2) 13.2.1 20231009"
ARM GAS  /tmp/ccWKjygA.s 			page 27


DEFINED SYMBOLS
                            *ABS*:00000000 nvic.c
     /tmp/ccWKjygA.s:21     .text.nvicEnableVector:00000000 $t
     /tmp/ccWKjygA.s:28     .text.nvicEnableVector:00000000 nvicEnableVector
     /tmp/ccWKjygA.s:66     .text.nvicEnableVector:00000024 $d
     /tmp/ccWKjygA.s:71     .text.nvicDisableVector:00000000 $t
     /tmp/ccWKjygA.s:78     .text.nvicDisableVector:00000000 nvicDisableVector
     /tmp/ccWKjygA.s:108    .text.nvicDisableVector:0000001c $d
     /tmp/ccWKjygA.s:113    .text.nvicSetSystemHandlerPriority:00000000 $t
     /tmp/ccWKjygA.s:120    .text.nvicSetSystemHandlerPriority:00000000 nvicSetSystemHandlerPriority
     /tmp/ccWKjygA.s:151    .text.nvicClearPending:00000000 $t
     /tmp/ccWKjygA.s:158    .text.nvicClearPending:00000000 nvicClearPending
     /tmp/ccWKjygA.s:184    .text.nvicClearPending:00000014 $d

NO UNDEFINED SYMBOLS
