ARM GAS  /tmp/ccSvCiE5.s 			page 1


   1              		.cpu cortex-m4
   2              		.arch armv7e-m
   3              		.fpu fpv4-sp-d16
   4              		.eabi_attribute 27, 1
   5              		.eabi_attribute 28, 1
   6              		.eabi_attribute 20, 1
   7              		.eabi_attribute 21, 1
   8              		.eabi_attribute 23, 3
   9              		.eabi_attribute 24, 1
  10              		.eabi_attribute 25, 1
  11              		.eabi_attribute 26, 1
  12              		.eabi_attribute 30, 1
  13              		.eabi_attribute 34, 1
  14              		.eabi_attribute 18, 4
  15              		.file	"rtc.c"
  16              		.text
  17              	.Ltext0:
  18              		.cfi_sections	.debug_frame
  19              		.file 1 "rtc.c"
  20              		.section	.text.rtc_exit_init,"ax",%progbits
  21              		.align	1
  22              		.p2align 4,,15
  23              		.syntax unified
  24              		.thumb
  25              		.thumb_func
  26              		.type	rtc_exit_init, %function
  27              	rtc_exit_init:
  28              	.LFB236:
  29              		.loc 1 60 33 view -0
  30              		.cfi_startproc
  31              		@ args = 0, pretend = 0, frame = 0
  32              		@ frame_needed = 0, uses_anonymous_args = 0
  33              		@ link register save eliminated.
  34              		.loc 1 61 3 view .LVU1
  35              		.loc 1 61 6 is_stmt 0 view .LVU2
  36 0000 024A     		ldr	r2, .L2
  37 0002 D368     		ldr	r3, [r2, #12]
  38              		.loc 1 61 12 view .LVU3
  39 0004 23F08003 		bic	r3, r3, #128
  40 0008 D360     		str	r3, [r2, #12]
  41              		.loc 1 62 1 view .LVU4
  42 000a 7047     		bx	lr
  43              	.L3:
  44              		.align	2
  45              	.L2:
  46 000c 00280040 		.word	1073752064
  47              		.cfi_endproc
  48              	.LFE236:
  49              		.size	rtc_exit_init, .-rtc_exit_init
  50              		.section	.text.rtc_enter_init,"ax",%progbits
  51              		.align	1
  52              		.p2align 4,,15
  53              		.syntax unified
  54              		.thumb
  55              		.thumb_func
  56              		.type	rtc_enter_init, %function
  57              	rtc_enter_init:
ARM GAS  /tmp/ccSvCiE5.s 			page 2


  58              	.LFB237:
  59              		.loc 1 65 33 is_stmt 1 view -0
  60              		.cfi_startproc
  61              		@ args = 0, pretend = 0, frame = 0
  62              		@ frame_needed = 0, uses_anonymous_args = 0
  63              		@ link register save eliminated.
  64              		.loc 1 66 3 view .LVU6
  65              		.loc 1 66 6 is_stmt 0 view .LVU7
  66 0000 084A     		ldr	r2, .L10
  67 0002 D368     		ldr	r3, [r2, #12]
  68              		.loc 1 66 12 view .LVU8
  69 0004 43F08003 		orr	r3, r3, #128
  70 0008 D360     		str	r3, [r2, #12]
  71              		.loc 1 67 3 is_stmt 1 view .LVU9
  72              	.LVL0:
  73              		.loc 1 68 3 view .LVU10
  74              		.loc 1 67 12 is_stmt 0 view .LVU11
  75 000a 4FF48023 		mov	r3, #262144
  76              	.LVL1:
  77              	.L5:
  78              		.loc 1 68 10 is_stmt 1 view .LVU12
  79              		.loc 1 68 10 is_stmt 0 view .LVU13
  80 000e 013B     		subs	r3, r3, #1
  81              	.LVL2:
  82              		.loc 1 68 10 view .LVU14
  83 0010 06D0     		beq	.L9
  84              		.loc 1 69 5 is_stmt 1 view .LVU15
  85              		.loc 1 69 12 is_stmt 0 view .LVU16
  86 0012 044A     		ldr	r2, .L10
  87 0014 D268     		ldr	r2, [r2, #12]
  88              		.loc 1 69 8 view .LVU17
  89 0016 12F0400F 		tst	r2, #64
  90 001a F8D0     		beq	.L5
  91              		.loc 1 70 14 view .LVU18
  92 001c 0120     		movs	r0, #1
  93              		.loc 1 72 1 view .LVU19
  94 001e 7047     		bx	lr
  95              	.L9:
  96              		.loc 1 71 10 view .LVU20
  97 0020 0020     		movs	r0, #0
  98 0022 7047     		bx	lr
  99              	.L11:
 100              		.align	2
 101              	.L10:
 102 0024 00280040 		.word	1073752064
 103              		.cfi_endproc
 104              	.LFE237:
 105              		.size	rtc_enter_init, .-rtc_enter_init
 106              		.section	.text.rtc_get_tr_bin,"ax",%progbits
 107              		.align	1
 108              		.p2align 4,,15
 109              		.global	rtc_get_tr_bin
 110              		.syntax unified
 111              		.thumb
 112              		.thumb_func
 113              		.type	rtc_get_tr_bin, %function
 114              	rtc_get_tr_bin:
ARM GAS  /tmp/ccSvCiE5.s 			page 3


 115              	.LFB233:
 116              		.loc 1 33 30 is_stmt 1 view -0
 117              		.cfi_startproc
 118              		@ args = 0, pretend = 0, frame = 0
 119              		@ frame_needed = 0, uses_anonymous_args = 0
 120              		@ link register save eliminated.
 121              		.loc 1 34 3 view .LVU22
 122              		.loc 1 34 12 is_stmt 0 view .LVU23
 123 0000 094B     		ldr	r3, .L13
 124 0002 1B68     		ldr	r3, [r3]
 125              	.LVL3:
 126              		.loc 1 35 3 is_stmt 1 view .LVU24
 127              		.loc 1 35 19 is_stmt 0 view .LVU25
 128 0004 03F00F30 		and	r0, r3, #252645135
 129 0008 20F07060 		bic	r0, r0, #251658240
 130              		.loc 1 35 46 view .LVU26
 131 000c 5A08     		lsrs	r2, r3, #1
 132 000e 02F03832 		and	r2, r2, #943208504
 133 0012 22F06052 		bic	r2, r2, #939524096
 134              		.loc 1 35 30 view .LVU27
 135 0016 1044     		add	r0, r0, r2
 136              		.loc 1 35 67 view .LVU28
 137 0018 DB08     		lsrs	r3, r3, #3
 138              	.LVL4:
 139              		.loc 1 35 67 view .LVU29
 140 001a 03F00E33 		and	r3, r3, #235802126
 141 001e 23F06063 		bic	r3, r3, #234881024
 142              	.LVL5:
 143              		.loc 1 36 3 is_stmt 1 view .LVU30
 144              		.loc 1 37 1 is_stmt 0 view .LVU31
 145 0022 1844     		add	r0, r0, r3
 146              	.LVL6:
 147              		.loc 1 37 1 view .LVU32
 148 0024 7047     		bx	lr
 149              	.L14:
 150 0026 00BF     		.align	2
 151              	.L13:
 152 0028 00280040 		.word	1073752064
 153              		.cfi_endproc
 154              	.LFE233:
 155              		.size	rtc_get_tr_bin, .-rtc_get_tr_bin
 156              		.section	.text.rtc_get_dr_bin,"ax",%progbits
 157              		.align	1
 158              		.p2align 4,,15
 159              		.global	rtc_get_dr_bin
 160              		.syntax unified
 161              		.thumb
 162              		.thumb_func
 163              		.type	rtc_get_dr_bin, %function
 164              	rtc_get_dr_bin:
 165              	.LFB234:
 166              		.loc 1 40 30 is_stmt 1 view -0
 167              		.cfi_startproc
 168              		@ args = 0, pretend = 0, frame = 0
 169              		@ frame_needed = 0, uses_anonymous_args = 0
 170              		@ link register save eliminated.
 171              		.loc 1 41 3 view .LVU34
ARM GAS  /tmp/ccSvCiE5.s 			page 4


 172              		.loc 1 41 12 is_stmt 0 view .LVU35
 173 0000 074B     		ldr	r3, .L16
 174 0002 5A68     		ldr	r2, [r3, #4]
 175              	.LVL7:
 176              		.loc 1 42 3 is_stmt 1 view .LVU36
 177              		.loc 1 42 19 is_stmt 0 view .LVU37
 178 0004 02F00F30 		and	r0, r2, #252645135
 179 0008 20F07060 		bic	r0, r0, #251658240
 180              		.loc 1 42 50 view .LVU38
 181 000c 054B     		ldr	r3, .L16+4
 182 000e 03EA5203 		and	r3, r3, r2, lsr #1
 183              		.loc 1 42 32 view .LVU39
 184 0012 1844     		add	r0, r0, r3
 185              		.loc 1 42 73 view .LVU40
 186 0014 044B     		ldr	r3, .L16+8
 187 0016 03EAD203 		and	r3, r3, r2, lsr #3
 188              	.LVL8:
 189              		.loc 1 43 3 is_stmt 1 view .LVU41
 190              		.loc 1 44 1 is_stmt 0 view .LVU42
 191 001a 1844     		add	r0, r0, r3
 192              	.LVL9:
 193              		.loc 1 44 1 view .LVU43
 194 001c 7047     		bx	lr
 195              	.L17:
 196 001e 00BF     		.align	2
 197              	.L16:
 198 0020 00280040 		.word	1073752064
 199 0024 18087800 		.word	7866392
 200 0028 06021E00 		.word	1966598
 201              		.cfi_endproc
 202              	.LFE234:
 203              		.size	rtc_get_dr_bin, .-rtc_get_dr_bin
 204              		.section	.text.rtc_get_FAT,"ax",%progbits
 205              		.align	1
 206              		.p2align 4,,15
 207              		.global	rtc_get_FAT
 208              		.syntax unified
 209              		.thumb
 210              		.thumb_func
 211              		.type	rtc_get_FAT, %function
 212              	rtc_get_FAT:
 213              	.LFB235:
 214              		.loc 1 46 28 is_stmt 1 view -0
 215              		.cfi_startproc
 216              		@ args = 0, pretend = 0, frame = 0
 217              		@ frame_needed = 0, uses_anonymous_args = 0
 218 0000 10B5     		push	{r4, lr}
 219              		.cfi_def_cfa_offset 8
 220              		.cfi_offset 4, -8
 221              		.cfi_offset 14, -4
 222              		.loc 1 47 3 view .LVU45
 223              		.loc 1 48 3 view .LVU46
 224              		.loc 1 48 17 is_stmt 0 view .LVU47
 225 0002 FFF7FEFF 		bl	rtc_get_tr_bin
 226              	.LVL10:
 227 0006 0446     		mov	r4, r0
 228              	.LVL11:
ARM GAS  /tmp/ccSvCiE5.s 			page 5


 229              		.loc 1 49 3 is_stmt 1 view .LVU48
 230              		.loc 1 49 17 is_stmt 0 view .LVU49
 231 0008 FFF7FEFF 		bl	rtc_get_dr_bin
 232              	.LVL12:
 233              		.loc 1 50 3 is_stmt 1 view .LVU50
 234              		.loc 1 50 12 is_stmt 0 view .LVU51
 235 000c C4F34602 		ubfx	r2, r4, #1, #7
 236              	.LVL13:
 237              		.loc 1 51 3 is_stmt 1 view .LVU52
 238              		.loc 1 51 18 is_stmt 0 view .LVU53
 239 0010 230A     		lsrs	r3, r4, #8
 240              		.loc 1 51 30 view .LVU54
 241 0012 5B01     		lsls	r3, r3, #5
 242 0014 03F4FF53 		and	r3, r3, #8160
 243              		.loc 1 51 11 view .LVU55
 244 0018 1343     		orrs	r3, r3, r2
 245              	.LVL14:
 246              		.loc 1 52 3 is_stmt 1 view .LVU56
 247              		.loc 1 52 18 is_stmt 0 view .LVU57
 248 001a 240C     		lsrs	r4, r4, #16
 249              	.LVL15:
 250              		.loc 1 52 30 view .LVU58
 251 001c E402     		lsls	r4, r4, #11
 252 001e 04F4FF24 		and	r4, r4, #522240
 253              		.loc 1 52 11 view .LVU59
 254 0022 1C43     		orrs	r4, r4, r3
 255              	.LVL16:
 256              		.loc 1 53 3 is_stmt 1 view .LVU60
 257              		.loc 1 53 30 is_stmt 0 view .LVU61
 258 0024 0204     		lsls	r2, r0, #16
 259 0026 02F47F02 		and	r2, r2, #16711680
 260              		.loc 1 53 11 view .LVU62
 261 002a 2243     		orrs	r2, r2, r4
 262              	.LVL17:
 263              		.loc 1 54 3 is_stmt 1 view .LVU63
 264              		.loc 1 54 18 is_stmt 0 view .LVU64
 265 002c 030A     		lsrs	r3, r0, #8
 266              		.loc 1 54 30 view .LVU65
 267 002e 5B05     		lsls	r3, r3, #21
 268 0030 03F0FF53 		and	r3, r3, #534773760
 269              		.loc 1 54 11 view .LVU66
 270 0034 1343     		orrs	r3, r3, r2
 271              	.LVL18:
 272              		.loc 1 55 3 is_stmt 1 view .LVU67
 273              		.loc 1 55 24 is_stmt 0 view .LVU68
 274 0036 C0F30740 		ubfx	r0, r0, #16, #8
 275              	.LVL19:
 276              		.loc 1 55 48 view .LVU69
 277 003a 1430     		adds	r0, r0, #20
 278              	.LVL20:
 279              		.loc 1 56 3 is_stmt 1 view .LVU70
 280              		.loc 1 57 1 is_stmt 0 view .LVU71
 281 003c 43EA4060 		orr	r0, r3, r0, lsl #25
 282              	.LVL21:
 283              		.loc 1 57 1 view .LVU72
 284 0040 10BD     		pop	{r4, pc}
 285              		.cfi_endproc
ARM GAS  /tmp/ccSvCiE5.s 			page 6


 286              	.LFE235:
 287              		.size	rtc_get_FAT, .-rtc_get_FAT
 288 0042 00BF     		.section	.text.rtc_set_time,"ax",%progbits
 289              		.align	1
 290              		.p2align 4,,15
 291              		.global	rtc_set_time
 292              		.syntax unified
 293              		.thumb
 294              		.thumb_func
 295              		.type	rtc_set_time, %function
 296              	rtc_set_time:
 297              	.LVL22:
 298              	.LFB238:
 299              		.loc 1 74 45 is_stmt 1 view -0
 300              		.cfi_startproc
 301              		@ args = 0, pretend = 0, frame = 0
 302              		@ frame_needed = 0, uses_anonymous_args = 0
 303              		.loc 1 74 45 is_stmt 0 view .LVU74
 304 0000 38B5     		push	{r3, r4, r5, lr}
 305              		.cfi_def_cfa_offset 16
 306              		.cfi_offset 3, -16
 307              		.cfi_offset 4, -12
 308              		.cfi_offset 5, -8
 309              		.cfi_offset 14, -4
 310 0002 0446     		mov	r4, r0
 311 0004 0D46     		mov	r5, r1
 312              		.loc 1 75 3 is_stmt 1 view .LVU75
 313              		.loc 1 75 7 is_stmt 0 view .LVU76
 314 0006 FFF7FEFF 		bl	rtc_enter_init
 315              	.LVL23:
 316              		.loc 1 75 6 discriminator 1 view .LVU77
 317 000a 10B1     		cbz	r0, .L21
 318              		.loc 1 76 5 is_stmt 1 view .LVU78
 319              		.loc 1 76 13 is_stmt 0 view .LVU79
 320 000c 024B     		ldr	r3, .L23
 321 000e 1D60     		str	r5, [r3]
 322              		.loc 1 77 5 is_stmt 1 view .LVU80
 323              		.loc 1 77 13 is_stmt 0 view .LVU81
 324 0010 5C60     		str	r4, [r3, #4]
 325              	.L21:
 326              		.loc 1 79 3 is_stmt 1 view .LVU82
 327 0012 FFF7FEFF 		bl	rtc_exit_init
 328              	.LVL24:
 329              		.loc 1 80 1 is_stmt 0 view .LVU83
 330 0016 38BD     		pop	{r3, r4, r5, pc}
 331              	.LVL25:
 332              	.L24:
 333              		.loc 1 80 1 view .LVU84
 334              		.align	2
 335              	.L23:
 336 0018 00280040 		.word	1073752064
 337              		.cfi_endproc
 338              	.LFE238:
 339              		.size	rtc_set_time, .-rtc_set_time
 340              		.section	.text.rtc_init,"ax",%progbits
 341              		.align	1
 342              		.p2align 4,,15
ARM GAS  /tmp/ccSvCiE5.s 			page 7


 343              		.global	rtc_init
 344              		.syntax unified
 345              		.thumb
 346              		.thumb_func
 347              		.type	rtc_init, %function
 348              	rtc_init:
 349              	.LFB239:
 350              		.loc 1 142 20 is_stmt 1 view -0
 351              		.cfi_startproc
 352              		@ args = 0, pretend = 0, frame = 0
 353              		@ frame_needed = 0, uses_anonymous_args = 0
 354              		.loc 1 153 3 view .LVU86
 355              		.loc 1 153 21 is_stmt 0 view .LVU87
 356 0000 164B     		ldr	r3, .L37
 357 0002 1B6A     		ldr	r3, [r3, #32]
 358              	.LVL26:
 359              		.loc 1 154 3 is_stmt 1 view .LVU88
 360              		.loc 1 154 6 is_stmt 0 view .LVU89
 361 0004 13F44073 		ands	r3, r3, #768
 362              	.LVL27:
 363              		.loc 1 154 6 view .LVU90
 364 0008 27D0     		beq	.L33
 365              		.loc 1 142 20 view .LVU91
 366 000a 10B5     		push	{r4, lr}
 367              		.cfi_def_cfa_offset 8
 368              		.cfi_offset 4, -8
 369              		.cfi_offset 14, -4
 370              		.loc 1 157 3 is_stmt 1 view .LVU92
 371              		.loc 1 157 12 is_stmt 0 view .LVU93
 372 000c 144A     		ldr	r2, .L37+4
 373 000e CA21     		movs	r1, #202
 374 0010 5162     		str	r1, [r2, #36]
 375              		.loc 1 158 3 is_stmt 1 view .LVU94
 376              		.loc 1 158 12 is_stmt 0 view .LVU95
 377 0012 5321     		movs	r1, #83
 378 0014 5162     		str	r1, [r2, #36]
 379              		.loc 1 159 3 is_stmt 1 view .LVU96
 380              		.loc 1 159 70 is_stmt 0 view .LVU97
 381 0016 B3F5807F 		cmp	r3, #256
 382 001a 16D0     		beq	.L36
 383              		.loc 1 159 70 discriminator 2 view .LVU98
 384 001c 114C     		ldr	r4, .L37+8
 385              	.L27:
 386              	.LVL28:
 387              		.loc 1 162 3 is_stmt 1 view .LVU99
 388              		.loc 1 162 11 is_stmt 0 view .LVU100
 389 001e 104B     		ldr	r3, .L37+4
 390              	.LVL29:
 391              		.loc 1 162 11 view .LVU101
 392 0020 DB68     		ldr	r3, [r3, #12]
 393              		.loc 1 162 6 view .LVU102
 394 0022 13F0100F 		tst	r3, #16
 395 0026 03D0     		beq	.L28
 396              		.loc 1 162 45 discriminator 1 view .LVU103
 397 0028 0D4B     		ldr	r3, .L37+4
 398 002a 1B69     		ldr	r3, [r3, #16]
 399              		.loc 1 162 39 discriminator 1 view .LVU104
ARM GAS  /tmp/ccSvCiE5.s 			page 8


 400 002c A342     		cmp	r3, r4
 401 002e 0ED0     		beq	.L29
 402              	.L28:
 403              		.loc 1 163 5 is_stmt 1 view .LVU105
 404              		.loc 1 163 9 is_stmt 0 view .LVU106
 405 0030 FFF7FEFF 		bl	rtc_enter_init
 406              	.LVL30:
 407              		.loc 1 163 8 discriminator 1 view .LVU107
 408 0034 30B1     		cbz	r0, .L30
 409              		.loc 1 164 7 is_stmt 1 view .LVU108
 410              		.loc 1 164 17 is_stmt 0 view .LVU109
 411 0036 0A4B     		ldr	r3, .L37+4
 412 0038 0022     		movs	r2, #0
 413 003a 9A60     		str	r2, [r3, #8]
 414              		.loc 1 165 7 is_stmt 1 view .LVU110
 415              		.loc 1 165 17 is_stmt 0 view .LVU111
 416 003c 8022     		movs	r2, #128
 417 003e DA60     		str	r2, [r3, #12]
 418              		.loc 1 166 7 is_stmt 1 view .LVU112
 419              		.loc 1 166 17 is_stmt 0 view .LVU113
 420 0040 1C61     		str	r4, [r3, #16]
 421              		.loc 1 167 7 is_stmt 1 view .LVU114
 422              		.loc 1 167 17 is_stmt 0 view .LVU115
 423 0042 1C61     		str	r4, [r3, #16]
 424              	.L30:
 425              		.loc 1 170 5 is_stmt 1 view .LVU116
 426 0044 FFF7FEFF 		bl	rtc_exit_init
 427              	.LVL31:
 428              	.L25:
 429              		.loc 1 175 1 is_stmt 0 view .LVU117
 430 0048 10BD     		pop	{r4, pc}
 431              	.LVL32:
 432              	.L36:
 433              		.loc 1 159 70 discriminator 1 view .LVU118
 434 004a 074C     		ldr	r4, .L37+12
 435 004c E7E7     		b	.L27
 436              	.LVL33:
 437              	.L29:
 438              		.loc 1 173 5 is_stmt 1 view .LVU119
 439              		.loc 1 173 8 is_stmt 0 view .LVU120
 440 004e 044A     		ldr	r2, .L37+4
 441 0050 D368     		ldr	r3, [r2, #12]
 442              		.loc 1 173 14 view .LVU121
 443 0052 23F02003 		bic	r3, r3, #32
 444 0056 D360     		str	r3, [r2, #12]
 445 0058 F6E7     		b	.L25
 446              	.LVL34:
 447              	.L33:
 448              		.cfi_def_cfa_offset 0
 449              		.cfi_restore 4
 450              		.cfi_restore 14
 451              		.loc 1 173 14 view .LVU122
 452 005a 7047     		bx	lr
 453              	.L38:
 454              		.align	2
 455              	.L37:
 456 005c 00100240 		.word	1073876992
ARM GAS  /tmp/ccSvCiE5.s 			page 9


 457 0060 00280040 		.word	1073752064
 458 0064 E7032700 		.word	2556903
 459 0068 FF007F00 		.word	8323327
 460              		.cfi_endproc
 461              	.LFE239:
 462              		.size	rtc_init, .-rtc_init
 463              		.text
 464              	.Letext0:
 465              		.file 2 "ChibiOS/os/common/ext/CMSIS/ST/STM32F3xx/stm32f303xc.h"
 466              		.file 3 "/usr/lib/gcc/arm-none-eabi/13.2.1/include/stdint.h"
 467              		.section	.debug_info,"",%progbits
 468              	.Ldebug_info0:
 469 0000 D4040000 		.4byte	0x4d4
 470 0004 0500     		.2byte	0x5
 471 0006 01       		.byte	0x1
 472 0007 04       		.byte	0x4
 473 0008 00000000 		.4byte	.Ldebug_abbrev0
 474 000c 0C       		.uleb128 0xc
 475 000d 1B000000 		.4byte	.LASF64
 476 0011 1D       		.byte	0x1d
 477 0012 6F010000 		.4byte	.LASF65
 478 0016 7A010000 		.4byte	.LASF66
 479 001a 0C000000 		.4byte	.LLRL12
 480 001e 00000000 		.4byte	0
 481 0022 00000000 		.4byte	.Ldebug_line0
 482 0026 02       		.uleb128 0x2
 483 0027 08       		.byte	0x8
 484 0028 07       		.byte	0x7
 485 0029 58020000 		.4byte	.LASF0
 486 002d 02       		.uleb128 0x2
 487 002e 04       		.byte	0x4
 488 002f 07       		.byte	0x7
 489 0030 7F020000 		.4byte	.LASF1
 490 0034 0D       		.uleb128 0xd
 491 0035 04       		.byte	0x4
 492 0036 05       		.byte	0x5
 493 0037 696E7400 		.ascii	"int\000"
 494 003b 02       		.uleb128 0x2
 495 003c 08       		.byte	0x8
 496 003d 05       		.byte	0x5
 497 003e A8010000 		.4byte	.LASF2
 498 0042 02       		.uleb128 0x2
 499 0043 08       		.byte	0x8
 500 0044 04       		.byte	0x4
 501 0045 1B020000 		.4byte	.LASF3
 502 0049 02       		.uleb128 0x2
 503 004a 01       		.byte	0x1
 504 004b 06       		.byte	0x6
 505 004c 4C020000 		.4byte	.LASF4
 506 0050 02       		.uleb128 0x2
 507 0051 02       		.byte	0x2
 508 0052 05       		.byte	0x5
 509 0053 49010000 		.4byte	.LASF5
 510 0057 02       		.uleb128 0x2
 511 0058 04       		.byte	0x4
 512 0059 05       		.byte	0x5
 513 005a BB010000 		.4byte	.LASF6
ARM GAS  /tmp/ccSvCiE5.s 			page 10


 514 005e 02       		.uleb128 0x2
 515 005f 01       		.byte	0x1
 516 0060 08       		.byte	0x8
 517 0061 30020000 		.4byte	.LASF7
 518 0065 02       		.uleb128 0x2
 519 0066 02       		.byte	0x2
 520 0067 07       		.byte	0x7
 521 0068 B9020000 		.4byte	.LASF8
 522 006c 0E       		.uleb128 0xe
 523 006d 6F020000 		.4byte	.LASF20
 524 0071 03       		.byte	0x3
 525 0072 34       		.byte	0x34
 526 0073 19       		.byte	0x19
 527 0074 7D000000 		.4byte	0x7d
 528 0078 0F       		.uleb128 0xf
 529 0079 6C000000 		.4byte	0x6c
 530 007d 02       		.uleb128 0x2
 531 007e 04       		.byte	0x4
 532 007f 07       		.byte	0x7
 533 0080 1C030000 		.4byte	.LASF9
 534 0084 07       		.uleb128 0x7
 535 0085 34       		.byte	0x34
 536 0086 FB01     		.2byte	0x1fb
 537 0088 32010000 		.4byte	0x132
 538 008c 03       		.uleb128 0x3
 539 008d 435200   		.ascii	"CR\000"
 540 0090 FD01     		.2byte	0x1fd
 541 0092 78000000 		.4byte	0x78
 542 0096 00       		.byte	0
 543 0097 01       		.uleb128 0x1
 544 0098 8D010000 		.4byte	.LASF10
 545 009c FE01     		.2byte	0x1fe
 546 009e 11       		.byte	0x11
 547 009f 78000000 		.4byte	0x78
 548 00a3 04       		.byte	0x4
 549 00a4 03       		.uleb128 0x3
 550 00a5 43495200 		.ascii	"CIR\000"
 551 00a9 FF01     		.2byte	0x1ff
 552 00ab 78000000 		.4byte	0x78
 553 00af 08       		.byte	0x8
 554 00b0 01       		.uleb128 0x1
 555 00b1 FD020000 		.4byte	.LASF11
 556 00b5 0002     		.2byte	0x200
 557 00b7 11       		.byte	0x11
 558 00b8 78000000 		.4byte	0x78
 559 00bc 0C       		.byte	0xc
 560 00bd 01       		.uleb128 0x1
 561 00be 12000000 		.4byte	.LASF12
 562 00c2 0102     		.2byte	0x201
 563 00c4 11       		.byte	0x11
 564 00c5 78000000 		.4byte	0x78
 565 00c9 10       		.byte	0x10
 566 00ca 01       		.uleb128 0x1
 567 00cb DD010000 		.4byte	.LASF13
 568 00cf 0202     		.2byte	0x202
 569 00d1 11       		.byte	0x11
 570 00d2 78000000 		.4byte	0x78
ARM GAS  /tmp/ccSvCiE5.s 			page 11


 571 00d6 14       		.byte	0x14
 572 00d7 01       		.uleb128 0x1
 573 00d8 3E020000 		.4byte	.LASF14
 574 00dc 0302     		.2byte	0x203
 575 00de 11       		.byte	0x11
 576 00df 78000000 		.4byte	0x78
 577 00e3 18       		.byte	0x18
 578 00e4 01       		.uleb128 0x1
 579 00e5 92010000 		.4byte	.LASF15
 580 00e9 0402     		.2byte	0x204
 581 00eb 11       		.byte	0x11
 582 00ec 78000000 		.4byte	0x78
 583 00f0 1C       		.byte	0x1c
 584 00f1 01       		.uleb128 0x1
 585 00f2 59010000 		.4byte	.LASF16
 586 00f6 0502     		.2byte	0x205
 587 00f8 11       		.byte	0x11
 588 00f9 78000000 		.4byte	0x78
 589 00fd 20       		.byte	0x20
 590 00fe 03       		.uleb128 0x3
 591 00ff 43535200 		.ascii	"CSR\000"
 592 0103 0602     		.2byte	0x206
 593 0105 78000000 		.4byte	0x78
 594 0109 24       		.byte	0x24
 595 010a 01       		.uleb128 0x1
 596 010b A0010000 		.4byte	.LASF17
 597 010f 0702     		.2byte	0x207
 598 0111 11       		.byte	0x11
 599 0112 78000000 		.4byte	0x78
 600 0116 28       		.byte	0x28
 601 0117 01       		.uleb128 0x1
 602 0118 8C020000 		.4byte	.LASF18
 603 011c 0802     		.2byte	0x208
 604 011e 11       		.byte	0x11
 605 011f 78000000 		.4byte	0x78
 606 0123 2C       		.byte	0x2c
 607 0124 01       		.uleb128 0x1
 608 0125 92020000 		.4byte	.LASF19
 609 0129 0902     		.2byte	0x209
 610 012b 11       		.byte	0x11
 611 012c 78000000 		.4byte	0x78
 612 0130 30       		.byte	0x30
 613 0131 00       		.byte	0
 614 0132 08       		.uleb128 0x8
 615 0133 D1010000 		.4byte	.LASF21
 616 0137 0A02     		.2byte	0x20a
 617 0139 84000000 		.4byte	0x84
 618 013d 07       		.uleb128 0x7
 619 013e 90       		.byte	0x90
 620 013f 1002     		.2byte	0x210
 621 0141 11030000 		.4byte	0x311
 622 0145 03       		.uleb128 0x3
 623 0146 545200   		.ascii	"TR\000"
 624 0149 1202     		.2byte	0x212
 625 014b 78000000 		.4byte	0x78
 626 014f 00       		.byte	0
 627 0150 03       		.uleb128 0x3
ARM GAS  /tmp/ccSvCiE5.s 			page 12


 628 0151 445200   		.ascii	"DR\000"
 629 0154 1302     		.2byte	0x213
 630 0156 78000000 		.4byte	0x78
 631 015a 04       		.byte	0x4
 632 015b 03       		.uleb128 0x3
 633 015c 435200   		.ascii	"CR\000"
 634 015f 1402     		.2byte	0x214
 635 0161 78000000 		.4byte	0x78
 636 0165 08       		.byte	0x8
 637 0166 03       		.uleb128 0x3
 638 0167 49535200 		.ascii	"ISR\000"
 639 016b 1502     		.2byte	0x215
 640 016d 78000000 		.4byte	0x78
 641 0171 0C       		.byte	0xc
 642 0172 01       		.uleb128 0x1
 643 0173 D9020000 		.4byte	.LASF22
 644 0177 1602     		.2byte	0x216
 645 0179 11       		.byte	0x11
 646 017a 78000000 		.4byte	0x78
 647 017e 10       		.byte	0x10
 648 017f 01       		.uleb128 0x1
 649 0180 63010000 		.4byte	.LASF23
 650 0184 1702     		.2byte	0x217
 651 0186 11       		.byte	0x11
 652 0187 78000000 		.4byte	0x78
 653 018b 14       		.byte	0x14
 654 018c 01       		.uleb128 0x1
 655 018d 12030000 		.4byte	.LASF24
 656 0191 1802     		.2byte	0x218
 657 0193 0C       		.byte	0xc
 658 0194 6C000000 		.4byte	0x6c
 659 0198 18       		.byte	0x18
 660 0199 01       		.uleb128 0x1
 661 019a 78020000 		.4byte	.LASF25
 662 019e 1902     		.2byte	0x219
 663 01a0 11       		.byte	0x11
 664 01a1 78000000 		.4byte	0x78
 665 01a5 1C       		.byte	0x1c
 666 01a6 01       		.uleb128 0x1
 667 01a7 3E030000 		.4byte	.LASF26
 668 01ab 1A02     		.2byte	0x21a
 669 01ad 11       		.byte	0x11
 670 01ae 78000000 		.4byte	0x78
 671 01b2 20       		.byte	0x20
 672 01b3 03       		.uleb128 0x3
 673 01b4 57505200 		.ascii	"WPR\000"
 674 01b8 1B02     		.2byte	0x21b
 675 01ba 78000000 		.4byte	0x78
 676 01be 24       		.byte	0x24
 677 01bf 03       		.uleb128 0x3
 678 01c0 53535200 		.ascii	"SSR\000"
 679 01c4 1C02     		.2byte	0x21c
 680 01c6 78000000 		.4byte	0x78
 681 01ca 28       		.byte	0x28
 682 01cb 01       		.uleb128 0x1
 683 01cc 98020000 		.4byte	.LASF27
 684 01d0 1D02     		.2byte	0x21d
ARM GAS  /tmp/ccSvCiE5.s 			page 13


 685 01d2 11       		.byte	0x11
 686 01d3 78000000 		.4byte	0x78
 687 01d7 2C       		.byte	0x2c
 688 01d8 01       		.uleb128 0x1
 689 01d9 A5020000 		.4byte	.LASF28
 690 01dd 1E02     		.2byte	0x21e
 691 01df 11       		.byte	0x11
 692 01e0 78000000 		.4byte	0x78
 693 01e4 30       		.byte	0x30
 694 01e5 01       		.uleb128 0x1
 695 01e6 75010000 		.4byte	.LASF29
 696 01ea 1F02     		.2byte	0x21f
 697 01ec 11       		.byte	0x11
 698 01ed 78000000 		.4byte	0x78
 699 01f1 34       		.byte	0x34
 700 01f2 01       		.uleb128 0x1
 701 01f3 68030000 		.4byte	.LASF30
 702 01f7 2002     		.2byte	0x220
 703 01f9 11       		.byte	0x11
 704 01fa 78000000 		.4byte	0x78
 705 01fe 38       		.byte	0x38
 706 01ff 01       		.uleb128 0x1
 707 0200 5E010000 		.4byte	.LASF31
 708 0204 2102     		.2byte	0x221
 709 0206 11       		.byte	0x11
 710 0207 78000000 		.4byte	0x78
 711 020b 3C       		.byte	0x3c
 712 020c 01       		.uleb128 0x1
 713 020d 15020000 		.4byte	.LASF32
 714 0211 2202     		.2byte	0x222
 715 0213 11       		.byte	0x11
 716 0214 78000000 		.4byte	0x78
 717 0218 40       		.byte	0x40
 718 0219 01       		.uleb128 0x1
 719 021a F7010000 		.4byte	.LASF33
 720 021e 2302     		.2byte	0x223
 721 0220 11       		.byte	0x11
 722 0221 78000000 		.4byte	0x78
 723 0225 44       		.byte	0x44
 724 0226 01       		.uleb128 0x1
 725 0227 E7020000 		.4byte	.LASF34
 726 022b 2402     		.2byte	0x224
 727 022d 11       		.byte	0x11
 728 022e 78000000 		.4byte	0x78
 729 0232 48       		.byte	0x48
 730 0233 01       		.uleb128 0x1
 731 0234 2E030000 		.4byte	.LASF35
 732 0238 2502     		.2byte	0x225
 733 023a 0C       		.byte	0xc
 734 023b 6C000000 		.4byte	0x6c
 735 023f 4C       		.byte	0x4c
 736 0240 01       		.uleb128 0x1
 737 0241 46020000 		.4byte	.LASF36
 738 0245 2602     		.2byte	0x226
 739 0247 11       		.byte	0x11
 740 0248 78000000 		.4byte	0x78
 741 024c 50       		.byte	0x50
ARM GAS  /tmp/ccSvCiE5.s 			page 14


 742 024d 01       		.uleb128 0x1
 743 024e 38030000 		.4byte	.LASF37
 744 0252 2702     		.2byte	0x227
 745 0254 11       		.byte	0x11
 746 0255 78000000 		.4byte	0x78
 747 0259 54       		.byte	0x54
 748 025a 01       		.uleb128 0x1
 749 025b 0C000000 		.4byte	.LASF38
 750 025f 2802     		.2byte	0x228
 751 0261 11       		.byte	0x11
 752 0262 78000000 		.4byte	0x78
 753 0266 58       		.byte	0x58
 754 0267 01       		.uleb128 0x1
 755 0268 E4010000 		.4byte	.LASF39
 756 026c 2902     		.2byte	0x229
 757 026e 11       		.byte	0x11
 758 026f 78000000 		.4byte	0x78
 759 0273 5C       		.byte	0x5c
 760 0274 01       		.uleb128 0x1
 761 0275 9F020000 		.4byte	.LASF40
 762 0279 2A02     		.2byte	0x22a
 763 027b 11       		.byte	0x11
 764 027c 78000000 		.4byte	0x78
 765 0280 60       		.byte	0x60
 766 0281 01       		.uleb128 0x1
 767 0282 5A030000 		.4byte	.LASF41
 768 0286 2B02     		.2byte	0x22b
 769 0288 11       		.byte	0x11
 770 0289 78000000 		.4byte	0x78
 771 028d 64       		.byte	0x64
 772 028e 01       		.uleb128 0x1
 773 028f 53010000 		.4byte	.LASF42
 774 0293 2C02     		.2byte	0x22c
 775 0295 11       		.byte	0x11
 776 0296 78000000 		.4byte	0x78
 777 029a 68       		.byte	0x68
 778 029b 01       		.uleb128 0x1
 779 029c CB010000 		.4byte	.LASF43
 780 02a0 2D02     		.2byte	0x22d
 781 02a2 11       		.byte	0x11
 782 02a3 78000000 		.4byte	0x78
 783 02a7 6C       		.byte	0x6c
 784 02a8 01       		.uleb128 0x1
 785 02a9 D3020000 		.4byte	.LASF44
 786 02ad 2E02     		.2byte	0x22e
 787 02af 11       		.byte	0x11
 788 02b0 78000000 		.4byte	0x78
 789 02b4 70       		.byte	0x70
 790 02b5 01       		.uleb128 0x1
 791 02b6 75030000 		.4byte	.LASF45
 792 02ba 2F02     		.2byte	0x22f
 793 02bc 11       		.byte	0x11
 794 02bd 78000000 		.4byte	0x78
 795 02c1 74       		.byte	0x74
 796 02c2 01       		.uleb128 0x1
 797 02c3 C4010000 		.4byte	.LASF46
 798 02c7 3002     		.2byte	0x230
ARM GAS  /tmp/ccSvCiE5.s 			page 15


 799 02c9 11       		.byte	0x11
 800 02ca 78000000 		.4byte	0x78
 801 02ce 78       		.byte	0x78
 802 02cf 01       		.uleb128 0x1
 803 02d0 CC020000 		.4byte	.LASF47
 804 02d4 3102     		.2byte	0x231
 805 02d6 11       		.byte	0x11
 806 02d7 78000000 		.4byte	0x78
 807 02db 7C       		.byte	0x7c
 808 02dc 01       		.uleb128 0x1
 809 02dd 6E030000 		.4byte	.LASF48
 810 02e1 3202     		.2byte	0x232
 811 02e3 11       		.byte	0x11
 812 02e4 78000000 		.4byte	0x78
 813 02e8 80       		.byte	0x80
 814 02e9 01       		.uleb128 0x1
 815 02ea 68010000 		.4byte	.LASF49
 816 02ee 3302     		.2byte	0x233
 817 02f0 11       		.byte	0x11
 818 02f1 78000000 		.4byte	0x78
 819 02f5 84       		.byte	0x84
 820 02f6 01       		.uleb128 0x1
 821 02f7 00020000 		.4byte	.LASF50
 822 02fb 3402     		.2byte	0x234
 823 02fd 11       		.byte	0x11
 824 02fe 78000000 		.4byte	0x78
 825 0302 88       		.byte	0x88
 826 0303 01       		.uleb128 0x1
 827 0304 F6020000 		.4byte	.LASF51
 828 0308 3502     		.2byte	0x235
 829 030a 11       		.byte	0x11
 830 030b 78000000 		.4byte	0x78
 831 030f 8C       		.byte	0x8c
 832 0310 00       		.byte	0
 833 0311 08       		.uleb128 0x8
 834 0312 06030000 		.4byte	.LASF52
 835 0316 3602     		.2byte	0x236
 836 0318 3D010000 		.4byte	0x13d
 837 031c 02       		.uleb128 0x2
 838 031d 01       		.byte	0x1
 839 031e 08       		.byte	0x8
 840 031f B6010000 		.4byte	.LASF53
 841 0323 02       		.uleb128 0x2
 842 0324 01       		.byte	0x1
 843 0325 02       		.byte	0x2
 844 0326 F0020000 		.4byte	.LASF54
 845 032a 02       		.uleb128 0x2
 846 032b 04       		.byte	0x4
 847 032c 04       		.byte	0x4
 848 032d 9A010000 		.4byte	.LASF55
 849 0331 09       		.uleb128 0x9
 850 0332 27020000 		.4byte	.LASF57
 851 0336 8E       		.byte	0x8e
 852 0337 00000000 		.4byte	.LFB239
 853 033b 6C000000 		.4byte	.LFE239-.LFB239
 854 033f 01       		.uleb128 0x1
 855 0340 9C       		.byte	0x9c
ARM GAS  /tmp/ccSvCiE5.s 			page 16


 856 0341 7C030000 		.4byte	0x37c
 857 0345 04       		.uleb128 0x4
 858 0346 73726300 		.ascii	"src\000"
 859 034a 99       		.byte	0x99
 860 034b 6C000000 		.4byte	0x6c
 861 034f 14000000 		.4byte	.LLST10
 862 0353 0C000000 		.4byte	.LVUS10
 863 0357 06       		.uleb128 0x6
 864 0358 DE020000 		.4byte	.LASF56
 865 035c 9F       		.byte	0x9f
 866 035d 6C000000 		.4byte	0x6c
 867 0361 38000000 		.4byte	.LLST11
 868 0365 34000000 		.4byte	.LVUS11
 869 0369 05       		.uleb128 0x5
 870 036a 34000000 		.4byte	.LVL30
 871 036e C7030000 		.4byte	0x3c7
 872 0372 05       		.uleb128 0x5
 873 0373 48000000 		.4byte	.LVL31
 874 0377 F4030000 		.4byte	0x3f4
 875 037b 00       		.byte	0
 876 037c 09       		.uleb128 0x9
 877 037d EA010000 		.4byte	.LASF58
 878 0381 4A       		.byte	0x4a
 879 0382 00000000 		.4byte	.LFB238
 880 0386 1C000000 		.4byte	.LFE238-.LFB238
 881 038a 01       		.uleb128 0x1
 882 038b 9C       		.byte	0x9c
 883 038c C7030000 		.4byte	0x3c7
 884 0390 0A       		.uleb128 0xa
 885 0391 647200   		.ascii	"dr\000"
 886 0394 4A       		.byte	0x4a
 887 0395 1C       		.byte	0x1c
 888 0396 6C000000 		.4byte	0x6c
 889 039a 4E000000 		.4byte	.LLST8
 890 039e 48000000 		.4byte	.LVUS8
 891 03a2 0A       		.uleb128 0xa
 892 03a3 747200   		.ascii	"tr\000"
 893 03a6 4A       		.byte	0x4a
 894 03a7 29       		.byte	0x29
 895 03a8 6C000000 		.4byte	0x6c
 896 03ac 72000000 		.4byte	.LLST9
 897 03b0 6C000000 		.4byte	.LVUS9
 898 03b4 05       		.uleb128 0x5
 899 03b5 0A000000 		.4byte	.LVL23
 900 03b9 C7030000 		.4byte	0x3c7
 901 03bd 05       		.uleb128 0x5
 902 03be 16000000 		.4byte	.LVL24
 903 03c2 F4030000 		.4byte	0x3f4
 904 03c6 00       		.byte	0
 905 03c7 10       		.uleb128 0x10
 906 03c8 4B030000 		.4byte	.LASF67
 907 03cc 01       		.byte	0x1
 908 03cd 41       		.byte	0x41
 909 03ce 0D       		.byte	0xd
 910 03cf 23030000 		.4byte	0x323
 911 03d3 00000000 		.4byte	.LFB237
 912 03d7 28000000 		.4byte	.LFE237-.LFB237
ARM GAS  /tmp/ccSvCiE5.s 			page 17


 913 03db 01       		.uleb128 0x1
 914 03dc 9C       		.byte	0x9c
 915 03dd F4030000 		.4byte	0x3f4
 916 03e1 06       		.uleb128 0x6
 917 03e2 45030000 		.4byte	.LASF59
 918 03e6 43       		.byte	0x43
 919 03e7 6C000000 		.4byte	0x6c
 920 03eb 98000000 		.4byte	.LLST0
 921 03ef 90000000 		.4byte	.LVUS0
 922 03f3 00       		.byte	0
 923 03f4 11       		.uleb128 0x11
 924 03f5 07020000 		.4byte	.LASF68
 925 03f9 01       		.byte	0x1
 926 03fa 3C       		.byte	0x3c
 927 03fb 0D       		.byte	0xd
 928 03fc 00000000 		.4byte	.LFB236
 929 0400 10000000 		.4byte	.LFE236-.LFB236
 930 0404 01       		.uleb128 0x1
 931 0405 9C       		.byte	0x9c
 932 0406 0B       		.uleb128 0xb
 933 0407 00000000 		.4byte	.LASF61
 934 040b 2E       		.byte	0x2e
 935 040c 6C000000 		.4byte	0x6c
 936 0410 00000000 		.4byte	.LFB235
 937 0414 42000000 		.4byte	.LFE235-.LFB235
 938 0418 01       		.uleb128 0x1
 939 0419 9C       		.byte	0x9c
 940 041a 65040000 		.4byte	0x465
 941 041e 06       		.uleb128 0x6
 942 041f 60030000 		.4byte	.LASF60
 943 0423 2F       		.byte	0x2f
 944 0424 6C000000 		.4byte	0x6c
 945 0428 C5000000 		.4byte	.LLST5
 946 042c B7000000 		.4byte	.LVUS5
 947 0430 04       		.uleb128 0x4
 948 0431 747200   		.ascii	"tr\000"
 949 0434 30       		.byte	0x30
 950 0435 6C000000 		.4byte	0x6c
 951 0439 F9000000 		.4byte	.LLST6
 952 043d F5000000 		.4byte	.LVUS6
 953 0441 04       		.uleb128 0x4
 954 0442 647200   		.ascii	"dr\000"
 955 0445 31       		.byte	0x31
 956 0446 6C000000 		.4byte	0x6c
 957 044a 0B010000 		.4byte	.LLST7
 958 044e 09010000 		.4byte	.LVUS7
 959 0452 05       		.uleb128 0x5
 960 0453 06000000 		.4byte	.LVL10
 961 0457 9F040000 		.4byte	0x49f
 962 045b 05       		.uleb128 0x5
 963 045c 0C000000 		.4byte	.LVL12
 964 0460 65040000 		.4byte	0x465
 965 0464 00       		.byte	0
 966 0465 0B       		.uleb128 0xb
 967 0466 AA020000 		.4byte	.LASF62
 968 046a 28       		.byte	0x28
 969 046b 6C000000 		.4byte	0x6c
ARM GAS  /tmp/ccSvCiE5.s 			page 18


 970 046f 00000000 		.4byte	.LFB234
 971 0473 2C000000 		.4byte	.LFE234-.LFB234
 972 0477 01       		.uleb128 0x1
 973 0478 9C       		.byte	0x9c
 974 0479 9F040000 		.4byte	0x49f
 975 047d 04       		.uleb128 0x4
 976 047e 647200   		.ascii	"dr\000"
 977 0481 29       		.byte	0x29
 978 0482 6C000000 		.4byte	0x6c
 979 0486 16010000 		.4byte	.LLST3
 980 048a 14010000 		.4byte	.LVUS3
 981 048e 04       		.uleb128 0x4
 982 048f 7600     		.ascii	"v\000"
 983 0491 2A       		.byte	0x2a
 984 0492 6C000000 		.4byte	0x6c
 985 0496 23010000 		.4byte	.LLST4
 986 049a 1F010000 		.4byte	.LVUS4
 987 049e 00       		.byte	0
 988 049f 12       		.uleb128 0x12
 989 04a0 7B030000 		.4byte	.LASF63
 990 04a4 01       		.byte	0x1
 991 04a5 21       		.byte	0x21
 992 04a6 0A       		.byte	0xa
 993 04a7 6C000000 		.4byte	0x6c
 994 04ab 00000000 		.4byte	.LFB233
 995 04af 2C000000 		.4byte	.LFE233-.LFB233
 996 04b3 01       		.uleb128 0x1
 997 04b4 9C       		.byte	0x9c
 998 04b5 04       		.uleb128 0x4
 999 04b6 747200   		.ascii	"tr\000"
 1000 04b9 22       		.byte	0x22
 1001 04ba 6C000000 		.4byte	0x6c
 1002 04be 3A010000 		.4byte	.LLST1
 1003 04c2 38010000 		.4byte	.LVUS1
 1004 04c6 04       		.uleb128 0x4
 1005 04c7 7600     		.ascii	"v\000"
 1006 04c9 23       		.byte	0x23
 1007 04ca 6C000000 		.4byte	0x6c
 1008 04ce 47010000 		.4byte	.LLST2
 1009 04d2 43010000 		.4byte	.LVUS2
 1010 04d6 00       		.byte	0
 1011 04d7 00       		.byte	0
 1012              		.section	.debug_abbrev,"",%progbits
 1013              	.Ldebug_abbrev0:
 1014 0000 01       		.uleb128 0x1
 1015 0001 0D       		.uleb128 0xd
 1016 0002 00       		.byte	0
 1017 0003 03       		.uleb128 0x3
 1018 0004 0E       		.uleb128 0xe
 1019 0005 3A       		.uleb128 0x3a
 1020 0006 21       		.uleb128 0x21
 1021 0007 02       		.sleb128 2
 1022 0008 3B       		.uleb128 0x3b
 1023 0009 05       		.uleb128 0x5
 1024 000a 39       		.uleb128 0x39
 1025 000b 0B       		.uleb128 0xb
 1026 000c 49       		.uleb128 0x49
ARM GAS  /tmp/ccSvCiE5.s 			page 19


 1027 000d 13       		.uleb128 0x13
 1028 000e 38       		.uleb128 0x38
 1029 000f 0B       		.uleb128 0xb
 1030 0010 00       		.byte	0
 1031 0011 00       		.byte	0
 1032 0012 02       		.uleb128 0x2
 1033 0013 24       		.uleb128 0x24
 1034 0014 00       		.byte	0
 1035 0015 0B       		.uleb128 0xb
 1036 0016 0B       		.uleb128 0xb
 1037 0017 3E       		.uleb128 0x3e
 1038 0018 0B       		.uleb128 0xb
 1039 0019 03       		.uleb128 0x3
 1040 001a 0E       		.uleb128 0xe
 1041 001b 00       		.byte	0
 1042 001c 00       		.byte	0
 1043 001d 03       		.uleb128 0x3
 1044 001e 0D       		.uleb128 0xd
 1045 001f 00       		.byte	0
 1046 0020 03       		.uleb128 0x3
 1047 0021 08       		.uleb128 0x8
 1048 0022 3A       		.uleb128 0x3a
 1049 0023 21       		.uleb128 0x21
 1050 0024 02       		.sleb128 2
 1051 0025 3B       		.uleb128 0x3b
 1052 0026 05       		.uleb128 0x5
 1053 0027 39       		.uleb128 0x39
 1054 0028 21       		.uleb128 0x21
 1055 0029 11       		.sleb128 17
 1056 002a 49       		.uleb128 0x49
 1057 002b 13       		.uleb128 0x13
 1058 002c 38       		.uleb128 0x38
 1059 002d 0B       		.uleb128 0xb
 1060 002e 00       		.byte	0
 1061 002f 00       		.byte	0
 1062 0030 04       		.uleb128 0x4
 1063 0031 34       		.uleb128 0x34
 1064 0032 00       		.byte	0
 1065 0033 03       		.uleb128 0x3
 1066 0034 08       		.uleb128 0x8
 1067 0035 3A       		.uleb128 0x3a
 1068 0036 21       		.uleb128 0x21
 1069 0037 01       		.sleb128 1
 1070 0038 3B       		.uleb128 0x3b
 1071 0039 0B       		.uleb128 0xb
 1072 003a 39       		.uleb128 0x39
 1073 003b 21       		.uleb128 0x21
 1074 003c 0C       		.sleb128 12
 1075 003d 49       		.uleb128 0x49
 1076 003e 13       		.uleb128 0x13
 1077 003f 02       		.uleb128 0x2
 1078 0040 17       		.uleb128 0x17
 1079 0041 B742     		.uleb128 0x2137
 1080 0043 17       		.uleb128 0x17
 1081 0044 00       		.byte	0
 1082 0045 00       		.byte	0
 1083 0046 05       		.uleb128 0x5
ARM GAS  /tmp/ccSvCiE5.s 			page 20


 1084 0047 48       		.uleb128 0x48
 1085 0048 00       		.byte	0
 1086 0049 7D       		.uleb128 0x7d
 1087 004a 01       		.uleb128 0x1
 1088 004b 7F       		.uleb128 0x7f
 1089 004c 13       		.uleb128 0x13
 1090 004d 00       		.byte	0
 1091 004e 00       		.byte	0
 1092 004f 06       		.uleb128 0x6
 1093 0050 34       		.uleb128 0x34
 1094 0051 00       		.byte	0
 1095 0052 03       		.uleb128 0x3
 1096 0053 0E       		.uleb128 0xe
 1097 0054 3A       		.uleb128 0x3a
 1098 0055 21       		.uleb128 0x21
 1099 0056 01       		.sleb128 1
 1100 0057 3B       		.uleb128 0x3b
 1101 0058 0B       		.uleb128 0xb
 1102 0059 39       		.uleb128 0x39
 1103 005a 21       		.uleb128 0x21
 1104 005b 0C       		.sleb128 12
 1105 005c 49       		.uleb128 0x49
 1106 005d 13       		.uleb128 0x13
 1107 005e 02       		.uleb128 0x2
 1108 005f 17       		.uleb128 0x17
 1109 0060 B742     		.uleb128 0x2137
 1110 0062 17       		.uleb128 0x17
 1111 0063 00       		.byte	0
 1112 0064 00       		.byte	0
 1113 0065 07       		.uleb128 0x7
 1114 0066 13       		.uleb128 0x13
 1115 0067 01       		.byte	0x1
 1116 0068 0B       		.uleb128 0xb
 1117 0069 0B       		.uleb128 0xb
 1118 006a 3A       		.uleb128 0x3a
 1119 006b 21       		.uleb128 0x21
 1120 006c 02       		.sleb128 2
 1121 006d 3B       		.uleb128 0x3b
 1122 006e 05       		.uleb128 0x5
 1123 006f 39       		.uleb128 0x39
 1124 0070 21       		.uleb128 0x21
 1125 0071 09       		.sleb128 9
 1126 0072 01       		.uleb128 0x1
 1127 0073 13       		.uleb128 0x13
 1128 0074 00       		.byte	0
 1129 0075 00       		.byte	0
 1130 0076 08       		.uleb128 0x8
 1131 0077 16       		.uleb128 0x16
 1132 0078 00       		.byte	0
 1133 0079 03       		.uleb128 0x3
 1134 007a 0E       		.uleb128 0xe
 1135 007b 3A       		.uleb128 0x3a
 1136 007c 21       		.uleb128 0x21
 1137 007d 02       		.sleb128 2
 1138 007e 3B       		.uleb128 0x3b
 1139 007f 05       		.uleb128 0x5
 1140 0080 39       		.uleb128 0x39
ARM GAS  /tmp/ccSvCiE5.s 			page 21


 1141 0081 21       		.uleb128 0x21
 1142 0082 03       		.sleb128 3
 1143 0083 49       		.uleb128 0x49
 1144 0084 13       		.uleb128 0x13
 1145 0085 00       		.byte	0
 1146 0086 00       		.byte	0
 1147 0087 09       		.uleb128 0x9
 1148 0088 2E       		.uleb128 0x2e
 1149 0089 01       		.byte	0x1
 1150 008a 3F       		.uleb128 0x3f
 1151 008b 19       		.uleb128 0x19
 1152 008c 03       		.uleb128 0x3
 1153 008d 0E       		.uleb128 0xe
 1154 008e 3A       		.uleb128 0x3a
 1155 008f 21       		.uleb128 0x21
 1156 0090 01       		.sleb128 1
 1157 0091 3B       		.uleb128 0x3b
 1158 0092 0B       		.uleb128 0xb
 1159 0093 39       		.uleb128 0x39
 1160 0094 21       		.uleb128 0x21
 1161 0095 06       		.sleb128 6
 1162 0096 27       		.uleb128 0x27
 1163 0097 19       		.uleb128 0x19
 1164 0098 11       		.uleb128 0x11
 1165 0099 01       		.uleb128 0x1
 1166 009a 12       		.uleb128 0x12
 1167 009b 06       		.uleb128 0x6
 1168 009c 40       		.uleb128 0x40
 1169 009d 18       		.uleb128 0x18
 1170 009e 7A       		.uleb128 0x7a
 1171 009f 19       		.uleb128 0x19
 1172 00a0 01       		.uleb128 0x1
 1173 00a1 13       		.uleb128 0x13
 1174 00a2 00       		.byte	0
 1175 00a3 00       		.byte	0
 1176 00a4 0A       		.uleb128 0xa
 1177 00a5 05       		.uleb128 0x5
 1178 00a6 00       		.byte	0
 1179 00a7 03       		.uleb128 0x3
 1180 00a8 08       		.uleb128 0x8
 1181 00a9 3A       		.uleb128 0x3a
 1182 00aa 21       		.uleb128 0x21
 1183 00ab 01       		.sleb128 1
 1184 00ac 3B       		.uleb128 0x3b
 1185 00ad 0B       		.uleb128 0xb
 1186 00ae 39       		.uleb128 0x39
 1187 00af 0B       		.uleb128 0xb
 1188 00b0 49       		.uleb128 0x49
 1189 00b1 13       		.uleb128 0x13
 1190 00b2 02       		.uleb128 0x2
 1191 00b3 17       		.uleb128 0x17
 1192 00b4 B742     		.uleb128 0x2137
 1193 00b6 17       		.uleb128 0x17
 1194 00b7 00       		.byte	0
 1195 00b8 00       		.byte	0
 1196 00b9 0B       		.uleb128 0xb
 1197 00ba 2E       		.uleb128 0x2e
ARM GAS  /tmp/ccSvCiE5.s 			page 22


 1198 00bb 01       		.byte	0x1
 1199 00bc 3F       		.uleb128 0x3f
 1200 00bd 19       		.uleb128 0x19
 1201 00be 03       		.uleb128 0x3
 1202 00bf 0E       		.uleb128 0xe
 1203 00c0 3A       		.uleb128 0x3a
 1204 00c1 21       		.uleb128 0x21
 1205 00c2 01       		.sleb128 1
 1206 00c3 3B       		.uleb128 0x3b
 1207 00c4 0B       		.uleb128 0xb
 1208 00c5 39       		.uleb128 0x39
 1209 00c6 21       		.uleb128 0x21
 1210 00c7 0A       		.sleb128 10
 1211 00c8 27       		.uleb128 0x27
 1212 00c9 19       		.uleb128 0x19
 1213 00ca 49       		.uleb128 0x49
 1214 00cb 13       		.uleb128 0x13
 1215 00cc 11       		.uleb128 0x11
 1216 00cd 01       		.uleb128 0x1
 1217 00ce 12       		.uleb128 0x12
 1218 00cf 06       		.uleb128 0x6
 1219 00d0 40       		.uleb128 0x40
 1220 00d1 18       		.uleb128 0x18
 1221 00d2 7A       		.uleb128 0x7a
 1222 00d3 19       		.uleb128 0x19
 1223 00d4 01       		.uleb128 0x1
 1224 00d5 13       		.uleb128 0x13
 1225 00d6 00       		.byte	0
 1226 00d7 00       		.byte	0
 1227 00d8 0C       		.uleb128 0xc
 1228 00d9 11       		.uleb128 0x11
 1229 00da 01       		.byte	0x1
 1230 00db 25       		.uleb128 0x25
 1231 00dc 0E       		.uleb128 0xe
 1232 00dd 13       		.uleb128 0x13
 1233 00de 0B       		.uleb128 0xb
 1234 00df 03       		.uleb128 0x3
 1235 00e0 0E       		.uleb128 0xe
 1236 00e1 1B       		.uleb128 0x1b
 1237 00e2 0E       		.uleb128 0xe
 1238 00e3 55       		.uleb128 0x55
 1239 00e4 17       		.uleb128 0x17
 1240 00e5 11       		.uleb128 0x11
 1241 00e6 01       		.uleb128 0x1
 1242 00e7 10       		.uleb128 0x10
 1243 00e8 17       		.uleb128 0x17
 1244 00e9 00       		.byte	0
 1245 00ea 00       		.byte	0
 1246 00eb 0D       		.uleb128 0xd
 1247 00ec 24       		.uleb128 0x24
 1248 00ed 00       		.byte	0
 1249 00ee 0B       		.uleb128 0xb
 1250 00ef 0B       		.uleb128 0xb
 1251 00f0 3E       		.uleb128 0x3e
 1252 00f1 0B       		.uleb128 0xb
 1253 00f2 03       		.uleb128 0x3
 1254 00f3 08       		.uleb128 0x8
ARM GAS  /tmp/ccSvCiE5.s 			page 23


 1255 00f4 00       		.byte	0
 1256 00f5 00       		.byte	0
 1257 00f6 0E       		.uleb128 0xe
 1258 00f7 16       		.uleb128 0x16
 1259 00f8 00       		.byte	0
 1260 00f9 03       		.uleb128 0x3
 1261 00fa 0E       		.uleb128 0xe
 1262 00fb 3A       		.uleb128 0x3a
 1263 00fc 0B       		.uleb128 0xb
 1264 00fd 3B       		.uleb128 0x3b
 1265 00fe 0B       		.uleb128 0xb
 1266 00ff 39       		.uleb128 0x39
 1267 0100 0B       		.uleb128 0xb
 1268 0101 49       		.uleb128 0x49
 1269 0102 13       		.uleb128 0x13
 1270 0103 00       		.byte	0
 1271 0104 00       		.byte	0
 1272 0105 0F       		.uleb128 0xf
 1273 0106 35       		.uleb128 0x35
 1274 0107 00       		.byte	0
 1275 0108 49       		.uleb128 0x49
 1276 0109 13       		.uleb128 0x13
 1277 010a 00       		.byte	0
 1278 010b 00       		.byte	0
 1279 010c 10       		.uleb128 0x10
 1280 010d 2E       		.uleb128 0x2e
 1281 010e 01       		.byte	0x1
 1282 010f 03       		.uleb128 0x3
 1283 0110 0E       		.uleb128 0xe
 1284 0111 3A       		.uleb128 0x3a
 1285 0112 0B       		.uleb128 0xb
 1286 0113 3B       		.uleb128 0x3b
 1287 0114 0B       		.uleb128 0xb
 1288 0115 39       		.uleb128 0x39
 1289 0116 0B       		.uleb128 0xb
 1290 0117 27       		.uleb128 0x27
 1291 0118 19       		.uleb128 0x19
 1292 0119 49       		.uleb128 0x49
 1293 011a 13       		.uleb128 0x13
 1294 011b 11       		.uleb128 0x11
 1295 011c 01       		.uleb128 0x1
 1296 011d 12       		.uleb128 0x12
 1297 011e 06       		.uleb128 0x6
 1298 011f 40       		.uleb128 0x40
 1299 0120 18       		.uleb128 0x18
 1300 0121 7A       		.uleb128 0x7a
 1301 0122 19       		.uleb128 0x19
 1302 0123 01       		.uleb128 0x1
 1303 0124 13       		.uleb128 0x13
 1304 0125 00       		.byte	0
 1305 0126 00       		.byte	0
 1306 0127 11       		.uleb128 0x11
 1307 0128 2E       		.uleb128 0x2e
 1308 0129 00       		.byte	0
 1309 012a 03       		.uleb128 0x3
 1310 012b 0E       		.uleb128 0xe
 1311 012c 3A       		.uleb128 0x3a
ARM GAS  /tmp/ccSvCiE5.s 			page 24


 1312 012d 0B       		.uleb128 0xb
 1313 012e 3B       		.uleb128 0x3b
 1314 012f 0B       		.uleb128 0xb
 1315 0130 39       		.uleb128 0x39
 1316 0131 0B       		.uleb128 0xb
 1317 0132 27       		.uleb128 0x27
 1318 0133 19       		.uleb128 0x19
 1319 0134 11       		.uleb128 0x11
 1320 0135 01       		.uleb128 0x1
 1321 0136 12       		.uleb128 0x12
 1322 0137 06       		.uleb128 0x6
 1323 0138 40       		.uleb128 0x40
 1324 0139 18       		.uleb128 0x18
 1325 013a 7A       		.uleb128 0x7a
 1326 013b 19       		.uleb128 0x19
 1327 013c 00       		.byte	0
 1328 013d 00       		.byte	0
 1329 013e 12       		.uleb128 0x12
 1330 013f 2E       		.uleb128 0x2e
 1331 0140 01       		.byte	0x1
 1332 0141 3F       		.uleb128 0x3f
 1333 0142 19       		.uleb128 0x19
 1334 0143 03       		.uleb128 0x3
 1335 0144 0E       		.uleb128 0xe
 1336 0145 3A       		.uleb128 0x3a
 1337 0146 0B       		.uleb128 0xb
 1338 0147 3B       		.uleb128 0x3b
 1339 0148 0B       		.uleb128 0xb
 1340 0149 39       		.uleb128 0x39
 1341 014a 0B       		.uleb128 0xb
 1342 014b 27       		.uleb128 0x27
 1343 014c 19       		.uleb128 0x19
 1344 014d 49       		.uleb128 0x49
 1345 014e 13       		.uleb128 0x13
 1346 014f 11       		.uleb128 0x11
 1347 0150 01       		.uleb128 0x1
 1348 0151 12       		.uleb128 0x12
 1349 0152 06       		.uleb128 0x6
 1350 0153 40       		.uleb128 0x40
 1351 0154 18       		.uleb128 0x18
 1352 0155 7A       		.uleb128 0x7a
 1353 0156 19       		.uleb128 0x19
 1354 0157 00       		.byte	0
 1355 0158 00       		.byte	0
 1356 0159 00       		.byte	0
 1357              		.section	.debug_loclists,"",%progbits
 1358 0000 58010000 		.4byte	.Ldebug_loc3-.Ldebug_loc2
 1359              	.Ldebug_loc2:
 1360 0004 0500     		.2byte	0x5
 1361 0006 04       		.byte	0x4
 1362 0007 00       		.byte	0
 1363 0008 00000000 		.4byte	0
 1364              	.Ldebug_loc0:
 1365              	.LVUS10:
 1366 000c 00       		.uleb128 .LVU88
 1367 000d 00       		.uleb128 .LVU90
 1368 000e 00       		.uleb128 .LVU90
ARM GAS  /tmp/ccSvCiE5.s 			page 25


 1369 000f 00       		.uleb128 .LVU101
 1370 0010 00       		.uleb128 .LVU118
 1371 0011 00       		.uleb128 .LVU119
 1372 0012 00       		.uleb128 .LVU122
 1373 0013 00       		.uleb128 0
 1374              	.LLST10:
 1375 0014 06       		.byte	0x6
 1376 0015 04000000 		.4byte	.LVL26
 1377 0019 04       		.byte	0x4
 1378 001a 00       		.uleb128 .LVL26-.LVL26
 1379 001b 04       		.uleb128 .LVL27-.LVL26
 1380 001c 07       		.uleb128 0x7
 1381 001d 73       		.byte	0x73
 1382 001e 00       		.sleb128 0
 1383 001f 0A       		.byte	0xa
 1384 0020 0003     		.2byte	0x300
 1385 0022 1A       		.byte	0x1a
 1386 0023 9F       		.byte	0x9f
 1387 0024 04       		.byte	0x4
 1388 0025 04       		.uleb128 .LVL27-.LVL26
 1389 0026 1C       		.uleb128 .LVL29-.LVL26
 1390 0027 01       		.uleb128 0x1
 1391 0028 53       		.byte	0x53
 1392 0029 04       		.byte	0x4
 1393 002a 46       		.uleb128 .LVL32-.LVL26
 1394 002b 4A       		.uleb128 .LVL33-.LVL26
 1395 002c 01       		.uleb128 0x1
 1396 002d 53       		.byte	0x53
 1397 002e 04       		.byte	0x4
 1398 002f 56       		.uleb128 .LVL34-.LVL26
 1399 0030 68       		.uleb128 .LFE239-.LVL26
 1400 0031 01       		.uleb128 0x1
 1401 0032 53       		.byte	0x53
 1402 0033 00       		.byte	0
 1403              	.LVUS11:
 1404 0034 00       		.uleb128 .LVU99
 1405 0035 00       		.uleb128 .LVU118
 1406 0036 00       		.uleb128 .LVU119
 1407 0037 00       		.uleb128 .LVU122
 1408              	.LLST11:
 1409 0038 06       		.byte	0x6
 1410 0039 1E000000 		.4byte	.LVL28
 1411 003d 04       		.byte	0x4
 1412 003e 00       		.uleb128 .LVL28-.LVL28
 1413 003f 2C       		.uleb128 .LVL32-.LVL28
 1414 0040 01       		.uleb128 0x1
 1415 0041 54       		.byte	0x54
 1416 0042 04       		.byte	0x4
 1417 0043 30       		.uleb128 .LVL33-.LVL28
 1418 0044 3C       		.uleb128 .LVL34-.LVL28
 1419 0045 01       		.uleb128 0x1
 1420 0046 54       		.byte	0x54
 1421 0047 00       		.byte	0
 1422              	.LVUS8:
 1423 0048 00       		.uleb128 0
 1424 0049 00       		.uleb128 .LVU77
 1425 004a 00       		.uleb128 .LVU77
ARM GAS  /tmp/ccSvCiE5.s 			page 26


 1426 004b 00       		.uleb128 .LVU84
 1427 004c 00       		.uleb128 .LVU84
 1428 004d 00       		.uleb128 0
 1429              	.LLST8:
 1430 004e 06       		.byte	0x6
 1431 004f 00000000 		.4byte	.LVL22
 1432 0053 04       		.byte	0x4
 1433 0054 00       		.uleb128 .LVL22-.LVL22
 1434 0055 09       		.uleb128 .LVL23-1-.LVL22
 1435 0056 01       		.uleb128 0x1
 1436 0057 50       		.byte	0x50
 1437 0058 04       		.byte	0x4
 1438 0059 09       		.uleb128 .LVL23-1-.LVL22
 1439 005a 18       		.uleb128 .LVL25-.LVL22
 1440 005b 01       		.uleb128 0x1
 1441 005c 54       		.byte	0x54
 1442 005d 04       		.byte	0x4
 1443 005e 18       		.uleb128 .LVL25-.LVL22
 1444 005f 1C       		.uleb128 .LFE238-.LVL22
 1445 0060 0A       		.uleb128 0xa
 1446 0061 A3       		.byte	0xa3
 1447 0062 03       		.uleb128 0x3
 1448 0063 A5       		.byte	0xa5
 1449 0064 00       		.uleb128 0
 1450 0065 26       		.uleb128 0x26
 1451 0066 A8       		.byte	0xa8
 1452 0067 2D       		.uleb128 0x2d
 1453 0068 A8       		.byte	0xa8
 1454 0069 00       		.uleb128 0
 1455 006a 9F       		.byte	0x9f
 1456 006b 00       		.byte	0
 1457              	.LVUS9:
 1458 006c 00       		.uleb128 0
 1459 006d 00       		.uleb128 .LVU77
 1460 006e 00       		.uleb128 .LVU77
 1461 006f 00       		.uleb128 .LVU84
 1462 0070 00       		.uleb128 .LVU84
 1463 0071 00       		.uleb128 0
 1464              	.LLST9:
 1465 0072 06       		.byte	0x6
 1466 0073 00000000 		.4byte	.LVL22
 1467 0077 04       		.byte	0x4
 1468 0078 00       		.uleb128 .LVL22-.LVL22
 1469 0079 09       		.uleb128 .LVL23-1-.LVL22
 1470 007a 01       		.uleb128 0x1
 1471 007b 51       		.byte	0x51
 1472 007c 04       		.byte	0x4
 1473 007d 09       		.uleb128 .LVL23-1-.LVL22
 1474 007e 18       		.uleb128 .LVL25-.LVL22
 1475 007f 01       		.uleb128 0x1
 1476 0080 55       		.byte	0x55
 1477 0081 04       		.byte	0x4
 1478 0082 18       		.uleb128 .LVL25-.LVL22
 1479 0083 1C       		.uleb128 .LFE238-.LVL22
 1480 0084 0A       		.uleb128 0xa
 1481 0085 A3       		.byte	0xa3
 1482 0086 03       		.uleb128 0x3
ARM GAS  /tmp/ccSvCiE5.s 			page 27


 1483 0087 A5       		.byte	0xa5
 1484 0088 01       		.uleb128 0x1
 1485 0089 26       		.uleb128 0x26
 1486 008a A8       		.byte	0xa8
 1487 008b 2D       		.uleb128 0x2d
 1488 008c A8       		.byte	0xa8
 1489 008d 00       		.uleb128 0
 1490 008e 9F       		.byte	0x9f
 1491 008f 00       		.byte	0
 1492              	.LVUS0:
 1493 0090 01       		.uleb128 .LVU10
 1494 0091 00       		.uleb128 .LVU12
 1495 0092 00       		.uleb128 .LVU12
 1496 0093 01       		.uleb128 .LVU13
 1497 0094 01       		.uleb128 .LVU13
 1498 0095 00       		.uleb128 .LVU14
 1499 0096 00       		.uleb128 .LVU14
 1500 0097 00       		.uleb128 0
 1501              	.LLST0:
 1502 0098 06       		.byte	0x6
 1503 0099 0A000000 		.4byte	.LVL0
 1504 009d 04       		.byte	0x4
 1505 009e 00       		.uleb128 .LVL0-.LVL0
 1506 009f 04       		.uleb128 .LVL1-.LVL0
 1507 00a0 04       		.uleb128 0x4
 1508 00a1 40       		.byte	0x40
 1509 00a2 3E       		.byte	0x3e
 1510 00a3 24       		.byte	0x24
 1511 00a4 9F       		.byte	0x9f
 1512 00a5 04       		.byte	0x4
 1513 00a6 04       		.uleb128 .LVL1-.LVL0
 1514 00a7 04       		.uleb128 .LVL1-.LVL0
 1515 00a8 01       		.uleb128 0x1
 1516 00a9 53       		.byte	0x53
 1517 00aa 04       		.byte	0x4
 1518 00ab 04       		.uleb128 .LVL1-.LVL0
 1519 00ac 06       		.uleb128 .LVL2-.LVL0
 1520 00ad 03       		.uleb128 0x3
 1521 00ae 73       		.byte	0x73
 1522 00af 7F       		.sleb128 -1
 1523 00b0 9F       		.byte	0x9f
 1524 00b1 04       		.byte	0x4
 1525 00b2 06       		.uleb128 .LVL2-.LVL0
 1526 00b3 1E       		.uleb128 .LFE237-.LVL0
 1527 00b4 01       		.uleb128 0x1
 1528 00b5 53       		.byte	0x53
 1529 00b6 00       		.byte	0
 1530              	.LVUS5:
 1531 00b7 00       		.uleb128 .LVU52
 1532 00b8 00       		.uleb128 .LVU56
 1533 00b9 00       		.uleb128 .LVU56
 1534 00ba 00       		.uleb128 .LVU60
 1535 00bb 00       		.uleb128 .LVU60
 1536 00bc 00       		.uleb128 .LVU63
 1537 00bd 00       		.uleb128 .LVU63
 1538 00be 00       		.uleb128 .LVU67
 1539 00bf 00       		.uleb128 .LVU67
ARM GAS  /tmp/ccSvCiE5.s 			page 28


 1540 00c0 00       		.uleb128 .LVU70
 1541 00c1 00       		.uleb128 .LVU70
 1542 00c2 00       		.uleb128 .LVU72
 1543 00c3 00       		.uleb128 .LVU72
 1544 00c4 00       		.uleb128 0
 1545              	.LLST5:
 1546 00c5 06       		.byte	0x6
 1547 00c6 10000000 		.4byte	.LVL13
 1548 00ca 04       		.byte	0x4
 1549 00cb 00       		.uleb128 .LVL13-.LVL13
 1550 00cc 0A       		.uleb128 .LVL14-.LVL13
 1551 00cd 01       		.uleb128 0x1
 1552 00ce 52       		.byte	0x52
 1553 00cf 04       		.byte	0x4
 1554 00d0 0A       		.uleb128 .LVL14-.LVL13
 1555 00d1 14       		.uleb128 .LVL16-.LVL13
 1556 00d2 01       		.uleb128 0x1
 1557 00d3 53       		.byte	0x53
 1558 00d4 04       		.byte	0x4
 1559 00d5 14       		.uleb128 .LVL16-.LVL13
 1560 00d6 1C       		.uleb128 .LVL17-.LVL13
 1561 00d7 01       		.uleb128 0x1
 1562 00d8 54       		.byte	0x54
 1563 00d9 04       		.byte	0x4
 1564 00da 1C       		.uleb128 .LVL17-.LVL13
 1565 00db 26       		.uleb128 .LVL18-.LVL13
 1566 00dc 01       		.uleb128 0x1
 1567 00dd 52       		.byte	0x52
 1568 00de 04       		.byte	0x4
 1569 00df 26       		.uleb128 .LVL18-.LVL13
 1570 00e0 2C       		.uleb128 .LVL20-.LVL13
 1571 00e1 01       		.uleb128 0x1
 1572 00e2 53       		.byte	0x53
 1573 00e3 04       		.byte	0x4
 1574 00e4 2C       		.uleb128 .LVL20-.LVL13
 1575 00e5 30       		.uleb128 .LVL21-.LVL13
 1576 00e6 08       		.uleb128 0x8
 1577 00e7 70       		.byte	0x70
 1578 00e8 00       		.sleb128 0
 1579 00e9 49       		.byte	0x49
 1580 00ea 24       		.byte	0x24
 1581 00eb 73       		.byte	0x73
 1582 00ec 00       		.sleb128 0
 1583 00ed 21       		.byte	0x21
 1584 00ee 9F       		.byte	0x9f
 1585 00ef 04       		.byte	0x4
 1586 00f0 30       		.uleb128 .LVL21-.LVL13
 1587 00f1 32       		.uleb128 .LFE235-.LVL13
 1588 00f2 01       		.uleb128 0x1
 1589 00f3 50       		.byte	0x50
 1590 00f4 00       		.byte	0
 1591              	.LVUS6:
 1592 00f5 00       		.uleb128 .LVU48
 1593 00f6 00       		.uleb128 .LVU50
 1594 00f7 00       		.uleb128 .LVU50
 1595 00f8 00       		.uleb128 .LVU58
 1596              	.LLST6:
ARM GAS  /tmp/ccSvCiE5.s 			page 29


 1597 00f9 06       		.byte	0x6
 1598 00fa 08000000 		.4byte	.LVL11
 1599 00fe 04       		.byte	0x4
 1600 00ff 00       		.uleb128 .LVL11-.LVL11
 1601 0100 03       		.uleb128 .LVL12-1-.LVL11
 1602 0101 01       		.uleb128 0x1
 1603 0102 50       		.byte	0x50
 1604 0103 04       		.byte	0x4
 1605 0104 03       		.uleb128 .LVL12-1-.LVL11
 1606 0105 14       		.uleb128 .LVL15-.LVL11
 1607 0106 01       		.uleb128 0x1
 1608 0107 54       		.byte	0x54
 1609 0108 00       		.byte	0
 1610              	.LVUS7:
 1611 0109 00       		.uleb128 .LVU50
 1612 010a 00       		.uleb128 .LVU69
 1613              	.LLST7:
 1614 010b 08       		.byte	0x8
 1615 010c 0C000000 		.4byte	.LVL12
 1616 0110 2E       		.uleb128 .LVL19-.LVL12
 1617 0111 01       		.uleb128 0x1
 1618 0112 50       		.byte	0x50
 1619 0113 00       		.byte	0
 1620              	.LVUS3:
 1621 0114 00       		.uleb128 .LVU36
 1622 0115 00       		.uleb128 0
 1623              	.LLST3:
 1624 0116 08       		.byte	0x8
 1625 0117 04000000 		.4byte	.LVL7
 1626 011b 28       		.uleb128 .LFE234-.LVL7
 1627 011c 01       		.uleb128 0x1
 1628 011d 52       		.byte	0x52
 1629 011e 00       		.byte	0
 1630              	.LVUS4:
 1631 011f 00       		.uleb128 .LVU41
 1632 0120 00       		.uleb128 .LVU43
 1633 0121 00       		.uleb128 .LVU43
 1634 0122 00       		.uleb128 0
 1635              	.LLST4:
 1636 0123 06       		.byte	0x6
 1637 0124 1A000000 		.4byte	.LVL8
 1638 0128 04       		.byte	0x4
 1639 0129 00       		.uleb128 .LVL8-.LVL8
 1640 012a 02       		.uleb128 .LVL9-.LVL8
 1641 012b 06       		.uleb128 0x6
 1642 012c 70       		.byte	0x70
 1643 012d 00       		.sleb128 0
 1644 012e 73       		.byte	0x73
 1645 012f 00       		.sleb128 0
 1646 0130 22       		.byte	0x22
 1647 0131 9F       		.byte	0x9f
 1648 0132 04       		.byte	0x4
 1649 0133 02       		.uleb128 .LVL9-.LVL8
 1650 0134 12       		.uleb128 .LFE234-.LVL8
 1651 0135 01       		.uleb128 0x1
 1652 0136 50       		.byte	0x50
 1653 0137 00       		.byte	0
ARM GAS  /tmp/ccSvCiE5.s 			page 30


 1654              	.LVUS1:
 1655 0138 00       		.uleb128 .LVU24
 1656 0139 00       		.uleb128 .LVU29
 1657              	.LLST1:
 1658 013a 08       		.byte	0x8
 1659 013b 04000000 		.4byte	.LVL3
 1660 013f 16       		.uleb128 .LVL4-.LVL3
 1661 0140 01       		.uleb128 0x1
 1662 0141 53       		.byte	0x53
 1663 0142 00       		.byte	0
 1664              	.LVUS2:
 1665 0143 00       		.uleb128 .LVU30
 1666 0144 00       		.uleb128 .LVU32
 1667 0145 00       		.uleb128 .LVU32
 1668 0146 00       		.uleb128 0
 1669              	.LLST2:
 1670 0147 06       		.byte	0x6
 1671 0148 22000000 		.4byte	.LVL5
 1672 014c 04       		.byte	0x4
 1673 014d 00       		.uleb128 .LVL5-.LVL5
 1674 014e 02       		.uleb128 .LVL6-.LVL5
 1675 014f 06       		.uleb128 0x6
 1676 0150 70       		.byte	0x70
 1677 0151 00       		.sleb128 0
 1678 0152 73       		.byte	0x73
 1679 0153 00       		.sleb128 0
 1680 0154 22       		.byte	0x22
 1681 0155 9F       		.byte	0x9f
 1682 0156 04       		.byte	0x4
 1683 0157 02       		.uleb128 .LVL6-.LVL5
 1684 0158 0A       		.uleb128 .LFE233-.LVL5
 1685 0159 01       		.uleb128 0x1
 1686 015a 50       		.byte	0x50
 1687 015b 00       		.byte	0
 1688              	.Ldebug_loc3:
 1689              		.section	.debug_aranges,"",%progbits
 1690 0000 4C000000 		.4byte	0x4c
 1691 0004 0200     		.2byte	0x2
 1692 0006 00000000 		.4byte	.Ldebug_info0
 1693 000a 04       		.byte	0x4
 1694 000b 00       		.byte	0
 1695 000c 0000     		.2byte	0
 1696 000e 0000     		.2byte	0
 1697 0010 00000000 		.4byte	.LFB236
 1698 0014 10000000 		.4byte	.LFE236-.LFB236
 1699 0018 00000000 		.4byte	.LFB237
 1700 001c 28000000 		.4byte	.LFE237-.LFB237
 1701 0020 00000000 		.4byte	.LFB233
 1702 0024 2C000000 		.4byte	.LFE233-.LFB233
 1703 0028 00000000 		.4byte	.LFB234
 1704 002c 2C000000 		.4byte	.LFE234-.LFB234
 1705 0030 00000000 		.4byte	.LFB235
 1706 0034 42000000 		.4byte	.LFE235-.LFB235
 1707 0038 00000000 		.4byte	.LFB238
 1708 003c 1C000000 		.4byte	.LFE238-.LFB238
 1709 0040 00000000 		.4byte	.LFB239
 1710 0044 6C000000 		.4byte	.LFE239-.LFB239
ARM GAS  /tmp/ccSvCiE5.s 			page 31


 1711 0048 00000000 		.4byte	0
 1712 004c 00000000 		.4byte	0
 1713              		.section	.debug_rnglists,"",%progbits
 1714              	.Ldebug_ranges0:
 1715 0000 33000000 		.4byte	.Ldebug_ranges3-.Ldebug_ranges2
 1716              	.Ldebug_ranges2:
 1717 0004 0500     		.2byte	0x5
 1718 0006 04       		.byte	0x4
 1719 0007 00       		.byte	0
 1720 0008 00000000 		.4byte	0
 1721              	.LLRL12:
 1722 000c 07       		.byte	0x7
 1723 000d 00000000 		.4byte	.LFB236
 1724 0011 10       		.uleb128 .LFE236-.LFB236
 1725 0012 07       		.byte	0x7
 1726 0013 00000000 		.4byte	.LFB237
 1727 0017 28       		.uleb128 .LFE237-.LFB237
 1728 0018 07       		.byte	0x7
 1729 0019 00000000 		.4byte	.LFB233
 1730 001d 2C       		.uleb128 .LFE233-.LFB233
 1731 001e 07       		.byte	0x7
 1732 001f 00000000 		.4byte	.LFB234
 1733 0023 2C       		.uleb128 .LFE234-.LFB234
 1734 0024 07       		.byte	0x7
 1735 0025 00000000 		.4byte	.LFB235
 1736 0029 42       		.uleb128 .LFE235-.LFB235
 1737 002a 07       		.byte	0x7
 1738 002b 00000000 		.4byte	.LFB238
 1739 002f 1C       		.uleb128 .LFE238-.LFB238
 1740 0030 07       		.byte	0x7
 1741 0031 00000000 		.4byte	.LFB239
 1742 0035 6C       		.uleb128 .LFE239-.LFB239
 1743 0036 00       		.byte	0
 1744              	.Ldebug_ranges3:
 1745              		.section	.debug_line,"",%progbits
 1746              	.Ldebug_line0:
 1747 0000 B3020000 		.section	.debug_str,"MS",%progbits,1
 1747      03008C00 
 1747      00000201 
 1747      FB0E0D00 
 1747      01010101 
 1748              	.LASF61:
 1749 0000 7274635F 		.ascii	"rtc_get_FAT\000"
 1749      6765745F 
 1749      46415400 
 1750              	.LASF38:
 1751 000c 424B5032 		.ascii	"BKP2R\000"
 1751      5200
 1752              	.LASF12:
 1753 0012 41504231 		.ascii	"APB1RSTR\000"
 1753      52535452 
 1753      00
 1754              	.LASF64:
 1755 001b 474E5520 		.ascii	"GNU C11 13.2.1 20231009 -mcpu=cortex-m4 -mfloat-abi"
 1755      43313120 
 1755      31332E32 
 1755      2E312032 
ARM GAS  /tmp/ccSvCiE5.s 			page 32


 1755      30323331 
 1756 004e 3D686172 		.ascii	"=hard -mfpu=fpv4-sp-d16 -mno-thumb-interwork -mthum"
 1756      64202D6D 
 1756      6670753D 
 1756      66707634 
 1756      2D73702D 
 1757 0081 62202D6D 		.ascii	"b -march=armv7e-m+fp -ggdb -Og -std=c11 -fno-inline"
 1757      61726368 
 1757      3D61726D 
 1757      7637652D 
 1757      6D2B6670 
 1758 00b4 2D736D61 		.ascii	"-small-functions -fomit-frame-pointer -falign-funct"
 1758      6C6C2D66 
 1758      756E6374 
 1758      696F6E73 
 1758      202D666F 
 1759 00e7 696F6E73 		.ascii	"ions=16 -fstack-usage -ffunction-sections -fdata-se"
 1759      3D313620 
 1759      2D667374 
 1759      61636B2D 
 1759      75736167 
 1760 011a 6374696F 		.ascii	"ctions -fno-common -fsingle-precision-constant\000"
 1760      6E73202D 
 1760      666E6F2D 
 1760      636F6D6D 
 1760      6F6E202D 
 1761              	.LASF5:
 1762 0149 73686F72 		.ascii	"short int\000"
 1762      7420696E 
 1762      7400
 1763              	.LASF42:
 1764 0153 424B5036 		.ascii	"BKP6R\000"
 1764      5200
 1765              	.LASF16:
 1766 0159 42444352 		.ascii	"BDCR\000"
 1766      00
 1767              	.LASF31:
 1768 015e 43414C52 		.ascii	"CALR\000"
 1768      00
 1769              	.LASF23:
 1770 0163 57555452 		.ascii	"WUTR\000"
 1770      00
 1771              	.LASF49:
 1772 0168 424B5031 		.ascii	"BKP13R\000"
 1772      335200
 1773              	.LASF65:
 1774 016f 7274632E 		.ascii	"rtc.c\000"
 1774      6300
 1775              	.LASF29:
 1776 0175 54534452 		.ascii	"TSDR\000"
 1776      00
 1777              	.LASF66:
 1778 017a 2F776F72 		.ascii	"/workspaces/tinySA\000"
 1778      6B737061 
 1778      6365732F 
 1778      74696E79 
 1778      534100
ARM GAS  /tmp/ccSvCiE5.s 			page 33


 1779              	.LASF10:
 1780 018d 43464752 		.ascii	"CFGR\000"
 1780      00
 1781              	.LASF15:
 1782 0192 41504231 		.ascii	"APB1ENR\000"
 1782      454E5200 
 1783              	.LASF55:
 1784 019a 666C6F61 		.ascii	"float\000"
 1784      7400
 1785              	.LASF17:
 1786 01a0 41484252 		.ascii	"AHBRSTR\000"
 1786      53545200 
 1787              	.LASF2:
 1788 01a8 6C6F6E67 		.ascii	"long long int\000"
 1788      206C6F6E 
 1788      6720696E 
 1788      7400
 1789              	.LASF53:
 1790 01b6 63686172 		.ascii	"char\000"
 1790      00
 1791              	.LASF6:
 1792 01bb 6C6F6E67 		.ascii	"long int\000"
 1792      20696E74 
 1792      00
 1793              	.LASF46:
 1794 01c4 424B5031 		.ascii	"BKP10R\000"
 1794      305200
 1795              	.LASF43:
 1796 01cb 424B5037 		.ascii	"BKP7R\000"
 1796      5200
 1797              	.LASF21:
 1798 01d1 5243435F 		.ascii	"RCC_TypeDef\000"
 1798      54797065 
 1798      44656600 
 1799              	.LASF13:
 1800 01dd 41484245 		.ascii	"AHBENR\000"
 1800      4E5200
 1801              	.LASF39:
 1802 01e4 424B5033 		.ascii	"BKP3R\000"
 1802      5200
 1803              	.LASF58:
 1804 01ea 7274635F 		.ascii	"rtc_set_time\000"
 1804      7365745F 
 1804      74696D65 
 1804      00
 1805              	.LASF33:
 1806 01f7 414C524D 		.ascii	"ALRMASSR\000"
 1806      41535352 
 1806      00
 1807              	.LASF50:
 1808 0200 424B5031 		.ascii	"BKP14R\000"
 1808      345200
 1809              	.LASF68:
 1810 0207 7274635F 		.ascii	"rtc_exit_init\000"
 1810      65786974 
 1810      5F696E69 
 1810      7400
ARM GAS  /tmp/ccSvCiE5.s 			page 34


 1811              	.LASF32:
 1812 0215 54414643 		.ascii	"TAFCR\000"
 1812      5200
 1813              	.LASF3:
 1814 021b 6C6F6E67 		.ascii	"long double\000"
 1814      20646F75 
 1814      626C6500 
 1815              	.LASF57:
 1816 0227 7274635F 		.ascii	"rtc_init\000"
 1816      696E6974 
 1816      00
 1817              	.LASF7:
 1818 0230 756E7369 		.ascii	"unsigned char\000"
 1818      676E6564 
 1818      20636861 
 1818      7200
 1819              	.LASF14:
 1820 023e 41504232 		.ascii	"APB2ENR\000"
 1820      454E5200 
 1821              	.LASF36:
 1822 0246 424B5030 		.ascii	"BKP0R\000"
 1822      5200
 1823              	.LASF4:
 1824 024c 7369676E 		.ascii	"signed char\000"
 1824      65642063 
 1824      68617200 
 1825              	.LASF0:
 1826 0258 6C6F6E67 		.ascii	"long long unsigned int\000"
 1826      206C6F6E 
 1826      6720756E 
 1826      7369676E 
 1826      65642069 
 1827              	.LASF20:
 1828 026f 75696E74 		.ascii	"uint32_t\000"
 1828      33325F74 
 1828      00
 1829              	.LASF25:
 1830 0278 414C524D 		.ascii	"ALRMAR\000"
 1830      415200
 1831              	.LASF1:
 1832 027f 756E7369 		.ascii	"unsigned int\000"
 1832      676E6564 
 1832      20696E74 
 1832      00
 1833              	.LASF18:
 1834 028c 43464752 		.ascii	"CFGR2\000"
 1834      3200
 1835              	.LASF19:
 1836 0292 43464752 		.ascii	"CFGR3\000"
 1836      3300
 1837              	.LASF27:
 1838 0298 53484946 		.ascii	"SHIFTR\000"
 1838      545200
 1839              	.LASF40:
 1840 029f 424B5034 		.ascii	"BKP4R\000"
 1840      5200
 1841              	.LASF28:
ARM GAS  /tmp/ccSvCiE5.s 			page 35


 1842 02a5 54535452 		.ascii	"TSTR\000"
 1842      00
 1843              	.LASF62:
 1844 02aa 7274635F 		.ascii	"rtc_get_dr_bin\000"
 1844      6765745F 
 1844      64725F62 
 1844      696E00
 1845              	.LASF8:
 1846 02b9 73686F72 		.ascii	"short unsigned int\000"
 1846      7420756E 
 1846      7369676E 
 1846      65642069 
 1846      6E7400
 1847              	.LASF47:
 1848 02cc 424B5031 		.ascii	"BKP11R\000"
 1848      315200
 1849              	.LASF44:
 1850 02d3 424B5038 		.ascii	"BKP8R\000"
 1850      5200
 1851              	.LASF22:
 1852 02d9 50524552 		.ascii	"PRER\000"
 1852      00
 1853              	.LASF56:
 1854 02de 7274635F 		.ascii	"rtc_prer\000"
 1854      70726572 
 1854      00
 1855              	.LASF34:
 1856 02e7 414C524D 		.ascii	"ALRMBSSR\000"
 1856      42535352 
 1856      00
 1857              	.LASF54:
 1858 02f0 5F426F6F 		.ascii	"_Bool\000"
 1858      6C00
 1859              	.LASF51:
 1860 02f6 424B5031 		.ascii	"BKP15R\000"
 1860      355200
 1861              	.LASF11:
 1862 02fd 41504232 		.ascii	"APB2RSTR\000"
 1862      52535452 
 1862      00
 1863              	.LASF52:
 1864 0306 5254435F 		.ascii	"RTC_TypeDef\000"
 1864      54797065 
 1864      44656600 
 1865              	.LASF24:
 1866 0312 52455345 		.ascii	"RESERVED0\000"
 1866      52564544 
 1866      3000
 1867              	.LASF9:
 1868 031c 6C6F6E67 		.ascii	"long unsigned int\000"
 1868      20756E73 
 1868      69676E65 
 1868      6420696E 
 1868      7400
 1869              	.LASF35:
 1870 032e 52455345 		.ascii	"RESERVED7\000"
 1870      52564544 
ARM GAS  /tmp/ccSvCiE5.s 			page 36


 1870      3700
 1871              	.LASF37:
 1872 0338 424B5031 		.ascii	"BKP1R\000"
 1872      5200
 1873              	.LASF26:
 1874 033e 414C524D 		.ascii	"ALRMBR\000"
 1874      425200
 1875              	.LASF59:
 1876 0345 636F756E 		.ascii	"count\000"
 1876      7400
 1877              	.LASF67:
 1878 034b 7274635F 		.ascii	"rtc_enter_init\000"
 1878      656E7465 
 1878      725F696E 
 1878      697400
 1879              	.LASF41:
 1880 035a 424B5035 		.ascii	"BKP5R\000"
 1880      5200
 1881              	.LASF60:
 1882 0360 66617474 		.ascii	"fattime\000"
 1882      696D6500 
 1883              	.LASF30:
 1884 0368 54535353 		.ascii	"TSSSR\000"
 1884      5200
 1885              	.LASF48:
 1886 036e 424B5031 		.ascii	"BKP12R\000"
 1886      325200
 1887              	.LASF45:
 1888 0375 424B5039 		.ascii	"BKP9R\000"
 1888      5200
 1889              	.LASF63:
 1890 037b 7274635F 		.ascii	"rtc_get_tr_bin\000"
 1890      6765745F 
 1890      74725F62 
 1890      696E00
 1891              		.ident	"GCC: (15:13.2.rel1-2) 13.2.1 20231009"
ARM GAS  /tmp/ccSvCiE5.s 			page 37


DEFINED SYMBOLS
                            *ABS*:00000000 rtc.c
     /tmp/ccSvCiE5.s:21     .text.rtc_exit_init:00000000 $t
     /tmp/ccSvCiE5.s:27     .text.rtc_exit_init:00000000 rtc_exit_init
     /tmp/ccSvCiE5.s:46     .text.rtc_exit_init:0000000c $d
     /tmp/ccSvCiE5.s:51     .text.rtc_enter_init:00000000 $t
     /tmp/ccSvCiE5.s:57     .text.rtc_enter_init:00000000 rtc_enter_init
     /tmp/ccSvCiE5.s:102    .text.rtc_enter_init:00000024 $d
     /tmp/ccSvCiE5.s:107    .text.rtc_get_tr_bin:00000000 $t
     /tmp/ccSvCiE5.s:114    .text.rtc_get_tr_bin:00000000 rtc_get_tr_bin
     /tmp/ccSvCiE5.s:152    .text.rtc_get_tr_bin:00000028 $d
     /tmp/ccSvCiE5.s:157    .text.rtc_get_dr_bin:00000000 $t
     /tmp/ccSvCiE5.s:164    .text.rtc_get_dr_bin:00000000 rtc_get_dr_bin
     /tmp/ccSvCiE5.s:198    .text.rtc_get_dr_bin:00000020 $d
     /tmp/ccSvCiE5.s:205    .text.rtc_get_FAT:00000000 $t
     /tmp/ccSvCiE5.s:212    .text.rtc_get_FAT:00000000 rtc_get_FAT
     /tmp/ccSvCiE5.s:289    .text.rtc_set_time:00000000 $t
     /tmp/ccSvCiE5.s:296    .text.rtc_set_time:00000000 rtc_set_time
     /tmp/ccSvCiE5.s:336    .text.rtc_set_time:00000018 $d
     /tmp/ccSvCiE5.s:341    .text.rtc_init:00000000 $t
     /tmp/ccSvCiE5.s:348    .text.rtc_init:00000000 rtc_init
     /tmp/ccSvCiE5.s:456    .text.rtc_init:0000005c $d

NO UNDEFINED SYMBOLS
