ARM GAS  /tmp/ccCBVJI3.s 			page 1


   1              		.cpu cortex-m4
   2              		.arch armv7e-m
   3              		.fpu fpv4-sp-d16
   4              		.eabi_attribute 27, 1
   5              		.eabi_attribute 28, 1
   6              		.eabi_attribute 20, 1
   7              		.eabi_attribute 21, 1
   8              		.eabi_attribute 23, 3
   9              		.eabi_attribute 24, 1
  10              		.eabi_attribute 25, 1
  11              		.eabi_attribute 26, 1
  12              		.eabi_attribute 30, 1
  13              		.eabi_attribute 34, 1
  14              		.eabi_attribute 18, 4
  15              		.file	"tlv320aic3204.c"
  16              		.text
  17              	.Ltext0:
  18              		.cfi_sections	.debug_frame
  19              		.file 1 "tlv320aic3204.c"
  20              	.Letext0:
  21              		.section	.debug_info,"",%progbits
  22              	.Ldebug_info0:
  23 0000 7D000000 		.4byte	0x7d
  24 0004 0500     		.2byte	0x5
  25 0006 01       		.byte	0x1
  26 0007 04       		.byte	0x4
  27 0008 00000000 		.4byte	.Ldebug_abbrev0
  28 000c 02       		.uleb128 0x2
  29 000d 1B000000 		.4byte	.LASF13
  30 0011 1D       		.byte	0x1d
  31 0012 94010000 		.4byte	.LASF14
  32 0016 CF010000 		.4byte	.LASF15
  33 001a 00000000 		.4byte	.Ldebug_line0
  34 001e 03       		.uleb128 0x3
  35 001f 04       		.byte	0x4
  36 0020 05       		.byte	0x5
  37 0021 696E7400 		.ascii	"int\000"
  38 0025 01       		.uleb128 0x1
  39 0026 04       		.byte	0x4
  40 0027 07       		.byte	0x7
  41 0028 0E000000 		.4byte	.LASF0
  42 002c 01       		.uleb128 0x1
  43 002d 08       		.byte	0x8
  44 002e 05       		.byte	0x5
  45 002f 00000000 		.4byte	.LASF1
  46 0033 01       		.uleb128 0x1
  47 0034 08       		.byte	0x8
  48 0035 04       		.byte	0x4
  49 0036 C3010000 		.4byte	.LASF2
  50 003a 01       		.uleb128 0x1
  51 003b 01       		.byte	0x1
  52 003c 06       		.byte	0x6
  53 003d B7010000 		.4byte	.LASF3
  54 0041 01       		.uleb128 0x1
  55 0042 02       		.byte	0x2
  56 0043 05       		.byte	0x5
  57 0044 E8010000 		.4byte	.LASF4
ARM GAS  /tmp/ccCBVJI3.s 			page 2


  58 0048 01       		.uleb128 0x1
  59 0049 04       		.byte	0x4
  60 004a 05       		.byte	0x5
  61 004b 85010000 		.4byte	.LASF5
  62 004f 01       		.uleb128 0x1
  63 0050 01       		.byte	0x1
  64 0051 08       		.byte	0x8
  65 0052 72010000 		.4byte	.LASF6
  66 0056 01       		.uleb128 0x1
  67 0057 02       		.byte	0x2
  68 0058 07       		.byte	0x7
  69 0059 A4010000 		.4byte	.LASF7
  70 005d 01       		.uleb128 0x1
  71 005e 04       		.byte	0x4
  72 005f 07       		.byte	0x7
  73 0060 49010000 		.4byte	.LASF8
  74 0064 01       		.uleb128 0x1
  75 0065 08       		.byte	0x8
  76 0066 07       		.byte	0x7
  77 0067 5B010000 		.4byte	.LASF9
  78 006b 01       		.uleb128 0x1
  79 006c 01       		.byte	0x1
  80 006d 08       		.byte	0x8
  81 006e 80010000 		.4byte	.LASF10
  82 0072 01       		.uleb128 0x1
  83 0073 01       		.byte	0x1
  84 0074 02       		.byte	0x2
  85 0075 8E010000 		.4byte	.LASF11
  86 0079 01       		.uleb128 0x1
  87 007a 04       		.byte	0x4
  88 007b 04       		.byte	0x4
  89 007c E2010000 		.4byte	.LASF12
  90 0080 00       		.byte	0
  91              		.section	.debug_abbrev,"",%progbits
  92              	.Ldebug_abbrev0:
  93 0000 01       		.uleb128 0x1
  94 0001 24       		.uleb128 0x24
  95 0002 00       		.byte	0
  96 0003 0B       		.uleb128 0xb
  97 0004 0B       		.uleb128 0xb
  98 0005 3E       		.uleb128 0x3e
  99 0006 0B       		.uleb128 0xb
 100 0007 03       		.uleb128 0x3
 101 0008 0E       		.uleb128 0xe
 102 0009 00       		.byte	0
 103 000a 00       		.byte	0
 104 000b 02       		.uleb128 0x2
 105 000c 11       		.uleb128 0x11
 106 000d 01       		.byte	0x1
 107 000e 25       		.uleb128 0x25
 108 000f 0E       		.uleb128 0xe
 109 0010 13       		.uleb128 0x13
 110 0011 0B       		.uleb128 0xb
 111 0012 03       		.uleb128 0x3
 112 0013 0E       		.uleb128 0xe
 113 0014 1B       		.uleb128 0x1b
 114 0015 0E       		.uleb128 0xe
ARM GAS  /tmp/ccCBVJI3.s 			page 3


 115 0016 10       		.uleb128 0x10
 116 0017 17       		.uleb128 0x17
 117 0018 00       		.byte	0
 118 0019 00       		.byte	0
 119 001a 03       		.uleb128 0x3
 120 001b 24       		.uleb128 0x24
 121 001c 00       		.byte	0
 122 001d 0B       		.uleb128 0xb
 123 001e 0B       		.uleb128 0xb
 124 001f 3E       		.uleb128 0x3e
 125 0020 0B       		.uleb128 0xb
 126 0021 03       		.uleb128 0x3
 127 0022 08       		.uleb128 0x8
 128 0023 00       		.byte	0
 129 0024 00       		.byte	0
 130 0025 00       		.byte	0
 131              		.section	.debug_aranges,"",%progbits
 132 0000 14000000 		.4byte	0x14
 133 0004 0200     		.2byte	0x2
 134 0006 00000000 		.4byte	.Ldebug_info0
 135 000a 04       		.byte	0x4
 136 000b 00       		.byte	0
 137 000c 0000     		.2byte	0
 138 000e 0000     		.2byte	0
 139 0010 00000000 		.4byte	0
 140 0014 00000000 		.4byte	0
 141              		.section	.debug_line,"",%progbits
 142              	.Ldebug_line0:
 143 0000 2C000000 		.section	.debug_str,"MS",%progbits,1
 143      03002600 
 143      00000201 
 143      FB0E0D00 
 143      01010101 
 144              	.LASF1:
 145 0000 6C6F6E67 		.ascii	"long long int\000"
 145      206C6F6E 
 145      6720696E 
 145      7400
 146              	.LASF0:
 147 000e 756E7369 		.ascii	"unsigned int\000"
 147      676E6564 
 147      20696E74 
 147      00
 148              	.LASF13:
 149 001b 474E5520 		.ascii	"GNU C11 13.2.1 20231009 -mcpu=cortex-m4 -mfloat-abi"
 149      43313120 
 149      31332E32 
 149      2E312032 
 149      30323331 
 150 004e 3D686172 		.ascii	"=hard -mfpu=fpv4-sp-d16 -mno-thumb-interwork -mthum"
 150      64202D6D 
 150      6670753D 
 150      66707634 
 150      2D73702D 
 151 0081 62202D6D 		.ascii	"b -march=armv7e-m+fp -ggdb -Og -std=c11 -fno-inline"
 151      61726368 
 151      3D61726D 
ARM GAS  /tmp/ccCBVJI3.s 			page 4


 151      7637652D 
 151      6D2B6670 
 152 00b4 2D736D61 		.ascii	"-small-functions -fomit-frame-pointer -falign-funct"
 152      6C6C2D66 
 152      756E6374 
 152      696F6E73 
 152      202D666F 
 153 00e7 696F6E73 		.ascii	"ions=16 -fstack-usage -ffunction-sections -fdata-se"
 153      3D313620 
 153      2D667374 
 153      61636B2D 
 153      75736167 
 154 011a 6374696F 		.ascii	"ctions -fno-common -fsingle-precision-constant\000"
 154      6E73202D 
 154      666E6F2D 
 154      636F6D6D 
 154      6F6E202D 
 155              	.LASF8:
 156 0149 6C6F6E67 		.ascii	"long unsigned int\000"
 156      20756E73 
 156      69676E65 
 156      6420696E 
 156      7400
 157              	.LASF9:
 158 015b 6C6F6E67 		.ascii	"long long unsigned int\000"
 158      206C6F6E 
 158      6720756E 
 158      7369676E 
 158      65642069 
 159              	.LASF6:
 160 0172 756E7369 		.ascii	"unsigned char\000"
 160      676E6564 
 160      20636861 
 160      7200
 161              	.LASF10:
 162 0180 63686172 		.ascii	"char\000"
 162      00
 163              	.LASF5:
 164 0185 6C6F6E67 		.ascii	"long int\000"
 164      20696E74 
 164      00
 165              	.LASF11:
 166 018e 5F426F6F 		.ascii	"_Bool\000"
 166      6C00
 167              	.LASF14:
 168 0194 746C7633 		.ascii	"tlv320aic3204.c\000"
 168      32306169 
 168      63333230 
 168      342E6300 
 169              	.LASF7:
 170 01a4 73686F72 		.ascii	"short unsigned int\000"
 170      7420756E 
 170      7369676E 
 170      65642069 
 170      6E7400
 171              	.LASF3:
 172 01b7 7369676E 		.ascii	"signed char\000"
ARM GAS  /tmp/ccCBVJI3.s 			page 5


 172      65642063 
 172      68617200 
 173              	.LASF2:
 174 01c3 6C6F6E67 		.ascii	"long double\000"
 174      20646F75 
 174      626C6500 
 175              	.LASF15:
 176 01cf 2F776F72 		.ascii	"/workspaces/tinySA\000"
 176      6B737061 
 176      6365732F 
 176      74696E79 
 176      534100
 177              	.LASF12:
 178 01e2 666C6F61 		.ascii	"float\000"
 178      7400
 179              	.LASF4:
 180 01e8 73686F72 		.ascii	"short int\000"
 180      7420696E 
 180      7400
 181              		.ident	"GCC: (15:13.2.rel1-2) 13.2.1 20231009"
ARM GAS  /tmp/ccCBVJI3.s 			page 6


DEFINED SYMBOLS
                            *ABS*:00000000 tlv320aic3204.c

NO UNDEFINED SYMBOLS
