ARM GAS  /tmp/cc8eX6Sv.s 			page 1


   1              		.cpu cortex-m4
   2              		.arch armv7e-m
   3              		.fpu fpv4-sp-d16
   4              		.eabi_attribute 27, 1
   5              		.eabi_attribute 28, 1
   6              		.eabi_attribute 20, 1
   7              		.eabi_attribute 21, 1
   8              		.eabi_attribute 23, 3
   9              		.eabi_attribute 24, 1
  10              		.eabi_attribute 25, 1
  11              		.eabi_attribute 26, 1
  12              		.eabi_attribute 30, 1
  13              		.eabi_attribute 34, 1
  14              		.eabi_attribute 18, 4
  15              		.file	"vectors.c"
  16              		.text
  17              	.Ltext0:
  18              		.cfi_sections	.debug_frame
  19              		.file 1 "ChibiOS/os/common/startup/ARMCMx/compilers/GCC/vectors.c"
  20              		.section	.text._unhandled_exception,"ax",%progbits
  21              		.align	1
  22              		.p2align 4,,15
  23              		.global	_unhandled_exception
  24              		.syntax unified
  25              		.thumb
  26              		.thumb_func
  27              		.type	_unhandled_exception, %function
  28              	_unhandled_exception:
  29              	.LFB123:
  30              		.loc 1 46 33 view -0
  31              		.cfi_startproc
  32              		@ Volatile: function does not return.
  33              		@ args = 0, pretend = 0, frame = 0
  34              		@ frame_needed = 0, uses_anonymous_args = 0
  35              		@ link register save eliminated.
  36              	.L2:
  37              		.loc 1 49 3 view .LVU1
  38              		.loc 1 50 3 view .LVU2
  39              		.loc 1 49 9 view .LVU3
  40 0000 FEE7     		b	.L2
  41              		.cfi_endproc
  42              	.LFE123:
  43              		.size	_unhandled_exception, .-_unhandled_exception
  44              		.weak	Vector19C
  45              		.thumb_set Vector19C,_unhandled_exception
  46              		.weak	Vector198
  47              		.thumb_set Vector198,_unhandled_exception
  48              		.weak	Vector194
  49              		.thumb_set Vector194,_unhandled_exception
  50              		.weak	Vector190
  51              		.thumb_set Vector190,_unhandled_exception
  52              		.weak	Vector18C
  53              		.thumb_set Vector18C,_unhandled_exception
  54              		.weak	Vector188
  55              		.thumb_set Vector188,_unhandled_exception
  56              		.weak	Vector184
  57              		.thumb_set Vector184,_unhandled_exception
ARM GAS  /tmp/cc8eX6Sv.s 			page 2


  58              		.weak	Vector180
  59              		.thumb_set Vector180,_unhandled_exception
  60              		.weak	Vector17C
  61              		.thumb_set Vector17C,_unhandled_exception
  62              		.weak	Vector178
  63              		.thumb_set Vector178,_unhandled_exception
  64              		.weak	Vector174
  65              		.thumb_set Vector174,_unhandled_exception
  66              		.weak	Vector170
  67              		.thumb_set Vector170,_unhandled_exception
  68              		.weak	Vector16C
  69              		.thumb_set Vector16C,_unhandled_exception
  70              		.weak	Vector168
  71              		.thumb_set Vector168,_unhandled_exception
  72              		.weak	Vector164
  73              		.thumb_set Vector164,_unhandled_exception
  74              		.weak	Vector160
  75              		.thumb_set Vector160,_unhandled_exception
  76              		.weak	Vector15C
  77              		.thumb_set Vector15C,_unhandled_exception
  78              		.weak	Vector158
  79              		.thumb_set Vector158,_unhandled_exception
  80              		.weak	Vector154
  81              		.thumb_set Vector154,_unhandled_exception
  82              		.weak	Vector150
  83              		.thumb_set Vector150,_unhandled_exception
  84              		.weak	Vector14C
  85              		.thumb_set Vector14C,_unhandled_exception
  86              		.weak	Vector148
  87              		.thumb_set Vector148,_unhandled_exception
  88              		.weak	Vector144
  89              		.thumb_set Vector144,_unhandled_exception
  90              		.weak	Vector140
  91              		.thumb_set Vector140,_unhandled_exception
  92              		.weak	Vector13C
  93              		.thumb_set Vector13C,_unhandled_exception
  94              		.weak	Vector138
  95              		.thumb_set Vector138,_unhandled_exception
  96              		.weak	Vector134
  97              		.thumb_set Vector134,_unhandled_exception
  98              		.weak	Vector130
  99              		.thumb_set Vector130,_unhandled_exception
 100              		.weak	Vector12C
 101              		.thumb_set Vector12C,_unhandled_exception
 102              		.weak	Vector128
 103              		.thumb_set Vector128,_unhandled_exception
 104              		.weak	Vector124
 105              		.thumb_set Vector124,_unhandled_exception
 106              		.weak	Vector120
 107              		.thumb_set Vector120,_unhandled_exception
 108              		.weak	Vector11C
 109              		.thumb_set Vector11C,_unhandled_exception
 110              		.weak	Vector118
 111              		.thumb_set Vector118,_unhandled_exception
 112              		.weak	Vector114
 113              		.thumb_set Vector114,_unhandled_exception
 114              		.weak	Vector110
ARM GAS  /tmp/cc8eX6Sv.s 			page 3


 115              		.thumb_set Vector110,_unhandled_exception
 116              		.weak	Vector10C
 117              		.thumb_set Vector10C,_unhandled_exception
 118              		.weak	Vector108
 119              		.thumb_set Vector108,_unhandled_exception
 120              		.weak	Vector104
 121              		.thumb_set Vector104,_unhandled_exception
 122              		.weak	Vector100
 123              		.thumb_set Vector100,_unhandled_exception
 124              		.weak	VectorFC
 125              		.thumb_set VectorFC,_unhandled_exception
 126              		.weak	VectorF8
 127              		.thumb_set VectorF8,_unhandled_exception
 128              		.weak	VectorF4
 129              		.thumb_set VectorF4,_unhandled_exception
 130              		.weak	VectorF0
 131              		.thumb_set VectorF0,_unhandled_exception
 132              		.weak	VectorEC
 133              		.thumb_set VectorEC,_unhandled_exception
 134              		.weak	VectorE8
 135              		.thumb_set VectorE8,_unhandled_exception
 136              		.weak	VectorE4
 137              		.thumb_set VectorE4,_unhandled_exception
 138              		.weak	VectorE0
 139              		.thumb_set VectorE0,_unhandled_exception
 140              		.weak	VectorDC
 141              		.thumb_set VectorDC,_unhandled_exception
 142              		.weak	VectorD8
 143              		.thumb_set VectorD8,_unhandled_exception
 144              		.weak	VectorD4
 145              		.thumb_set VectorD4,_unhandled_exception
 146              		.weak	VectorD0
 147              		.thumb_set VectorD0,_unhandled_exception
 148              		.weak	VectorCC
 149              		.thumb_set VectorCC,_unhandled_exception
 150              		.weak	VectorC8
 151              		.thumb_set VectorC8,_unhandled_exception
 152              		.weak	VectorC4
 153              		.thumb_set VectorC4,_unhandled_exception
 154              		.weak	VectorC0
 155              		.thumb_set VectorC0,_unhandled_exception
 156              		.weak	VectorBC
 157              		.thumb_set VectorBC,_unhandled_exception
 158              		.weak	VectorB8
 159              		.thumb_set VectorB8,_unhandled_exception
 160              		.weak	VectorB4
 161              		.thumb_set VectorB4,_unhandled_exception
 162              		.weak	VectorB0
 163              		.thumb_set VectorB0,_unhandled_exception
 164              		.weak	VectorAC
 165              		.thumb_set VectorAC,_unhandled_exception
 166              		.weak	VectorA8
 167              		.thumb_set VectorA8,_unhandled_exception
 168              		.weak	VectorA4
 169              		.thumb_set VectorA4,_unhandled_exception
 170              		.weak	VectorA0
 171              		.thumb_set VectorA0,_unhandled_exception
ARM GAS  /tmp/cc8eX6Sv.s 			page 4


 172              		.weak	Vector9C
 173              		.thumb_set Vector9C,_unhandled_exception
 174              		.weak	Vector98
 175              		.thumb_set Vector98,_unhandled_exception
 176              		.weak	Vector94
 177              		.thumb_set Vector94,_unhandled_exception
 178              		.weak	Vector90
 179              		.thumb_set Vector90,_unhandled_exception
 180              		.weak	Vector8C
 181              		.thumb_set Vector8C,_unhandled_exception
 182              		.weak	Vector88
 183              		.thumb_set Vector88,_unhandled_exception
 184              		.weak	Vector84
 185              		.thumb_set Vector84,_unhandled_exception
 186              		.weak	Vector80
 187              		.thumb_set Vector80,_unhandled_exception
 188              		.weak	Vector7C
 189              		.thumb_set Vector7C,_unhandled_exception
 190              		.weak	Vector78
 191              		.thumb_set Vector78,_unhandled_exception
 192              		.weak	Vector74
 193              		.thumb_set Vector74,_unhandled_exception
 194              		.weak	Vector70
 195              		.thumb_set Vector70,_unhandled_exception
 196              		.weak	Vector6C
 197              		.thumb_set Vector6C,_unhandled_exception
 198              		.weak	Vector68
 199              		.thumb_set Vector68,_unhandled_exception
 200              		.weak	Vector64
 201              		.thumb_set Vector64,_unhandled_exception
 202              		.weak	Vector60
 203              		.thumb_set Vector60,_unhandled_exception
 204              		.weak	Vector5C
 205              		.thumb_set Vector5C,_unhandled_exception
 206              		.weak	Vector58
 207              		.thumb_set Vector58,_unhandled_exception
 208              		.weak	Vector54
 209              		.thumb_set Vector54,_unhandled_exception
 210              		.weak	Vector50
 211              		.thumb_set Vector50,_unhandled_exception
 212              		.weak	Vector4C
 213              		.thumb_set Vector4C,_unhandled_exception
 214              		.weak	Vector48
 215              		.thumb_set Vector48,_unhandled_exception
 216              		.weak	Vector44
 217              		.thumb_set Vector44,_unhandled_exception
 218              		.weak	Vector40
 219              		.thumb_set Vector40,_unhandled_exception
 220              		.weak	SysTick_Handler
 221              		.thumb_set SysTick_Handler,_unhandled_exception
 222              		.weak	PendSV_Handler
 223              		.thumb_set PendSV_Handler,_unhandled_exception
 224              		.weak	Vector34
 225              		.thumb_set Vector34,_unhandled_exception
 226              		.weak	DebugMon_Handler
 227              		.thumb_set DebugMon_Handler,_unhandled_exception
 228              		.weak	SVC_Handler
ARM GAS  /tmp/cc8eX6Sv.s 			page 5


 229              		.thumb_set SVC_Handler,_unhandled_exception
 230              		.weak	Vector28
 231              		.thumb_set Vector28,_unhandled_exception
 232              		.weak	Vector24
 233              		.thumb_set Vector24,_unhandled_exception
 234              		.weak	Vector20
 235              		.thumb_set Vector20,_unhandled_exception
 236              		.weak	Vector1C
 237              		.thumb_set Vector1C,_unhandled_exception
 238              		.weak	UsageFault_Handler
 239              		.thumb_set UsageFault_Handler,_unhandled_exception
 240              		.weak	BusFault_Handler
 241              		.thumb_set BusFault_Handler,_unhandled_exception
 242              		.weak	MemManage_Handler
 243              		.thumb_set MemManage_Handler,_unhandled_exception
 244              		.weak	HardFault_Handler
 245              		.thumb_set HardFault_Handler,_unhandled_exception
 246              		.weak	NMI_Handler
 247              		.thumb_set NMI_Handler,_unhandled_exception
 248              		.global	_vectors
 249 0002 00BF     		.section	.vectors,"aw"
 250              		.align	7
 251              		.type	_vectors, %object
 252              		.size	_vectors, 416
 253              	_vectors:
 254 0000 00000000 		.word	__main_stack_end__
 255 0004 00000000 		.word	Reset_Handler
 256 0008 00000000 		.word	NMI_Handler
 257 000c 00000000 		.word	HardFault_Handler
 258 0010 00000000 		.word	MemManage_Handler
 259 0014 00000000 		.word	BusFault_Handler
 260 0018 00000000 		.word	UsageFault_Handler
 261 001c 00000000 		.word	Vector1C
 262 0020 00000000 		.word	Vector20
 263 0024 00000000 		.word	Vector24
 264 0028 00000000 		.word	Vector28
 265 002c 00000000 		.word	SVC_Handler
 266 0030 00000000 		.word	DebugMon_Handler
 267 0034 00000000 		.word	Vector34
 268 0038 00000000 		.word	PendSV_Handler
 269 003c 00000000 		.word	SysTick_Handler
 270 0040 00000000 		.word	Vector40
 271 0044 00000000 		.word	Vector44
 272 0048 00000000 		.word	Vector48
 273 004c 00000000 		.word	Vector4C
 274 0050 00000000 		.word	Vector50
 275 0054 00000000 		.word	Vector54
 276 0058 00000000 		.word	Vector58
 277 005c 00000000 		.word	Vector5C
 278 0060 00000000 		.word	Vector60
 279 0064 00000000 		.word	Vector64
 280 0068 00000000 		.word	Vector68
 281 006c 00000000 		.word	Vector6C
 282 0070 00000000 		.word	Vector70
 283 0074 00000000 		.word	Vector74
 284 0078 00000000 		.word	Vector78
 285 007c 00000000 		.word	Vector7C
ARM GAS  /tmp/cc8eX6Sv.s 			page 6


 286 0080 00000000 		.word	Vector80
 287 0084 00000000 		.word	Vector84
 288 0088 00000000 		.word	Vector88
 289 008c 00000000 		.word	Vector8C
 290 0090 00000000 		.word	Vector90
 291 0094 00000000 		.word	Vector94
 292 0098 00000000 		.word	Vector98
 293 009c 00000000 		.word	Vector9C
 294 00a0 00000000 		.word	VectorA0
 295 00a4 00000000 		.word	VectorA4
 296 00a8 00000000 		.word	VectorA8
 297 00ac 00000000 		.word	VectorAC
 298 00b0 00000000 		.word	VectorB0
 299 00b4 00000000 		.word	VectorB4
 300 00b8 00000000 		.word	VectorB8
 301 00bc 00000000 		.word	VectorBC
 302 00c0 00000000 		.word	VectorC0
 303 00c4 00000000 		.word	VectorC4
 304 00c8 00000000 		.word	VectorC8
 305 00cc 00000000 		.word	VectorCC
 306 00d0 00000000 		.word	VectorD0
 307 00d4 00000000 		.word	VectorD4
 308 00d8 00000000 		.word	VectorD8
 309 00dc 00000000 		.word	VectorDC
 310 00e0 00000000 		.word	VectorE0
 311 00e4 00000000 		.word	VectorE4
 312 00e8 00000000 		.word	VectorE8
 313 00ec 00000000 		.word	VectorEC
 314 00f0 00000000 		.word	VectorF0
 315 00f4 00000000 		.word	VectorF4
 316 00f8 00000000 		.word	VectorF8
 317 00fc 00000000 		.word	VectorFC
 318 0100 00000000 		.word	Vector100
 319 0104 00000000 		.word	Vector104
 320 0108 00000000 		.word	Vector108
 321 010c 00000000 		.word	Vector10C
 322 0110 00000000 		.word	Vector110
 323 0114 00000000 		.word	Vector114
 324 0118 00000000 		.word	Vector118
 325 011c 00000000 		.word	Vector11C
 326 0120 00000000 		.word	Vector120
 327 0124 00000000 		.word	Vector124
 328 0128 00000000 		.word	Vector128
 329 012c 00000000 		.word	Vector12C
 330 0130 00000000 		.word	Vector130
 331 0134 00000000 		.word	Vector134
 332 0138 00000000 		.word	Vector138
 333 013c 00000000 		.word	Vector13C
 334 0140 00000000 		.word	Vector140
 335 0144 00000000 		.word	Vector144
 336 0148 00000000 		.word	Vector148
 337 014c 00000000 		.word	Vector14C
 338 0150 00000000 		.word	Vector150
 339 0154 00000000 		.word	Vector154
 340 0158 00000000 		.word	Vector158
 341 015c 00000000 		.word	Vector15C
 342 0160 00000000 		.word	Vector160
ARM GAS  /tmp/cc8eX6Sv.s 			page 7


 343 0164 00000000 		.word	Vector164
 344 0168 00000000 		.word	Vector168
 345 016c 00000000 		.word	Vector16C
 346 0170 00000000 		.word	Vector170
 347 0174 00000000 		.word	Vector174
 348 0178 00000000 		.word	Vector178
 349 017c 00000000 		.word	Vector17C
 350 0180 00000000 		.word	Vector180
 351 0184 00000000 		.word	Vector184
 352 0188 00000000 		.word	Vector188
 353 018c 00000000 		.word	Vector18C
 354 0190 00000000 		.word	Vector190
 355 0194 00000000 		.word	Vector194
 356 0198 00000000 		.word	Vector198
 357 019c 00000000 		.word	Vector19C
 358              		.text
 359              	.Letext0:
 360              		.file 2 "/usr/lib/gcc/arm-none-eabi/13.2.1/include/stdint.h"
 361              		.file 3 "ChibiOS/os/common/startup/ARMCMx/compilers/GCC/vectors.h"
 362              		.section	.debug_info,"",%progbits
 363              	.Ldebug_info0:
 364 0000 C0010000 		.4byte	0x1c0
 365 0004 0500     		.2byte	0x5
 366 0006 01       		.byte	0x1
 367 0007 04       		.byte	0x4
 368 0008 00000000 		.4byte	.Ldebug_abbrev0
 369 000c 06       		.uleb128 0x6
 370 000d D6010000 		.4byte	.LASF31
 371 0011 1D       		.byte	0x1d
 372 0012 5F000000 		.4byte	.LASF32
 373 0016 0B010000 		.4byte	.LASF33
 374 001a 0C000000 		.4byte	.LLRL0
 375 001e 00000000 		.4byte	0
 376 0022 00000000 		.4byte	.Ldebug_line0
 377 0026 02       		.uleb128 0x2
 378 0027 01       		.byte	0x1
 379 0028 06       		.byte	0x6
 380 0029 16030000 		.4byte	.LASF0
 381 002d 02       		.uleb128 0x2
 382 002e 02       		.byte	0x2
 383 002f 05       		.byte	0x5
 384 0030 BA010000 		.4byte	.LASF1
 385 0034 02       		.uleb128 0x2
 386 0035 04       		.byte	0x4
 387 0036 05       		.byte	0x5
 388 0037 CD010000 		.4byte	.LASF2
 389 003b 02       		.uleb128 0x2
 390 003c 08       		.byte	0x8
 391 003d 05       		.byte	0x5
 392 003e 7E010000 		.4byte	.LASF3
 393 0042 02       		.uleb128 0x2
 394 0043 01       		.byte	0x1
 395 0044 08       		.byte	0x8
 396 0045 B8000000 		.4byte	.LASF4
 397 0049 02       		.uleb128 0x2
 398 004a 02       		.byte	0x2
 399 004b 07       		.byte	0x7
ARM GAS  /tmp/cc8eX6Sv.s 			page 8


 400 004c 43000000 		.4byte	.LASF5
 401 0050 03       		.uleb128 0x3
 402 0051 C4010000 		.4byte	.LASF9
 403 0055 02       		.byte	0x2
 404 0056 34       		.byte	0x34
 405 0057 19       		.byte	0x19
 406 0058 5C000000 		.4byte	0x5c
 407 005c 02       		.uleb128 0x2
 408 005d 04       		.byte	0x4
 409 005e 07       		.byte	0x7
 410 005f C6000000 		.4byte	.LASF6
 411 0063 02       		.uleb128 0x2
 412 0064 08       		.byte	0x8
 413 0065 07       		.byte	0x7
 414 0066 34010000 		.4byte	.LASF7
 415 006a 07       		.uleb128 0x7
 416 006b 04       		.byte	0x4
 417 006c 05       		.byte	0x5
 418 006d 696E7400 		.ascii	"int\000"
 419 0071 02       		.uleb128 0x2
 420 0072 04       		.byte	0x4
 421 0073 07       		.byte	0x7
 422 0074 1E010000 		.4byte	.LASF8
 423 0078 03       		.uleb128 0x3
 424 0079 00000000 		.4byte	.LASF10
 425 007d 03       		.byte	0x3
 426 007e 32       		.byte	0x32
 427 007f 11       		.byte	0x11
 428 0080 84000000 		.4byte	0x84
 429 0084 04       		.uleb128 0x4
 430 0085 89000000 		.4byte	0x89
 431 0089 08       		.uleb128 0x8
 432 008a 09       		.uleb128 0x9
 433 008b A001     		.2byte	0x1a0
 434 008d 03       		.byte	0x3
 435 008e 37       		.byte	0x37
 436 008f 09       		.byte	0x9
 437 0090 61010000 		.4byte	0x161
 438 0094 01       		.uleb128 0x1
 439 0095 98000000 		.4byte	.LASF11
 440 0099 38       		.byte	0x38
 441 009a 12       		.byte	0x12
 442 009b 61010000 		.4byte	0x161
 443 009f 00       		.byte	0
 444 00a0 01       		.uleb128 0x1
 445 00a1 5D010000 		.4byte	.LASF12
 446 00a5 39       		.byte	0x39
 447 00a6 11       		.byte	0x11
 448 00a7 78000000 		.4byte	0x78
 449 00ab 04       		.byte	0x4
 450 00ac 01       		.uleb128 0x1
 451 00ad FF000000 		.4byte	.LASF13
 452 00b1 3A       		.byte	0x3a
 453 00b2 11       		.byte	0x11
 454 00b3 78000000 		.4byte	0x78
 455 00b7 08       		.byte	0x8
 456 00b8 01       		.uleb128 0x1
ARM GAS  /tmp/cc8eX6Sv.s 			page 9


 457 00b9 ED000000 		.4byte	.LASF14
 458 00bd 3B       		.byte	0x3b
 459 00be 11       		.byte	0x11
 460 00bf 78000000 		.4byte	0x78
 461 00c3 0C       		.byte	0xc
 462 00c4 01       		.uleb128 0x1
 463 00c5 04030000 		.4byte	.LASF15
 464 00c9 3C       		.byte	0x3c
 465 00ca 11       		.byte	0x11
 466 00cb 78000000 		.4byte	0x78
 467 00cf 10       		.byte	0x10
 468 00d0 01       		.uleb128 0x1
 469 00d1 8C010000 		.4byte	.LASF16
 470 00d5 3D       		.byte	0x3d
 471 00d6 11       		.byte	0x11
 472 00d7 78000000 		.4byte	0x78
 473 00db 14       		.byte	0x14
 474 00dc 01       		.uleb128 0x1
 475 00dd 6B010000 		.4byte	.LASF17
 476 00e1 3E       		.byte	0x3e
 477 00e2 11       		.byte	0x11
 478 00e3 78000000 		.4byte	0x78
 479 00e7 18       		.byte	0x18
 480 00e8 01       		.uleb128 0x1
 481 00e9 E4000000 		.4byte	.LASF18
 482 00ed 3F       		.byte	0x3f
 483 00ee 11       		.byte	0x11
 484 00ef 78000000 		.4byte	0x78
 485 00f3 1C       		.byte	0x1c
 486 00f4 01       		.uleb128 0x1
 487 00f5 2B010000 		.4byte	.LASF19
 488 00f9 40       		.byte	0x40
 489 00fa 11       		.byte	0x11
 490 00fb 78000000 		.4byte	0x78
 491 00ff 20       		.byte	0x20
 492 0100 01       		.uleb128 0x1
 493 0101 4B010000 		.4byte	.LASF20
 494 0105 41       		.byte	0x41
 495 0106 11       		.byte	0x11
 496 0107 78000000 		.4byte	0x78
 497 010b 24       		.byte	0x24
 498 010c 01       		.uleb128 0x1
 499 010d 54010000 		.4byte	.LASF21
 500 0111 42       		.byte	0x42
 501 0112 11       		.byte	0x11
 502 0113 78000000 		.4byte	0x78
 503 0117 28       		.byte	0x28
 504 0118 01       		.uleb128 0x1
 505 0119 D8000000 		.4byte	.LASF22
 506 011d 43       		.byte	0x43
 507 011e 11       		.byte	0x11
 508 011f 78000000 		.4byte	0x78
 509 0123 2C       		.byte	0x2c
 510 0124 01       		.uleb128 0x1
 511 0125 A3000000 		.4byte	.LASF23
 512 0129 44       		.byte	0x44
 513 012a 11       		.byte	0x11
ARM GAS  /tmp/cc8eX6Sv.s 			page 10


 514 012b 78000000 		.4byte	0x78
 515 012f 30       		.byte	0x30
 516 0130 01       		.uleb128 0x1
 517 0131 0D000000 		.4byte	.LASF24
 518 0135 45       		.byte	0x45
 519 0136 11       		.byte	0x11
 520 0137 78000000 		.4byte	0x78
 521 013b 34       		.byte	0x34
 522 013c 01       		.uleb128 0x1
 523 013d 16000000 		.4byte	.LASF25
 524 0141 46       		.byte	0x46
 525 0142 11       		.byte	0x11
 526 0143 78000000 		.4byte	0x78
 527 0147 38       		.byte	0x38
 528 0148 01       		.uleb128 0x1
 529 0149 33000000 		.4byte	.LASF26
 530 014d 47       		.byte	0x47
 531 014e 11       		.byte	0x11
 532 014f 78000000 		.4byte	0x78
 533 0153 3C       		.byte	0x3c
 534 0154 01       		.uleb128 0x1
 535 0155 B2010000 		.4byte	.LASF27
 536 0159 48       		.byte	0x48
 537 015a 11       		.byte	0x11
 538 015b 66010000 		.4byte	0x166
 539 015f 40       		.byte	0x40
 540 0160 00       		.byte	0
 541 0161 04       		.uleb128 0x4
 542 0162 50000000 		.4byte	0x50
 543 0166 0A       		.uleb128 0xa
 544 0167 78000000 		.4byte	0x78
 545 016b 76010000 		.4byte	0x176
 546 016f 0B       		.uleb128 0xb
 547 0170 71000000 		.4byte	0x71
 548 0174 57       		.byte	0x57
 549 0175 00       		.byte	0
 550 0176 03       		.uleb128 0x3
 551 0177 22030000 		.4byte	.LASF28
 552 017b 03       		.byte	0x3
 553 017c 49       		.byte	0x49
 554 017d 03       		.byte	0x3
 555 017e 8A000000 		.4byte	0x8a
 556 0182 05       		.uleb128 0x5
 557 0183 56000000 		.4byte	.LASF29
 558 0187 03       		.byte	0x3
 559 0188 55       		.byte	0x55
 560 0189 12       		.byte	0x12
 561 018a 76010000 		.4byte	0x176
 562 018e 05       		.uleb128 0x5
 563 018f 2C030000 		.4byte	.LASF30
 564 0193 01       		.byte	0x1
 565 0194 36       		.byte	0x36
 566 0195 11       		.byte	0x11
 567 0196 50000000 		.4byte	0x50
 568 019a 0C       		.uleb128 0xc
 569 019b 82010000 		.4byte	0x182
 570 019f 01       		.byte	0x1
ARM GAS  /tmp/cc8eX6Sv.s 			page 11


 571 01a0 B901     		.2byte	0x1b9
 572 01a2 0B       		.byte	0xb
 573 01a3 05       		.uleb128 0x5
 574 01a4 03       		.byte	0x3
 575 01a5 00000000 		.4byte	_vectors
 576 01a9 0D       		.uleb128 0xd
 577 01aa 25000000 		.4byte	.LASF34
 578 01ae 01       		.byte	0x1
 579 01af 37       		.byte	0x37
 580 01b0 06       		.byte	0x6
 581 01b1 0E       		.uleb128 0xe
 582 01b2 9D010000 		.4byte	.LASF35
 583 01b6 01       		.byte	0x1
 584 01b7 2E       		.byte	0x2e
 585 01b8 06       		.byte	0x6
 586 01b9 00000000 		.4byte	.LFB123
 587 01bd 02000000 		.4byte	.LFE123-.LFB123
 588 01c1 01       		.uleb128 0x1
 589 01c2 9C       		.byte	0x9c
 590 01c3 00       		.byte	0
 591              		.section	.debug_abbrev,"",%progbits
 592              	.Ldebug_abbrev0:
 593 0000 01       		.uleb128 0x1
 594 0001 0D       		.uleb128 0xd
 595 0002 00       		.byte	0
 596 0003 03       		.uleb128 0x3
 597 0004 0E       		.uleb128 0xe
 598 0005 3A       		.uleb128 0x3a
 599 0006 21       		.uleb128 0x21
 600 0007 03       		.sleb128 3
 601 0008 3B       		.uleb128 0x3b
 602 0009 0B       		.uleb128 0xb
 603 000a 39       		.uleb128 0x39
 604 000b 0B       		.uleb128 0xb
 605 000c 49       		.uleb128 0x49
 606 000d 13       		.uleb128 0x13
 607 000e 38       		.uleb128 0x38
 608 000f 0B       		.uleb128 0xb
 609 0010 00       		.byte	0
 610 0011 00       		.byte	0
 611 0012 02       		.uleb128 0x2
 612 0013 24       		.uleb128 0x24
 613 0014 00       		.byte	0
 614 0015 0B       		.uleb128 0xb
 615 0016 0B       		.uleb128 0xb
 616 0017 3E       		.uleb128 0x3e
 617 0018 0B       		.uleb128 0xb
 618 0019 03       		.uleb128 0x3
 619 001a 0E       		.uleb128 0xe
 620 001b 00       		.byte	0
 621 001c 00       		.byte	0
 622 001d 03       		.uleb128 0x3
 623 001e 16       		.uleb128 0x16
 624 001f 00       		.byte	0
 625 0020 03       		.uleb128 0x3
 626 0021 0E       		.uleb128 0xe
 627 0022 3A       		.uleb128 0x3a
ARM GAS  /tmp/cc8eX6Sv.s 			page 12


 628 0023 0B       		.uleb128 0xb
 629 0024 3B       		.uleb128 0x3b
 630 0025 0B       		.uleb128 0xb
 631 0026 39       		.uleb128 0x39
 632 0027 0B       		.uleb128 0xb
 633 0028 49       		.uleb128 0x49
 634 0029 13       		.uleb128 0x13
 635 002a 00       		.byte	0
 636 002b 00       		.byte	0
 637 002c 04       		.uleb128 0x4
 638 002d 0F       		.uleb128 0xf
 639 002e 00       		.byte	0
 640 002f 0B       		.uleb128 0xb
 641 0030 21       		.uleb128 0x21
 642 0031 04       		.sleb128 4
 643 0032 49       		.uleb128 0x49
 644 0033 13       		.uleb128 0x13
 645 0034 00       		.byte	0
 646 0035 00       		.byte	0
 647 0036 05       		.uleb128 0x5
 648 0037 34       		.uleb128 0x34
 649 0038 00       		.byte	0
 650 0039 03       		.uleb128 0x3
 651 003a 0E       		.uleb128 0xe
 652 003b 3A       		.uleb128 0x3a
 653 003c 0B       		.uleb128 0xb
 654 003d 3B       		.uleb128 0x3b
 655 003e 0B       		.uleb128 0xb
 656 003f 39       		.uleb128 0x39
 657 0040 0B       		.uleb128 0xb
 658 0041 49       		.uleb128 0x49
 659 0042 13       		.uleb128 0x13
 660 0043 3F       		.uleb128 0x3f
 661 0044 19       		.uleb128 0x19
 662 0045 3C       		.uleb128 0x3c
 663 0046 19       		.uleb128 0x19
 664 0047 00       		.byte	0
 665 0048 00       		.byte	0
 666 0049 06       		.uleb128 0x6
 667 004a 11       		.uleb128 0x11
 668 004b 01       		.byte	0x1
 669 004c 25       		.uleb128 0x25
 670 004d 0E       		.uleb128 0xe
 671 004e 13       		.uleb128 0x13
 672 004f 0B       		.uleb128 0xb
 673 0050 03       		.uleb128 0x3
 674 0051 0E       		.uleb128 0xe
 675 0052 1B       		.uleb128 0x1b
 676 0053 0E       		.uleb128 0xe
 677 0054 55       		.uleb128 0x55
 678 0055 17       		.uleb128 0x17
 679 0056 11       		.uleb128 0x11
 680 0057 01       		.uleb128 0x1
 681 0058 10       		.uleb128 0x10
 682 0059 17       		.uleb128 0x17
 683 005a 00       		.byte	0
 684 005b 00       		.byte	0
ARM GAS  /tmp/cc8eX6Sv.s 			page 13


 685 005c 07       		.uleb128 0x7
 686 005d 24       		.uleb128 0x24
 687 005e 00       		.byte	0
 688 005f 0B       		.uleb128 0xb
 689 0060 0B       		.uleb128 0xb
 690 0061 3E       		.uleb128 0x3e
 691 0062 0B       		.uleb128 0xb
 692 0063 03       		.uleb128 0x3
 693 0064 08       		.uleb128 0x8
 694 0065 00       		.byte	0
 695 0066 00       		.byte	0
 696 0067 08       		.uleb128 0x8
 697 0068 15       		.uleb128 0x15
 698 0069 00       		.byte	0
 699 006a 27       		.uleb128 0x27
 700 006b 19       		.uleb128 0x19
 701 006c 00       		.byte	0
 702 006d 00       		.byte	0
 703 006e 09       		.uleb128 0x9
 704 006f 13       		.uleb128 0x13
 705 0070 01       		.byte	0x1
 706 0071 0B       		.uleb128 0xb
 707 0072 05       		.uleb128 0x5
 708 0073 3A       		.uleb128 0x3a
 709 0074 0B       		.uleb128 0xb
 710 0075 3B       		.uleb128 0x3b
 711 0076 0B       		.uleb128 0xb
 712 0077 39       		.uleb128 0x39
 713 0078 0B       		.uleb128 0xb
 714 0079 01       		.uleb128 0x1
 715 007a 13       		.uleb128 0x13
 716 007b 00       		.byte	0
 717 007c 00       		.byte	0
 718 007d 0A       		.uleb128 0xa
 719 007e 01       		.uleb128 0x1
 720 007f 01       		.byte	0x1
 721 0080 49       		.uleb128 0x49
 722 0081 13       		.uleb128 0x13
 723 0082 01       		.uleb128 0x1
 724 0083 13       		.uleb128 0x13
 725 0084 00       		.byte	0
 726 0085 00       		.byte	0
 727 0086 0B       		.uleb128 0xb
 728 0087 21       		.uleb128 0x21
 729 0088 00       		.byte	0
 730 0089 49       		.uleb128 0x49
 731 008a 13       		.uleb128 0x13
 732 008b 2F       		.uleb128 0x2f
 733 008c 0B       		.uleb128 0xb
 734 008d 00       		.byte	0
 735 008e 00       		.byte	0
 736 008f 0C       		.uleb128 0xc
 737 0090 34       		.uleb128 0x34
 738 0091 00       		.byte	0
 739 0092 47       		.uleb128 0x47
 740 0093 13       		.uleb128 0x13
 741 0094 3A       		.uleb128 0x3a
ARM GAS  /tmp/cc8eX6Sv.s 			page 14


 742 0095 0B       		.uleb128 0xb
 743 0096 3B       		.uleb128 0x3b
 744 0097 05       		.uleb128 0x5
 745 0098 39       		.uleb128 0x39
 746 0099 0B       		.uleb128 0xb
 747 009a 02       		.uleb128 0x2
 748 009b 18       		.uleb128 0x18
 749 009c 00       		.byte	0
 750 009d 00       		.byte	0
 751 009e 0D       		.uleb128 0xd
 752 009f 2E       		.uleb128 0x2e
 753 00a0 00       		.byte	0
 754 00a1 3F       		.uleb128 0x3f
 755 00a2 19       		.uleb128 0x19
 756 00a3 03       		.uleb128 0x3
 757 00a4 0E       		.uleb128 0xe
 758 00a5 3A       		.uleb128 0x3a
 759 00a6 0B       		.uleb128 0xb
 760 00a7 3B       		.uleb128 0x3b
 761 00a8 0B       		.uleb128 0xb
 762 00a9 39       		.uleb128 0x39
 763 00aa 0B       		.uleb128 0xb
 764 00ab 27       		.uleb128 0x27
 765 00ac 19       		.uleb128 0x19
 766 00ad 3C       		.uleb128 0x3c
 767 00ae 19       		.uleb128 0x19
 768 00af 00       		.byte	0
 769 00b0 00       		.byte	0
 770 00b1 0E       		.uleb128 0xe
 771 00b2 2E       		.uleb128 0x2e
 772 00b3 00       		.byte	0
 773 00b4 3F       		.uleb128 0x3f
 774 00b5 19       		.uleb128 0x19
 775 00b6 03       		.uleb128 0x3
 776 00b7 0E       		.uleb128 0xe
 777 00b8 3A       		.uleb128 0x3a
 778 00b9 0B       		.uleb128 0xb
 779 00ba 3B       		.uleb128 0x3b
 780 00bb 0B       		.uleb128 0xb
 781 00bc 39       		.uleb128 0x39
 782 00bd 0B       		.uleb128 0xb
 783 00be 27       		.uleb128 0x27
 784 00bf 19       		.uleb128 0x19
 785 00c0 11       		.uleb128 0x11
 786 00c1 01       		.uleb128 0x1
 787 00c2 12       		.uleb128 0x12
 788 00c3 06       		.uleb128 0x6
 789 00c4 40       		.uleb128 0x40
 790 00c5 18       		.uleb128 0x18
 791 00c6 7A       		.uleb128 0x7a
 792 00c7 19       		.uleb128 0x19
 793 00c8 00       		.byte	0
 794 00c9 00       		.byte	0
 795 00ca 00       		.byte	0
 796              		.section	.debug_aranges,"",%progbits
 797 0000 1C000000 		.4byte	0x1c
 798 0004 0200     		.2byte	0x2
ARM GAS  /tmp/cc8eX6Sv.s 			page 15


 799 0006 00000000 		.4byte	.Ldebug_info0
 800 000a 04       		.byte	0x4
 801 000b 00       		.byte	0
 802 000c 0000     		.2byte	0
 803 000e 0000     		.2byte	0
 804 0010 00000000 		.4byte	.LFB123
 805 0014 02000000 		.4byte	.LFE123-.LFB123
 806 0018 00000000 		.4byte	0
 807 001c 00000000 		.4byte	0
 808              		.section	.debug_rnglists,"",%progbits
 809              	.Ldebug_ranges0:
 810 0000 0F000000 		.4byte	.Ldebug_ranges3-.Ldebug_ranges2
 811              	.Ldebug_ranges2:
 812 0004 0500     		.2byte	0x5
 813 0006 04       		.byte	0x4
 814 0007 00       		.byte	0
 815 0008 00000000 		.4byte	0
 816              	.LLRL0:
 817 000c 07       		.byte	0x7
 818 000d 00000000 		.4byte	.LFB123
 819 0011 02       		.uleb128 .LFE123-.LFB123
 820 0012 00       		.byte	0
 821              	.Ldebug_ranges3:
 822              		.section	.debug_line,"",%progbits
 823              	.Ldebug_line0:
 824 0000 B0000000 		.section	.debug_str,"MS",%progbits,1
 824      03009200 
 824      00000201 
 824      FB0E0D00 
 824      01010101 
 825              	.LASF10:
 826 0000 6972715F 		.ascii	"irq_vector_t\000"
 826      76656374 
 826      6F725F74 
 826      00
 827              	.LASF24:
 828 000d 76656374 		.ascii	"vector34\000"
 828      6F723334 
 828      00
 829              	.LASF25:
 830 0016 70656E64 		.ascii	"pendsv_handler\000"
 830      73765F68 
 830      616E646C 
 830      657200
 831              	.LASF34:
 832 0025 52657365 		.ascii	"Reset_Handler\000"
 832      745F4861 
 832      6E646C65 
 832      7200
 833              	.LASF26:
 834 0033 73797374 		.ascii	"systick_handler\000"
 834      69636B5F 
 834      68616E64 
 834      6C657200 
 835              	.LASF5:
 836 0043 73686F72 		.ascii	"short unsigned int\000"
 836      7420756E 
ARM GAS  /tmp/cc8eX6Sv.s 			page 16


 836      7369676E 
 836      65642069 
 836      6E7400
 837              	.LASF29:
 838 0056 5F766563 		.ascii	"_vectors\000"
 838      746F7273 
 838      00
 839              	.LASF32:
 840 005f 43686962 		.ascii	"ChibiOS/os/common/startup/ARMCMx/compilers/GCC/vect"
 840      694F532F 
 840      6F732F63 
 840      6F6D6D6F 
 840      6E2F7374 
 841 0092 6F72732E 		.ascii	"ors.c\000"
 841      6300
 842              	.LASF11:
 843 0098 696E6974 		.ascii	"init_stack\000"
 843      5F737461 
 843      636B00
 844              	.LASF23:
 845 00a3 64656275 		.ascii	"debugmonitor_handler\000"
 845      676D6F6E 
 845      69746F72 
 845      5F68616E 
 845      646C6572 
 846              	.LASF4:
 847 00b8 756E7369 		.ascii	"unsigned char\000"
 847      676E6564 
 847      20636861 
 847      7200
 848              	.LASF6:
 849 00c6 6C6F6E67 		.ascii	"long unsigned int\000"
 849      20756E73 
 849      69676E65 
 849      6420696E 
 849      7400
 850              	.LASF22:
 851 00d8 7376635F 		.ascii	"svc_handler\000"
 851      68616E64 
 851      6C657200 
 852              	.LASF18:
 853 00e4 76656374 		.ascii	"vector1c\000"
 853      6F723163 
 853      00
 854              	.LASF14:
 855 00ed 68617264 		.ascii	"hardfault_handler\000"
 855      6661756C 
 855      745F6861 
 855      6E646C65 
 855      7200
 856              	.LASF13:
 857 00ff 6E6D695F 		.ascii	"nmi_handler\000"
 857      68616E64 
 857      6C657200 
 858              	.LASF33:
 859 010b 2F776F72 		.ascii	"/workspaces/tinySA\000"
 859      6B737061 
ARM GAS  /tmp/cc8eX6Sv.s 			page 17


 859      6365732F 
 859      74696E79 
 859      534100
 860              	.LASF8:
 861 011e 756E7369 		.ascii	"unsigned int\000"
 861      676E6564 
 861      20696E74 
 861      00
 862              	.LASF19:
 863 012b 76656374 		.ascii	"vector20\000"
 863      6F723230 
 863      00
 864              	.LASF7:
 865 0134 6C6F6E67 		.ascii	"long long unsigned int\000"
 865      206C6F6E 
 865      6720756E 
 865      7369676E 
 865      65642069 
 866              	.LASF20:
 867 014b 76656374 		.ascii	"vector24\000"
 867      6F723234 
 867      00
 868              	.LASF21:
 869 0154 76656374 		.ascii	"vector28\000"
 869      6F723238 
 869      00
 870              	.LASF12:
 871 015d 72657365 		.ascii	"reset_handler\000"
 871      745F6861 
 871      6E646C65 
 871      7200
 872              	.LASF17:
 873 016b 75736167 		.ascii	"usagefault_handler\000"
 873      65666175 
 873      6C745F68 
 873      616E646C 
 873      657200
 874              	.LASF3:
 875 017e 6C6F6E67 		.ascii	"long long int\000"
 875      206C6F6E 
 875      6720696E 
 875      7400
 876              	.LASF16:
 877 018c 62757366 		.ascii	"busfault_handler\000"
 877      61756C74 
 877      5F68616E 
 877      646C6572 
 877      00
 878              	.LASF35:
 879 019d 5F756E68 		.ascii	"_unhandled_exception\000"
 879      616E646C 
 879      65645F65 
 879      78636570 
 879      74696F6E 
 880              	.LASF27:
 881 01b2 76656374 		.ascii	"vectors\000"
 881      6F727300 
ARM GAS  /tmp/cc8eX6Sv.s 			page 18


 882              	.LASF1:
 883 01ba 73686F72 		.ascii	"short int\000"
 883      7420696E 
 883      7400
 884              	.LASF9:
 885 01c4 75696E74 		.ascii	"uint32_t\000"
 885      33325F74 
 885      00
 886              	.LASF2:
 887 01cd 6C6F6E67 		.ascii	"long int\000"
 887      20696E74 
 887      00
 888              	.LASF31:
 889 01d6 474E5520 		.ascii	"GNU C11 13.2.1 20231009 -mcpu=cortex-m4 -mfloat-abi"
 889      43313120 
 889      31332E32 
 889      2E312032 
 889      30323331 
 890 0209 3D686172 		.ascii	"=hard -mfpu=fpv4-sp-d16 -mno-thumb-interwork -mthum"
 890      64202D6D 
 890      6670753D 
 890      66707634 
 890      2D73702D 
 891 023c 62202D6D 		.ascii	"b -march=armv7e-m+fp -ggdb -Og -std=c11 -fno-inline"
 891      61726368 
 891      3D61726D 
 891      7637652D 
 891      6D2B6670 
 892 026f 2D736D61 		.ascii	"-small-functions -fomit-frame-pointer -falign-funct"
 892      6C6C2D66 
 892      756E6374 
 892      696F6E73 
 892      202D666F 
 893 02a2 696F6E73 		.ascii	"ions=16 -fstack-usage -ffunction-sections -fdata-se"
 893      3D313620 
 893      2D667374 
 893      61636B2D 
 893      75736167 
 894 02d5 6374696F 		.ascii	"ctions -fno-common -fsingle-precision-constant\000"
 894      6E73202D 
 894      666E6F2D 
 894      636F6D6D 
 894      6F6E202D 
 895              	.LASF15:
 896 0304 6D656D6D 		.ascii	"memmanage_handler\000"
 896      616E6167 
 896      655F6861 
 896      6E646C65 
 896      7200
 897              	.LASF0:
 898 0316 7369676E 		.ascii	"signed char\000"
 898      65642063 
 898      68617200 
 899              	.LASF28:
 900 0322 76656374 		.ascii	"vectors_t\000"
 900      6F72735F 
 900      7400
ARM GAS  /tmp/cc8eX6Sv.s 			page 19


 901              	.LASF30:
 902 032c 5F5F6D61 		.ascii	"__main_stack_end__\000"
 902      696E5F73 
 902      7461636B 
 902      5F656E64 
 902      5F5F00
 903              		.ident	"GCC: (15:13.2.rel1-2) 13.2.1 20231009"
ARM GAS  /tmp/cc8eX6Sv.s 			page 20


DEFINED SYMBOLS
                            *ABS*:00000000 vectors.c
     /tmp/cc8eX6Sv.s:21     .text._unhandled_exception:00000000 $t
     /tmp/cc8eX6Sv.s:28     .text._unhandled_exception:00000000 _unhandled_exception
     /tmp/cc8eX6Sv.s:28     .text._unhandled_exception:00000000 Vector19C
     /tmp/cc8eX6Sv.s:28     .text._unhandled_exception:00000000 Vector198
     /tmp/cc8eX6Sv.s:28     .text._unhandled_exception:00000000 Vector194
     /tmp/cc8eX6Sv.s:28     .text._unhandled_exception:00000000 Vector190
     /tmp/cc8eX6Sv.s:28     .text._unhandled_exception:00000000 Vector18C
     /tmp/cc8eX6Sv.s:28     .text._unhandled_exception:00000000 Vector188
     /tmp/cc8eX6Sv.s:28     .text._unhandled_exception:00000000 Vector184
     /tmp/cc8eX6Sv.s:28     .text._unhandled_exception:00000000 Vector180
     /tmp/cc8eX6Sv.s:28     .text._unhandled_exception:00000000 Vector17C
     /tmp/cc8eX6Sv.s:28     .text._unhandled_exception:00000000 Vector178
     /tmp/cc8eX6Sv.s:28     .text._unhandled_exception:00000000 Vector174
     /tmp/cc8eX6Sv.s:28     .text._unhandled_exception:00000000 Vector170
     /tmp/cc8eX6Sv.s:28     .text._unhandled_exception:00000000 Vector16C
     /tmp/cc8eX6Sv.s:28     .text._unhandled_exception:00000000 Vector168
     /tmp/cc8eX6Sv.s:28     .text._unhandled_exception:00000000 Vector164
     /tmp/cc8eX6Sv.s:28     .text._unhandled_exception:00000000 Vector160
     /tmp/cc8eX6Sv.s:28     .text._unhandled_exception:00000000 Vector15C
     /tmp/cc8eX6Sv.s:28     .text._unhandled_exception:00000000 Vector158
     /tmp/cc8eX6Sv.s:28     .text._unhandled_exception:00000000 Vector154
     /tmp/cc8eX6Sv.s:28     .text._unhandled_exception:00000000 Vector150
     /tmp/cc8eX6Sv.s:28     .text._unhandled_exception:00000000 Vector14C
     /tmp/cc8eX6Sv.s:28     .text._unhandled_exception:00000000 Vector148
     /tmp/cc8eX6Sv.s:28     .text._unhandled_exception:00000000 Vector144
     /tmp/cc8eX6Sv.s:28     .text._unhandled_exception:00000000 Vector140
     /tmp/cc8eX6Sv.s:28     .text._unhandled_exception:00000000 Vector13C
     /tmp/cc8eX6Sv.s:28     .text._unhandled_exception:00000000 Vector138
     /tmp/cc8eX6Sv.s:28     .text._unhandled_exception:00000000 Vector134
     /tmp/cc8eX6Sv.s:28     .text._unhandled_exception:00000000 Vector130
     /tmp/cc8eX6Sv.s:28     .text._unhandled_exception:00000000 Vector12C
     /tmp/cc8eX6Sv.s:28     .text._unhandled_exception:00000000 Vector128
     /tmp/cc8eX6Sv.s:28     .text._unhandled_exception:00000000 Vector124
     /tmp/cc8eX6Sv.s:28     .text._unhandled_exception:00000000 Vector120
     /tmp/cc8eX6Sv.s:28     .text._unhandled_exception:00000000 Vector11C
     /tmp/cc8eX6Sv.s:28     .text._unhandled_exception:00000000 Vector118
     /tmp/cc8eX6Sv.s:28     .text._unhandled_exception:00000000 Vector114
     /tmp/cc8eX6Sv.s:28     .text._unhandled_exception:00000000 Vector110
     /tmp/cc8eX6Sv.s:28     .text._unhandled_exception:00000000 Vector10C
     /tmp/cc8eX6Sv.s:28     .text._unhandled_exception:00000000 Vector108
     /tmp/cc8eX6Sv.s:28     .text._unhandled_exception:00000000 Vector104
     /tmp/cc8eX6Sv.s:28     .text._unhandled_exception:00000000 Vector100
     /tmp/cc8eX6Sv.s:28     .text._unhandled_exception:00000000 VectorFC
     /tmp/cc8eX6Sv.s:28     .text._unhandled_exception:00000000 VectorF8
     /tmp/cc8eX6Sv.s:28     .text._unhandled_exception:00000000 VectorF4
     /tmp/cc8eX6Sv.s:28     .text._unhandled_exception:00000000 VectorF0
     /tmp/cc8eX6Sv.s:28     .text._unhandled_exception:00000000 VectorEC
     /tmp/cc8eX6Sv.s:28     .text._unhandled_exception:00000000 VectorE8
     /tmp/cc8eX6Sv.s:28     .text._unhandled_exception:00000000 VectorE4
     /tmp/cc8eX6Sv.s:28     .text._unhandled_exception:00000000 VectorE0
     /tmp/cc8eX6Sv.s:28     .text._unhandled_exception:00000000 VectorDC
     /tmp/cc8eX6Sv.s:28     .text._unhandled_exception:00000000 VectorD8
     /tmp/cc8eX6Sv.s:28     .text._unhandled_exception:00000000 VectorD4
     /tmp/cc8eX6Sv.s:28     .text._unhandled_exception:00000000 VectorD0
     /tmp/cc8eX6Sv.s:28     .text._unhandled_exception:00000000 VectorCC
ARM GAS  /tmp/cc8eX6Sv.s 			page 21


     /tmp/cc8eX6Sv.s:28     .text._unhandled_exception:00000000 VectorC8
     /tmp/cc8eX6Sv.s:28     .text._unhandled_exception:00000000 VectorC4
     /tmp/cc8eX6Sv.s:28     .text._unhandled_exception:00000000 VectorC0
     /tmp/cc8eX6Sv.s:28     .text._unhandled_exception:00000000 VectorBC
     /tmp/cc8eX6Sv.s:28     .text._unhandled_exception:00000000 VectorB8
     /tmp/cc8eX6Sv.s:28     .text._unhandled_exception:00000000 VectorB4
     /tmp/cc8eX6Sv.s:28     .text._unhandled_exception:00000000 VectorB0
     /tmp/cc8eX6Sv.s:28     .text._unhandled_exception:00000000 VectorAC
     /tmp/cc8eX6Sv.s:28     .text._unhandled_exception:00000000 VectorA8
     /tmp/cc8eX6Sv.s:28     .text._unhandled_exception:00000000 VectorA4
     /tmp/cc8eX6Sv.s:28     .text._unhandled_exception:00000000 VectorA0
     /tmp/cc8eX6Sv.s:28     .text._unhandled_exception:00000000 Vector9C
     /tmp/cc8eX6Sv.s:28     .text._unhandled_exception:00000000 Vector98
     /tmp/cc8eX6Sv.s:28     .text._unhandled_exception:00000000 Vector94
     /tmp/cc8eX6Sv.s:28     .text._unhandled_exception:00000000 Vector90
     /tmp/cc8eX6Sv.s:28     .text._unhandled_exception:00000000 Vector8C
     /tmp/cc8eX6Sv.s:28     .text._unhandled_exception:00000000 Vector88
     /tmp/cc8eX6Sv.s:28     .text._unhandled_exception:00000000 Vector84
     /tmp/cc8eX6Sv.s:28     .text._unhandled_exception:00000000 Vector80
     /tmp/cc8eX6Sv.s:28     .text._unhandled_exception:00000000 Vector7C
     /tmp/cc8eX6Sv.s:28     .text._unhandled_exception:00000000 Vector78
     /tmp/cc8eX6Sv.s:28     .text._unhandled_exception:00000000 Vector74
     /tmp/cc8eX6Sv.s:28     .text._unhandled_exception:00000000 Vector70
     /tmp/cc8eX6Sv.s:28     .text._unhandled_exception:00000000 Vector6C
     /tmp/cc8eX6Sv.s:28     .text._unhandled_exception:00000000 Vector68
     /tmp/cc8eX6Sv.s:28     .text._unhandled_exception:00000000 Vector64
     /tmp/cc8eX6Sv.s:28     .text._unhandled_exception:00000000 Vector60
     /tmp/cc8eX6Sv.s:28     .text._unhandled_exception:00000000 Vector5C
     /tmp/cc8eX6Sv.s:28     .text._unhandled_exception:00000000 Vector58
     /tmp/cc8eX6Sv.s:28     .text._unhandled_exception:00000000 Vector54
     /tmp/cc8eX6Sv.s:28     .text._unhandled_exception:00000000 Vector50
     /tmp/cc8eX6Sv.s:28     .text._unhandled_exception:00000000 Vector4C
     /tmp/cc8eX6Sv.s:28     .text._unhandled_exception:00000000 Vector48
     /tmp/cc8eX6Sv.s:28     .text._unhandled_exception:00000000 Vector44
     /tmp/cc8eX6Sv.s:28     .text._unhandled_exception:00000000 Vector40
     /tmp/cc8eX6Sv.s:28     .text._unhandled_exception:00000000 SysTick_Handler
     /tmp/cc8eX6Sv.s:28     .text._unhandled_exception:00000000 PendSV_Handler
     /tmp/cc8eX6Sv.s:28     .text._unhandled_exception:00000000 Vector34
     /tmp/cc8eX6Sv.s:28     .text._unhandled_exception:00000000 DebugMon_Handler
     /tmp/cc8eX6Sv.s:28     .text._unhandled_exception:00000000 SVC_Handler
     /tmp/cc8eX6Sv.s:28     .text._unhandled_exception:00000000 Vector28
     /tmp/cc8eX6Sv.s:28     .text._unhandled_exception:00000000 Vector24
     /tmp/cc8eX6Sv.s:28     .text._unhandled_exception:00000000 Vector20
     /tmp/cc8eX6Sv.s:28     .text._unhandled_exception:00000000 Vector1C
     /tmp/cc8eX6Sv.s:28     .text._unhandled_exception:00000000 UsageFault_Handler
     /tmp/cc8eX6Sv.s:28     .text._unhandled_exception:00000000 BusFault_Handler
     /tmp/cc8eX6Sv.s:28     .text._unhandled_exception:00000000 MemManage_Handler
     /tmp/cc8eX6Sv.s:28     .text._unhandled_exception:00000000 HardFault_Handler
     /tmp/cc8eX6Sv.s:28     .text._unhandled_exception:00000000 NMI_Handler
     /tmp/cc8eX6Sv.s:253    .vectors:00000000 _vectors
     /tmp/cc8eX6Sv.s:250    .vectors:00000000 $d

UNDEFINED SYMBOLS
__main_stack_end__
Reset_Handler
