Archive member included to satisfy reference by file (symbol)

/usr/lib/gcc/arm-none-eabi/13.2.1/../../../arm-none-eabi/lib/thumb/v7e-m+fp/hard/libm.a(libm_a-wf_log.o)
                              build/obj/main.o (logf)
/usr/lib/gcc/arm-none-eabi/13.2.1/../../../arm-none-eabi/lib/thumb/v7e-m+fp/hard/libm.a(libm_a-sf_cos.o)
                              build/obj/main.o (cosf)
/usr/lib/gcc/arm-none-eabi/13.2.1/../../../arm-none-eabi/lib/thumb/v7e-m+fp/hard/libm.a(libm_a-sf_round.o)
                              build/obj/main.o (roundf)
/usr/lib/gcc/arm-none-eabi/13.2.1/../../../arm-none-eabi/lib/thumb/v7e-m+fp/hard/libm.a(libm_a-sf_nan.o)
                              /usr/lib/gcc/arm-none-eabi/13.2.1/../../../arm-none-eabi/lib/thumb/v7e-m+fp/hard/libm.a(libm_a-wf_log.o) (nanf)
/usr/lib/gcc/arm-none-eabi/13.2.1/../../../arm-none-eabi/lib/thumb/v7e-m+fp/hard/libm.a(libm_a-wf_exp.o)
                              build/obj/main.o (expf)
/usr/lib/gcc/arm-none-eabi/13.2.1/../../../arm-none-eabi/lib/thumb/v7e-m+fp/hard/libm.a(libm_a-kf_cos.o)
                              /usr/lib/gcc/arm-none-eabi/13.2.1/../../../arm-none-eabi/lib/thumb/v7e-m+fp/hard/libm.a(libm_a-sf_cos.o) (__kernel_cosf)
/usr/lib/gcc/arm-none-eabi/13.2.1/../../../arm-none-eabi/lib/thumb/v7e-m+fp/hard/libm.a(libm_a-sf_floor.o)
                              build/obj/main.o (floorf)
/usr/lib/gcc/arm-none-eabi/13.2.1/../../../arm-none-eabi/lib/thumb/v7e-m+fp/hard/libm.a(libm_a-sf_sin.o)
                              build/obj/main.o (sinf)
/usr/lib/gcc/arm-none-eabi/13.2.1/../../../arm-none-eabi/lib/thumb/v7e-m+fp/hard/libm.a(libm_a-sf_finite.o)
                              /usr/lib/gcc/arm-none-eabi/13.2.1/../../../arm-none-eabi/lib/thumb/v7e-m+fp/hard/libm.a(libm_a-wf_exp.o) (finitef)
/usr/lib/gcc/arm-none-eabi/13.2.1/../../../arm-none-eabi/lib/thumb/v7e-m+fp/hard/libm.a(libm_a-kf_sin.o)
                              /usr/lib/gcc/arm-none-eabi/13.2.1/../../../arm-none-eabi/lib/thumb/v7e-m+fp/hard/libm.a(libm_a-sf_cos.o) (__kernel_sinf)
/usr/lib/gcc/arm-none-eabi/13.2.1/../../../arm-none-eabi/lib/thumb/v7e-m+fp/hard/libm.a(libm_a-ef_rem_pio2.o)
                              /usr/lib/gcc/arm-none-eabi/13.2.1/../../../arm-none-eabi/lib/thumb/v7e-m+fp/hard/libm.a(libm_a-sf_cos.o) (__ieee754_rem_pio2f)
/usr/lib/gcc/arm-none-eabi/13.2.1/../../../arm-none-eabi/lib/thumb/v7e-m+fp/hard/libm.a(libm_a-sf_fabs.o)
                              /usr/lib/gcc/arm-none-eabi/13.2.1/../../../arm-none-eabi/lib/thumb/v7e-m+fp/hard/libm.a(libm_a-ef_rem_pio2.o) (fabsf)
/usr/lib/gcc/arm-none-eabi/13.2.1/../../../arm-none-eabi/lib/thumb/v7e-m+fp/hard/libm.a(libm_a-ef_log.o)
                              /usr/lib/gcc/arm-none-eabi/13.2.1/../../../arm-none-eabi/lib/thumb/v7e-m+fp/hard/libm.a(libm_a-wf_log.o) (__ieee754_logf)
/usr/lib/gcc/arm-none-eabi/13.2.1/../../../arm-none-eabi/lib/thumb/v7e-m+fp/hard/libm.a(libm_a-kf_rem_pio2.o)
                              /usr/lib/gcc/arm-none-eabi/13.2.1/../../../arm-none-eabi/lib/thumb/v7e-m+fp/hard/libm.a(libm_a-ef_rem_pio2.o) (__kernel_rem_pio2f)
/usr/lib/gcc/arm-none-eabi/13.2.1/../../../arm-none-eabi/lib/thumb/v7e-m+fp/hard/libm.a(libm_a-sf_scalbn.o)
                              /usr/lib/gcc/arm-none-eabi/13.2.1/../../../arm-none-eabi/lib/thumb/v7e-m+fp/hard/libm.a(libm_a-kf_rem_pio2.o) (scalbnf)
/usr/lib/gcc/arm-none-eabi/13.2.1/../../../arm-none-eabi/lib/thumb/v7e-m+fp/hard/libm.a(libm_a-ef_exp.o)
                              /usr/lib/gcc/arm-none-eabi/13.2.1/../../../arm-none-eabi/lib/thumb/v7e-m+fp/hard/libm.a(libm_a-wf_exp.o) (__ieee754_expf)
/usr/lib/gcc/arm-none-eabi/13.2.1/../../../arm-none-eabi/lib/thumb/v7e-m+fp/hard/libm.a(libm_a-math_errf.o)
                              /usr/lib/gcc/arm-none-eabi/13.2.1/../../../arm-none-eabi/lib/thumb/v7e-m+fp/hard/libm.a(libm_a-ef_exp.o) (__math_uflowf)
/usr/lib/gcc/arm-none-eabi/13.2.1/thumb/v7e-m+fp/hard/libgcc.a(_arm_muldf3.o)
                              build/obj/main.o (__aeabi_dmul)
/usr/lib/gcc/arm-none-eabi/13.2.1/thumb/v7e-m+fp/hard/libgcc.a(_arm_addsubdf3.o)
                              build/obj/main.o (__aeabi_dsub)
/usr/lib/gcc/arm-none-eabi/13.2.1/thumb/v7e-m+fp/hard/libgcc.a(_arm_muldivdf3.o)
                              build/obj/main.o (__aeabi_ddiv)
/usr/lib/gcc/arm-none-eabi/13.2.1/thumb/v7e-m+fp/hard/libgcc.a(_arm_truncdfsf2.o)
                              build/obj/chprintf.o (__aeabi_d2f)
/usr/lib/gcc/arm-none-eabi/13.2.1/thumb/v7e-m+fp/hard/libgcc.a(_arm_addsubsf3.o)
                              build/obj/main.o (__aeabi_ul2f)
/usr/lib/gcc/arm-none-eabi/13.2.1/thumb/v7e-m+fp/hard/libgcc.a(_aeabi_ldivmod.o)
                              build/obj/chprintf.o (__aeabi_ldivmod)
/usr/lib/gcc/arm-none-eabi/13.2.1/thumb/v7e-m+fp/hard/libgcc.a(_aeabi_uldivmod.o)
                              build/obj/ff.o (__aeabi_uldivmod)
/usr/lib/gcc/arm-none-eabi/13.2.1/thumb/v7e-m+fp/hard/libgcc.a(_fixunssfdi.o)
[...]
Memory Configuration

Name             Origin             Length             Attributes
flash0           0x08000000         0x0003c000
flash1           0x00000000         0x00000000
flash2           0x00000000         0x00000000
flash3           0x00000000         0x00000000
flash4           0x00000000         0x00000000
flash5           0x00000000         0x00000000
flash6           0x00000000         0x00000000
flash7           0x0803c000         0x00004000
ram0             0x20000000         0x0000a000
ram1             0x00000000         0x00000000
ram2             0x00000000         0x00000000
ram3             0x00000000         0x00000000
ram4             0x10000000         0x00002000
ram5             0x00000000         0x00000000
ram6             0x00000000         0x00000000
ram7             0x00000000         0x00000000
*default*        0x00000000         0xffffffff

Linker script and memory map

LOAD build/obj/crt0_v7m.o
LOAD build/obj/chcoreasm_v7m.o
LOAD build/obj/crt1.o
LOAD build/obj/vectors.o
LOAD build/obj/chsys.o
LOAD build/obj/chdebug.o
LOAD build/obj/chtrace.o
LOAD build/obj/chvt.o
LOAD build/obj/chschd.o
LOAD build/obj/chthreads.o
LOAD build/obj/chregistry.o
LOAD build/obj/chcore.o
LOAD build/obj/chcore_v7m.o
LOAD build/obj/osal.o
LOAD build/obj/hal.o
LOAD build/obj/hal_st.o
LOAD build/obj/hal_buffers.o
LOAD build/obj/hal_queues.o
LOAD build/obj/hal_mmcsd.o
LOAD build/obj/hal_adc.o
LOAD build/obj/hal_ext.o
LOAD build/obj/hal_gpt.o
LOAD build/obj/hal_pal.o
LOAD build/obj/hal_pwm.o
LOAD build/obj/hal_serial.o
LOAD build/obj/hal_serial_usb.o
LOAD build/obj/hal_usb.o
LOAD build/obj/hal_wdg.o
LOAD build/obj/nvic.o
LOAD build/obj/hal_lld.o
LOAD build/obj/stm32_dma.o
LOAD build/obj/hal_st_lld.o
LOAD build/obj/hal_adc_lld.o
LOAD build/obj/hal_ext_lld.o
LOAD build/obj/hal_ext_lld_isr.o
LOAD build/obj/hal_pal_lld.o
LOAD build/obj/hal_gpt_lld.o
LOAD build/obj/hal_pwm_lld.o
LOAD build/obj/hal_serial_lld.o
LOAD build/obj/hal_usb_lld.o
LOAD build/obj/hal_wdg_lld.o
LOAD build/obj/board.o
LOAD build/obj/chprintf.o
LOAD build/obj/memstreams.o
LOAD build/obj/nullstreams.o
LOAD build/obj/ff.o
LOAD build/obj/ffunicode.o
LOAD build/obj/usbcfg.o
LOAD build/obj/adc.o
LOAD build/obj/main.o
LOAD build/obj/plot.o
LOAD build/obj/ui.o
LOAD build/obj/ili9341.o
LOAD build/obj/tlv320aic3204.o
LOAD build/obj/si5351.o
LOAD build/obj/numfont20x22.o
LOAD build/obj/Font5x7.o
LOAD build/obj/Font10x14.o
LOAD build/obj/flash.o
LOAD build/obj/si4468.o
LOAD build/obj/Font7x13b.o
LOAD build/obj/rtc.o

.mstack         0x20000000      0x200
                0x20000000                        . = ALIGN (0x8)
                0x20000000                        __main_stack_base__ = .
                0x20000200                        . = (. + __main_stack_size__)
 *fill*         0x20000000      0x200 
                0x20000200                        . = ALIGN (0x8)
                0x20000200                        __main_stack_end__ = .

.pstack         0x20000200      0x480
                0x20000200                        __process_stack_base__ = .
                0x20000200                        __main_thread_stack_base__ = .
                0x20000680                        . = (. + __process_stack_size__)
 *fill*         0x20000200      0x480 
                0x20000680                        . = ALIGN (0x8)
                0x20000680                        __process_stack_end__ = .
                0x20000680                        __main_thread_stack_end__ = .

vectors         0x08000000      0x1a0
 *(.vectors)
 .vectors       0x08000000      0x1a0 build/obj/vectors.o
                0x08000000                _vectors

xtors           0x080001a0        0x0
                0x080001a0                        __init_array_start = .
 *(SORT_BY_NAME(.init_array.*))
 *(.init_array)
                0x080001a0                        __init_array_end = .
                0x080001a0                        __fini_array_start = .
 *(.fini_array)
 *(SORT_BY_NAME(.fini_array.*))
                0x080001a0                        __fini_array_end = .

.text           0x080001c0    0x248cc
 *(.text)
 .text          0x080001c0      0x108 build/obj/crt0_v7m.o
                0x080001c0                Reset_Handler
 *fill*         0x080002c8        0x8 
 .text          0x080002d0       0x30 build/obj/chcoreasm_v7m.o
                0x080002d0                _port_switch
                0x080002e8                _port_thread_start
                0x080002f8                _port_switch_from_isr
                0x080002fc                _port_exit_from_isr
 .text          0x08000300       0x60 /usr/lib/gcc/arm-none-eabi/13.2.1/../../../arm-none-eabi/lib/thumb/v7e-m+fp/hard/libm.a(libm_a-wf_log.o)
                0x08000300                logf
 .text          0x08000360       0x4c /usr/lib/gcc/arm-none-eabi/13.2.1/../../../arm-none-eabi/lib/thumb/v7e-m+fp/hard/libm.a(libm_a-sf_round.o)
                0x08000360                roundf
 *fill*         0x080003ac        0x4 
 .text          0x080003b0        0xc /usr/lib/gcc/arm-none-eabi/13.2.1/../../../arm-none-eabi/lib/thumb/v7e-m+fp/hard/libm.a(libm_a-sf_nan.o)
                0x080003b0                nanf
 *fill*         0x080003bc        0x4 
 .text          0x080003c0       0x78 /usr/lib/gcc/arm-none-eabi/13.2.1/../../../arm-none-eabi/lib/thumb/v7e-m+fp/hard/libm.a(libm_a-wf_exp.o)
                0x080003c0                expf
 *fill*         0x08000438        0x8 
 .text          0x08000440       0x94 /usr/lib/gcc/arm-none-eabi/13.2.1/../../../arm-none-eabi/lib/thumb/v7e-m+fp/hard/libm.a(libm_a-sf_floor.o)
                0x08000440                floorf
 *fill*         0x080004d4        0xc 
 .text          0x080004e0       0x14 /usr/lib/gcc/arm-none-eabi/13.2.1/../../../arm-none-eabi/lib/thumb/v7e-m+fp/hard/libm.a(libm_a-sf_finite.o)
                0x080004e0                finitef
 *fill*         0x080004f4        0xc 
 .text          0x08000500      0x1f4 /usr/lib/gcc/arm-none-eabi/13.2.1/../../../arm-none-eabi/lib/thumb/v7e-m+fp/hard/libm.a(libm_a-ef_log.o)
                0x08000500                __ieee754_logf
 *fill*         0x080006f4        0xc 
 .text          0x08000700      0x1dc /usr/lib/gcc/arm-none-eabi/13.2.1/../../../arm-none-eabi/lib/thumb/v7e-m+fp/hard/libm.a(libm_a-ef_exp.o)
                0x08000700                __ieee754_expf
 *fill*         0x080008dc        0x4 
 .text          0x080008e0       0x8c /usr/lib/gcc/arm-none-eabi/13.2.1/../../../arm-none-eabi/lib/thumb/v7e-m+fp/hard/libm.a(libm_a-math_errf.o)
                0x08000918                __math_uflowf
                0x08000924                __math_oflowf
                0x08000930                __math_divzerof
                0x08000950                __math_invalidf
 *fill*         0x0800096c        0x4 
 .text          0x08000970      0x378 /usr/lib/gcc/arm-none-eabi/13.2.1/thumb/v7e-m+fp/hard/libgcc.a(_arm_addsubdf3.o)
                0x08000970                __aeabi_drsub
                0x08000978                __aeabi_dsub
                0x08000978                __subdf3
                0x0800097c                __adddf3
                0x0800097c                __aeabi_dadd
                0x08000bf4                __aeabi_ui2d
                0x08000bf4                __floatunsidf
                0x08000c14                __floatsidf
                0x08000c14                __aeabi_i2d
                0x08000c38                __extendsfdf2
                0x08000c38                __aeabi_f2d
                0x08000c7c                __aeabi_ul2d
                0x08000c7c                __floatundidf
                0x08000c8c                __floatdidf
                0x08000c8c                __aeabi_l2d
 *fill*         0x08000ce8        0x8 
 .text          0x08000cf0      0x424 /usr/lib/gcc/arm-none-eabi/13.2.1/thumb/v7e-m+fp/hard/libgcc.a(_arm_muldivdf3.o)
                0x08000cf0                __aeabi_dmul
                0x08000cf0                __muldf3
                0x08000f44                __aeabi_ddiv
                0x08000f44                __divdf3
 *fill*         0x08001114        0xc 
 .text          0x08001120       0xa0 /usr/lib/gcc/arm-none-eabi/13.2.1/thumb/v7e-m+fp/hard/libgcc.a(_arm_truncdfsf2.o)
                0x08001120                __aeabi_d2f
                0x08001120                __truncdfsf2
 .text          0x080011c0      0x21c /usr/lib/gcc/arm-none-eabi/13.2.1/thumb/v7e-m+fp/hard/libgcc.a(_arm_addsubsf3.o)
                0x080011c0                __aeabi_frsub
                0x080011c8                __subsf3
                0x080011c8                __aeabi_fsub
                0x080011cc                __aeabi_fadd
                0x080011cc                __addsf3
                0x0800132c                __aeabi_ui2f
                0x0800132c                __floatunsisf
                0x08001334                __aeabi_i2f
                0x08001334                __floatsisf
                0x08001350                __floatundisf
                0x08001350                __aeabi_ul2f
                0x08001360                __floatdisf
                0x08001360                __aeabi_l2f
 *fill*         0x080013dc        0x4 
 .text          0x080013e0       0xa0 /usr/lib/gcc/arm-none-eabi/13.2.1/thumb/v7e-m+fp/hard/libgcc.a(_aeabi_ldivmod.o)
                0x080013e0                __aeabi_ldivmod
 .text          0x08001480       0x30 /usr/lib/gcc/arm-none-eabi/13.2.1/thumb/v7e-m+fp/hard/libgcc.a(_aeabi_uldivmod.o)
                0x08001480                __aeabi_uldivmod
 .text          0x080014b0       0x40 /usr/lib/gcc/arm-none-eabi/13.2.1/thumb/v7e-m+fp/hard/libgcc.a(_fixunssfdi.o)
                0x080014b0                __aeabi_f2ulz
                0x080014b0                __fixunssfdi
 .text          0x080014f0       0x3c /usr/lib/gcc/arm-none-eabi/13.2.1/thumb/v7e-m+fp/hard/libgcc.a(_fixunsdfdi.o)
                0x080014f0                __aeabi_d2ulz
                0x080014f0                __fixunsdfdi
 *fill*         0x0800152c        0x4 
 .text          0x08001530      0x2bc /usr/lib/gcc/arm-none-eabi/13.2.1/thumb/v7e-m+fp/hard/libgcc.a(_udivmoddi4.o)
                0x08001530                __udivmoddi4
 *fill*         0x080017ec        0x4 
 .text          0x080017f0        0x4 /usr/lib/gcc/arm-none-eabi/13.2.1/thumb/v7e-m+fp/hard/libgcc.a(_dvmd_tls.o)
                0x080017f0                __aeabi_ldiv0
                0x080017f0                __aeabi_idiv0
 *fill*         0x080017f4        0xc 
 .text          0x08001800       0x40 /usr/lib/gcc/arm-none-eabi/13.2.1/thumb/v7e-m+fp/hard/libgcc.a(_arm_fixunsdfsi.o)
                0x08001800                __fixunsdfsi
                0x08001800                __aeabi_d2uiz
 .text          0x08001840       0xd0 /usr/lib/gcc/arm-none-eabi/13.2.1/../../../arm-none-eabi/lib/thumb/v7e-m+fp/hard/libg_nano.a(libc_a-strchr.o)
                0x08001840                strchr
 .text          0x08001910       0xbc /usr/lib/gcc/arm-none-eabi/13.2.1/../../../arm-none-eabi/lib/thumb/v7e-m+fp/hard/libg_nano.a(libc_a-strcpy.o)
                0x08001910                strcpy
 *fill*         0x080019cc        0x4 
 .text          0x080019d0       0xd8 /usr/lib/gcc/arm-none-eabi/13.2.1/../../../arm-none-eabi/lib/thumb/v7e-m+fp/hard/libg_nano.a(libc_a-strlen.o)
                0x080019d0                strlen
 *fill*         0x08001aa8        0x8 
 .text          0x08001ab0       0xa4 /usr/lib/gcc/arm-none-eabi/13.2.1/../../../arm-none-eabi/lib/thumb/v7e-m+fp/hard/libg_nano.a(libc_a-memset.o)
                0x08001ab0                memset
 *fill*         0x08001b54        0xc 
 .text          0x08001b60        0xc /usr/lib/gcc/arm-none-eabi/13.2.1/../../../arm-none-eabi/lib/thumb/v7e-m+fp/hard/libg_nano.a(libc_a-errno.o)
                0x08001b60                __errno
 *fill*         0x08001b6c        0x4 
 .text          0x08001b70      0x100 /usr/lib/gcc/arm-none-eabi/13.2.1/../../../arm-none-eabi/lib/thumb/v7e-m+fp/hard/libg_nano.a(libc_a-memmove.o)
                0x08001b70                memmove
 .text          0x08001c70      0x134 /usr/lib/gcc/arm-none-eabi/13.2.1/../../../arm-none-eabi/lib/thumb/v7e-m+fp/hard/libg_nano.a(libc_a-memcpy.o)
                0x08001c70                memcpy
 *fill*         0x08001da4        0xc 
 .text          0x08001db0       0x68 /usr/lib/gcc/arm-none-eabi/13.2.1/../../../arm-none-eabi/lib/thumb/v7e-m+fp/hard/libg_nano.a(libc_a-strncpy.o)
                0x08001db0                strncpy
 *fill*         0x08001e18        0x8 
 .text          0x08001e20       0x5c /usr/lib/gcc/arm-none-eabi/13.2.1/../../../arm-none-eabi/lib/thumb/v7e-m+fp/hard/libg_nano.a(libc_a-memcmp.o)
                0x08001e20                memcmp
 *(.text.*)
 *fill*         0x08001e7c        0x4 
 .text.__core_init
                0x08001e80        0x4 build/obj/crt1.o
                0x08001e80                __core_init
 *fill*         0x08001e84        0xc 
 .text.__late_init
                0x08001e90        0x4 build/obj/crt1.o
                0x08001e90                __late_init
 *fill*         0x08001e94        0xc 
 .text.__default_exit
                0x08001ea0        0x4 build/obj/crt1.o
                0x08001ea0                __default_exit
 *fill*         0x08001ea4        0xc 
 .text.__init_ram_areas
                0x08001eb0       0x38 build/obj/crt1.o
                0x08001eb0                __init_ram_areas
 *fill*         0x08001ee8        0x8 
 .text._unhandled_exception
                0x08001ef0        0x4 build/obj/vectors.o
                0x08001ef0                VectorAC
                0x08001ef0                DebugMon_Handler
                0x08001ef0                Vector11C
                0x08001ef0                Vector19C
                0x08001ef0                SysTick_Handler
                0x08001ef0                Vector8C
                0x08001ef0                VectorDC
                0x08001ef0                PendSV_Handler
                0x08001ef0                Vector168
                0x08001ef0                NMI_Handler
                0x08001ef0                Vector110
                0x08001ef0                VectorC8
                0x08001ef0                Vector94
                0x08001ef0                VectorA8
                0x08001ef0                Vector160
                0x08001ef0                UsageFault_Handler
                0x08001ef0                VectorEC
                0x08001ef0                Vector40
                0x08001ef0                VectorF8
                0x08001ef0                Vector108
                0x08001ef0                VectorBC
                0x08001ef0                Vector190
                0x08001ef0                Vector150
                0x08001ef0                Vector188
                0x08001ef0                Vector198
                0x08001ef0                Vector118
                0x08001ef0                VectorCC
                0x08001ef0                Vector54
                0x08001ef0                Vector98
                0x08001ef0                VectorD8
                0x08001ef0                Vector138
                0x08001ef0                Vector24
                0x08001ef0                Vector178
                0x08001ef0                VectorD0
                0x08001ef0                VectorC0
                0x08001ef0                Vector158
                0x08001ef0                Vector134
                0x08001ef0                VectorF0
                0x08001ef0                Vector13C
                0x08001ef0                Vector100
                0x08001ef0                VectorF4
                0x08001ef0                MemManage_Handler
                0x08001ef0                VectorA0
                0x08001ef0                VectorC4
                0x08001ef0                Vector180
                0x08001ef0                Vector90
                0x08001ef0                Vector114
                0x08001ef0                Vector164
                0x08001ef0                Vector1C
                0x08001ef0                Vector17C
                0x08001ef0                Vector15C
                0x08001ef0                _unhandled_exception
                0x08001ef0                Vector170
                0x08001ef0                Vector104
                0x08001ef0                Vector184
                0x08001ef0                Vector10C
                0x08001ef0                Vector14C
                0x08001ef0                BusFault_Handler
                0x08001ef0                Vector50
                0x08001ef0                Vector194
                0x08001ef0                Vector154
                0x08001ef0                Vector28
                0x08001ef0                VectorFC
                0x08001ef0                Vector34
                0x08001ef0                Vector20
                0x08001ef0                Vector18C
                0x08001ef0                Vector174
 *fill*         0x08001ef4        0xc 
 .text.port_init
                0x08001f00       0x44 build/obj/chsys.o
 *fill*         0x08001f44        0xc 
 .text._idle_thread
                0x08001f50        0x4 build/obj/chsys.o
 *fill*         0x08001f54        0xc 
 .text.chVTDoTickI
                0x08001f60       0x7c build/obj/chsys.o
 *fill*         0x08001fdc        0x4 
 .text.chSysInit
                0x08001fe0       0x48 build/obj/chsys.o
                0x08001fe0                chSysInit
 *fill*         0x08002028        0x8 
 .text.chSysHalt
                0x08002030        0xc build/obj/chsys.o
                0x08002030                chSysHalt
 *fill*         0x0800203c        0x4 
 .text.chSysTimerHandlerI
                0x08002040        0x8 build/obj/chsys.o
                0x08002040                chSysTimerHandlerI
 *fill*         0x08002048        0x8 
 .text.chSysIsCounterWithinX
                0x08002050       0x10 build/obj/chsys.o
                0x08002050                chSysIsCounterWithinX
 .text.chSysPolledDelayX
                0x08002060       0x20 build/obj/chsys.o
                0x08002060                chSysPolledDelayX
 .text._vt_init
                0x08002080       0x1c build/obj/chvt.o
                0x08002080                _vt_init
 *fill*         0x0800209c        0x4 
 .text.chVTDoSetI
                0x080020a0       0x80 build/obj/chvt.o
                0x080020a0                chVTDoSetI
 .text.chVTDoResetI
                0x08002120       0x80 build/obj/chvt.o
                0x08002120                chVTDoResetI
 .text._scheduler_init
                0x080021a0       0x14 build/obj/chschd.o
                0x080021a0                _scheduler_init
 *fill*         0x080021b4        0xc 
 .text.chSchReadyI
                0x080021c0       0x24 build/obj/chschd.o
                0x080021c0                chSchReadyI
 *fill*         0x080021e4        0xc 
 .text.wakeup   0x080021f0       0x40 build/obj/chschd.o
 .text.chSchReadyAheadI
                0x08002230       0x24 build/obj/chschd.o
                0x08002230                chSchReadyAheadI
 *fill*         0x08002254        0xc 
 .text.chSchGoSleepS
                0x08002260       0x44 build/obj/chschd.o
                0x08002260                chSchGoSleepS
 *fill*         0x080022a4        0xc 
 .text.chSchGoSleepTimeoutS
                0x080022b0       0x40 build/obj/chschd.o
                0x080022b0                chSchGoSleepTimeoutS
 .text.chSchWakeupS
                0x080022f0       0x50 build/obj/chschd.o
                0x080022f0                chSchWakeupS
 .text.chSchIsPreemptionRequired
                0x08002340       0x18 build/obj/chschd.o
                0x08002340                chSchIsPreemptionRequired
 *fill*         0x08002358        0x8 
 .text.chSchDoRescheduleAhead
                0x08002360       0x44 build/obj/chschd.o
                0x08002360                chSchDoRescheduleAhead
 *fill*         0x080023a4        0xc 
 .text.chSchRescheduleS
                0x080023b0       0x1c build/obj/chschd.o
                0x080023b0                chSchRescheduleS
 *fill*         0x080023cc        0x4 
 .text.chSchDoReschedule
                0x080023d0       0x44 build/obj/chschd.o
                0x080023d0                chSchDoReschedule
 *fill*         0x08002414        0xc 
 .text._thread_init
                0x08002420       0x30 build/obj/chthreads.o
                0x08002420                _thread_init
 .text._thread_memfill
                0x08002450        0xc build/obj/chthreads.o
                0x08002450                _thread_memfill
 *fill*         0x0800245c        0x4 
 .text.chThdCreateSuspendedI
                0x08002460       0x38 build/obj/chthreads.o
                0x08002460                chThdCreateSuspendedI
 *fill*         0x08002498        0x8 
 .text.chThdCreate
                0x080024a0       0x2c build/obj/chthreads.o
                0x080024a0                chThdCreate
 *fill*         0x080024cc        0x4 
 .text.chThdCreateStatic
                0x080024d0       0x58 build/obj/chthreads.o
                0x080024d0                chThdCreateStatic
 *fill*         0x08002528        0x8 
 .text.chThdRelease
                0x08002530       0x34 build/obj/chthreads.o
                0x08002530                chThdRelease
 *fill*         0x08002564        0xc 
 .text.chThdExitS
                0x08002570       0x38 build/obj/chthreads.o
                0x08002570                chThdExitS
 *fill*         0x080025a8        0x8 
 .text.chThdExit
                0x080025b0       0x10 build/obj/chthreads.o
                0x080025b0                chThdExit
 .text.chThdWait
                0x080025c0       0x3c build/obj/chthreads.o
                0x080025c0                chThdWait
 *fill*         0x080025fc        0x4 
 .text.chThdSleep
                0x08002600       0x18 build/obj/chthreads.o
                0x08002600                chThdSleep
 *fill*         0x08002618        0x8 
 .text.chThdSuspendS
                0x08002620       0x1c build/obj/chthreads.o
                0x08002620                chThdSuspendS
 *fill*         0x0800263c        0x4 
 .text.chThdResumeI
                0x08002640       0x14 build/obj/chthreads.o
                0x08002640                chThdResumeI
 *fill*         0x08002654        0xc 
 .text.chThdResumeS
                0x08002660       0x14 build/obj/chthreads.o
                0x08002660                chThdResumeS
 *fill*         0x08002674        0xc 
 .text.chThdEnqueueTimeoutS
                0x08002680       0x24 build/obj/chthreads.o
                0x08002680                chThdEnqueueTimeoutS
 *fill*         0x080026a4        0xc 
 .text.chThdDequeueNextI
                0x080026b0       0x18 build/obj/chthreads.o
                0x080026b0                chThdDequeueNextI
 *fill*         0x080026c8        0x8 
 .text.chThdDequeueAllI
                0x080026d0       0x1c build/obj/chthreads.o
                0x080026d0                chThdDequeueAllI
 *fill*         0x080026ec        0x4 
 .text.chRegFirstThread
                0x080026f0       0x18 build/obj/chregistry.o
                0x080026f0                chRegFirstThread
 *fill*         0x08002708        0x8 
 .text.chRegNextThread
                0x08002710       0x20 build/obj/chregistry.o
                0x08002710                chRegNextThread
 .text.SVC_Handler
                0x08002730       0x2c build/obj/chcore_v7m.o
                0x08002730                SVC_Handler
 *fill*         0x0800275c        0x4 
 .text._port_irq_epilogue
                0x08002760       0x64 build/obj/chcore_v7m.o
                0x08002760                _port_irq_epilogue
 *fill*         0x080027c4        0xc 
 .text.halInit  0x080027d0       0x3c build/obj/hal.o
                0x080027d0                halInit
 *fill*         0x0800280c        0x4 
 .text.stInit   0x08002810        0x8 build/obj/hal_st.o
                0x08002810                stInit
 *fill*         0x08002818        0x8 
 .text.stStartAlarm
                0x08002820       0x10 build/obj/hal_st.o
                0x08002820                stStartAlarm
 .text.stStopAlarm
                0x08002830        0xc build/obj/hal_st.o
                0x08002830                stStopAlarm
 *fill*         0x0800283c        0x4 
 .text.stSetAlarm
                0x08002840        0x8 build/obj/hal_st.o
                0x08002840                stSetAlarm
 *fill*         0x08002848        0x8 
 .text.ibqObjectInit
                0x08002850       0x2c build/obj/hal_buffers.o
                0x08002850                ibqObjectInit
 *fill*         0x0800287c        0x4 
 .text.ibqResetI
                0x08002880       0x1c build/obj/hal_buffers.o
                0x08002880                ibqResetI
 *fill*         0x0800289c        0x4 
 .text.ibqGetEmptyBufferI
                0x080028a0       0x18 build/obj/hal_buffers.o
                0x080028a0                ibqGetEmptyBufferI
 *fill*         0x080028b8        0x8 
 .text.ibqPostFullBufferI
                0x080028c0       0x28 build/obj/hal_buffers.o
                0x080028c0                ibqPostFullBufferI
 *fill*         0x080028e8        0x8 
 .text.ibqGetFullBufferTimeoutS
                0x080028f0       0x28 build/obj/hal_buffers.o
                0x080028f0                ibqGetFullBufferTimeoutS
 *fill*         0x08002918        0x8 
 .text.ibqReleaseEmptyBufferS
                0x08002920       0x28 build/obj/hal_buffers.o
                0x08002920                ibqReleaseEmptyBufferS
 *fill*         0x08002948        0x8 
 .text.ibqGetTimeout
                0x08002950       0x40 build/obj/hal_buffers.o
                0x08002950                ibqGetTimeout
 .text.ibqReadTimeout
                0x08002990       0xec build/obj/hal_buffers.o
                0x08002990                ibqReadTimeout
 *fill*         0x08002a7c        0x4 
 .text.obqObjectInit
                0x08002a80       0x30 build/obj/hal_buffers.o
                0x08002a80                obqObjectInit
 .text.obqResetI
                0x08002ab0       0x1c build/obj/hal_buffers.o
                0x08002ab0                obqResetI
 *fill*         0x08002acc        0x4 
 .text.obqGetFullBufferI
                0x08002ad0       0x1c build/obj/hal_buffers.o
                0x08002ad0                obqGetFullBufferI
 *fill*         0x08002aec        0x4 
 .text.obqReleaseEmptyBufferI
                0x08002af0       0x24 build/obj/hal_buffers.o
                0x08002af0                obqReleaseEmptyBufferI
 *fill*         0x08002b14        0xc 
 .text.obqGetEmptyBufferTimeoutS
                0x08002b20       0x28 build/obj/hal_buffers.o
                0x08002b20                obqGetEmptyBufferTimeoutS
 *fill*         0x08002b48        0x8 
 .text.obqPostFullBufferS
                0x08002b50       0x2c build/obj/hal_buffers.o
                0x08002b50                obqPostFullBufferS
 *fill*         0x08002b7c        0x4 
 .text.obqPutTimeout
                0x08002b80       0x48 build/obj/hal_buffers.o
                0x08002b80                obqPutTimeout
 *fill*         0x08002bc8        0x8 
 .text.obqWriteTimeout
                0x08002bd0       0xe4 build/obj/hal_buffers.o
                0x08002bd0                obqWriteTimeout
 *fill*         0x08002cb4        0xc 
 .text.obqTryFlushI
                0x08002cc0       0x48 build/obj/hal_buffers.o
                0x08002cc0                obqTryFlushI
 *fill*         0x08002d08        0x8 
 .text.iqObjectInit
                0x08002d10       0x20 build/obj/hal_queues.o
                0x08002d10                iqObjectInit
 .text.iqResetI
                0x08002d30       0x18 build/obj/hal_queues.o
                0x08002d30                iqResetI
 *fill*         0x08002d48        0x8 
 .text.iqPutI   0x08002d50       0x38 build/obj/hal_queues.o
                0x08002d50                iqPutI
 *fill*         0x08002d88        0x8 
 .text.iqGetTimeout
                0x08002d90       0x50 build/obj/hal_queues.o
                0x08002d90                iqGetTimeout
 .text.iqReadTimeout
                0x08002de0       0xa8 build/obj/hal_queues.o
                0x08002de0                iqReadTimeout
 *fill*         0x08002e88        0x8 
 .text.oqObjectInit
                0x08002e90       0x18 build/obj/hal_queues.o
                0x08002e90                oqObjectInit
 *fill*         0x08002ea8        0x8 
 .text.oqResetI
                0x08002eb0       0x18 build/obj/hal_queues.o
                0x08002eb0                oqResetI
 *fill*         0x08002ec8        0x8 
 .text.oqPutTimeout
                0x08002ed0       0x50 build/obj/hal_queues.o
                0x08002ed0                oqPutTimeout
 .text.oqGetI   0x08002f20       0x38 build/obj/hal_queues.o
                0x08002f20                oqGetI
 *fill*         0x08002f58        0x8 
 .text.oqWriteTimeout
                0x08002f60       0xa8 build/obj/hal_queues.o
                0x08002f60                oqWriteTimeout
 *fill*         0x08003008        0x8 
 .text.adcInit  0x08003010        0x8 build/obj/hal_adc.o
                0x08003010                adcInit
 *fill*         0x08003018        0x8 
 .text.adcObjectInit
                0x08003020       0x14 build/obj/hal_adc.o
                0x08003020                adcObjectInit
 *fill*         0x08003034        0xc 
 .text.adcStart
                0x08003040       0x1c build/obj/hal_adc.o
                0x08003040                adcStart
 *fill*         0x0800305c        0x4 
 .text.adcStartConversionI
                0x08003060       0x14 build/obj/hal_adc.o
                0x08003060                adcStartConversionI
 *fill*         0x08003074        0xc 
 .text.adcStartConversion
                0x08003080       0x18 build/obj/hal_adc.o
                0x08003080                adcStartConversion
 *fill*         0x08003098        0x8 
 .text.adcStopConversion
                0x080030a0       0x38 build/obj/hal_adc.o
                0x080030a0                adcStopConversion
 *fill*         0x080030d8        0x8 
 .text.adcConvert
                0x080030e0       0x20 build/obj/hal_adc.o
                0x080030e0                adcConvert
 .text.extInit  0x08003100        0x8 build/obj/hal_ext.o
                0x08003100                extInit
 *fill*         0x08003108        0x8 
 .text.extObjectInit
                0x08003110        0xc build/obj/hal_ext.o
                0x08003110                extObjectInit
 *fill*         0x0800311c        0x4 
 .text.extStart
                0x08003120       0x1c build/obj/hal_ext.o
                0x08003120                extStart
 *fill*         0x0800313c        0x4 
 .text.gptInit  0x08003140        0x8 build/obj/hal_gpt.o
                0x08003140                gptInit
 *fill*         0x08003148        0x8 
 .text.gptObjectInit
                0x08003150        0xc build/obj/hal_gpt.o
                0x08003150                gptObjectInit
 *fill*         0x0800315c        0x4 
 .text.gptStart
                0x08003160       0x1c build/obj/hal_gpt.o
                0x08003160                gptStart
 *fill*         0x0800317c        0x4 
 .text.gptStartContinuousI
                0x08003180        0xc build/obj/hal_gpt.o
                0x08003180                gptStartContinuousI
 *fill*         0x0800318c        0x4 
 .text.gptStartContinuous
                0x08003190       0x14 build/obj/hal_gpt.o
                0x08003190                gptStartContinuous
 *fill*         0x080031a4        0xc 
 .text.gptPolledDelay
                0x080031b0       0x14 build/obj/hal_gpt.o
                0x080031b0                gptPolledDelay
 *fill*         0x080031c4        0xc 
 .text.pwmInit  0x080031d0        0x8 build/obj/hal_pwm.o
                0x080031d0                pwmInit
 *fill*         0x080031d8        0x8 
 .text.pwmObjectInit
                0x080031e0       0x10 build/obj/hal_pwm.o
                0x080031e0                pwmObjectInit
 .text.pwmStart
                0x080031f0       0x24 build/obj/hal_pwm.o
                0x080031f0                pwmStart
 *fill*         0x08003214        0xc 
 .text.pwmEnableChannel
                0x08003220       0x20 build/obj/hal_pwm.o
                0x08003220                pwmEnableChannel
 .text.pwmDisableChannel
                0x08003240       0x24 build/obj/hal_pwm.o
                0x08003240                pwmDisableChannel
 *fill*         0x08003264        0xc 
 .text.readt    0x08003270        0xc build/obj/hal_serial.o
 *fill*         0x0800327c        0x4 
 .text.read     0x08003280       0x10 build/obj/hal_serial.o
 .text.writet   0x08003290        0xc build/obj/hal_serial.o
 *fill*         0x0800329c        0x4 
 .text.write    0x080032a0       0x10 build/obj/hal_serial.o
 .text.gett     0x080032b0        0xc build/obj/hal_serial.o
 *fill*         0x080032bc        0x4 
 .text.get      0x080032c0       0x10 build/obj/hal_serial.o
 .text.putt     0x080032d0        0xc build/obj/hal_serial.o
 *fill*         0x080032dc        0x4 
 .text.put      0x080032e0       0x10 build/obj/hal_serial.o
 .text.sdInit   0x080032f0        0x8 build/obj/hal_serial.o
                0x080032f0                sdInit
 *fill*         0x080032f8        0x8 
 .text.sdObjectInit
                0x08003300       0x40 build/obj/hal_serial.o
                0x08003300                sdObjectInit
 .text.sdStart  0x08003340       0x1c build/obj/hal_serial.o
                0x08003340                sdStart
 *fill*         0x0800335c        0x4 
 .text.sdStop   0x08003360       0x30 build/obj/hal_serial.o
                0x08003360                sdStop
 .text.sdIncomingDataI
                0x08003390       0x28 build/obj/hal_serial.o
                0x08003390                sdIncomingDataI
 *fill*         0x080033b8        0x8 
 .text.obnotify
                0x080033c0       0x48 build/obj/hal_serial_usb.o
 *fill*         0x08003408        0x8 
 .text.ibnotify
                0x08003410       0x44 build/obj/hal_serial_usb.o
 *fill*         0x08003454        0xc 
 .text.readt    0x08003460       0x20 build/obj/hal_serial_usb.o
 .text.read     0x08003480       0x20 build/obj/hal_serial_usb.o
 .text.writet   0x080034a0       0x20 build/obj/hal_serial_usb.o
 .text.write    0x080034c0       0x20 build/obj/hal_serial_usb.o
 .text.gett     0x080034e0       0x1c build/obj/hal_serial_usb.o
 *fill*         0x080034fc        0x4 
 .text.get      0x08003500       0x20 build/obj/hal_serial_usb.o
 .text.putt     0x08003520       0x1c build/obj/hal_serial_usb.o
 *fill*         0x0800353c        0x4 
 .text.put      0x08003540       0x20 build/obj/hal_serial_usb.o
 .text.sduInit  0x08003560        0x4 build/obj/hal_serial_usb.o
                0x08003560                sduInit
 *fill*         0x08003564        0xc 
 .text.sduObjectInit
                0x08003570       0x4c build/obj/hal_serial_usb.o
                0x08003570                sduObjectInit
 *fill*         0x080035bc        0x4 
 .text.sduStart
                0x080035c0       0x38 build/obj/hal_serial_usb.o
                0x080035c0                sduStart
 *fill*         0x080035f8        0x8 
 .text.sduDisconnectI
                0x08003600       0x1c build/obj/hal_serial_usb.o
                0x08003600                sduDisconnectI
 *fill*         0x0800361c        0x4 
 .text.sduConfigureHookI
                0x08003620       0x38 build/obj/hal_serial_usb.o
                0x08003620                sduConfigureHookI
 *fill*         0x08003658        0x8 
 .text.sduRequestsHook
                0x08003660       0x54 build/obj/hal_serial_usb.o
                0x08003660                sduRequestsHook
 *fill*         0x080036b4        0xc 
 .text.sduSOFHookI
                0x080036c0       0x54 build/obj/hal_serial_usb.o
                0x080036c0                sduSOFHookI
 *fill*         0x08003714        0xc 
 .text.sduDataTransmitted
                0x08003720       0x84 build/obj/hal_serial_usb.o
                0x08003720                sduDataTransmitted
 *fill*         0x080037a4        0xc 
 .text.sduDataReceived
                0x080037b0       0x58 build/obj/hal_serial_usb.o
                0x080037b0                sduDataReceived
 *fill*         0x08003808        0x8 
 .text.sduInterruptTransmitted
                0x08003810        0x4 build/obj/hal_serial_usb.o
                0x08003810                sduInterruptTransmitted
 *fill*         0x08003814        0xc 
 .text.get_hword
                0x08003820        0xc build/obj/hal_usb.o
 *fill*         0x0800382c        0x4 
 .text.default_handler
                0x08003830      0x244 build/obj/hal_usb.o
 *fill*         0x08003a74        0xc 
 .text.set_address
                0x08003a80       0x24 build/obj/hal_usb.o
 *fill*         0x08003aa4        0xc 
 .text.usbInit  0x08003ab0        0x8 build/obj/hal_usb.o
                0x08003ab0                usbInit
 *fill*         0x08003ab8        0x8 
 .text.usbObjectInit
                0x08003ac0       0x2c build/obj/hal_usb.o
                0x08003ac0                usbObjectInit
 *fill*         0x08003aec        0x4 
 .text.usbStart
                0x08003af0       0x34 build/obj/hal_usb.o
                0x08003af0                usbStart
 *fill*         0x08003b24        0xc 
 .text.usbInitEndpointI
                0x08003b30       0x38 build/obj/hal_usb.o
                0x08003b30                usbInitEndpointI
 *fill*         0x08003b68        0x8 
 .text.usbStartReceiveI
                0x08003b70       0x2c build/obj/hal_usb.o
                0x08003b70                usbStartReceiveI
 *fill*         0x08003b9c        0x4 
 .text.usbStartTransmitI
                0x08003ba0       0x2c build/obj/hal_usb.o
                0x08003ba0                usbStartTransmitI
 *fill*         0x08003bcc        0x4 
 .text._usb_reset
                0x08003bd0       0x48 build/obj/hal_usb.o
                0x08003bd0                _usb_reset
 *fill*         0x08003c18        0x8 
 .text._usb_suspend
                0x08003c20       0x14 build/obj/hal_usb.o
                0x08003c20                _usb_suspend
 *fill*         0x08003c34        0xc 
 .text._usb_wakeup
                0x08003c40       0x14 build/obj/hal_usb.o
                0x08003c40                _usb_wakeup
 *fill*         0x08003c54        0xc 
 .text._usb_ep0setup
                0x08003c60       0xf8 build/obj/hal_usb.o
                0x08003c60                _usb_ep0setup
 *fill*         0x08003d58        0x8 
 .text._usb_ep0in
                0x08003d60       0xa4 build/obj/hal_usb.o
                0x08003d60                _usb_ep0in
 *fill*         0x08003e04        0xc 
 .text._usb_ep0out
                0x08003e10       0x70 build/obj/hal_usb.o
                0x08003e10                _usb_ep0out
 .text.wdgInit  0x08003e80        0x8 build/obj/hal_wdg.o
                0x08003e80                wdgInit
 *fill*         0x08003e88        0x8 
 .text.nvicEnableVector
                0x08003e90       0x28 build/obj/nvic.o
                0x08003e90                nvicEnableVector
 *fill*         0x08003eb8        0x8 
 .text.hal_lld_backup_domain_init
                0x08003ec0       0x60 build/obj/hal_lld.o
 .text.hal_lld_init
                0x08003f20       0x48 build/obj/hal_lld.o
                0x08003f20                hal_lld_init
 *fill*         0x08003f68        0x8 
 .text.stm32_clock_init
                0x08003f70       0xa0 build/obj/hal_lld.o
                0x08003f70                stm32_clock_init
 .text.Vector6C
                0x08004010       0x28 build/obj/stm32_dma.o
                0x08004010                Vector6C
 *fill*         0x08004038        0x8 
 .text.Vector70
                0x08004040       0x30 build/obj/stm32_dma.o
                0x08004040                Vector70
 .text.Vector74
                0x08004070       0x30 build/obj/stm32_dma.o
                0x08004070                Vector74
 .text.Vector78
                0x080040a0       0x30 build/obj/stm32_dma.o
                0x080040a0                Vector78
 .text.Vector7C
                0x080040d0       0x30 build/obj/stm32_dma.o
                0x080040d0                Vector7C
 .text.Vector80
                0x08004100       0x30 build/obj/stm32_dma.o
                0x08004100                Vector80
 .text.Vector84
                0x08004130       0x30 build/obj/stm32_dma.o
                0x08004130                Vector84
 .text.Vector120
                0x08004160       0x28 build/obj/stm32_dma.o
                0x08004160                Vector120
 *fill*         0x08004188        0x8 
 .text.Vector124
                0x08004190       0x30 build/obj/stm32_dma.o
                0x08004190                Vector124
 .text.Vector128
                0x080041c0       0x30 build/obj/stm32_dma.o
                0x080041c0                Vector128
 .text.Vector12C
                0x080041f0       0x30 build/obj/stm32_dma.o
                0x080041f0                Vector12C
 .text.Vector130
                0x08004220       0x30 build/obj/stm32_dma.o
                0x08004220                Vector130
 .text.dmaInit  0x08004250       0x44 build/obj/stm32_dma.o
                0x08004250                dmaInit
 *fill*         0x08004294        0xc 
 .text.dmaStreamAllocate
                0x080042a0       0x94 build/obj/stm32_dma.o
                0x080042a0                dmaStreamAllocate
 *fill*         0x08004334        0xc 
 .text.VectorB0
                0x08004340       0x2c build/obj/hal_st_lld.o
                0x08004340                VectorB0
 *fill*         0x0800436c        0x4 
 .text.st_lld_init
                0x08004370       0x48 build/obj/hal_st_lld.o
                0x08004370                st_lld_init
 *fill*         0x080043b8        0x8 
 .text.adc_lld_analog_on
                0x080043c0       0x18 build/obj/hal_adc_lld.o
 *fill*         0x080043d8        0x8 
 .text.adc_lld_calibrate
                0x080043e0       0x14 build/obj/hal_adc_lld.o
 *fill*         0x080043f4        0xc 
 .text.adc_lld_stop_adc
                0x08004400       0x20 build/obj/hal_adc_lld.o
 .text.adc_lld_vreg_on
                0x08004420       0x1c build/obj/hal_adc_lld.o
 *fill*         0x0800443c        0x4 
 .text.adc_lld_init
                0x08004440       0x88 build/obj/hal_adc_lld.o
                0x08004440                adc_lld_init
 *fill*         0x080044c8        0x8 
 .text.adc_lld_start
                0x080044d0       0xa8 build/obj/hal_adc_lld.o
                0x080044d0                adc_lld_start
 *fill*         0x08004578        0x8 
 .text.adc_lld_start_conversion
                0x08004580       0x9c build/obj/hal_adc_lld.o
                0x08004580                adc_lld_start_conversion
 *fill*         0x0800461c        0x4 
 .text.adc_lld_stop_conversion
                0x08004620       0x20 build/obj/hal_adc_lld.o
                0x08004620                adc_lld_stop_conversion
 .text.adc_lld_serve_dma_interrupt
                0x08004640       0xd8 build/obj/hal_adc_lld.o
 *fill*         0x08004718        0x8 
 .text.adcSTM32EnableVREF
                0x08004720        0xc build/obj/hal_adc_lld.o
                0x08004720                adcSTM32EnableVREF
 *fill*         0x0800472c        0x4 
 .text.adcSTM32EnableVBAT
                0x08004730        0xc build/obj/hal_adc_lld.o
                0x08004730                adcSTM32EnableVBAT
 *fill*         0x0800473c        0x4 
 .text.ext_lld_init
                0x08004740       0x10 build/obj/hal_ext_lld.o
                0x08004740                ext_lld_init
 .text.ext_lld_channel_enable
                0x08004750      0x134 build/obj/hal_ext_lld.o
                0x08004750                ext_lld_channel_enable
 *fill*         0x08004884        0xc 
 .text.ext_lld_channel_disable
                0x08004890       0x5c build/obj/hal_ext_lld.o
                0x08004890                ext_lld_channel_disable
 *fill*         0x080048ec        0x4 
 .text.ext_lld_start
                0x080048f0       0x3c build/obj/hal_ext_lld.o
                0x080048f0                ext_lld_start
 *fill*         0x0800492c        0x4 
 .text.Vector58
                0x08004930       0x2c build/obj/hal_ext_lld_isr.o
                0x08004930                Vector58
 *fill*         0x0800495c        0x4 
 .text.Vector5C
                0x08004960       0x2c build/obj/hal_ext_lld_isr.o
                0x08004960                Vector5C
 *fill*         0x0800498c        0x4 
 .text.Vector60
                0x08004990       0x2c build/obj/hal_ext_lld_isr.o
                0x08004990                Vector60
 *fill*         0x080049bc        0x4 
 .text.Vector64
                0x080049c0       0x2c build/obj/hal_ext_lld_isr.o
                0x080049c0                Vector64
 *fill*         0x080049ec        0x4 
 .text.Vector68
                0x080049f0       0x2c build/obj/hal_ext_lld_isr.o
                0x080049f0                Vector68
 *fill*         0x08004a1c        0x4 
 .text.Vector9C
                0x08004a20       0x70 build/obj/hal_ext_lld_isr.o
                0x08004a20                Vector9C
 .text.VectorE0
                0x08004a90       0x80 build/obj/hal_ext_lld_isr.o
                0x08004a90                VectorE0
 .text.Vector44
                0x08004b10       0x2c build/obj/hal_ext_lld_isr.o
                0x08004b10                Vector44
 *fill*         0x08004b3c        0x4 
 .text.VectorE4
                0x08004b40       0x2c build/obj/hal_ext_lld_isr.o
                0x08004b40                VectorE4
 *fill*         0x08004b6c        0x4 
 .text.VectorE8
                0x08004b70       0x2c build/obj/hal_ext_lld_isr.o
                0x08004b70                VectorE8
 *fill*         0x08004b9c        0x4 
 .text.Vector48
                0x08004ba0       0x2c build/obj/hal_ext_lld_isr.o
                0x08004ba0                Vector48
 *fill*         0x08004bcc        0x4 
 .text.Vector4C
                0x08004bd0       0x2c build/obj/hal_ext_lld_isr.o
                0x08004bd0                Vector4C
 *fill*         0x08004bfc        0x4 
 .text.Vector140
                0x08004c00       0x5c build/obj/hal_ext_lld_isr.o
                0x08004c00                Vector140
 *fill*         0x08004c5c        0x4 
 .text.Vector144
                0x08004c60       0x60 build/obj/hal_ext_lld_isr.o
                0x08004c60                Vector144
 .text.Vector148
                0x08004cc0       0x2c build/obj/hal_ext_lld_isr.o
                0x08004cc0                Vector148
 *fill*         0x08004cec        0x4 
 .text.ext_lld_exti_irq_enable
                0x08004cf0       0x7c build/obj/hal_ext_lld_isr.o
                0x08004cf0                ext_lld_exti_irq_enable
 *fill*         0x08004d6c        0x4 
 .text.initgpio
                0x08004d70       0x20 build/obj/hal_pal_lld.o
 .text._pal_lld_init
                0x08004d90       0x64 build/obj/hal_pal_lld.o
                0x08004d90                _pal_lld_init
 *fill*         0x08004df4        0xc 
 .text._pal_lld_setgroupmode
                0x08004e00       0xd0 build/obj/hal_pal_lld.o
                0x08004e00                _pal_lld_setgroupmode
 .text.gpt_lld_init
                0x08004ed0       0x28 build/obj/hal_gpt_lld.o
                0x08004ed0                gpt_lld_init
 *fill*         0x08004ef8        0x8 
 .text.gpt_lld_start
                0x08004f00       0xa4 build/obj/hal_gpt_lld.o
                0x08004f00                gpt_lld_start
 *fill*         0x08004fa4        0xc 
 .text.gpt_lld_start_timer
                0x08004fb0       0x30 build/obj/hal_gpt_lld.o
                0x08004fb0                gpt_lld_start_timer
 .text.gpt_lld_stop_timer
                0x08004fe0       0x18 build/obj/hal_gpt_lld.o
                0x08004fe0                gpt_lld_stop_timer
 *fill*         0x08004ff8        0x8 
 .text.gpt_lld_polled_delay
                0x08005000       0x24 build/obj/hal_gpt_lld.o
                0x08005000                gpt_lld_polled_delay
 *fill*         0x08005024        0xc 
 .text.gpt_lld_serve_interrupt
                0x08005030       0x24 build/obj/hal_gpt_lld.o
                0x08005030                gpt_lld_serve_interrupt
 *fill*         0x08005054        0xc 
 .text.VectorA4
                0x08005060       0x14 build/obj/hal_gpt_lld.o
                0x08005060                VectorA4
 *fill*         0x08005074        0xc 
 .text.VectorB8
                0x08005080       0x14 build/obj/hal_gpt_lld.o
                0x08005080                VectorB8
 *fill*         0x08005094        0xc 
 .text.pwm_lld_init
                0x080050a0       0x1c build/obj/hal_pwm_lld.o
                0x080050a0                pwm_lld_init
 *fill*         0x080050bc        0x4 
 .text.pwm_lld_start
                0x080050c0      0x124 build/obj/hal_pwm_lld.o
                0x080050c0                pwm_lld_start
 *fill*         0x080051e4        0xc 
 .text.pwm_lld_enable_channel
                0x080051f0       0x1c build/obj/hal_pwm_lld.o
                0x080051f0                pwm_lld_enable_channel
 *fill*         0x0800520c        0x4 
 .text.pwm_lld_disable_channel
                0x08005210       0x30 build/obj/hal_pwm_lld.o
                0x08005210                pwm_lld_disable_channel
 .text.pwm_lld_serve_interrupt
                0x08005240       0x64 build/obj/hal_pwm_lld.o
                0x08005240                pwm_lld_serve_interrupt
 *fill*         0x080052a4        0xc 
 .text.VectorB4
                0x080052b0       0x14 build/obj/hal_pwm_lld.o
                0x080052b0                VectorB4
 *fill*         0x080052c4        0xc 
 .text.usart_init
                0x080052d0       0x34 build/obj/hal_serial_lld.o
 *fill*         0x08005304        0xc 
 .text.usart_deinit
                0x08005310        0xc build/obj/hal_serial_lld.o
 *fill*         0x0800531c        0x4 
 .text.set_error
                0x08005320       0x3c build/obj/hal_serial_lld.o
 *fill*         0x0800535c        0x4 
 .text.notify1  0x08005360       0x10 build/obj/hal_serial_lld.o
 .text.serve_interrupt
                0x08005370       0xc4 build/obj/hal_serial_lld.o
 *fill*         0x08005434        0xc 
 .text.VectorD4
                0x08005440       0x14 build/obj/hal_serial_lld.o
                0x08005440                VectorD4
 *fill*         0x08005454        0xc 
 .text.sd_lld_init
                0x08005460       0x34 build/obj/hal_serial_lld.o
                0x08005460                sd_lld_init
 *fill*         0x08005494        0xc 
 .text.sd_lld_start
                0x080054a0       0x34 build/obj/hal_serial_lld.o
                0x080054a0                sd_lld_start
 *fill*         0x080054d4        0xc 
 .text.sd_lld_stop
                0x080054e0       0x30 build/obj/hal_serial_lld.o
                0x080054e0                sd_lld_stop
 .text.usb_pm_reset
                0x08005510        0x8 build/obj/hal_usb_lld.o
 *fill*         0x08005518        0x8 
 .text.usb_pm_alloc
                0x08005520       0x14 build/obj/hal_usb_lld.o
 *fill*         0x08005534        0xc 
 .text.usb_packet_read_to_buffer
                0x08005540       0x50 build/obj/hal_usb_lld.o
 .text.usb_packet_write_from_buffer
                0x08005590       0x4c build/obj/hal_usb_lld.o
 *fill*         0x080055dc        0x4 
 .text.usb_serve_endpoints
                0x080055e0      0x148 build/obj/hal_usb_lld.o
 *fill*         0x08005728        0x8 
 .text.Vector16C
                0x08005730       0xa0 build/obj/hal_usb_lld.o
                0x08005730                Vector16C
 .text.usb_lld_init
                0x080057d0       0x10 build/obj/hal_usb_lld.o
                0x080057d0                usb_lld_init
 .text.usb_lld_start
                0x080057e0       0x4c build/obj/hal_usb_lld.o
                0x080057e0                usb_lld_start
 *fill*         0x0800582c        0x4 
 .text.usb_lld_set_address
                0x08005830       0x14 build/obj/hal_usb_lld.o
                0x08005830                usb_lld_set_address
 *fill*         0x08005844        0xc 
 .text.usb_lld_init_endpoint
                0x08005850       0xdc build/obj/hal_usb_lld.o
                0x08005850                usb_lld_init_endpoint
 *fill*         0x0800592c        0x4 
 .text.usb_lld_reset
                0x08005930       0x40 build/obj/hal_usb_lld.o
                0x08005930                usb_lld_reset
 .text.usb_lld_get_status_out
                0x08005970       0x24 build/obj/hal_usb_lld.o
                0x08005970                usb_lld_get_status_out
 *fill*         0x08005994        0xc 
 .text.usb_lld_get_status_in
                0x080059a0       0x20 build/obj/hal_usb_lld.o
                0x080059a0                usb_lld_get_status_in
 .text.usb_lld_read_setup
                0x080059c0       0x34 build/obj/hal_usb_lld.o
                0x080059c0                usb_lld_read_setup
 *fill*         0x080059f4        0xc 
 .text.usb_lld_start_out
                0x08005a00       0x44 build/obj/hal_usb_lld.o
                0x08005a00                usb_lld_start_out
 *fill*         0x08005a44        0xc 
 .text.usb_lld_start_in
                0x08005a50       0x48 build/obj/hal_usb_lld.o
                0x08005a50                usb_lld_start_in
 *fill*         0x08005a98        0x8 
 .text.usb_lld_stall_out
                0x08005aa0       0x24 build/obj/hal_usb_lld.o
                0x08005aa0                usb_lld_stall_out
 *fill*         0x08005ac4        0xc 
 .text.usb_lld_stall_in
                0x08005ad0       0x24 build/obj/hal_usb_lld.o
                0x08005ad0                usb_lld_stall_in
 *fill*         0x08005af4        0xc 
 .text.usb_lld_clear_out
                0x08005b00       0x34 build/obj/hal_usb_lld.o
                0x08005b00                usb_lld_clear_out
 *fill*         0x08005b34        0xc 
 .text.usb_lld_clear_in
                0x08005b40       0x34 build/obj/hal_usb_lld.o
                0x08005b40                usb_lld_clear_in
 *fill*         0x08005b74        0xc 
 .text.wdg_lld_init
                0x08005b80       0x14 build/obj/hal_wdg_lld.o
                0x08005b80                wdg_lld_init
 *fill*         0x08005b94        0xc 
 .text.__early_init
                0x08005ba0       0x54 build/obj/board.o
                0x08005ba0                __early_init
 *fill*         0x08005bf4        0xc 
 .text.boardInit
                0x08005c00        0xc build/obj/board.o
                0x08005c00                boardInit
 *fill*         0x08005c0c        0x4 
 .text.long_to_string_with_divisor
                0x08005c10       0x80 build/obj/chprintf.o
 .text.ulong_freq
                0x08005c90      0x178 build/obj/chprintf.o
 *fill*         0x08005e08        0x8 
 .text.ftoa     0x08005e10       0x7c build/obj/chprintf.o
 *fill*         0x08005e8c        0x4 
 .text.ftoaS    0x08005e90       0xd8 build/obj/chprintf.o
 *fill*         0x08005f68        0x8 
 .text.etoa     0x08005f70       0xf0 build/obj/chprintf.o
 .text.put      0x08006060       0x18 build/obj/chprintf.o
 *fill*         0x08006078        0x8 
 .text.chvprintf
                0x08006080      0x4ec build/obj/chprintf.o
                0x08006080                chvprintf
 *fill*         0x0800656c        0x4 
 .text.printObjectInit
                0x08006570       0x10 build/obj/chprintf.o
                0x08006570                printObjectInit
 .text.plot_printf
                0x08006580       0x3c build/obj/chprintf.o
                0x08006580                plot_printf
 *fill*         0x080065bc        0x4 
 .text.dbc_1st  0x080065c0        0x4 build/obj/ff.o
 *fill*         0x080065c4        0xc 
 .text.dbc_2nd  0x080065d0        0x4 build/obj/ff.o
 *fill*         0x080065d4        0xc 
 .text.clst2sect
                0x080065e0       0x18 build/obj/ff.o
 *fill*         0x080065f8        0x8 
 .text.ld_clust
                0x08006600       0x14 build/obj/ff.o
 *fill*         0x08006614        0xc 
 .text.st_clust
                0x08006620       0x10 build/obj/ff.o
 .text.pick_lfn
                0x08006630       0x7c build/obj/ff.o
 *fill*         0x080066ac        0x4 
 .text.put_lfn  0x080066b0       0x64 build/obj/ff.o
 *fill*         0x08006714        0xc 
 .text.sum_sfn  0x08006720       0x20 build/obj/ff.o
 .text.xdir_sum
                0x08006740       0x34 build/obj/ff.o
 *fill*         0x08006774        0xc 
 .text.init_alloc_info
                0x08006780       0x24 build/obj/ff.o
 *fill*         0x080067a4        0xc 
 .text.get_achar
                0x080067b0       0x24 build/obj/ff.o
 *fill*         0x080067d4        0xc 
 .text.pattern_match
                0x080067e0       0xb8 build/obj/ff.o
 *fill*         0x08006898        0x8 
 .text.get_ldnumber
                0x080068a0       0x58 build/obj/ff.o
 *fill*         0x080068f8        0x8 
 .text.validate
                0x08006900       0x48 build/obj/ff.o
 *fill*         0x08006948        0x8 
 .text.sync_window
                0x08006950       0x48 build/obj/ff.o
 *fill*         0x08006998        0x8 
 .text.move_window
                0x080069a0       0x38 build/obj/ff.o
 *fill*         0x080069d8        0x8 
 .text.check_fs
                0x080069e0       0xd4 build/obj/ff.o
 *fill*         0x08006ab4        0xc 
 .text.find_volume
                0x08006ac0       0x6c build/obj/ff.o
 *fill*         0x08006b2c        0x4 
 .text.mount_volume
                0x08006b30      0x400 build/obj/ff.o
 .text.find_bitmap
                0x08006f30       0x88 build/obj/ff.o
 *fill*         0x08006fb8        0x8 
 .text.change_bitmap
                0x08006fc0       0x78 build/obj/ff.o
 *fill*         0x08007038        0x8 
 .text.put_fat  0x08007040      0x104 build/obj/ff.o
 *fill*         0x08007144        0xc 
 .text.fill_last_frag
                0x08007150       0x30 build/obj/ff.o
 .text.fill_first_frag
                0x08007180       0x34 build/obj/ff.o
 *fill*         0x080071b4        0xc 
 .text.get_fat  0x080071c0      0x164 build/obj/ff.o
 *fill*         0x08007324        0xc 
 .text.dir_sdi  0x08007330       0xc0 build/obj/ff.o
 .text.create_chain
                0x080073f0      0x1f0 build/obj/ff.o
 .text.remove_chain
                0x080075e0      0x15c build/obj/ff.o
 *fill*         0x0800773c        0x4 
 .text.dir_clear
                0x08007740       0x54 build/obj/ff.o
 *fill*         0x08007794        0xc 
 .text.dir_next
                0x080077a0       0xdc build/obj/ff.o
 *fill*         0x0800787c        0x4 
 .text.dir_alloc
                0x08007880       0x64 build/obj/ff.o
 *fill*         0x080078e4        0xc 
 .text.dir_remove
                0x080078f0       0x64 build/obj/ff.o
 *fill*         0x08007954        0xc 
 .text.put_utf  0x08007960       0x38 build/obj/ff.o
 *fill*         0x08007998        0x8 
 .text.get_fileinfo
                0x080079a0      0x1f0 build/obj/ff.o
 .text.tchar2uni
                0x08007b90       0x4c build/obj/ff.o
 *fill*         0x08007bdc        0x4 
 .text.create_name
                0x08007be0      0x264 build/obj/ff.o
 *fill*         0x08007e44        0xc 
 .text.xname_sum
                0x08007e50       0x38 build/obj/ff.o
 *fill*         0x08007e88        0x8 
 .text.create_xdir
                0x08007e90       0x74 build/obj/ff.o
 *fill*         0x08007f04        0xc 
 .text.cmp_lfn  0x08007f10       0x94 build/obj/ff.o
 *fill*         0x08007fa4        0xc 
 .text.load_xdir
                0x08007fb0      0x158 build/obj/ff.o
 *fill*         0x08008108        0x8 
 .text.dir_read
                0x08008110       0xec build/obj/ff.o
 *fill*         0x080081fc        0x4 
 .text.dir_find
                0x08008200      0x170 build/obj/ff.o
 .text.follow_path
                0x08008370       0xb4 build/obj/ff.o
 *fill*         0x08008424        0xc 
 .text.load_obj_xdir
                0x08008430       0x34 build/obj/ff.o
 *fill*         0x08008464        0xc 
 .text.gen_numname
                0x08008470       0xcc build/obj/ff.o
 *fill*         0x0800853c        0x4 
 .text.store_xdir
                0x08008540       0x80 build/obj/ff.o
 .text.dir_register
                0x080085c0      0x1fc build/obj/ff.o
 *fill*         0x080087bc        0x4 
 .text.sync_fs  0x080087c0       0x7c build/obj/ff.o
 *fill*         0x0800883c        0x4 
 .text.f_mount  0x08008840       0x50 build/obj/ff.o
                0x08008840                f_mount
 .text.f_open   0x08008890      0x2ac build/obj/ff.o
                0x08008890                f_open
 *fill*         0x08008b3c        0x4 
 .text.f_read   0x08008b40      0x1d8 build/obj/ff.o
                0x08008b40                f_read
 *fill*         0x08008d18        0x8 
 .text.f_write  0x08008d20      0x230 build/obj/ff.o
                0x08008d20                f_write
 .text.f_sync   0x08008f50      0x11c build/obj/ff.o
                0x08008f50                f_sync
 *fill*         0x0800906c        0x4 
 .text.f_close  0x08009070       0x20 build/obj/ff.o
                0x08009070                f_close
 .text.f_opendir
                0x08009090       0x98 build/obj/ff.o
                0x08009090                f_opendir
 *fill*         0x08009128        0x8 
 .text.f_closedir
                0x08009130       0x14 build/obj/ff.o
                0x08009130                f_closedir
 *fill*         0x08009144        0xc 
 .text.f_readdir
                0x08009150       0x50 build/obj/ff.o
                0x08009150                f_readdir
 .text.f_findnext
                0x080091a0       0x30 build/obj/ff.o
                0x080091a0                f_findnext
 .text.f_findfirst
                0x080091d0       0x1c build/obj/ff.o
                0x080091d0                f_findfirst
 *fill*         0x080091ec        0x4 
 .text.f_unlink
                0x080091f0       0xdc build/obj/ff.o
                0x080091f0                f_unlink
 *fill*         0x080092cc        0x4 
 .text.ff_uni2oem
                0x080092d0       0x40 build/obj/ffunicode.o
                0x080092d0                ff_uni2oem
 .text.ff_oem2uni
                0x08009310       0x2c build/obj/ffunicode.o
                0x08009310                ff_oem2uni
 *fill*         0x0800933c        0x4 
 .text.ff_wtoupper
                0x08009340       0xa0 build/obj/ffunicode.o
                0x08009340                ff_wtoupper
 .text.get_descriptor
                0x080093e0       0x34 build/obj/usbcfg.o
 *fill*         0x08009414        0xc 
 .text.sof_handler
                0x08009420       0x1c build/obj/usbcfg.o
 *fill*         0x0800943c        0x4 
 .text.usb_event
                0x08009440       0x54 build/obj/usbcfg.o
 *fill*         0x08009494        0xc 
 .text.adc_interrupt
                0x080094a0       0x1c build/obj/adc.o
 *fill*         0x080094bc        0x4 
 .text.adc_init
                0x080094c0       0x2c build/obj/adc.o
                0x080094c0                adc_init
 *fill*         0x080094ec        0x4 
 .text.adc_single_read
                0x080094f0       0x24 build/obj/adc.o
                0x080094f0                adc_single_read
 *fill*         0x08009514        0xc 
 .text.adc1_single_read
                0x08009520       0x20 build/obj/adc.o
                0x08009520                adc1_single_read
 .text.adc_vbat_read
                0x08009540       0xbc build/obj/adc.o
                0x08009540                adc_vbat_read
 *fill*         0x080095fc        0x4 
 .text.adc_start_analog_watchdog
                0x08009600       0x1c build/obj/adc.o
                0x08009600                adc_start_analog_watchdog
 *fill*         0x0800961c        0x4 
 .text.adc_stop_analog_watchdog
                0x08009620       0x10 build/obj/adc.o
                0x08009620                adc_stop_analog_watchdog
 .text.Vector88
                0x08009630        0xc build/obj/adc.o
                0x08009630                Vector88
 *fill*         0x0800963c        0x4 
 .text.NVIC_SystemReset
                0x08009640       0x24 build/obj/main.o
 *fill*         0x08009664        0xc 
 .text.chSysLock
                0x08009670        0x8 build/obj/main.o
 *fill*         0x08009678        0x8 
 .text.chSysUnlock
                0x08009680        0x8 build/obj/main.o
 *fill*         0x08009688        0x8 
 .text.chVTGetSystemTimeX
                0x08009690        0x8 build/obj/main.o
 *fill*         0x08009698        0x8 
 .text.chRegSetThreadName
                0x080096a0        0xc build/obj/main.o
 *fill*         0x080096ac        0x4 
 .text.osalThreadQueueObjectInit
                0x080096b0        0x8 build/obj/main.o
 *fill*         0x080096b8        0x8 
 .text.pause_sweep
                0x080096c0       0x10 build/obj/main.o
 .text.get_str_index
                0x080096d0       0x3a build/obj/main.o
 *fill*         0x0800970a        0x6 
 .text.my_atoi  0x08009710       0x74 build/obj/main.o
 *fill*         0x08009784        0xc 
 .text.cmd_restart
                0x08009790       0x38 build/obj/main.o
 *fill*         0x080097c8        0x8 
 .text.cmd_remark
                0x080097d0        0x2 build/obj/main.o
 *fill*         0x080097d2        0xe 
 .text.cmd_i    0x080097e0        0x2 build/obj/main.o
 *fill*         0x080097e2        0xe 
 .text.cmd_d    0x080097f0       0x20 build/obj/main.o
 .text.cmd_t    0x08009810        0x2 build/obj/main.o
 *fill*         0x08009812        0xe 
 .text.cmd_w    0x08009820        0x6 build/obj/main.o
 *fill*         0x08009826        0xa 
 .text.cmd_f    0x08009830       0x28 build/obj/main.o
 *fill*         0x08009858        0x8 
 .text.shell_check_connect
                0x08009860       0x24 build/obj/main.o
 *fill*         0x08009884        0xc 
 .text.dac_init
                0x08009890       0x10 build/obj/main.o
 .text.cmd_p    0x080098a0       0x10 build/obj/main.o
 .text.osalThreadSleep
                0x080098b0        0x8 build/obj/main.o
 *fill*         0x080098b8        0x8 
 .text.cmd_m    0x080098c0       0x24 build/obj/main.o
 *fill*         0x080098e4        0xc 
 .text.cmd_g    0x080098f0       0x1e build/obj/main.o
 *fill*         0x0800990e        0x2 
 .text.cmd_pause
                0x08009910        0xe build/obj/main.o
 *fill*         0x0800991e        0x2 
 .text.cmd_c    0x08009920       0x10 build/obj/main.o
 .text.cmd_menu
                0x08009930       0x68 build/obj/main.o
 *fill*         0x08009998        0x8 
 .text.cmd_release
                0x080099a0       0x30 build/obj/main.o
 .text.cmd_touch
                0x080099d0       0x34 build/obj/main.o
 *fill*         0x08009a04        0xc 
 .text.cmd_capture
                0x08009a10       0x3c build/obj/main.o
 *fill*         0x08009a4c        0x4 
 .text.cmd_touchtest
                0x08009a50       0x12 build/obj/main.o
 *fill*         0x08009a62        0xe 
 .text.osalThreadEnqueueTimeoutS
                0x08009a70        0x8 build/obj/main.o
 *fill*         0x08009a78        0x8 
 .text.cmd_repeat
                0x08009a80       0x30 build/obj/main.o
 .text.clear_backup
                0x08009ab0       0x1c build/obj/main.o
                0x08009ab0                clear_backup
 *fill*         0x08009acc        0x4 
 .text.enableTracesAtComplete
                0x08009ad0       0x30 build/obj/main.o
                0x08009ad0                enableTracesAtComplete
 .text.is_paused
                0x08009b00       0x14 build/obj/main.o
                0x08009b00                is_paused
 *fill*         0x08009b14        0xc 
 .text.resume_once
                0x08009b20       0x18 build/obj/main.o
                0x08009b20                resume_once
 *fill*         0x08009b38        0x8 
 .text.toggle_sweep
                0x08009b40       0x10 build/obj/main.o
                0x08009b40                toggle_sweep
 .text.shell_printf
                0x08009b50       0x24 build/obj/main.o
                0x08009b50                shell_printf
 *fill*         0x08009b74        0xc 
 .text.cmd_s    0x08009b80       0x28 build/obj/main.o
 *fill*         0x08009ba8        0x8 
 .text.cmd_e    0x08009bb0       0x38 build/obj/main.o
 *fill*         0x08009be8        0x8 
 .text.cmd_k    0x08009bf0       0x20 build/obj/main.o
 .text.cmd_v    0x08009c10       0x38 build/obj/main.o
 *fill*         0x08009c48        0x8 
 .text.cmd_threads
                0x08009c50       0x78 build/obj/main.o
 *fill*         0x08009cc8        0x8 
 .text.cmd_sd_card_mount
                0x08009cd0       0x28 build/obj/main.o
 *fill*         0x08009cf8        0x8 
 .text.cmd_info
                0x08009d00       0x3c build/obj/main.o
 *fill*         0x08009d3c        0x4 
 .text.cmd_help
                0x08009d40       0x70 build/obj/main.o
 .text.cmd_vbat_offset
                0x08009db0       0x30 build/obj/main.o
 .text.cmd_vbat
                0x08009de0       0x18 build/obj/main.o
 *fill*         0x08009df8        0x8 
 .text.cmd_channel
                0x08009e00       0x70 build/obj/main.o
 .text.cmd_save
                0x08009e70       0x40 build/obj/main.o
 .text.cmd_status
                0x08009eb0       0x20 build/obj/main.o
 .text.cmd_touchcal
                0x08009ed0       0x50 build/obj/main.o
 .text.cmd_test
                0x08009f20       0x2c build/obj/main.o
 *fill*         0x08009f4c        0x4 
 .text.cmd_abort
                0x08009f50       0x48 build/obj/main.o
 *fill*         0x08009f98        0x8 
 .text.cmd_saveconfig
                0x08009fa0       0x14 build/obj/main.o
 *fill*         0x08009fb4        0xc 
 .text.cmd_reset
                0x08009fc0       0x2c build/obj/main.o
 *fill*         0x08009fec        0x4 
 .text.usage_printf
                0x08009ff0       0x30 build/obj/main.o
                0x08009ff0                usage_printf
 .text.cmd_z    0x0800a020       0x34 build/obj/main.o
 *fill*         0x0800a054        0xc 
 .text.cmd_n    0x0800a060       0x34 build/obj/main.o
 *fill*         0x0800a094        0xc 
 .text.cmd_q    0x0800a0a0       0x98 build/obj/main.o
 *fill*         0x0800a138        0x8 
 .text.cmd_sd_delete
                0x0800a140       0x80 build/obj/main.o
 .text.cmd_sd_read
                0x0800a1c0       0x98 build/obj/main.o
 *fill*         0x0800a258        0x8 
 .text.cmd_sd_list
                0x0800a260       0x7c build/obj/main.o
 *fill*         0x0800a2dc        0x4 
 .text.cmd_agc  0x0800a2e0       0x58 build/obj/main.o
 *fill*         0x0800a338        0x8 
 .text.cmd_lna2
                0x0800a340       0x54 build/obj/main.o
 *fill*         0x0800a394        0xc 
 .text.cmd_waitscan
                0x0800a3a0       0x60 build/obj/main.o
 .text.cmd_wait
                0x0800a400       0x74 build/obj/main.o
 *fill*         0x0800a474        0xc 
 .text.cmd_zero
                0x0800a480       0x30 build/obj/main.o
 .text.cmd_data
                0x0800a4b0       0x74 build/obj/main.o
 *fill*         0x0800a524        0xc 
 .text.cmd_clearconfig
                0x0800a530       0x48 build/obj/main.o
 *fill*         0x0800a578        0x8 
 .text.my_atoui
                0x0800a580      0x11c build/obj/main.o
                0x0800a580                my_atoui
 *fill*         0x0800a69c        0x4 
 .text.cmd_b    0x0800a6a0       0x2c build/obj/main.o
 *fill*         0x0800a6cc        0x4 
 .text.cmd_a    0x0800a6d0       0x2c build/obj/main.o
 *fill*         0x0800a6fc        0x4 
 .text.cmd_selftest
                0x0800a700       0x58 build/obj/main.o
 *fill*         0x0800a758        0x8 
 .text.cmd_deviceid
                0x0800a760       0x40 build/obj/main.o
 .text.cmd_direct
                0x0800a7a0       0x80 build/obj/main.o
 .text.cmd_if1  0x0800a820       0x64 build/obj/main.o
 *fill*         0x0800a884        0xc 
 .text.cmd_color
                0x0800a890       0x9c build/obj/main.o
 *fill*         0x0800a92c        0x4 
 .text.cmd_usart
                0x0800a930       0x88 build/obj/main.o
 *fill*         0x0800a9b8        0x8 
 .text.cmd_dac  0x0800a9c0       0x3c build/obj/main.o
 *fill*         0x0800a9fc        0x4 
 .text.cmd_time
                0x0800aa00       0xd4 build/obj/main.o
 *fill*         0x0800aad4        0xc 
 .text.cmd_freq
                0x0800aae0       0x2c build/obj/main.o
 *fill*         0x0800ab0c        0x4 
 .text.my_atof  0x0800ab10      0x14c build/obj/main.o
                0x0800ab10                my_atof
 *fill*         0x0800ac5c        0x4 
 .text.cmd_text
                0x0800ac60       0x50 build/obj/main.o
 .text.cmd_correction
                0x0800acb0      0x178 build/obj/main.o
 *fill*         0x0800ae28        0x8 
 .text.cmd_leveloffset
                0x0800ae30      0x378 build/obj/main.o
 *fill*         0x0800b1a8        0x8 
 .text.cmd_nf   0x0800b1b0       0x44 build/obj/main.o
 *fill*         0x0800b1f4        0xc 
 .text.cmd_levelchange
                0x0800b200       0x2c build/obj/main.o
 *fill*         0x0800b22c        0x4 
 .text.send_region
                0x0800b230       0x60 build/obj/main.o
                0x0800b230                send_region
 .text.clear_frequency_cache
                0x0800b290       0x28 build/obj/main.o
                0x0800b290                clear_frequency_cache
 *fill*         0x0800b2b8        0x8 
 .text.set_output_drive
                0x0800b2c0       0x3c build/obj/main.o
                0x0800b2c0                set_output_drive
 *fill*         0x0800b2fc        0x4 
 .text.update_min_max_freq
                0x0800b300      0x158 build/obj/main.o
                0x0800b300                update_min_max_freq
 *fill*         0x0800b458        0x8 
 .text.cmd_ultra
                0x0800b460       0xac build/obj/main.o
 *fill*         0x0800b50c        0x4 
 .text.calc_min_sweep_time_us
                0x0800b510       0x88 build/obj/main.o
                0x0800b510                calc_min_sweep_time_us
 *fill*         0x0800b598        0x8 
 .text.set_refer_output
                0x0800b5a0       0x20 build/obj/main.o
                0x0800b5a0                set_refer_output
 .text.cmd_caloutput
                0x0800b5c0       0x30 build/obj/main.o
 .text.set_decay
                0x0800b5f0       0x64 build/obj/main.o
                0x0800b5f0                set_decay
 *fill*         0x0800b654        0xc 
 .text.set_attack
                0x0800b660       0x64 build/obj/main.o
                0x0800b660                set_attack
 *fill*         0x0800b6c4        0xc 
 .text.set_noise
                0x0800b6d0       0x1c build/obj/main.o
                0x0800b6d0                set_noise
 *fill*         0x0800b6ec        0x4 
 .text.set_gridlines
                0x0800b6f0       0x2c build/obj/main.o
                0x0800b6f0                set_gridlines
 *fill*         0x0800b71c        0x4 
 .text.set_freq_corr
                0x0800b720       0x54 build/obj/main.o
                0x0800b720                set_freq_corr
 *fill*         0x0800b774        0xc 
 .text.cmd_freq_correction
                0x0800b780       0x50 build/obj/main.o
 .text.set_actual_freq
                0x0800b7d0       0x48 build/obj/main.o
                0x0800b7d0                set_actual_freq
 *fill*         0x0800b818        0x8 
 .text.cmd_actual_freq
                0x0800b820       0x34 build/obj/main.o
 *fill*         0x0800b854        0xc 
 .text.set_measurement
                0x0800b860       0x58 build/obj/main.o
                0x0800b860                set_measurement
 *fill*         0x0800b8b8        0x8 
 .text.set_lo_drive
                0x0800b8c0       0x18 build/obj/main.o
                0x0800b8c0                set_lo_drive
 *fill*         0x0800b8d8        0x8 
 .text.set_level_sweep
                0x0800b8e0       0x18 build/obj/main.o
                0x0800b8e0                set_level_sweep
 *fill*         0x0800b8f8        0x8 
 .text.set_sweep_time_us
                0x0800b900       0x24 build/obj/main.o
                0x0800b900                set_sweep_time_us
 *fill*         0x0800b924        0xc 
 .text.cmd_sweeptime
                0x0800b930       0x6c build/obj/main.o
 *fill*         0x0800b99c        0x4 
 .text.toggle_tracking_output
                0x0800b9a0       0x1c build/obj/main.o
                0x0800b9a0                toggle_tracking_output
 *fill*         0x0800b9bc        0x4 
 .text.toggle_pulse
                0x0800b9c0       0x1c build/obj/main.o
                0x0800b9c0                toggle_pulse
 *fill*         0x0800b9dc        0x4 
 .text.toggle_draw_line
                0x0800b9e0       0x20 build/obj/main.o
                0x0800b9e0                toggle_draw_line
 .text.toggle_debug_avoid
                0x0800ba00       0x38 build/obj/main.o
                0x0800ba00                toggle_debug_avoid
 *fill*         0x0800ba38        0x8 
 .text.cmd_u    0x0800ba40        0x4 build/obj/main.o
 *fill*         0x0800ba44        0xc 
 .text.toggle_debug_spur
                0x0800ba50       0x38 build/obj/main.o
                0x0800ba50                toggle_debug_spur
 *fill*         0x0800ba88        0x8 
 .text.toggle_debug_level
                0x0800ba90       0x1c build/obj/main.o
                0x0800ba90                toggle_debug_level
 *fill*         0x0800baac        0x4 
 .text.set_extra_lna
                0x0800bab0       0x28 build/obj/main.o
                0x0800bab0                set_extra_lna
 *fill*         0x0800bad8        0x8 
 .text.toggle_extra_lna
                0x0800bae0       0x18 build/obj/main.o
                0x0800bae0                toggle_extra_lna
 *fill*         0x0800baf8        0x8 
 .text.toggle_mirror_masking
                0x0800bb00       0x1c build/obj/main.o
                0x0800bb00                toggle_mirror_masking
 *fill*         0x0800bb1c        0x4 
 .text.toggle_mute
                0x0800bb20       0x1c build/obj/main.o
                0x0800bb20                toggle_mute
 *fill*         0x0800bb3c        0x4 
 .text.toggle_hambands
                0x0800bb40       0x20 build/obj/main.o
                0x0800bb40                toggle_hambands
 .text.toggle_below_IF
                0x0800bb60       0x2c build/obj/main.o
                0x0800bb60                toggle_below_IF
 *fill*         0x0800bb8c        0x4 
 .text.set_modulation
                0x0800bb90       0x18 build/obj/main.o
                0x0800bb90                set_modulation
 *fill*         0x0800bba8        0x8 
 .text.set_deviation
                0x0800bbb0       0x1c build/obj/main.o
                0x0800bbb0                set_deviation
 *fill*         0x0800bbcc        0x4 
 .text.set_depth
                0x0800bbd0       0x18 build/obj/main.o
                0x0800bbd0                set_depth
 *fill*         0x0800bbe8        0x8 
 .text.set_modulation_frequency
                0x0800bbf0       0x60 build/obj/main.o
                0x0800bbf0                set_modulation_frequency
 .text.cmd_modulation
                0x0800bc50       0x84 build/obj/main.o
 *fill*         0x0800bcd4        0xc 
 .text.set_repeat
                0x0800bce0       0x18 build/obj/main.o
                0x0800bce0                set_repeat
 *fill*         0x0800bcf8        0x8 
 .text.set_IF   0x0800bd00       0x34 build/obj/main.o
                0x0800bd00                set_IF
 *fill*         0x0800bd34        0xc 
 .text.cmd_if   0x0800bd40       0x90 build/obj/main.o
 .text.set_IF2  0x0800bdd0       0x24 build/obj/main.o
                0x0800bdd0                set_IF2
 *fill*         0x0800bdf4        0xc 
 .text.set_R    0x0800be00       0x48 build/obj/main.o
                0x0800be00                set_R
 *fill*         0x0800be48        0x8 
 .text.cmd_r    0x0800be50       0x10 build/obj/main.o
 .text.set_modulo
                0x0800be60       0x20 build/obj/main.o
                0x0800be60                set_modulo
 .text.cmd_h    0x0800be80       0x10 build/obj/main.o
 .text.set_auto_attenuation
                0x0800be90       0x38 build/obj/main.o
                0x0800be90                set_auto_attenuation
 *fill*         0x0800bec8        0x8 
 .text.set_auto_reflevel
                0x0800bed0        0xc build/obj/main.o
                0x0800bed0                set_auto_reflevel
 *fill*         0x0800bedc        0x4 
 .text.low_out_offset
                0x0800bee0       0x1c build/obj/main.o
                0x0800bee0                low_out_offset
 *fill*         0x0800befc        0x4 
 .text.level_min
                0x0800bf00       0x48 build/obj/main.o
                0x0800bf00                level_min
 *fill*         0x0800bf48        0x8 
 .text.level_max
                0x0800bf50       0x4c build/obj/main.o
                0x0800bf50                level_max
 *fill*         0x0800bf9c        0x4 
 .text.level_range
                0x0800bfa0       0x1c build/obj/main.o
                0x0800bfa0                level_range
 *fill*         0x0800bfbc        0x4 
 .text.correct_high_output_level
                0x0800bfc0       0xe0 build/obj/main.o
                0x0800bfc0                correct_high_output_level
 .text.get_level
                0x0800c0a0        0xc build/obj/main.o
                0x0800c0a0                get_level
 *fill*         0x0800c0ac        0x4 
 .text.get_attenuation
                0x0800c0b0       0xb8 build/obj/main.o
                0x0800c0b0                get_attenuation
 *fill*         0x0800c168        0x8 
 .text.calculate_static_correction
                0x0800c170       0xcc build/obj/main.o
 *fill*         0x0800c23c        0x4 
 .text.set_input_path
                0x0800c240      0x1d4 build/obj/main.o
                0x0800c240                set_input_path
 *fill*         0x0800c414        0xc 
 .text.set_attenuation
                0x0800c420       0xc0 build/obj/main.o
                0x0800c420                set_attenuation
 .text.cmd_attenuate
                0x0800c4e0       0x80 build/obj/main.o
 .text.copy_trace
                0x0800c560       0x3c build/obj/main.o
                0x0800c560                copy_trace
 *fill*         0x0800c59c        0x4 
 .text.store_trace
                0x0800c5a0       0x14 build/obj/main.o
                0x0800c5a0                store_trace
 *fill*         0x0800c5b4        0xc 
 .text.subtract_trace
                0x0800c5c0       0x7c build/obj/main.o
                0x0800c5c0                subtract_trace
 *fill*         0x0800c63c        0x4 
 .text.toggle_normalize
                0x0800c640       0xbc build/obj/main.o
                0x0800c640                toggle_normalize
 *fill*         0x0800c6fc        0x4 
 .text.set_actual_power
                0x0800c700      0x130 build/obj/main.o
                0x0800c700                set_actual_power
 .text.set_actual_correction_value
                0x0800c830       0x58 build/obj/main.o
                0x0800c830                set_actual_correction_value
 *fill*         0x0800c888        0x8 
 .text.get_level_offset
                0x0800c890       0xac build/obj/main.o
                0x0800c890                get_level_offset
 *fill*         0x0800c93c        0x4 
 .text.level_is_calibrated
                0x0800c940       0x54 build/obj/main.o
                0x0800c940                level_is_calibrated
 *fill*         0x0800c994        0xc 
 .text.set_VBW  0x0800c9a0       0x20 build/obj/main.o
                0x0800c9a0                set_VBW
 .text.set_spur
                0x0800c9c0       0x1c build/obj/main.o
                0x0800c9c0                set_spur
 *fill*         0x0800c9dc        0x4 
 .text.toggle_spur
                0x0800c9e0       0x2c build/obj/main.o
                0x0800c9e0                toggle_spur
 *fill*         0x0800ca0c        0x4 
 .text.set_harmonic
                0x0800ca10       0x18 build/obj/main.o
                0x0800ca10                set_harmonic
 *fill*         0x0800ca28        0x8 
 .text.set_step_delay
                0x0800ca30       0x40 build/obj/main.o
                0x0800ca30                set_step_delay
 .text.set_offset_delay
                0x0800ca70       0x18 build/obj/main.o
                0x0800ca70                set_offset_delay
 *fill*         0x0800ca88        0x8 
 .text.set_average
                0x0800ca90       0x48 build/obj/main.o
                0x0800ca90                set_average
 *fill*         0x0800cad8        0x8 
 .text.cmd_calc
                0x0800cae0       0x84 build/obj/main.o
 *fill*         0x0800cb64        0xc 
 .text.toggle_LNA
                0x0800cb70       0x2c build/obj/main.o
                0x0800cb70                toggle_LNA
 *fill*         0x0800cb9c        0x4 
 .text.toggle_AGC
                0x0800cba0       0x2c build/obj/main.o
                0x0800cba0                toggle_AGC
 *fill*         0x0800cbcc        0x4 
 .text.set_AGC_LNA
                0x0800cbd0       0x28 build/obj/main.o
                0x0800cbd0                set_AGC_LNA
 *fill*         0x0800cbf8        0x8 
 .text.set_external_gain
                0x0800cc00       0x70 build/obj/main.o
                0x0800cc00                set_external_gain
 .text.cmd_ext_gain
                0x0800cc70       0x2c build/obj/main.o
 *fill*         0x0800cc9c        0x4 
 .text.set_trigger_level
                0x0800cca0       0x20 build/obj/main.o
                0x0800cca0                set_trigger_level
 .text.set_trigger
                0x0800ccc0       0x5c build/obj/main.o
                0x0800ccc0                set_trigger
 *fill*         0x0800cd1c        0x4 
 .text.cmd_line
                0x0800cd20       0x6c build/obj/main.o
 *fill*         0x0800cd8c        0x4 
 .text.cmd_trigger
                0x0800cd90       0x84 build/obj/main.o
 *fill*         0x0800ce14        0xc 
 .text.set_fast_speedup
                0x0800ce20       0x18 build/obj/main.o
                0x0800ce20                set_fast_speedup
 *fill*         0x0800ce38        0x8 
 .text.set_faster_speedup
                0x0800ce40       0x18 build/obj/main.o
                0x0800ce40                set_faster_speedup
 *fill*         0x0800ce58        0x8 
 .text.calculate_step_delay
                0x0800ce60      0x12c build/obj/main.o
                0x0800ce60                calculate_step_delay
 *fill*         0x0800cf8c        0x4 
 .text.get_frequency_correction
                0x0800cf90      0x320 build/obj/main.o
                0x0800cf90                get_frequency_correction
 .text.set_output_path
                0x0800d2b0      0x528 build/obj/main.o
                0x0800d2b0                set_output_path
 *fill*         0x0800d7d8        0x8 
 .text.set_freq
                0x0800d7e0      0x10c build/obj/main.o
                0x0800d7e0                set_freq
 *fill*         0x0800d8ec        0x4 
 .text.cmd_o    0x0800d8f0       0x28 build/obj/main.o
 *fill*         0x0800d918        0x8 
 .text.set_switches
                0x0800d920       0x68 build/obj/main.o
                0x0800d920                set_switches
 *fill*         0x0800d988        0x8 
 .text.binary_search_table
                0x0800d990       0x52 build/obj/main.o
                0x0800d990                binary_search_table
 *fill*         0x0800d9e2        0xe 
 .text.fill_spur_table
                0x0800d9f0      0x200 build/obj/main.o
                0x0800d9f0                fill_spur_table
 .text.setup_sa
                0x0800dbf0       0x1c build/obj/main.o
                0x0800dbf0                setup_sa
 *fill*         0x0800dc0c        0x4 
 .text.update_rbw
                0x0800dc10       0xe8 build/obj/main.o
                0x0800dc10                update_rbw
 *fill*         0x0800dcf8        0x8 
 .text.set_RBW  0x0800dd00       0x1c build/obj/main.o
                0x0800dd00                set_RBW
 *fill*         0x0800dd1c        0x4 
 .text.cmd_rbw  0x0800dd20       0xbc build/obj/main.o
 *fill*         0x0800dddc        0x4 
 .text.avoid_spur
                0x0800dde0      0x128 build/obj/main.o
                0x0800dde0                avoid_spur
 *fill*         0x0800df08        0x8 
 .text.clock_above_48MHz
                0x0800df10       0x44 build/obj/main.o
                0x0800df10                clock_above_48MHz
 *fill*         0x0800df54        0xc 
 .text.clock_below_48MHz
                0x0800df60       0x44 build/obj/main.o
                0x0800df60                clock_below_48MHz
 *fill*         0x0800dfa4        0xc 
 .text.clock_at_48MHz
                0x0800dfb0       0x44 build/obj/main.o
                0x0800dfb0                clock_at_48MHz
 *fill*         0x0800dff4        0xc 
 .text.reset_band
                0x0800e000       0x10 build/obj/main.o
                0x0800e000                reset_band
 .text.marker_search_left_max
                0x0800e010       0xbc build/obj/main.o
                0x0800e010                marker_search_left_max
 *fill*         0x0800e0cc        0x4 
 .text.marker_search_right_max
                0x0800e0d0       0xbc build/obj/main.o
                0x0800e0d0                marker_search_right_max
 *fill*         0x0800e18c        0x4 
 .text.markers_reset
                0x0800e190       0x38 build/obj/main.o
                0x0800e190                markers_reset
 *fill*         0x0800e1c8        0x8 
 .text.marker_search_max
                0x0800e1d0       0x54 build/obj/main.o
                0x0800e1d0                marker_search_max
 *fill*         0x0800e224        0xc 
 .text.marker_search_left_min
                0x0800e230       0xb0 build/obj/main.o
                0x0800e230                marker_search_left_min
 .text.marker_search_right_min
                0x0800e2e0       0xb0 build/obj/main.o
                0x0800e2e0                marker_search_right_min
 .text.cell_draw_test_info
                0x0800e390       0xdc build/obj/main.o
                0x0800e390                cell_draw_test_info
 *fill*         0x0800e46c        0x4 
 .text.validate_signal_within
                0x0800e470      0x1a0 build/obj/main.o
                0x0800e470                validate_signal_within
 .text.validate_below
                0x0800e610       0x80 build/obj/main.o
                0x0800e610                validate_below
 .text.validate_flatness
                0x0800e690       0xd0 build/obj/main.o
                0x0800e690                validate_flatness
 .text.validate_display
                0x0800e760       0x2c build/obj/main.o
                0x0800e760                validate_display
 *fill*         0x0800e78c        0x4 
 .text.validate_above
                0x0800e790       0x60 build/obj/main.o
                0x0800e790                validate_above
 .text.measure_jump
                0x0800e7f0       0x78 build/obj/main.o
                0x0800e7f0                measure_jump
 *fill*         0x0800e868        0x8 
 .text.add_spur
                0x0800e870       0xc0 build/obj/main.o
                0x0800e870                add_spur
 .text.sort_dynamic_spur_table
                0x0800e930       0x54 build/obj/main.o
                0x0800e930                sort_dynamic_spur_table
 *fill*         0x0800e984        0xc 
 .text.sort_spur_freq
                0x0800e990       0x6c build/obj/main.o
                0x0800e990                sort_spur_freq
 *fill*         0x0800e9fc        0x4 
 .text.sort_spur_level
                0x0800ea00       0x6c build/obj/main.o
                0x0800ea00                sort_spur_level
 *fill*         0x0800ea6c        0x4 
 .text.sort_spur_count
                0x0800ea70       0x6c build/obj/main.o
                0x0800ea70                sort_spur_count
 *fill*         0x0800eadc        0x4 
 .text.reset_calibration
                0x0800eae0       0x18 build/obj/main.o
                0x0800eae0                reset_calibration
 *fill*         0x0800eaf8        0x8 
 .text.set_jump_freq
                0x0800eb00       0x20 build/obj/main.o
                0x0800eb00                set_jump_freq
 .text.set_jump_config
                0x0800eb20       0x4c build/obj/main.o
                0x0800eb20                set_jump_config
 *fill*         0x0800eb6c        0x4 
 .text.get_jump_config
                0x0800eb70       0x58 build/obj/main.o
                0x0800eb70                get_jump_config
 *fill*         0x0800ebc8        0x8 
 .text.calibration_busy
                0x0800ebd0       0x1c build/obj/main.o
                0x0800ebd0                calibration_busy
 *fill*         0x0800ebec        0x4 
 .text.set_marker_time
                0x0800ebf0       0x78 build/obj/main.o
                0x0800ebf0                set_marker_time
 *fill*         0x0800ec68        0x8 
 .text.getBand  0x0800ec70       0x24 build/obj/main.o
                0x0800ec70                getBand
 *fill*         0x0800ec94        0xc 
 .text.update_bands
                0x0800eca0       0xfc build/obj/main.o
                0x0800eca0                update_bands
 *fill*         0x0800ed9c        0x4 
 .text.set_frequencies
                0x0800eda0       0x70 build/obj/main.o
 .text.getFrequency
                0x0800ee10       0xcc build/obj/main.o
                0x0800ee10                getFrequency
 *fill*         0x0800eedc        0x4 
 .text.limits_update
                0x0800eee0      0x19c build/obj/main.o
                0x0800eee0                limits_update
 *fill*         0x0800f07c        0x4 
 .text.index_of_frequency
                0x0800f080       0xf0 build/obj/main.o
                0x0800f080                index_of_frequency
 .text.interpolate_maximum
                0x0800f170      0x124 build/obj/main.o
                0x0800f170                interpolate_maximum
 *fill*         0x0800f294        0xc 
 .text.search_maximum
                0x0800f2a0      0x188 build/obj/main.o
                0x0800f2a0                search_maximum
 *fill*         0x0800f428        0x8 
 .text.add_to_peak_finding
                0x0800f430      0x170 build/obj/main.o
                0x0800f430                add_to_peak_finding
 .text.set_marker_index
                0x0800f5a0       0x34 build/obj/main.o